ERROR exit status 1
sed: -e expression #1, char 1: unknown command: `''

execve("/home/isa/go-1.13/bin/go", ["go", "run", "test.go"], 0x7ffe3a290fa0 /* 70 vars */) = 0
brk(NULL)                               = 0x272e000
access("/etc/ld.so.nohwcap", F_OK)      = -1 ENOENT (No such file or directory)
access("/etc/ld.so.preload", R_OK)      = -1 ENOENT (No such file or directory)
openat(AT_FDCWD, "/etc/ld.so.cache", O_RDONLY|O_CLOEXEC) = 3
fstat(3, {st_mode=S_IFREG|0644, st_size=99672, ...}) = 0
mmap(NULL, 99672, PROT_READ, MAP_PRIVATE, 3, 0) = 0x7f6e65580000
close(3)                                = 0
access("/etc/ld.so.nohwcap", F_OK)      = -1 ENOENT (No such file or directory)
openat(AT_FDCWD, "/lib/x86_64-linux-gnu/libpthread.so.0", O_RDONLY|O_CLOEXEC) = 3
read(3, "\177ELF\2\1\1\0\0\0\0\0\0\0\0\0\3\0>\0\1\0\0\0000b\0\0\0\0\0\0"..., 832) = 832
fstat(3, {st_mode=S_IFREG|0755, st_size=144976, ...}) = 0
mmap(NULL, 8192, PROT_READ|PROT_WRITE, MAP_PRIVATE|MAP_ANONYMOUS, -1, 0) = 0x7f6e6557e000
mmap(NULL, 2221184, PROT_READ|PROT_EXEC, MAP_PRIVATE|MAP_DENYWRITE, 3, 0) = 0x7f6e65153000
mprotect(0x7f6e6516d000, 2093056, PROT_NONE) = 0
mmap(0x7f6e6536c000, 8192, PROT_READ|PROT_WRITE, MAP_PRIVATE|MAP_FIXED|MAP_DENYWRITE, 3, 0x19000) = 0x7f6e6536c000
mmap(0x7f6e6536e000, 13440, PROT_READ|PROT_WRITE, MAP_PRIVATE|MAP_FIXED|MAP_ANONYMOUS, -1, 0) = 0x7f6e6536e000
close(3)                                = 0
access("/etc/ld.so.nohwcap", F_OK)      = -1 ENOENT (No such file or directory)
openat(AT_FDCWD, "/lib/x86_64-linux-gnu/libc.so.6", O_RDONLY|O_CLOEXEC) = 3
read(3, "\177ELF\2\1\1\3\0\0\0\0\0\0\0\0\3\0>\0\1\0\0\0\260\34\2\0\0\0\0\0"..., 832) = 832
fstat(3, {st_mode=S_IFREG|0755, st_size=2030544, ...}) = 0
mmap(NULL, 4131552, PROT_READ|PROT_EXEC, MAP_PRIVATE|MAP_DENYWRITE, 3, 0) = 0x7f6e64d62000
mprotect(0x7f6e64f49000, 2097152, PROT_NONE) = 0
mmap(0x7f6e65149000, 24576, PROT_READ|PROT_WRITE, MAP_PRIVATE|MAP_FIXED|MAP_DENYWRITE, 3, 0x1e7000) = 0x7f6e65149000
mmap(0x7f6e6514f000, 15072, PROT_READ|PROT_WRITE, MAP_PRIVATE|MAP_FIXED|MAP_ANONYMOUS, -1, 0) = 0x7f6e6514f000
close(3)                                = 0
mmap(NULL, 12288, PROT_READ|PROT_WRITE, MAP_PRIVATE|MAP_ANONYMOUS, -1, 0) = 0x7f6e6557b000
arch_prctl(ARCH_SET_FS, 0x7f6e6557b740) = 0
mprotect(0x7f6e65149000, 16384, PROT_READ) = 0
mprotect(0x7f6e6536c000, 4096, PROT_READ) = 0
mprotect(0x7f6e65599000, 4096, PROT_READ) = 0
munmap(0x7f6e65580000, 99672)           = 0
set_tid_address(0x7f6e6557ba10)         = 25255
set_robust_list(0x7f6e6557ba20, 24)     = 0
rt_sigaction(SIGRTMIN, {sa_handler=0x7f6e65158cb0, sa_mask=[], sa_flags=SA_RESTORER|SA_SIGINFO, sa_restorer=0x7f6e65165890}, NULL, 8) = 0
rt_sigaction(SIGRT_1, {sa_handler=0x7f6e65158d50, sa_mask=[], sa_flags=SA_RESTORER|SA_RESTART|SA_SIGINFO, sa_restorer=0x7f6e65165890}, NULL, 8) = 0
rt_sigprocmask(SIG_UNBLOCK, [RTMIN RT_1], NULL, 8) = 0
prlimit64(0, RLIMIT_STACK, NULL, {rlim_cur=8192*1024, rlim_max=RLIM64_INFINITY}) = 0
brk(NULL)                               = 0x272e000
brk(0x274f000)                          = 0x274f000
sched_getaffinity(0, 8192, [0, 1, 2, 3, 4, 5, 6, 7]) = 8
openat(AT_FDCWD, "/sys/kernel/mm/transparent_hugepage/hpage_pmd_size", O_RDONLY) = 3
read(3, "2097152\n", 20)                = 8
close(3)                                = 0
mmap(NULL, 262144, PROT_READ|PROT_WRITE, MAP_PRIVATE|MAP_ANONYMOUS, -1, 0) = 0x7f6e6553b000
mmap(0xc000000000, 67108864, PROT_NONE, MAP_PRIVATE|MAP_ANONYMOUS, -1, 0) = 0xc000000000
mmap(0xc000000000, 67108864, PROT_READ|PROT_WRITE, MAP_PRIVATE|MAP_FIXED|MAP_ANONYMOUS, -1, 0) = 0xc000000000
mmap(NULL, 33554432, PROT_READ|PROT_WRITE, MAP_PRIVATE|MAP_ANONYMOUS, -1, 0) = 0x7f6e62d62000
mmap(NULL, 2164736, PROT_READ|PROT_WRITE, MAP_PRIVATE|MAP_ANONYMOUS, -1, 0) = 0x7f6e62b51000
mmap(NULL, 65536, PROT_READ|PROT_WRITE, MAP_PRIVATE|MAP_ANONYMOUS, -1, 0) = 0x7f6e65589000
mmap(NULL, 65536, PROT_READ|PROT_WRITE, MAP_PRIVATE|MAP_ANONYMOUS, -1, 0) = 0x7f6e6552b000
rt_sigprocmask(SIG_SETMASK, NULL, [], 8) = 0
sigaltstack(NULL, {ss_sp=NULL, ss_flags=SS_DISABLE, ss_size=0}) = 0
sigaltstack({ss_sp=0xc000002000, ss_flags=0, ss_size=32768}, NULL) = 0
rt_sigprocmask(SIG_SETMASK, [], NULL, 8) = 0
gettid()                                = 25255
rt_sigaction(SIGHUP, NULL, {sa_handler=SIG_DFL, sa_mask=[], sa_flags=0}, 8) = 0
rt_sigaction(SIGHUP, {sa_handler=0x45de40, sa_mask=~[], sa_flags=SA_RESTORER|SA_ONSTACK|SA_RESTART|SA_SIGINFO, sa_restorer=0x7f6e65165890}, NULL, 8) = 0
rt_sigaction(SIGINT, NULL, {sa_handler=SIG_DFL, sa_mask=[], sa_flags=0}, 8) = 0
rt_sigaction(SIGINT, {sa_handler=0x45de40, sa_mask=~[], sa_flags=SA_RESTORER|SA_ONSTACK|SA_RESTART|SA_SIGINFO, sa_restorer=0x7f6e65165890}, NULL, 8) = 0
rt_sigaction(SIGQUIT, NULL, {sa_handler=SIG_DFL, sa_mask=[], sa_flags=0}, 8) = 0
rt_sigaction(SIGQUIT, {sa_handler=0x45de40, sa_mask=~[], sa_flags=SA_RESTORER|SA_ONSTACK|SA_RESTART|SA_SIGINFO, sa_restorer=0x7f6e65165890}, NULL, 8) = 0
rt_sigaction(SIGILL, NULL, {sa_handler=SIG_DFL, sa_mask=[], sa_flags=0}, 8) = 0
rt_sigaction(SIGILL, {sa_handler=0x45de40, sa_mask=~[], sa_flags=SA_RESTORER|SA_ONSTACK|SA_RESTART|SA_SIGINFO, sa_restorer=0x7f6e65165890}, NULL, 8) = 0
rt_sigaction(SIGTRAP, NULL, {sa_handler=SIG_DFL, sa_mask=[], sa_flags=0}, 8) = 0
rt_sigaction(SIGTRAP, {sa_handler=0x45de40, sa_mask=~[], sa_flags=SA_RESTORER|SA_ONSTACK|SA_RESTART|SA_SIGINFO, sa_restorer=0x7f6e65165890}, NULL, 8) = 0
rt_sigaction(SIGABRT, NULL, {sa_handler=SIG_DFL, sa_mask=[], sa_flags=0}, 8) = 0
rt_sigaction(SIGABRT, {sa_handler=0x45de40, sa_mask=~[], sa_flags=SA_RESTORER|SA_ONSTACK|SA_RESTART|SA_SIGINFO, sa_restorer=0x7f6e65165890}, NULL, 8) = 0
rt_sigaction(SIGBUS, NULL, {sa_handler=SIG_DFL, sa_mask=[], sa_flags=0}, 8) = 0
rt_sigaction(SIGBUS, {sa_handler=0x45de40, sa_mask=~[], sa_flags=SA_RESTORER|SA_ONSTACK|SA_RESTART|SA_SIGINFO, sa_restorer=0x7f6e65165890}, NULL, 8) = 0
rt_sigaction(SIGFPE, NULL, {sa_handler=SIG_DFL, sa_mask=[], sa_flags=0}, 8) = 0
rt_sigaction(SIGFPE, {sa_handler=0x45de40, sa_mask=~[], sa_flags=SA_RESTORER|SA_ONSTACK|SA_RESTART|SA_SIGINFO, sa_restorer=0x7f6e65165890}, NULL, 8) = 0
rt_sigaction(SIGUSR1, NULL, {sa_handler=SIG_DFL, sa_mask=[], sa_flags=0}, 8) = 0
rt_sigaction(SIGUSR1, {sa_handler=0x45de40, sa_mask=~[], sa_flags=SA_RESTORER|SA_ONSTACK|SA_RESTART|SA_SIGINFO, sa_restorer=0x7f6e65165890}, NULL, 8) = 0
rt_sigaction(SIGSEGV, NULL, {sa_handler=SIG_DFL, sa_mask=[], sa_flags=0}, 8) = 0
rt_sigaction(SIGSEGV, {sa_handler=0x45de40, sa_mask=~[], sa_flags=SA_RESTORER|SA_ONSTACK|SA_RESTART|SA_SIGINFO, sa_restorer=0x7f6e65165890}, NULL, 8) = 0
rt_sigaction(SIGUSR2, NULL, {sa_handler=SIG_DFL, sa_mask=[], sa_flags=0}, 8) = 0
rt_sigaction(SIGUSR2, {sa_handler=0x45de40, sa_mask=~[], sa_flags=SA_RESTORER|SA_ONSTACK|SA_RESTART|SA_SIGINFO, sa_restorer=0x7f6e65165890}, NULL, 8) = 0
rt_sigaction(SIGPIPE, NULL, {sa_handler=SIG_DFL, sa_mask=[], sa_flags=0}, 8) = 0
rt_sigaction(SIGPIPE, {sa_handler=0x45de40, sa_mask=~[], sa_flags=SA_RESTORER|SA_ONSTACK|SA_RESTART|SA_SIGINFO, sa_restorer=0x7f6e65165890}, NULL, 8) = 0
rt_sigaction(SIGALRM, NULL, {sa_handler=SIG_DFL, sa_mask=[], sa_flags=0}, 8) = 0
rt_sigaction(SIGALRM, {sa_handler=0x45de40, sa_mask=~[], sa_flags=SA_RESTORER|SA_ONSTACK|SA_RESTART|SA_SIGINFO, sa_restorer=0x7f6e65165890}, NULL, 8) = 0
rt_sigaction(SIGTERM, NULL, {sa_handler=SIG_DFL, sa_mask=[], sa_flags=0}, 8) = 0
rt_sigaction(SIGTERM, {sa_handler=0x45de40, sa_mask=~[], sa_flags=SA_RESTORER|SA_ONSTACK|SA_RESTART|SA_SIGINFO, sa_restorer=0x7f6e65165890}, NULL, 8) = 0
rt_sigaction(SIGSTKFLT, NULL, {sa_handler=SIG_DFL, sa_mask=[], sa_flags=0}, 8) = 0
rt_sigaction(SIGSTKFLT, {sa_handler=0x45de40, sa_mask=~[], sa_flags=SA_RESTORER|SA_ONSTACK|SA_RESTART|SA_SIGINFO, sa_restorer=0x7f6e65165890}, NULL, 8) = 0
rt_sigaction(SIGCHLD, NULL, {sa_handler=SIG_DFL, sa_mask=[], sa_flags=0}, 8) = 0
rt_sigaction(SIGCHLD, {sa_handler=0x45de40, sa_mask=~[], sa_flags=SA_RESTORER|SA_ONSTACK|SA_RESTART|SA_SIGINFO, sa_restorer=0x7f6e65165890}, NULL, 8) = 0
rt_sigaction(SIGURG, NULL, {sa_handler=SIG_DFL, sa_mask=[], sa_flags=0}, 8) = 0
rt_sigaction(SIGURG, {sa_handler=0x45de40, sa_mask=~[], sa_flags=SA_RESTORER|SA_ONSTACK|SA_RESTART|SA_SIGINFO, sa_restorer=0x7f6e65165890}, NULL, 8) = 0
rt_sigaction(SIGXCPU, NULL, {sa_handler=SIG_DFL, sa_mask=[], sa_flags=0}, 8) = 0
rt_sigaction(SIGXCPU, {sa_handler=0x45de40, sa_mask=~[], sa_flags=SA_RESTORER|SA_ONSTACK|SA_RESTART|SA_SIGINFO, sa_restorer=0x7f6e65165890}, NULL, 8) = 0
rt_sigaction(SIGXFSZ, NULL, {sa_handler=SIG_DFL, sa_mask=[], sa_flags=0}, 8) = 0
rt_sigaction(SIGXFSZ, {sa_handler=0x45de40, sa_mask=~[], sa_flags=SA_RESTORER|SA_ONSTACK|SA_RESTART|SA_SIGINFO, sa_restorer=0x7f6e65165890}, NULL, 8) = 0
rt_sigaction(SIGVTALRM, NULL, {sa_handler=SIG_DFL, sa_mask=[], sa_flags=0}, 8) = 0
rt_sigaction(SIGVTALRM, {sa_handler=0x45de40, sa_mask=~[], sa_flags=SA_RESTORER|SA_ONSTACK|SA_RESTART|SA_SIGINFO, sa_restorer=0x7f6e65165890}, NULL, 8) = 0
rt_sigaction(SIGPROF, NULL, {sa_handler=SIG_DFL, sa_mask=[], sa_flags=0}, 8) = 0
rt_sigaction(SIGPROF, {sa_handler=0x45de40, sa_mask=~[], sa_flags=SA_RESTORER|SA_ONSTACK|SA_RESTART|SA_SIGINFO, sa_restorer=0x7f6e65165890}, NULL, 8) = 0
rt_sigaction(SIGWINCH, NULL, {sa_handler=SIG_DFL, sa_mask=[], sa_flags=0}, 8) = 0
rt_sigaction(SIGWINCH, {sa_handler=0x45de40, sa_mask=~[], sa_flags=SA_RESTORER|SA_ONSTACK|SA_RESTART|SA_SIGINFO, sa_restorer=0x7f6e65165890}, NULL, 8) = 0
rt_sigaction(SIGIO, NULL, {sa_handler=SIG_DFL, sa_mask=[], sa_flags=0}, 8) = 0
rt_sigaction(SIGIO, {sa_handler=0x45de40, sa_mask=~[], sa_flags=SA_RESTORER|SA_ONSTACK|SA_RESTART|SA_SIGINFO, sa_restorer=0x7f6e65165890}, NULL, 8) = 0
rt_sigaction(SIGPWR, NULL, {sa_handler=SIG_DFL, sa_mask=[], sa_flags=0}, 8) = 0
rt_sigaction(SIGPWR, {sa_handler=0x45de40, sa_mask=~[], sa_flags=SA_RESTORER|SA_ONSTACK|SA_RESTART|SA_SIGINFO, sa_restorer=0x7f6e65165890}, NULL, 8) = 0
rt_sigaction(SIGSYS, NULL, {sa_handler=SIG_DFL, sa_mask=[], sa_flags=0}, 8) = 0
rt_sigaction(SIGSYS, {sa_handler=0x45de40, sa_mask=~[], sa_flags=SA_RESTORER|SA_ONSTACK|SA_RESTART|SA_SIGINFO, sa_restorer=0x7f6e65165890}, NULL, 8) = 0
rt_sigaction(SIGRTMIN, NULL, {sa_handler=0x7f6e65158cb0, sa_mask=[], sa_flags=SA_RESTORER|SA_SIGINFO, sa_restorer=0x7f6e65165890}, 8) = 0
rt_sigaction(SIGRTMIN, NULL, {sa_handler=0x7f6e65158cb0, sa_mask=[], sa_flags=SA_RESTORER|SA_SIGINFO, sa_restorer=0x7f6e65165890}, 8) = 0
rt_sigaction(SIGRTMIN, {sa_handler=0x7f6e65158cb0, sa_mask=[], sa_flags=SA_RESTORER|SA_ONSTACK|SA_SIGINFO, sa_restorer=0x7f6e65165890}, NULL, 8) = 0
rt_sigaction(SIGRT_1, NULL, {sa_handler=0x7f6e65158d50, sa_mask=[], sa_flags=SA_RESTORER|SA_RESTART|SA_SIGINFO, sa_restorer=0x7f6e65165890}, 8) = 0
rt_sigaction(SIGRT_1, NULL, {sa_handler=0x7f6e65158d50, sa_mask=[], sa_flags=SA_RESTORER|SA_RESTART|SA_SIGINFO, sa_restorer=0x7f6e65165890}, 8) = 0
rt_sigaction(SIGRT_1, {sa_handler=0x7f6e65158d50, sa_mask=[], sa_flags=SA_RESTORER|SA_ONSTACK|SA_RESTART|SA_SIGINFO, sa_restorer=0x7f6e65165890}, NULL, 8) = 0
rt_sigaction(SIGRT_2, NULL, {sa_handler=SIG_DFL, sa_mask=[], sa_flags=0}, 8) = 0
rt_sigaction(SIGRT_2, {sa_handler=0x45de40, sa_mask=~[], sa_flags=SA_RESTORER|SA_ONSTACK|SA_RESTART|SA_SIGINFO, sa_restorer=0x7f6e65165890}, NULL, 8) = 0
rt_sigaction(SIGRT_3, NULL, {sa_handler=SIG_DFL, sa_mask=[], sa_flags=0}, 8) = 0
rt_sigaction(SIGRT_3, {sa_handler=0x45de40, sa_mask=~[], sa_flags=SA_RESTORER|SA_ONSTACK|SA_RESTART|SA_SIGINFO, sa_restorer=0x7f6e65165890}, NULL, 8) = 0
rt_sigaction(SIGRT_4, NULL, {sa_handler=SIG_DFL, sa_mask=[], sa_flags=0}, 8) = 0
rt_sigaction(SIGRT_4, {sa_handler=0x45de40, sa_mask=~[], sa_flags=SA_RESTORER|SA_ONSTACK|SA_RESTART|SA_SIGINFO, sa_restorer=0x7f6e65165890}, NULL, 8) = 0
rt_sigaction(SIGRT_5, NULL, {sa_handler=SIG_DFL, sa_mask=[], sa_flags=0}, 8) = 0
rt_sigaction(SIGRT_5, {sa_handler=0x45de40, sa_mask=~[], sa_flags=SA_RESTORER|SA_ONSTACK|SA_RESTART|SA_SIGINFO, sa_restorer=0x7f6e65165890}, NULL, 8) = 0
rt_sigaction(SIGRT_6, NULL, {sa_handler=SIG_DFL, sa_mask=[], sa_flags=0}, 8) = 0
rt_sigaction(SIGRT_6, {sa_handler=0x45de40, sa_mask=~[], sa_flags=SA_RESTORER|SA_ONSTACK|SA_RESTART|SA_SIGINFO, sa_restorer=0x7f6e65165890}, NULL, 8) = 0
rt_sigaction(SIGRT_7, NULL, {sa_handler=SIG_DFL, sa_mask=[], sa_flags=0}, 8) = 0
rt_sigaction(SIGRT_7, {sa_handler=0x45de40, sa_mask=~[], sa_flags=SA_RESTORER|SA_ONSTACK|SA_RESTART|SA_SIGINFO, sa_restorer=0x7f6e65165890}, NULL, 8) = 0
rt_sigaction(SIGRT_8, NULL, {sa_handler=SIG_DFL, sa_mask=[], sa_flags=0}, 8) = 0
rt_sigaction(SIGRT_8, {sa_handler=0x45de40, sa_mask=~[], sa_flags=SA_RESTORER|SA_ONSTACK|SA_RESTART|SA_SIGINFO, sa_restorer=0x7f6e65165890}, NULL, 8) = 0
rt_sigaction(SIGRT_9, NULL, {sa_handler=SIG_DFL, sa_mask=[], sa_flags=0}, 8) = 0
rt_sigaction(SIGRT_9, {sa_handler=0x45de40, sa_mask=~[], sa_flags=SA_RESTORER|SA_ONSTACK|SA_RESTART|SA_SIGINFO, sa_restorer=0x7f6e65165890}, NULL, 8) = 0
rt_sigaction(SIGRT_10, NULL, {sa_handler=SIG_DFL, sa_mask=[], sa_flags=0}, 8) = 0
rt_sigaction(SIGRT_10, {sa_handler=0x45de40, sa_mask=~[], sa_flags=SA_RESTORER|SA_ONSTACK|SA_RESTART|SA_SIGINFO, sa_restorer=0x7f6e65165890}, NULL, 8) = 0
rt_sigaction(SIGRT_11, NULL, {sa_handler=SIG_DFL, sa_mask=[], sa_flags=0}, 8) = 0
rt_sigaction(SIGRT_11, {sa_handler=0x45de40, sa_mask=~[], sa_flags=SA_RESTORER|SA_ONSTACK|SA_RESTART|SA_SIGINFO, sa_restorer=0x7f6e65165890}, NULL, 8) = 0
rt_sigaction(SIGRT_12, NULL, {sa_handler=SIG_DFL, sa_mask=[], sa_flags=0}, 8) = 0
rt_sigaction(SIGRT_12, {sa_handler=0x45de40, sa_mask=~[], sa_flags=SA_RESTORER|SA_ONSTACK|SA_RESTART|SA_SIGINFO, sa_restorer=0x7f6e65165890}, NULL, 8) = 0
rt_sigaction(SIGRT_13, NULL, {sa_handler=SIG_DFL, sa_mask=[], sa_flags=0}, 8) = 0
rt_sigaction(SIGRT_13, {sa_handler=0x45de40, sa_mask=~[], sa_flags=SA_RESTORER|SA_ONSTACK|SA_RESTART|SA_SIGINFO, sa_restorer=0x7f6e65165890}, NULL, 8) = 0
rt_sigaction(SIGRT_14, NULL, {sa_handler=SIG_DFL, sa_mask=[], sa_flags=0}, 8) = 0
rt_sigaction(SIGRT_14, {sa_handler=0x45de40, sa_mask=~[], sa_flags=SA_RESTORER|SA_ONSTACK|SA_RESTART|SA_SIGINFO, sa_restorer=0x7f6e65165890}, NULL, 8) = 0
rt_sigaction(SIGRT_15, NULL, {sa_handler=SIG_DFL, sa_mask=[], sa_flags=0}, 8) = 0
rt_sigaction(SIGRT_15, {sa_handler=0x45de40, sa_mask=~[], sa_flags=SA_RESTORER|SA_ONSTACK|SA_RESTART|SA_SIGINFO, sa_restorer=0x7f6e65165890}, NULL, 8) = 0
rt_sigaction(SIGRT_16, NULL, {sa_handler=SIG_DFL, sa_mask=[], sa_flags=0}, 8) = 0
rt_sigaction(SIGRT_16, {sa_handler=0x45de40, sa_mask=~[], sa_flags=SA_RESTORER|SA_ONSTACK|SA_RESTART|SA_SIGINFO, sa_restorer=0x7f6e65165890}, NULL, 8) = 0
rt_sigaction(SIGRT_17, NULL, {sa_handler=SIG_DFL, sa_mask=[], sa_flags=0}, 8) = 0
rt_sigaction(SIGRT_17, {sa_handler=0x45de40, sa_mask=~[], sa_flags=SA_RESTORER|SA_ONSTACK|SA_RESTART|SA_SIGINFO, sa_restorer=0x7f6e65165890}, NULL, 8) = 0
rt_sigaction(SIGRT_18, NULL, {sa_handler=SIG_DFL, sa_mask=[], sa_flags=0}, 8) = 0
rt_sigaction(SIGRT_18, {sa_handler=0x45de40, sa_mask=~[], sa_flags=SA_RESTORER|SA_ONSTACK|SA_RESTART|SA_SIGINFO, sa_restorer=0x7f6e65165890}, NULL, 8) = 0
rt_sigaction(SIGRT_19, NULL, {sa_handler=SIG_DFL, sa_mask=[], sa_flags=0}, 8) = 0
rt_sigaction(SIGRT_19, {sa_handler=0x45de40, sa_mask=~[], sa_flags=SA_RESTORER|SA_ONSTACK|SA_RESTART|SA_SIGINFO, sa_restorer=0x7f6e65165890}, NULL, 8) = 0
rt_sigaction(SIGRT_20, NULL, {sa_handler=SIG_DFL, sa_mask=[], sa_flags=0}, 8) = 0
rt_sigaction(SIGRT_20, {sa_handler=0x45de40, sa_mask=~[], sa_flags=SA_RESTORER|SA_ONSTACK|SA_RESTART|SA_SIGINFO, sa_restorer=0x7f6e65165890}, NULL, 8) = 0
rt_sigaction(SIGRT_21, NULL, {sa_handler=SIG_DFL, sa_mask=[], sa_flags=0}, 8) = 0
rt_sigaction(SIGRT_21, {sa_handler=0x45de40, sa_mask=~[], sa_flags=SA_RESTORER|SA_ONSTACK|SA_RESTART|SA_SIGINFO, sa_restorer=0x7f6e65165890}, NULL, 8) = 0
rt_sigaction(SIGRT_22, NULL, {sa_handler=SIG_DFL, sa_mask=[], sa_flags=0}, 8) = 0
rt_sigaction(SIGRT_22, {sa_handler=0x45de40, sa_mask=~[], sa_flags=SA_RESTORER|SA_ONSTACK|SA_RESTART|SA_SIGINFO, sa_restorer=0x7f6e65165890}, NULL, 8) = 0
rt_sigaction(SIGRT_23, NULL, {sa_handler=SIG_DFL, sa_mask=[], sa_flags=0}, 8) = 0
rt_sigaction(SIGRT_23, {sa_handler=0x45de40, sa_mask=~[], sa_flags=SA_RESTORER|SA_ONSTACK|SA_RESTART|SA_SIGINFO, sa_restorer=0x7f6e65165890}, NULL, 8) = 0
rt_sigaction(SIGRT_24, NULL, {sa_handler=SIG_DFL, sa_mask=[], sa_flags=0}, 8) = 0
rt_sigaction(SIGRT_24, {sa_handler=0x45de40, sa_mask=~[], sa_flags=SA_RESTORER|SA_ONSTACK|SA_RESTART|SA_SIGINFO, sa_restorer=0x7f6e65165890}, NULL, 8) = 0
rt_sigaction(SIGRT_25, NULL, {sa_handler=SIG_DFL, sa_mask=[], sa_flags=0}, 8) = 0
rt_sigaction(SIGRT_25, {sa_handler=0x45de40, sa_mask=~[], sa_flags=SA_RESTORER|SA_ONSTACK|SA_RESTART|SA_SIGINFO, sa_restorer=0x7f6e65165890}, NULL, 8) = 0
rt_sigaction(SIGRT_26, NULL, {sa_handler=SIG_DFL, sa_mask=[], sa_flags=0}, 8) = 0
rt_sigaction(SIGRT_26, {sa_handler=0x45de40, sa_mask=~[], sa_flags=SA_RESTORER|SA_ONSTACK|SA_RESTART|SA_SIGINFO, sa_restorer=0x7f6e65165890}, NULL, 8) = 0
rt_sigaction(SIGRT_27, NULL, {sa_handler=SIG_DFL, sa_mask=[], sa_flags=0}, 8) = 0
rt_sigaction(SIGRT_27, {sa_handler=0x45de40, sa_mask=~[], sa_flags=SA_RESTORER|SA_ONSTACK|SA_RESTART|SA_SIGINFO, sa_restorer=0x7f6e65165890}, NULL, 8) = 0
rt_sigaction(SIGRT_28, NULL, {sa_handler=SIG_DFL, sa_mask=[], sa_flags=0}, 8) = 0
rt_sigaction(SIGRT_28, {sa_handler=0x45de40, sa_mask=~[], sa_flags=SA_RESTORER|SA_ONSTACK|SA_RESTART|SA_SIGINFO, sa_restorer=0x7f6e65165890}, NULL, 8) = 0
rt_sigaction(SIGRT_29, NULL, {sa_handler=SIG_DFL, sa_mask=[], sa_flags=0}, 8) = 0
rt_sigaction(SIGRT_29, {sa_handler=0x45de40, sa_mask=~[], sa_flags=SA_RESTORER|SA_ONSTACK|SA_RESTART|SA_SIGINFO, sa_restorer=0x7f6e65165890}, NULL, 8) = 0
rt_sigaction(SIGRT_30, NULL, {sa_handler=SIG_DFL, sa_mask=[], sa_flags=0}, 8) = 0
rt_sigaction(SIGRT_30, {sa_handler=0x45de40, sa_mask=~[], sa_flags=SA_RESTORER|SA_ONSTACK|SA_RESTART|SA_SIGINFO, sa_restorer=0x7f6e65165890}, NULL, 8) = 0
rt_sigaction(SIGRT_31, NULL, {sa_handler=SIG_DFL, sa_mask=[], sa_flags=0}, 8) = 0
rt_sigaction(SIGRT_31, {sa_handler=0x45de40, sa_mask=~[], sa_flags=SA_RESTORER|SA_ONSTACK|SA_RESTART|SA_SIGINFO, sa_restorer=0x7f6e65165890}, NULL, 8) = 0
rt_sigaction(SIGRT_32, NULL, {sa_handler=SIG_DFL, sa_mask=[], sa_flags=0}, 8) = 0
rt_sigaction(SIGRT_32, {sa_handler=0x45de40, sa_mask=~[], sa_flags=SA_RESTORER|SA_ONSTACK|SA_RESTART|SA_SIGINFO, sa_restorer=0x7f6e65165890}, NULL, 8) = 0
rt_sigprocmask(SIG_SETMASK, ~[RTMIN RT_1], [], 8) = 0
mmap(NULL, 8392704, PROT_NONE, MAP_PRIVATE|MAP_ANONYMOUS|MAP_STACK, -1, 0) = 0x7f6e62350000
mprotect(0x7f6e62351000, 8388608, PROT_READ|PROT_WRITE) = 0
clone(child_stack=0x7f6e62b4ffb0, flags=CLONE_VM|CLONE_FS|CLONE_FILES|CLONE_SIGHAND|CLONE_THREAD|CLONE_SYSVSEM|CLONE_SETTLS|CLONE_PARENT_SETTID|CLONE_CHILD_CLEARTID, parent_tidptr=0x7f6e62b509d0, tls=0x7f6e62b50700, child_tidptr=0x7f6e62b509d0) = 25256
rt_sigprocmask(SIG_SETMASK, [], NULL, 8) = 0
rt_sigprocmask(SIG_SETMASK, ~[RTMIN RT_1], [], 8) = 0
mmap(NULL, 8392704, PROT_NONE, MAP_PRIVATE|MAP_ANONYMOUS|MAP_STACK, -1, 0) = 0x7f6e61b4f000
mprotect(0x7f6e61b50000, 8388608, PROT_READ|PROT_WRITE) = 0
clone(child_stack=0x7f6e6234efb0, flags=CLONE_VM|CLONE_FS|CLONE_FILES|CLONE_SIGHAND|CLONE_THREAD|CLONE_SYSVSEM|CLONE_SETTLS|CLONE_PARENT_SETTID|CLONE_CHILD_CLEARTID, parent_tidptr=0x7f6e6234f9d0, tls=0x7f6e6234f700, child_tidptr=0x7f6e6234f9d0) = 25257
rt_sigprocmask(SIG_SETMASK, [], NULL, 8) = 0
futex(0xc00007e148, FUTEX_WAKE_PRIVATE, 1) = 1
futex(0xc00007e148, FUTEX_WAKE_PRIVATE, 1) = 1
futex(0xc00005a848, FUTEX_WAKE_PRIVATE, 1) = 1
futex(0xe92a88, FUTEX_WAIT_PRIVATE, 0, NULL) = 0
rt_sigprocmask(SIG_SETMASK, ~[RTMIN RT_1], [], 8) = 0
mmap(NULL, 8392704, PROT_NONE, MAP_PRIVATE|MAP_ANONYMOUS|MAP_STACK, -1, 0) = 0x7f6e6034c000
mprotect(0x7f6e6034d000, 8388608, PROT_READ|PROT_WRITE) = 0
clone(child_stack=0x7f6e60b4bfb0, flags=CLONE_VM|CLONE_FS|CLONE_FILES|CLONE_SIGHAND|CLONE_THREAD|CLONE_SYSVSEM|CLONE_SETTLS|CLONE_PARENT_SETTID|CLONE_CHILD_CLEARTID, parent_tidptr=0x7f6e60b4c9d0, tls=0x7f6e60b4c700, child_tidptr=0x7f6e60b4c9d0) = 25260
rt_sigprocmask(SIG_SETMASK, [], NULL, 8) = 0
readlinkat(AT_FDCWD, "/proc/self/exe", "/home/isa/go-1.13/bin/go", 128) = 24
fcntl(0, F_GETFL)                       = 0x8002 (flags O_RDWR|O_LARGEFILE)
futex(0xc000090148, FUTEX_WAKE_PRIVATE, 1) = 1
mmap(NULL, 262144, PROT_READ|PROT_WRITE, MAP_PRIVATE|MAP_ANONYMOUS, -1, 0) = 0x7f6e654eb000
fcntl(1, F_GETFL)                       = 0x1 (flags O_WRONLY)
fcntl(2, F_GETFL)                       = 0x1 (flags O_WRONLY)
mmap(NULL, 1439992, PROT_READ|PROT_WRITE, MAP_PRIVATE|MAP_ANONYMOUS, -1, 0) = 0x7f6e601ec000
openat(AT_FDCWD, "/home/isa/.config/go/env", O_RDONLY|O_CLOEXEC) = -1 ENOENT (No such file or directory)
newfstatat(AT_FDCWD, "/home/isa/go-1.13/pkg/tool", {st_mode=S_IFDIR|0775, st_size=4096, ...}, 0) = 0
futex(0xc00007e148, FUTEX_WAKE_PRIVATE, 1) = 1
newfstatat(AT_FDCWD, ".", {st_mode=S_IFDIR|0775, st_size=4096, ...}, 0) = 0
newfstatat(AT_FDCWD, "/home/isa/dekape/go/src/shadow", {st_mode=S_IFDIR|0775, st_size=4096, ...}, 0) = 0
newfstatat(AT_FDCWD, "/home/isa/android-studio/bin/gccgo", 0xc0001262a8, 0) = -1 ENOENT (No such file or directory)
newfstatat(AT_FDCWD, "/home/isa/go-1.13/bin/gccgo", 0xc000126378, 0) = -1 ENOENT (No such file or directory)
newfstatat(AT_FDCWD, "/usr/local/sbin/gccgo", 0xc000126448, 0) = -1 ENOENT (No such file or directory)
newfstatat(AT_FDCWD, "/usr/local/bin/gccgo", 0xc000126518, 0) = -1 ENOENT (No such file or directory)
newfstatat(AT_FDCWD, "/usr/sbin/gccgo", 0xc0001265e8, 0) = -1 ENOENT (No such file or directory)
newfstatat(AT_FDCWD, "/usr/bin/gccgo", 0xc0001266b8, 0) = -1 ENOENT (No such file or directory)
newfstatat(AT_FDCWD, "/sbin/gccgo", 0xc000126788, 0) = -1 ENOENT (No such file or directory)
newfstatat(AT_FDCWD, "/bin/gccgo", 0xc000126858, 0) = -1 ENOENT (No such file or directory)
newfstatat(AT_FDCWD, "/usr/games/gccgo", 0xc000126928, 0) = -1 ENOENT (No such file or directory)
newfstatat(AT_FDCWD, "/usr/local/games/gccgo", 0xc0001269f8, 0) = -1 ENOENT (No such file or directory)
newfstatat(AT_FDCWD, "/snap/bin/gccgo", 0xc000126ac8, 0) = -1 ENOENT (No such file or directory)
newfstatat(AT_FDCWD, "/home/isa/go-1.13", {st_mode=S_IFDIR|0775, st_size=4096, ...}, 0) = 0
getpid()                                = 25255
mkdirat(AT_FDCWD, "/tmp/go-build243326857", 0700) = 0
newfstatat(AT_FDCWD, ".", {st_mode=S_IFDIR|0775, st_size=4096, ...}, 0) = 0
newfstatat(AT_FDCWD, "/home/isa/dekape/go/src/shadow", {st_mode=S_IFDIR|0775, st_size=4096, ...}, 0) = 0
newfstatat(AT_FDCWD, "/home/isa/dekape/go/src/shadow/go.mod", 0xc000146448, 0) = -1 ENOENT (No such file or directory)
newfstatat(AT_FDCWD, "/home/isa/dekape/go/src/go.mod", 0xc000146518, 0) = -1 ENOENT (No such file or directory)
newfstatat(AT_FDCWD, "/home/isa/dekape/go/go.mod", 0xc0001465e8, 0) = -1 ENOENT (No such file or directory)
newfstatat(AT_FDCWD, "/home/isa/dekape/go.mod", 0xc0001466b8, 0) = -1 ENOENT (No such file or directory)
newfstatat(AT_FDCWD, "/home/isa/go.mod", 0xc000146788, 0) = -1 ENOENT (No such file or directory)
newfstatat(AT_FDCWD, "/home/go.mod", 0xc000146858, 0) = -1 ENOENT (No such file or directory)
newfstatat(AT_FDCWD, "/go.mod", 0xc000146928, 0) = -1 ENOENT (No such file or directory)
mkdirat(AT_FDCWD, "/tmp/go-build644604756", 0700) = 0
newfstatat(AT_FDCWD, "test.go", {st_mode=S_IFREG|0664, st_size=358, ...}, 0) = 0
newfstatat(AT_FDCWD, ".", {st_mode=S_IFDIR|0775, st_size=4096, ...}, 0) = 0
newfstatat(AT_FDCWD, "/home/isa/dekape/go/src/shadow", {st_mode=S_IFDIR|0775, st_size=4096, ...}, 0) = 0
newfstatat(AT_FDCWD, "/home", {st_mode=S_IFDIR|0755, st_size=4096, ...}, AT_SYMLINK_NOFOLLOW) = 0
newfstatat(AT_FDCWD, "/home/isa", {st_mode=S_IFDIR|0755, st_size=4096, ...}, AT_SYMLINK_NOFOLLOW) = 0
newfstatat(AT_FDCWD, "/home/isa/go-1.13", {st_mode=S_IFDIR|0775, st_size=4096, ...}, AT_SYMLINK_NOFOLLOW) = 0
newfstatat(AT_FDCWD, "/home/isa/go-1.13/src", {st_mode=S_IFDIR|0775, st_size=4096, ...}, AT_SYMLINK_NOFOLLOW) = 0
newfstatat(AT_FDCWD, "/home", {st_mode=S_IFDIR|0755, st_size=4096, ...}, AT_SYMLINK_NOFOLLOW) = 0
newfstatat(AT_FDCWD, "/home/isa", {st_mode=S_IFDIR|0755, st_size=4096, ...}, AT_SYMLINK_NOFOLLOW) = 0
newfstatat(AT_FDCWD, "/home/isa/dekape", {st_mode=S_IFDIR|0755, st_size=4096, ...}, AT_SYMLINK_NOFOLLOW) = 0
newfstatat(AT_FDCWD, "/home/isa/dekape/go", {st_mode=S_IFDIR|0755, st_size=4096, ...}, AT_SYMLINK_NOFOLLOW) = 0
newfstatat(AT_FDCWD, "/home/isa/dekape/go/src", {st_mode=S_IFDIR|0755, st_size=4096, ...}, AT_SYMLINK_NOFOLLOW) = 0
newfstatat(AT_FDCWD, "/home/isa/dekape/go/src/shadow", {st_mode=S_IFDIR|0775, st_size=4096, ...}, AT_SYMLINK_NOFOLLOW) = 0
newfstatat(AT_FDCWD, "/home/isa/go-1.13/src/shadow", 0xc000147488, 0) = -1 ENOENT (No such file or directory)
newfstatat(AT_FDCWD, "/home/isa/dekape/go/src/shadow", {st_mode=S_IFDIR|0775, st_size=4096, ...}, 0) = 0
openat(AT_FDCWD, "/home/isa/dekape/go/src/shadow/test.go", O_RDONLY|O_CLOEXEC) = 3
epoll_create1(EPOLL_CLOEXEC)            = 4
epoll_ctl(4, EPOLL_CTL_ADD, 3, {EPOLLIN|EPOLLOUT|EPOLLRDHUP|EPOLLET, {u32=1699692704, u64=140112122822816}}) = -1 EPERM (Operation not permitted)
epoll_ctl(4, EPOLL_CTL_DEL, 3, 0xc00015efec) = -1 EPERM (Operation not permitted)
read(3, "package main\n\nimport \"strings\"\ni"..., 4096) = 358
close(3)                                = 0
newfstatat(AT_FDCWD, "/home/isa/dekape/go/src/shadow/vendor", {st_mode=S_IFDIR|0755, st_size=4096, ...}, 0) = 0
newfstatat(AT_FDCWD, "/home/isa/dekape/go/src/shadow/vendor/fmt", 0xc000147968, 0) = -1 ENOENT (No such file or directory)
newfstatat(AT_FDCWD, "/home/isa/dekape/go/src/vendor", 0xc000147a38, 0) = -1 ENOENT (No such file or directory)
newfstatat(AT_FDCWD, "/home", {st_mode=S_IFDIR|0755, st_size=4096, ...}, AT_SYMLINK_NOFOLLOW) = 0
newfstatat(AT_FDCWD, "/home/isa", {st_mode=S_IFDIR|0755, st_size=4096, ...}, AT_SYMLINK_NOFOLLOW) = 0
newfstatat(AT_FDCWD, "/home/isa/go-1.13", {st_mode=S_IFDIR|0775, st_size=4096, ...}, AT_SYMLINK_NOFOLLOW) = 0
newfstatat(AT_FDCWD, "/home", {st_mode=S_IFDIR|0755, st_size=4096, ...}, AT_SYMLINK_NOFOLLOW) = 0
newfstatat(AT_FDCWD, "/home/isa", {st_mode=S_IFDIR|0755, st_size=4096, ...}, AT_SYMLINK_NOFOLLOW) = 0
newfstatat(AT_FDCWD, "/home/isa/dekape", {st_mode=S_IFDIR|0755, st_size=4096, ...}, AT_SYMLINK_NOFOLLOW) = 0
newfstatat(AT_FDCWD, "/home/isa/dekape/go", {st_mode=S_IFDIR|0755, st_size=4096, ...}, AT_SYMLINK_NOFOLLOW) = 0
newfstatat(AT_FDCWD, "/home/isa/dekape/go/src", {st_mode=S_IFDIR|0755, st_size=4096, ...}, AT_SYMLINK_NOFOLLOW) = 0
newfstatat(AT_FDCWD, "/home/isa/dekape/go/src/shadow", {st_mode=S_IFDIR|0775, st_size=4096, ...}, AT_SYMLINK_NOFOLLOW) = 0
newfstatat(AT_FDCWD, "/home/isa/dekape/go/src/shadow/vendor", {st_mode=S_IFDIR|0755, st_size=4096, ...}, 0) = 0
newfstatat(AT_FDCWD, "/home/isa/dekape/go/src/shadow/vendor/fmt", 0xc000166448, 0) = -1 ENOENT (No such file or directory)
newfstatat(AT_FDCWD, "/home/isa/dekape/go/src/vendor", 0xc000166518, 0) = -1 ENOENT (No such file or directory)
newfstatat(AT_FDCWD, "/home/isa/go-1.13/src/fmt", {st_mode=S_IFDIR|0775, st_size=4096, ...}, 0) = 0
openat(AT_FDCWD, "/home/isa/go-1.13/src/fmt", O_RDONLY|O_CLOEXEC) = 3
epoll_ctl(4, EPOLL_CTL_ADD, 3, {EPOLLIN|EPOLLOUT|EPOLLRDHUP|EPOLLET, {u32=1699692704, u64=140112122822816}}) = -1 EPERM (Operation not permitted)
epoll_ctl(4, EPOLL_CTL_DEL, 3, 0xc00015e7a4) = -1 EPERM (Operation not permitted)
getdents64(3, /* 15 entries */, 8192)   = 528
getdents64(3, /* 0 entries */, 8192)    = 0
newfstatat(AT_FDCWD, "/home/isa/go-1.13/src/fmt/example_test.go", {st_mode=S_IFREG|0664, st_size=12099, ...}, AT_SYMLINK_NOFOLLOW) = 0
newfstatat(AT_FDCWD, "/home/isa/go-1.13/src/fmt/export_test.go", {st_mode=S_IFREG|0664, st_size=219, ...}, AT_SYMLINK_NOFOLLOW) = 0
newfstatat(AT_FDCWD, "/home/isa/go-1.13/src/fmt/errors.go", {st_mode=S_IFREG|0664, st_size=1052, ...}, AT_SYMLINK_NOFOLLOW) = 0
newfstatat(AT_FDCWD, "/home/isa/go-1.13/src/fmt/format.go", {st_mode=S_IFREG|0664, st_size=13502, ...}, AT_SYMLINK_NOFOLLOW) = 0
newfstatat(AT_FDCWD, "/home/isa/go-1.13/src/fmt/scan_test.go", {st_mode=S_IFREG|0664, st_size=39870, ...}, AT_SYMLINK_NOFOLLOW) = 0
newfstatat(AT_FDCWD, "/home/isa/go-1.13/src/fmt/gostringer_example_test.go", {st_mode=S_IFREG|0664, st_size=1584, ...}, AT_SYMLINK_NOFOLLOW) = 0
newfstatat(AT_FDCWD, "/home/isa/go-1.13/src/fmt/doc.go", {st_mode=S_IFREG|0664, st_size=14819, ...}, AT_SYMLINK_NOFOLLOW) = 0
newfstatat(AT_FDCWD, "/home/isa/go-1.13/src/fmt/print.go", {st_mode=S_IFREG|0664, st_size=30903, ...}, AT_SYMLINK_NOFOLLOW) = 0
newfstatat(AT_FDCWD, "/home/isa/go-1.13/src/fmt/fmt_test.go", {st_mode=S_IFREG|0664, st_size=58101, ...}, AT_SYMLINK_NOFOLLOW) = 0
newfstatat(AT_FDCWD, "/home/isa/go-1.13/src/fmt/errors_test.go", {st_mode=S_IFREG|0664, st_size=2271, ...}, AT_SYMLINK_NOFOLLOW) = 0
newfstatat(AT_FDCWD, "/home/isa/go-1.13/src/fmt/stringer_example_test.go", {st_mode=S_IFREG|0664, st_size=551, ...}, AT_SYMLINK_NOFOLLOW) = 0
newfstatat(AT_FDCWD, "/home/isa/go-1.13/src/fmt/stringer_test.go", {st_mode=S_IFREG|0664, st_size=2156, ...}, AT_SYMLINK_NOFOLLOW) = 0
newfstatat(AT_FDCWD, "/home/isa/go-1.13/src/fmt/scan.go", {st_mode=S_IFREG|0664, st_size=32504, ...}, AT_SYMLINK_NOFOLLOW) = 0
close(3)                                = 0
openat(AT_FDCWD, "/home/isa/go-1.13/src/fmt/doc.go", O_RDONLY|O_CLOEXEC) = 3
epoll_ctl(4, EPOLL_CTL_ADD, 3, {EPOLLIN|EPOLLOUT|EPOLLRDHUP|EPOLLET, {u32=1699692704, u64=140112122822816}}) = -1 EPERM (Operation not permitted)
epoll_ctl(4, EPOLL_CTL_DEL, 3, 0xc00015e74c) = -1 EPERM (Operation not permitted)
read(3, "// Copyright 2009 The Go Authors"..., 4096) = 4096
read(3, "if appropriate,\n\texcept that for"..., 4096) = 4096
read(3, "ccessive arguments passed in the"..., 4096) = 4096
read(3, "\n\tThe Printf verbs %p and %T and"..., 4096) = 2531
read(3, "", 4096)                       = 0
close(3)                                = 0
openat(AT_FDCWD, "/home/isa/go-1.13/src/fmt/errors.go", O_RDONLY|O_CLOEXEC) = 3
epoll_ctl(4, EPOLL_CTL_ADD, 3, {EPOLLIN|EPOLLOUT|EPOLLRDHUP|EPOLLET, {u32=1699692704, u64=140112122822816}}) = -1 EPERM (Operation not permitted)
epoll_ctl(4, EPOLL_CTL_DEL, 3, 0xc00019c74c) = -1 EPERM (Operation not permitted)
read(3, "// Copyright 2018 The Go Authors"..., 4096) = 1052
close(3)                                = 0
openat(AT_FDCWD, "/home/isa/go-1.13/src/fmt/errors_test.go", O_RDONLY|O_CLOEXEC) = 3
epoll_ctl(4, EPOLL_CTL_ADD, 3, {EPOLLIN|EPOLLOUT|EPOLLRDHUP|EPOLLET, {u32=1699692704, u64=140112122822816}}) = -1 EPERM (Operation not permitted)
epoll_ctl(4, EPOLL_CTL_DEL, 3, 0xc00019c74c) = -1 EPERM (Operation not permitted)
read(3, "// Copyright 2018 The Go Authors"..., 4096) = 2271
close(3)                                = 0
openat(AT_FDCWD, "/home/isa/go-1.13/src/fmt/example_test.go", O_RDONLY|O_CLOEXEC) = 3
epoll_ctl(4, EPOLL_CTL_ADD, 3, {EPOLLIN|EPOLLOUT|EPOLLRDHUP|EPOLLET, {u32=1699692704, u64=140112122822816}}) = -1 EPERM (Operation not permitted)
epoll_ctl(4, EPOLL_CTL_DEL, 3, 0xc00019c74c) = -1 EPERM (Operation not permitted)
read(3, "// Copyright 2017 The Go Authors"..., 4096) = 4096
close(3)                                = 0
openat(AT_FDCWD, "/home/isa/go-1.13/src/fmt/export_test.go", O_RDONLY|O_CLOEXEC) = 3
epoll_ctl(4, EPOLL_CTL_ADD, 3, {EPOLLIN|EPOLLOUT|EPOLLRDHUP|EPOLLET, {u32=1699692704, u64=140112122822816}}) = -1 EPERM (Operation not permitted)
epoll_ctl(4, EPOLL_CTL_DEL, 3, 0xc00019c74c) = -1 EPERM (Operation not permitted)
read(3, "// Copyright 2012 The Go Authors"..., 4096) = 219
close(3)                                = 0
openat(AT_FDCWD, "/home/isa/go-1.13/src/fmt/fmt_test.go", O_RDONLY|O_CLOEXEC) = 3
epoll_ctl(4, EPOLL_CTL_ADD, 3, {EPOLLIN|EPOLLOUT|EPOLLRDHUP|EPOLLET, {u32=1699692704, u64=140112122822816}}) = -1 EPERM (Operation not permitted)
epoll_ctl(4, EPOLL_CTL_DEL, 3, 0xc00019c74c) = -1 EPERM (Operation not permitted)
read(3, "// Copyright 2009 The Go Authors"..., 4096) = 4096
close(3)                                = 0
openat(AT_FDCWD, "/home/isa/go-1.13/src/fmt/format.go", O_RDONLY|O_CLOEXEC) = 3
epoll_ctl(4, EPOLL_CTL_ADD, 3, {EPOLLIN|EPOLLOUT|EPOLLRDHUP|EPOLLET, {u32=1699692704, u64=140112122822816}}) = -1 EPERM (Operation not permitted)
epoll_ctl(4, EPOLL_CTL_DEL, 3, 0xc00019c74c) = -1 EPERM (Operation not permitted)
read(3, "// Copyright 2009 The Go Authors"..., 4096) = 4096
close(3)                                = 0
openat(AT_FDCWD, "/home/isa/go-1.13/src/fmt/gostringer_example_test.go", O_RDONLY|O_CLOEXEC) = 3
epoll_ctl(4, EPOLL_CTL_ADD, 3, {EPOLLIN|EPOLLOUT|EPOLLRDHUP|EPOLLET, {u32=1699692704, u64=140112122822816}}) = -1 EPERM (Operation not permitted)
epoll_ctl(4, EPOLL_CTL_DEL, 3, 0xc00019c74c) = -1 EPERM (Operation not permitted)
read(3, "// Copyright 2018 The Go Authors"..., 4096) = 1584
close(3)                                = 0
openat(AT_FDCWD, "/home/isa/go-1.13/src/fmt/print.go", O_RDONLY|O_CLOEXEC) = 3
epoll_ctl(4, EPOLL_CTL_ADD, 3, {EPOLLIN|EPOLLOUT|EPOLLRDHUP|EPOLLET, {u32=1699692704, u64=140112122822816}}) = -1 EPERM (Operation not permitted)
epoll_ctl(4, EPOLL_CTL_DEL, 3, 0xc00019c74c) = -1 EPERM (Operation not permitted)
read(3, "// Copyright 2009 The Go Authors"..., 4096) = 4096
close(3)                                = 0
openat(AT_FDCWD, "/home/isa/go-1.13/src/fmt/scan.go", O_RDONLY|O_CLOEXEC) = 3
epoll_ctl(4, EPOLL_CTL_ADD, 3, {EPOLLIN|EPOLLOUT|EPOLLRDHUP|EPOLLET, {u32=1699692704, u64=140112122822816}}) = -1 EPERM (Operation not permitted)
epoll_ctl(4, EPOLL_CTL_DEL, 3, 0xc00019c74c) = -1 EPERM (Operation not permitted)
read(3, "// Copyright 2010 The Go Authors"..., 4096) = 4096
close(3)                                = 0
openat(AT_FDCWD, "/home/isa/go-1.13/src/fmt/scan_test.go", O_RDONLY|O_CLOEXEC) = 3
epoll_ctl(4, EPOLL_CTL_ADD, 3, {EPOLLIN|EPOLLOUT|EPOLLRDHUP|EPOLLET, {u32=1699692704, u64=140112122822816}}) = -1 EPERM (Operation not permitted)
epoll_ctl(4, EPOLL_CTL_DEL, 3, 0xc00019c74c) = -1 EPERM (Operation not permitted)
read(3, "// Copyright 2009 The Go Authors"..., 4096) = 4096
close(3)                                = 0
openat(AT_FDCWD, "/home/isa/go-1.13/src/fmt/stringer_example_test.go", O_RDONLY|O_CLOEXEC) = 3
epoll_ctl(4, EPOLL_CTL_ADD, 3, {EPOLLIN|EPOLLOUT|EPOLLRDHUP|EPOLLET, {u32=1699692704, u64=140112122822816}}) = -1 EPERM (Operation not permitted)
epoll_ctl(4, EPOLL_CTL_DEL, 3, 0xc00019c74c) = -1 EPERM (Operation not permitted)
read(3, "// Copyright 2017 The Go Authors"..., 4096) = 551
close(3)                                = 0
openat(AT_FDCWD, "/home/isa/go-1.13/src/fmt/stringer_test.go", O_RDONLY|O_CLOEXEC) = 3
epoll_ctl(4, EPOLL_CTL_ADD, 3, {EPOLLIN|EPOLLOUT|EPOLLRDHUP|EPOLLET, {u32=1699692704, u64=140112122822816}}) = -1 EPERM (Operation not permitted)
epoll_ctl(4, EPOLL_CTL_DEL, 3, 0xc00019c74c) = -1 EPERM (Operation not permitted)
read(3, "// Copyright 2010 The Go Authors"..., 4096) = 2156
close(3)                                = 0
newfstatat(AT_FDCWD, "/home/isa/go-1.13/src/fmt/vendor", 0xc0001673b8, 0) = -1 ENOENT (No such file or directory)
newfstatat(AT_FDCWD, "/home/isa/go-1.13/src/vendor", {st_mode=S_IFDIR|0775, st_size=4096, ...}, 0) = 0
newfstatat(AT_FDCWD, "/home/isa/go-1.13/src/vendor/errors", 0xc000167558, 0) = -1 ENOENT (No such file or directory)
newfstatat(AT_FDCWD, "/home/isa/go-1.13/src/fmt/vendor", 0xc0001676f8, 0) = -1 ENOENT (No such file or directory)
newfstatat(AT_FDCWD, "/home/isa/go-1.13/src/vendor", {st_mode=S_IFDIR|0775, st_size=4096, ...}, 0) = 0
newfstatat(AT_FDCWD, "/home/isa/go-1.13/src/vendor/errors", 0xc000167898, 0) = -1 ENOENT (No such file or directory)
newfstatat(AT_FDCWD, "/home", {st_mode=S_IFDIR|0755, st_size=4096, ...}, AT_SYMLINK_NOFOLLOW) = 0
newfstatat(AT_FDCWD, "/home/isa", {st_mode=S_IFDIR|0755, st_size=4096, ...}, AT_SYMLINK_NOFOLLOW) = 0
newfstatat(AT_FDCWD, "/home/isa/dekape", {st_mode=S_IFDIR|0755, st_size=4096, ...}, AT_SYMLINK_NOFOLLOW) = 0
newfstatat(AT_FDCWD, "/home/isa/dekape/go", {st_mode=S_IFDIR|0755, st_size=4096, ...}, AT_SYMLINK_NOFOLLOW) = 0
newfstatat(AT_FDCWD, "/home", {st_mode=S_IFDIR|0755, st_size=4096, ...}, AT_SYMLINK_NOFOLLOW) = 0
newfstatat(AT_FDCWD, "/home/isa", {st_mode=S_IFDIR|0755, st_size=4096, ...}, AT_SYMLINK_NOFOLLOW) = 0
newfstatat(AT_FDCWD, "/home/isa/go-1.13", {st_mode=S_IFDIR|0775, st_size=4096, ...}, AT_SYMLINK_NOFOLLOW) = 0
newfstatat(AT_FDCWD, "/home/isa/go-1.13/src", {st_mode=S_IFDIR|0775, st_size=4096, ...}, AT_SYMLINK_NOFOLLOW) = 0
newfstatat(AT_FDCWD, "/home/isa/go-1.13/src/fmt", {st_mode=S_IFDIR|0775, st_size=4096, ...}, AT_SYMLINK_NOFOLLOW) = 0
newfstatat(AT_FDCWD, "/home/isa/go-1.13/src/errors", {st_mode=S_IFDIR|0775, st_size=4096, ...}, 0) = 0
openat(AT_FDCWD, "/home/isa/go-1.13/src/errors", O_RDONLY|O_CLOEXEC) = 3
epoll_ctl(4, EPOLL_CTL_ADD, 3, {EPOLLIN|EPOLLOUT|EPOLLRDHUP|EPOLLET, {u32=1699692704, u64=140112122822816}}) = -1 EPERM (Operation not permitted)
epoll_ctl(4, EPOLL_CTL_DEL, 3, 0xc00019c264) = -1 EPERM (Operation not permitted)
getdents64(3, /* 7 entries */, 8192)    = 224
getdents64(3, /* 0 entries */, 8192)    = 0
newfstatat(AT_FDCWD, "/home/isa/go-1.13/src/errors/example_test.go", {st_mode=S_IFREG|0664, st_size=691, ...}, AT_SYMLINK_NOFOLLOW) = 0
newfstatat(AT_FDCWD, "/home/isa/go-1.13/src/errors/wrap_test.go", {st_mode=S_IFREG|0664, st_size=4894, ...}, AT_SYMLINK_NOFOLLOW) = 0
newfstatat(AT_FDCWD, "/home/isa/go-1.13/src/errors/errors.go", {st_mode=S_IFREG|0664, st_size=2080, ...}, AT_SYMLINK_NOFOLLOW) = 0
newfstatat(AT_FDCWD, "/home/isa/go-1.13/src/errors/wrap.go", {st_mode=S_IFREG|0664, st_size=3272, ...}, AT_SYMLINK_NOFOLLOW) = 0
newfstatat(AT_FDCWD, "/home/isa/go-1.13/src/errors/errors_test.go", {st_mode=S_IFREG|0664, st_size=1270, ...}, AT_SYMLINK_NOFOLLOW) = 0
close(3)                                = 0
openat(AT_FDCWD, "/home/isa/go-1.13/src/errors/errors.go", O_RDONLY|O_CLOEXEC) = 3
epoll_ctl(4, EPOLL_CTL_ADD, 3, {EPOLLIN|EPOLLOUT|EPOLLRDHUP|EPOLLET, {u32=1699692704, u64=140112122822816}}) = -1 EPERM (Operation not permitted)
epoll_ctl(4, EPOLL_CTL_DEL, 3, 0xc00019c20c) = -1 EPERM (Operation not permitted)
read(3, "// Copyright 2011 The Go Authors"..., 4096) = 2080
close(3)                                = 0
openat(AT_FDCWD, "/home/isa/go-1.13/src/errors/errors_test.go", O_RDONLY|O_CLOEXEC) = 3
epoll_ctl(4, EPOLL_CTL_ADD, 3, {EPOLLIN|EPOLLOUT|EPOLLRDHUP|EPOLLET, {u32=1699692704, u64=140112122822816}}) = -1 EPERM (Operation not permitted)
epoll_ctl(4, EPOLL_CTL_DEL, 3, 0xc00019c20c) = -1 EPERM (Operation not permitted)
read(3, "// Copyright 2011 The Go Authors"..., 4096) = 1270
close(3)                                = 0
openat(AT_FDCWD, "/home/isa/go-1.13/src/errors/example_test.go", O_RDONLY|O_CLOEXEC) = 3
epoll_ctl(4, EPOLL_CTL_ADD, 3, {EPOLLIN|EPOLLOUT|EPOLLRDHUP|EPOLLET, {u32=1699692704, u64=140112122822816}}) = -1 EPERM (Operation not permitted)
epoll_ctl(4, EPOLL_CTL_DEL, 3, 0xc00019c20c) = -1 EPERM (Operation not permitted)
read(3, "// Copyright 2012 The Go Authors"..., 4096) = 691
close(3)                                = 0
openat(AT_FDCWD, "/home/isa/go-1.13/src/errors/wrap.go", O_RDONLY|O_CLOEXEC) = 3
epoll_ctl(4, EPOLL_CTL_ADD, 3, {EPOLLIN|EPOLLOUT|EPOLLRDHUP|EPOLLET, {u32=1699692704, u64=140112122822816}}) = -1 EPERM (Operation not permitted)
epoll_ctl(4, EPOLL_CTL_DEL, 3, 0xc00019c20c) = -1 EPERM (Operation not permitted)
read(3, "// Copyright 2018 The Go Authors"..., 4096) = 3272
close(3)                                = 0
openat(AT_FDCWD, "/home/isa/go-1.13/src/errors/wrap_test.go", O_RDONLY|O_CLOEXEC) = 3
epoll_ctl(4, EPOLL_CTL_ADD, 3, {EPOLLIN|EPOLLOUT|EPOLLRDHUP|EPOLLET, {u32=1699692704, u64=140112122822816}}) = -1 EPERM (Operation not permitted)
epoll_ctl(4, EPOLL_CTL_DEL, 3, 0xc00019c20c) = -1 EPERM (Operation not permitted)
read(3, "// Copyright 2018 The Go Authors"..., 4096) = 4096
close(3)                                = 0
newfstatat(AT_FDCWD, "/home/isa/go-1.13/src/errors/vendor", 0xc0001c45e8, 0) = -1 ENOENT (No such file or directory)
newfstatat(AT_FDCWD, "/home/isa/go-1.13/src/vendor/internal/reflectlite", 0xc0001c4788, 0) = -1 ENOENT (No such file or directory)
newfstatat(AT_FDCWD, "/home/isa/go-1.13/src/errors/vendor", 0xc0001c4858, 0) = -1 ENOENT (No such file or directory)
newfstatat(AT_FDCWD, "/home/isa/go-1.13/src/vendor", {st_mode=S_IFDIR|0775, st_size=4096, ...}, 0) = 0
newfstatat(AT_FDCWD, "/home/isa/go-1.13/src/vendor/internal/reflectlite", 0xc0001c49f8, 0) = -1 ENOENT (No such file or directory)
newfstatat(AT_FDCWD, "/home", {st_mode=S_IFDIR|0755, st_size=4096, ...}, AT_SYMLINK_NOFOLLOW) = 0
newfstatat(AT_FDCWD, "/home/isa", {st_mode=S_IFDIR|0755, st_size=4096, ...}, AT_SYMLINK_NOFOLLOW) = 0
newfstatat(AT_FDCWD, "/home/isa/dekape", {st_mode=S_IFDIR|0755, st_size=4096, ...}, AT_SYMLINK_NOFOLLOW) = 0
newfstatat(AT_FDCWD, "/home/isa/dekape/go", {st_mode=S_IFDIR|0755, st_size=4096, ...}, AT_SYMLINK_NOFOLLOW) = 0
newfstatat(AT_FDCWD, "/home", {st_mode=S_IFDIR|0755, st_size=4096, ...}, AT_SYMLINK_NOFOLLOW) = 0
newfstatat(AT_FDCWD, "/home/isa", {st_mode=S_IFDIR|0755, st_size=4096, ...}, AT_SYMLINK_NOFOLLOW) = 0
newfstatat(AT_FDCWD, "/home/isa/go-1.13", {st_mode=S_IFDIR|0775, st_size=4096, ...}, AT_SYMLINK_NOFOLLOW) = 0
newfstatat(AT_FDCWD, "/home/isa/go-1.13/src", {st_mode=S_IFDIR|0775, st_size=4096, ...}, AT_SYMLINK_NOFOLLOW) = 0
newfstatat(AT_FDCWD, "/home/isa/go-1.13/src/errors", {st_mode=S_IFDIR|0775, st_size=4096, ...}, AT_SYMLINK_NOFOLLOW) = 0
newfstatat(AT_FDCWD, "/home/isa/go-1.13/src/internal/reflectlite", {st_mode=S_IFDIR|0775, st_size=4096, ...}, 0) = 0
openat(AT_FDCWD, "/home/isa/go-1.13/src/internal/reflectlite", O_RDONLY|O_CLOEXEC) = 3
epoll_ctl(4, EPOLL_CTL_ADD, 3, {EPOLLIN|EPOLLOUT|EPOLLRDHUP|EPOLLET, {u32=1699692704, u64=140112122822816}}) = -1 EPERM (Operation not permitted)
epoll_ctl(4, EPOLL_CTL_DEL, 3, 0xc00019bd24) = -1 EPERM (Operation not permitted)
getdents64(3, /* 10 entries */, 8192)   = 320
getdents64(3, /* 0 entries */, 8192)    = 0
newfstatat(AT_FDCWD, "/home/isa/go-1.13/src/internal/reflectlite/set_test.go", {st_mode=S_IFREG|0664, st_size=2245, ...}, AT_SYMLINK_NOFOLLOW) = 0
newfstatat(AT_FDCWD, "/home/isa/go-1.13/src/internal/reflectlite/export_test.go", {st_mode=S_IFREG|0664, st_size=3029, ...}, AT_SYMLINK_NOFOLLOW) = 0
newfstatat(AT_FDCWD, "/home/isa/go-1.13/src/internal/reflectlite/value.go", {st_mode=S_IFREG|0664, st_size=14113, ...}, AT_SYMLINK_NOFOLLOW) = 0
newfstatat(AT_FDCWD, "/home/isa/go-1.13/src/internal/reflectlite/swapper.go", {st_mode=S_IFREG|0664, st_size=1973, ...}, AT_SYMLINK_NOFOLLOW) = 0
newfstatat(AT_FDCWD, "/home/isa/go-1.13/src/internal/reflectlite/tostring_test.go", {st_mode=S_IFREG|0664, st_size=2479, ...}, AT_SYMLINK_NOFOLLOW) = 0
newfstatat(AT_FDCWD, "/home/isa/go-1.13/src/internal/reflectlite/type.go", {st_mode=S_IFREG|0664, st_size=23907, ...}, AT_SYMLINK_NOFOLLOW) = 0
newfstatat(AT_FDCWD, "/home/isa/go-1.13/src/internal/reflectlite/all_test.go", {st_mode=S_IFREG|0664, st_size=25094, ...}, AT_SYMLINK_NOFOLLOW) = 0
newfstatat(AT_FDCWD, "/home/isa/go-1.13/src/internal/reflectlite/asm.s", {st_mode=S_IFREG|0664, st_size=199, ...}, AT_SYMLINK_NOFOLLOW) = 0
close(3)                                = 0
openat(AT_FDCWD, "/home/isa/go-1.13/src/internal/reflectlite/all_test.go", O_RDONLY|O_CLOEXEC) = 3
epoll_ctl(4, EPOLL_CTL_ADD, 3, {EPOLLIN|EPOLLOUT|EPOLLRDHUP|EPOLLET, {u32=1699692704, u64=140112122822816}}) = -1 EPERM (Operation not permitted)
epoll_ctl(4, EPOLL_CTL_DEL, 3, 0xc00019bccc) = -1 EPERM (Operation not permitted)
read(3, "// Copyright 2009 The Go Authors"..., 4096) = 4096
close(3)                                = 0
openat(AT_FDCWD, "/home/isa/go-1.13/src/internal/reflectlite/asm.s", O_RDONLY|O_CLOEXEC) = 3
epoll_ctl(4, EPOLL_CTL_ADD, 3, {EPOLLIN|EPOLLOUT|EPOLLRDHUP|EPOLLET, {u32=1699692704, u64=140112122822816}}) = -1 EPERM (Operation not permitted)
epoll_ctl(4, EPOLL_CTL_DEL, 3, 0xc00019bccc) = -1 EPERM (Operation not permitted)
read(3, "// Copyright 2019 The Go Authors"..., 4096) = 199
read(3, "", 4096)                       = 0
read(3, "", 4096)                       = 0
close(3)                                = 0
openat(AT_FDCWD, "/home/isa/go-1.13/src/internal/reflectlite/export_test.go", O_RDONLY|O_CLOEXEC) = 3
epoll_ctl(4, EPOLL_CTL_ADD, 3, {EPOLLIN|EPOLLOUT|EPOLLRDHUP|EPOLLET, {u32=1699692704, u64=140112122822816}}) = -1 EPERM (Operation not permitted)
epoll_ctl(4, EPOLL_CTL_DEL, 3, 0xc00019bccc) = -1 EPERM (Operation not permitted)
read(3, "// Copyright 2019 The Go Authors"..., 4096) = 3029
close(3)                                = 0
openat(AT_FDCWD, "/home/isa/go-1.13/src/internal/reflectlite/set_test.go", O_RDONLY|O_CLOEXEC) = 3
epoll_ctl(4, EPOLL_CTL_ADD, 3, {EPOLLIN|EPOLLOUT|EPOLLRDHUP|EPOLLET, {u32=1699692704, u64=140112122822816}}) = -1 EPERM (Operation not permitted)
epoll_ctl(4, EPOLL_CTL_DEL, 3, 0xc00019bccc) = -1 EPERM (Operation not permitted)
read(3, "// Copyright 2011 The Go Authors"..., 4096) = 2245
close(3)                                = 0
openat(AT_FDCWD, "/home/isa/go-1.13/src/internal/reflectlite/swapper.go", O_RDONLY|O_CLOEXEC) = 3
epoll_ctl(4, EPOLL_CTL_ADD, 3, {EPOLLIN|EPOLLOUT|EPOLLRDHUP|EPOLLET, {u32=1699692704, u64=140112122822816}}) = -1 EPERM (Operation not permitted)
epoll_ctl(4, EPOLL_CTL_DEL, 3, 0xc00019bccc) = -1 EPERM (Operation not permitted)
read(3, "// Copyright 2016 The Go Authors"..., 4096) = 1973
close(3)                                = 0
openat(AT_FDCWD, "/home/isa/go-1.13/src/internal/reflectlite/tostring_test.go", O_RDONLY|O_CLOEXEC) = 3
epoll_ctl(4, EPOLL_CTL_ADD, 3, {EPOLLIN|EPOLLOUT|EPOLLRDHUP|EPOLLET, {u32=1699692704, u64=140112122822816}}) = -1 EPERM (Operation not permitted)
epoll_ctl(4, EPOLL_CTL_DEL, 3, 0xc00019bccc) = -1 EPERM (Operation not permitted)
read(3, "// Copyright 2009 The Go Authors"..., 4096) = 2479
close(3)                                = 0
openat(AT_FDCWD, "/home/isa/go-1.13/src/internal/reflectlite/type.go", O_RDONLY|O_CLOEXEC) = 3
epoll_ctl(4, EPOLL_CTL_ADD, 3, {EPOLLIN|EPOLLOUT|EPOLLRDHUP|EPOLLET, {u32=1699692704, u64=140112122822816}}) = -1 EPERM (Operation not permitted)
epoll_ctl(4, EPOLL_CTL_DEL, 3, 0xc00019bccc) = -1 EPERM (Operation not permitted)
read(3, "// Copyright 2009 The Go Authors"..., 4096) = 4096
close(3)                                = 0
openat(AT_FDCWD, "/home/isa/go-1.13/src/internal/reflectlite/value.go", O_RDONLY|O_CLOEXEC) = 3
epoll_ctl(4, EPOLL_CTL_ADD, 3, {EPOLLIN|EPOLLOUT|EPOLLRDHUP|EPOLLET, {u32=1699692704, u64=140112122822816}}) = -1 EPERM (Operation not permitted)
epoll_ctl(4, EPOLL_CTL_DEL, 3, 0xc00019bccc) = -1 EPERM (Operation not permitted)
read(3, "// Copyright 2009 The Go Authors"..., 4096) = 4096
close(3)                                = 0
newfstatat(AT_FDCWD, "/home/isa/go-1.13/src/internal/reflectlite/vendor", 0xc0001c5a38, 0) = -1 ENOENT (No such file or directory)
newfstatat(AT_FDCWD, "/home/isa/go-1.13/src/internal/vendor", 0xc0001c5b08, 0) = -1 ENOENT (No such file or directory)
newfstatat(AT_FDCWD, "/home/isa/go-1.13/src/vendor/runtime", 0xc0001c5bd8, 0) = -1 ENOENT (No such file or directory)
newfstatat(AT_FDCWD, "/home/isa/go-1.13/src/internal/reflectlite/vendor", 0xc0001c5ca8, 0) = -1 ENOENT (No such file or directory)
newfstatat(AT_FDCWD, "/home/isa/go-1.13/src/internal/vendor", 0xc0001c5d78, 0) = -1 ENOENT (No such file or directory)
newfstatat(AT_FDCWD, "/home/isa/go-1.13/src/vendor", {st_mode=S_IFDIR|0775, st_size=4096, ...}, 0) = 0
newfstatat(AT_FDCWD, "/home/isa/go-1.13/src/vendor/runtime", 0xc0001c5f18, 0) = -1 ENOENT (No such file or directory)
newfstatat(AT_FDCWD, "/home", {st_mode=S_IFDIR|0755, st_size=4096, ...}, AT_SYMLINK_NOFOLLOW) = 0
newfstatat(AT_FDCWD, "/home/isa", {st_mode=S_IFDIR|0755, st_size=4096, ...}, AT_SYMLINK_NOFOLLOW) = 0
newfstatat(AT_FDCWD, "/home/isa/dekape", {st_mode=S_IFDIR|0755, st_size=4096, ...}, AT_SYMLINK_NOFOLLOW) = 0
newfstatat(AT_FDCWD, "/home/isa/dekape/go", {st_mode=S_IFDIR|0755, st_size=4096, ...}, AT_SYMLINK_NOFOLLOW) = 0
newfstatat(AT_FDCWD, "/home", {st_mode=S_IFDIR|0755, st_size=4096, ...}, AT_SYMLINK_NOFOLLOW) = 0
newfstatat(AT_FDCWD, "/home/isa", {st_mode=S_IFDIR|0755, st_size=4096, ...}, AT_SYMLINK_NOFOLLOW) = 0
newfstatat(AT_FDCWD, "/home/isa/go-1.13", {st_mode=S_IFDIR|0775, st_size=4096, ...}, AT_SYMLINK_NOFOLLOW) = 0
newfstatat(AT_FDCWD, "/home/isa/go-1.13/src", {st_mode=S_IFDIR|0775, st_size=4096, ...}, AT_SYMLINK_NOFOLLOW) = 0
newfstatat(AT_FDCWD, "/home/isa/go-1.13/src/internal", {st_mode=S_IFDIR|0775, st_size=4096, ...}, AT_SYMLINK_NOFOLLOW) = 0
newfstatat(AT_FDCWD, "/home/isa/go-1.13/src/internal/reflectlite", {st_mode=S_IFDIR|0775, st_size=4096, ...}, AT_SYMLINK_NOFOLLOW) = 0
newfstatat(AT_FDCWD, "/home/isa/go-1.13/src/runtime", {st_mode=S_IFDIR|0775, st_size=20480, ...}, 0) = 0
openat(AT_FDCWD, "/home/isa/go-1.13/src/runtime", O_RDONLY|O_CLOEXEC) = 3
epoll_ctl(4, EPOLL_CTL_ADD, 3, {EPOLLIN|EPOLLOUT|EPOLLRDHUP|EPOLLET, {u32=1699692704, u64=140112122822816}}) = -1 EPERM (Operation not permitted)
epoll_ctl(4, EPOLL_CTL_DEL, 3, 0xc00019b7e4) = -1 EPERM (Operation not permitted)
getdents64(3, /* 215 entries */, 8192)  = 8176
getdents64(3, /* 215 entries */, 8192)  = 8176
getdents64(3, /* 110 entries */, 8192)  = 4224
getdents64(3, /* 0 entries */, 8192)    = 0
newfstatat(AT_FDCWD, "/home/isa/go-1.13/src/runtime/os_linux_mips64x.go", {st_mode=S_IFREG|0664, st_size=1397, ...}, AT_SYMLINK_NOFOLLOW) = 0
newfstatat(AT_FDCWD, "/home/isa/go-1.13/src/runtime/runtime_test.go", {st_mode=S_IFREG|0664, st_size=8457, ...}, AT_SYMLINK_NOFOLLOW) = 0
newfstatat(AT_FDCWD, "/home/isa/go-1.13/src/runtime/mfinal_test.go", {st_mode=S_IFREG|0664, st_size=5993, ...}, AT_SYMLINK_NOFOLLOW) = 0
newfstatat(AT_FDCWD, "/home/isa/go-1.13/src/runtime/sys_freebsd_386.s", {st_mode=S_IFREG|0664, st_size=8280, ...}, AT_SYMLINK_NOFOLLOW) = 0
newfstatat(AT_FDCWD, "/home/isa/go-1.13/src/runtime/export_windows_test.go", {st_mode=S_IFREG|0664, st_size=652, ...}, AT_SYMLINK_NOFOLLOW) = 0
newfstatat(AT_FDCWD, "/home/isa/go-1.13/src/runtime/os_freebsd_noauxv.go", {st_mode=S_IFREG|0664, st_size=247, ...}, AT_SYMLINK_NOFOLLOW) = 0
newfstatat(AT_FDCWD, "/home/isa/go-1.13/src/runtime/cpuflags_amd64.go", {st_mode=S_IFREG|0664, st_size=533, ...}, AT_SYMLINK_NOFOLLOW) = 0
newfstatat(AT_FDCWD, "/home/isa/go-1.13/src/runtime/rt0_linux_arm64.s", {st_mode=S_IFREG|0664, st_size=2451, ...}, AT_SYMLINK_NOFOLLOW) = 0
newfstatat(AT_FDCWD, "/home/isa/go-1.13/src/runtime/export_debug_test.go", {st_mode=S_IFREG|0664, st_size=5177, ...}, AT_SYMLINK_NOFOLLOW) = 0
newfstatat(AT_FDCWD, "/home/isa/go-1.13/src/runtime/os_aix.go", {st_mode=S_IFREG|0664, st_size=8109, ...}, AT_SYMLINK_NOFOLLOW) = 0
newfstatat(AT_FDCWD, "/home/isa/go-1.13/src/runtime/rt0_freebsd_arm.s", {st_mode=S_IFREG|0664, st_size=298, ...}, AT_SYMLINK_NOFOLLOW) = 0
newfstatat(AT_FDCWD, "/home/isa/go-1.13/src/runtime/defs_darwin.go", {st_mode=S_IFREG|0664, st_size=3910, ...}, AT_SYMLINK_NOFOLLOW) = 0
newfstatat(AT_FDCWD, "/home/isa/go-1.13/src/runtime/runtime-lldb_test.go", {st_mode=S_IFREG|0664, st_size=5217, ...}, AT_SYMLINK_NOFOLLOW) = 0
newfstatat(AT_FDCWD, "/home/isa/go-1.13/src/runtime/mgcstack.go", {st_mode=S_IFREG|0664, st_size=9945, ...}, AT_SYMLINK_NOFOLLOW) = 0
newfstatat(AT_FDCWD, "/home/isa/go-1.13/src/runtime/timestub.go", {st_mode=S_IFREG|0664, st_size=497, ...}, AT_SYMLINK_NOFOLLOW) = 0
newfstatat(AT_FDCWD, "/home/isa/go-1.13/src/runtime/memmove_arm64.s", {st_mode=S_IFREG|0664, st_size=2847, ...}, AT_SYMLINK_NOFOLLOW) = 0
newfstatat(AT_FDCWD, "/home/isa/go-1.13/src/runtime/sys_linux_arm64.s", {st_mode=S_IFREG|0664, st_size=12500, ...}, AT_SYMLINK_NOFOLLOW) = 0
newfstatat(AT_FDCWD, "/home/isa/go-1.13/src/runtime/tls_ppc64x.s", {st_mode=S_IFREG|0664, st_size=1542, ...}, AT_SYMLINK_NOFOLLOW) = 0
newfstatat(AT_FDCWD, "/home/isa/go-1.13/src/runtime/stubs_s390x.go", {st_mode=S_IFREG|0664, st_size=256, ...}, AT_SYMLINK_NOFOLLOW) = 0
newfstatat(AT_FDCWD, "/home/isa/go-1.13/src/runtime/mfinal.go", {st_mode=S_IFREG|0664, st_size=15154, ...}, AT_SYMLINK_NOFOLLOW) = 0
newfstatat(AT_FDCWD, "/home/isa/go-1.13/src/runtime/rt0_openbsd_amd64.s", {st_mode=S_IFREG|0664, st_size=311, ...}, AT_SYMLINK_NOFOLLOW) = 0
newfstatat(AT_FDCWD, "/home/isa/go-1.13/src/runtime/signal_openbsd.go", {st_mode=S_IFREG|0664, st_size=2203, ...}, AT_SYMLINK_NOFOLLOW) = 0
newfstatat(AT_FDCWD, "/home/isa/go-1.13/src/runtime/rt0_plan9_amd64.s", {st_mode=S_IFREG|0664, st_size=481, ...}, AT_SYMLINK_NOFOLLOW) = 0
newfstatat(AT_FDCWD, "/home/isa/go-1.13/src/runtime/memclr_plan9_386.s", {st_mode=S_IFREG|0664, st_size=905, ...}, AT_SYMLINK_NOFOLLOW) = 0
newfstatat(AT_FDCWD, "/home/isa/go-1.13/src/runtime/sys_dragonfly_amd64.s", {st_mode=S_IFREG|0664, st_size=7819, ...}, AT_SYMLINK_NOFOLLOW) = 0
newfstatat(AT_FDCWD, "/home/isa/go-1.13/src/runtime/defs_nacl_amd64p32.go", {st_mode=S_IFREG|0664, st_size=1174, ...}, AT_SYMLINK_NOFOLLOW) = 0
newfstatat(AT_FDCWD, "/home/isa/go-1.13/src/runtime/asm_amd64p32.s", {st_mode=S_IFREG|0664, st_size=20160, ...}, AT_SYMLINK_NOFOLLOW) = 0
newfstatat(AT_FDCWD, "/home/isa/go-1.13/src/runtime/rt0_netbsd_386.s", {st_mode=S_IFREG|0664, st_size=452, ...}, AT_SYMLINK_NOFOLLOW) = 0
newfstatat(AT_FDCWD, "/home/isa/go-1.13/src/runtime/netpoll_solaris.go", {st_mode=S_IFREG|0664, st_size=8642, ...}, AT_SYMLINK_NOFOLLOW) = 0
newfstatat(AT_FDCWD, "/home/isa/go-1.13/src/runtime/signal_plan9.go", {st_mode=S_IFREG|0664, st_size=1980, ...}, AT_SYMLINK_NOFOLLOW) = 0
newfstatat(AT_FDCWD, "/home/isa/go-1.13/src/runtime/vdso_elf64.go", {st_mode=S_IFREG|0664, st_size=2846, ...}, AT_SYMLINK_NOFOLLOW) = 0
newfstatat(AT_FDCWD, "/home/isa/go-1.13/src/runtime/rt0_windows_amd64.s", {st_mode=S_IFREG|0664, st_size=1180, ...}, AT_SYMLINK_NOFOLLOW) = 0
newfstatat(AT_FDCWD, "/home/isa/go-1.13/src/runtime/atomic_mipsx.s", {st_mode=S_IFREG|0664, st_size=258, ...}, AT_SYMLINK_NOFOLLOW) = 0
newfstatat(AT_FDCWD, "/home/isa/go-1.13/src/runtime/rdebug.go", {st_mode=S_IFREG|0664, st_size=553, ...}, AT_SYMLINK_NOFOLLOW) = 0
newfstatat(AT_FDCWD, "/home/isa/go-1.13/src/runtime/plugin.go", {st_mode=S_IFREG|0664, st_size=4262, ...}, AT_SYMLINK_NOFOLLOW) = 0
newfstatat(AT_FDCWD, "/home/isa/go-1.13/src/runtime/debuglog.go", {st_mode=S_IFREG|0664, st_size=17487, ...}, AT_SYMLINK_NOFOLLOW) = 0
newfstatat(AT_FDCWD, "/home/isa/go-1.13/src/runtime/signal_openbsd_arm64.go", {st_mode=S_IFREG|0664, st_size=3463, ...}, AT_SYMLINK_NOFOLLOW) = 0
newfstatat(AT_FDCWD, "/home/isa/go-1.13/src/runtime/msan.go", {st_mode=S_IFREG|0664, st_size=1424, ...}, AT_SYMLINK_NOFOLLOW) = 0
newfstatat(AT_FDCWD, "/home/isa/go-1.13/src/runtime/stack_test.go", {st_mode=S_IFREG|0664, st_size=20377, ...}, AT_SYMLINK_NOFOLLOW) = 0
newfstatat(AT_FDCWD, "/home/isa/go-1.13/src/runtime/vdso_freebsd_arm.go", {st_mode=S_IFREG|0664, st_size=454, ...}, AT_SYMLINK_NOFOLLOW) = 0
newfstatat(AT_FDCWD, "/home/isa/go-1.13/src/runtime/sizeclasses.go", {st_mode=S_IFREG|0664, st_size=8093, ...}, AT_SYMLINK_NOFOLLOW) = 0
newfstatat(AT_FDCWD, "/home/isa/go-1.13/src/runtime/signal_arm.go", {st_mode=S_IFREG|0664, st_size=2063, ...}, AT_SYMLINK_NOFOLLOW) = 0
newfstatat(AT_FDCWD, "/home/isa/go-1.13/src/runtime/asm_arm.s", {st_mode=S_IFREG|0664, st_size=31942, ...}, AT_SYMLINK_NOFOLLOW) = 0
newfstatat(AT_FDCWD, "/home/isa/go-1.13/src/runtime/os_openbsd.go", {st_mode=S_IFREG|0664, st_size=7856, ...}, AT_SYMLINK_NOFOLLOW) = 0
newfstatat(AT_FDCWD, "/home/isa/go-1.13/src/runtime/atomic_mips64x.s", {st_mode=S_IFREG|0664, st_size=296, ...}, AT_SYMLINK_NOFOLLOW) = 0
newfstatat(AT_FDCWD, "/home/isa/go-1.13/src/runtime/defs_dragonfly_amd64.go", {st_mode=S_IFREG|0664, st_size=3330, ...}, AT_SYMLINK_NOFOLLOW) = 0
newfstatat(AT_FDCWD, "/home/isa/go-1.13/src/runtime/os_openbsd_arm.go", {st_mode=S_IFREG|0664, st_size=802, ...}, AT_SYMLINK_NOFOLLOW) = 0
newfstatat(AT_FDCWD, "/home/isa/go-1.13/src/runtime/cgo_mmap.go", {st_mode=S_IFREG|0664, st_size=2129, ...}, AT_SYMLINK_NOFOLLOW) = 0
newfstatat(AT_FDCWD, "/home/isa/go-1.13/src/runtime/example_test.go", {st_mode=S_IFREG|0664, st_size=1374, ...}, AT_SYMLINK_NOFOLLOW) = 0
newfstatat(AT_FDCWD, "/home/isa/go-1.13/src/runtime/rt0_android_arm64.s", {st_mode=S_IFREG|0664, st_size=941, ...}, AT_SYMLINK_NOFOLLOW) = 0
newfstatat(AT_FDCWD, "/home/isa/go-1.13/src/runtime/defs_netbsd.go", {st_mode=S_IFREG|0664, st_size=2715, ...}, AT_SYMLINK_NOFOLLOW) = 0
newfstatat(AT_FDCWD, "/home/isa/go-1.13/src/runtime/signal_aix_ppc64.go", {st_mode=S_IFREG|0664, st_size=3632, ...}, AT_SYMLINK_NOFOLLOW) = 0
newfstatat(AT_FDCWD, "/home/isa/go-1.13/src/runtime/asm_ppc64x.h", {st_mode=S_IFREG|0664, st_size=1023, ...}, AT_SYMLINK_NOFOLLOW) = 0
newfstatat(AT_FDCWD, "/home/isa/go-1.13/src/runtime/syscall_aix.go", {st_mode=S_IFREG|0664, st_size=6137, ...}, AT_SYMLINK_NOFOLLOW) = 0
newfstatat(AT_FDCWD, "/home/isa/go-1.13/src/runtime/stubs_amd64x.go", {st_mode=S_IFREG|0664, st_size=374, ...}, AT_SYMLINK_NOFOLLOW) = 0
newfstatat(AT_FDCWD, "/home/isa/go-1.13/src/runtime/signal_darwin_amd64.go", {st_mode=S_IFREG|0664, st_size=3941, ...}, AT_SYMLINK_NOFOLLOW) = 0
newfstatat(AT_FDCWD, "/home/isa/go-1.13/src/runtime/signal_linux_arm.go", {st_mode=S_IFREG|0664, st_size=2176, ...}, AT_SYMLINK_NOFOLLOW) = 0
newfstatat(AT_FDCWD, "/home/isa/go-1.13/src/runtime/netpoll_stub.go", {st_mode=S_IFREG|0664, st_size=493, ...}, AT_SYMLINK_NOFOLLOW) = 0
newfstatat(AT_FDCWD, "/home/isa/go-1.13/src/runtime/relax_stub.go", {st_mode=S_IFREG|0664, st_size=597, ...}, AT_SYMLINK_NOFOLLOW) = 0
newfstatat(AT_FDCWD, "/home/isa/go-1.13/src/runtime/os_linux_generic.go", {st_mode=S_IFREG|0664, st_size=916, ...}, AT_SYMLINK_NOFOLLOW) = 0
newfstatat(AT_FDCWD, "/home/isa/go-1.13/src/runtime/proflabel.go", {st_mode=S_IFREG|0664, st_size=1552, ...}, AT_SYMLINK_NOFOLLOW) = 0
newfstatat(AT_FDCWD, "/home/isa/go-1.13/src/runtime/defs_openbsd.go", {st_mode=S_IFREG|0664, st_size=2570, ...}, AT_SYMLINK_NOFOLLOW) = 0
newfstatat(AT_FDCWD, "/home/isa/go-1.13/src/runtime/defs1_solaris_amd64.go", {st_mode=S_IFREG|0664, st_size=3978, ...}, AT_SYMLINK_NOFOLLOW) = 0
newfstatat(AT_FDCWD, "/home/isa/go-1.13/src/runtime/cgo_sigaction.go", {st_mode=S_IFREG|0664, st_size=3164, ...}, AT_SYMLINK_NOFOLLOW) = 0
newfstatat(AT_FDCWD, "/home/isa/go-1.13/src/runtime/os_nacl_arm.go", {st_mode=S_IFREG|0664, st_size=676, ...}, AT_SYMLINK_NOFOLLOW) = 0
newfstatat(AT_FDCWD, "/home/isa/go-1.13/src/runtime/rt0_android_amd64.s", {st_mode=S_IFREG|0664, st_size=754, ...}, AT_SYMLINK_NOFOLLOW) = 0
newfstatat(AT_FDCWD, "/home/isa/go-1.13/src/runtime/rt0_darwin_386.s", {st_mode=S_IFREG|0664, st_size=452, ...}, AT_SYMLINK_NOFOLLOW) = 0
newfstatat(AT_FDCWD, "/home/isa/go-1.13/src/runtime/race", {st_mode=S_IFDIR|0775, st_size=4096, ...}, AT_SYMLINK_NOFOLLOW) = 0
newfstatat(AT_FDCWD, "/home/isa/go-1.13/src/runtime/export_test.go", {st_mode=S_IFREG|0664, st_size=15564, ...}, AT_SYMLINK_NOFOLLOW) = 0
newfstatat(AT_FDCWD, "/home/isa/go-1.13/src/runtime/mgcmark.go", {st_mode=S_IFREG|0664, st_size=42414, ...}, AT_SYMLINK_NOFOLLOW) = 0
newfstatat(AT_FDCWD, "/home/isa/go-1.13/src/runtime/memmove_ppc64x.s", {st_mode=S_IFREG|0664, st_size=3340, ...}, AT_SYMLINK_NOFOLLOW) = 0
newfstatat(AT_FDCWD, "/home/isa/go-1.13/src/runtime/vdso_in_none.go", {st_mode=S_IFREG|0664, st_size=361, ...}, AT_SYMLINK_NOFOLLOW) = 0
newfstatat(AT_FDCWD, "/home/isa/go-1.13/src/runtime/panic.go", {st_mode=S_IFREG|0664, st_size=31653, ...}, AT_SYMLINK_NOFOLLOW) = 0
newfstatat(AT_FDCWD, "/home/isa/go-1.13/src/runtime/hash32.go", {st_mode=S_IFREG|0664, st_size=2566, ...}, AT_SYMLINK_NOFOLLOW) = 0
newfstatat(AT_FDCWD, "/home/isa/go-1.13/src/runtime/complex_test.go", {st_mode=S_IFREG|0664, st_size=1077, ...}, AT_SYMLINK_NOFOLLOW) = 0
newfstatat(AT_FDCWD, "/home/isa/go-1.13/src/runtime/netpoll.go", {st_mode=S_IFREG|0664, st_size=14120, ...}, AT_SYMLINK_NOFOLLOW) = 0
newfstatat(AT_FDCWD, "/home/isa/go-1.13/src/runtime/tls_s390x.s", {st_mode=S_IFREG|0664, st_size=1583, ...}, AT_SYMLINK_NOFOLLOW) = 0
newfstatat(AT_FDCWD, "/home/isa/go-1.13/src/runtime/signal_freebsd.go", {st_mode=S_IFREG|0664, st_size=2255, ...}, AT_SYMLINK_NOFOLLOW) = 0
newfstatat(AT_FDCWD, "/home/isa/go-1.13/src/runtime/defs_linux_mips64x.go", {st_mode=S_IFREG|0664, st_size=3077, ...}, AT_SYMLINK_NOFOLLOW) = 0
newfstatat(AT_FDCWD, "/home/isa/go-1.13/src/runtime/os_darwin_arm64.go", {st_mode=S_IFREG|0664, st_size=469, ...}, AT_SYMLINK_NOFOLLOW) = 0
newfstatat(AT_FDCWD, "/home/isa/go-1.13/src/runtime/select.go", {st_mode=S_IFREG|0664, st_size=13382, ...}, AT_SYMLINK_NOFOLLOW) = 0
newfstatat(AT_FDCWD, "/home/isa/go-1.13/src/runtime/signal_amd64x.go", {st_mode=S_IFREG|0664, st_size=2409, ...}, AT_SYMLINK_NOFOLLOW) = 0
newfstatat(AT_FDCWD, "/home/isa/go-1.13/src/runtime/defs2_linux.go", {st_mode=S_IFREG|0664, st_size=3590, ...}, AT_SYMLINK_NOFOLLOW) = 0
newfstatat(AT_FDCWD, "/home/isa/go-1.13/src/runtime/os_js.go", {st_mode=S_IFREG|0664, st_size=2961, ...}, AT_SYMLINK_NOFOLLOW) = 0
newfstatat(AT_FDCWD, "/home/isa/go-1.13/src/runtime/memclr_amd64.s", {st_mode=S_IFREG|0664, st_size=3736, ...}, AT_SYMLINK_NOFOLLOW) = 0
newfstatat(AT_FDCWD, "/home/isa/go-1.13/src/runtime/defs_freebsd_amd64.go", {st_mode=S_IFREG|0664, st_size=4623, ...}, AT_SYMLINK_NOFOLLOW) = 0
newfstatat(AT_FDCWD, "/home/isa/go-1.13/src/runtime/rt0_darwin_arm64.s", {st_mode=S_IFREG|0664, st_size=2380, ...}, AT_SYMLINK_NOFOLLOW) = 0
newfstatat(AT_FDCWD, "/home/isa/go-1.13/src/runtime/signal_netbsd_arm64.go", {st_mode=S_IFREG|0664, st_size=3486, ...}, AT_SYMLINK_NOFOLLOW) = 0
newfstatat(AT_FDCWD, "/home/isa/go-1.13/src/runtime/os_windows_arm.go", {st_mode=S_IFREG|0664, st_size=511, ...}, AT_SYMLINK_NOFOLLOW) = 0
newfstatat(AT_FDCWD, "/home/isa/go-1.13/src/runtime/defs_openbsd_amd64.go", {st_mode=S_IFREG|0664, st_size=2822, ...}, AT_SYMLINK_NOFOLLOW) = 0
newfstatat(AT_FDCWD, "/home/isa/go-1.13/src/runtime/sys_plan9_amd64.s", {st_mode=S_IFREG|0664, st_size=4579, ...}, AT_SYMLINK_NOFOLLOW) = 0
newfstatat(AT_FDCWD, "/home/isa/go-1.13/src/runtime/rt0_darwin_arm.s", {st_mode=S_IFREG|0664, st_size=290, ...}, AT_SYMLINK_NOFOLLOW) = 0
newfstatat(AT_FDCWD, "/home/isa/go-1.13/src/runtime/sys_linux_ppc64x.s", {st_mode=S_IFREG|0664, st_size=14110, ...}, AT_SYMLINK_NOFOLLOW) = 0
newfstatat(AT_FDCWD, "/home/isa/go-1.13/src/runtime/vdso_elf32.go", {st_mode=S_IFREG|0664, st_size=2828, ...}, AT_SYMLINK_NOFOLLOW) = 0
newfstatat(AT_FDCWD, "/home/isa/go-1.13/src/runtime/tls_arm64.h", {st_mode=S_IFREG|0664, st_size=874, ...}, AT_SYMLINK_NOFOLLOW) = 0
newfstatat(AT_FDCWD, "/home/isa/go-1.13/src/runtime/typekind.go", {st_mode=S_IFREG|0664, st_size=742, ...}, AT_SYMLINK_NOFOLLOW) = 0
newfstatat(AT_FDCWD, "/home/isa/go-1.13/src/runtime/runtime_unix_test.go", {st_mode=S_IFREG|0664, st_size=1229, ...}, AT_SYMLINK_NOFOLLOW) = 0
newfstatat(AT_FDCWD, "/home/isa/go-1.13/src/runtime/traceback.go", {st_mode=S_IFREG|0664, st_size=44270, ...}, AT_SYMLINK_NOFOLLOW) = 0
newfstatat(AT_FDCWD, "/home/isa/go-1.13/src/runtime/sys_windows_386.s", {st_mode=S_IFREG|0664, st_size=11830, ...}, AT_SYMLINK_NOFOLLOW) = 0
newfstatat(AT_FDCWD, "/home/isa/go-1.13/src/runtime/sys_plan9_arm.s", {st_mode=S_IFREG|0664, st_size=7200, ...}, AT_SYMLINK_NOFOLLOW) = 0
newfstatat(AT_FDCWD, "/home/isa/go-1.13/src/runtime/mgc.go", {st_mode=S_IFREG|0664, st_size=75411, ...}, AT_SYMLINK_NOFOLLOW) = 0
newfstatat(AT_FDCWD, "/home/isa/go-1.13/src/runtime/race.go", {st_mode=S_IFREG|0664, st_size=16819, ...}, AT_SYMLINK_NOFOLLOW) = 0
newfstatat(AT_FDCWD, "/home/isa/go-1.13/src/runtime/mem_js.go", {st_mode=S_IFREG|0664, st_size=2188, ...}, AT_SYMLINK_NOFOLLOW) = 0
newfstatat(AT_FDCWD, "/home/isa/go-1.13/src/runtime/mem_windows.go", {st_mode=S_IFREG|0664, st_size=3955, ...}, AT_SYMLINK_NOFOLLOW) = 0
newfstatat(AT_FDCWD, "/home/isa/go-1.13/src/runtime/os_android.go", {st_mode=S_IFREG|0664, st_size=463, ...}, AT_SYMLINK_NOFOLLOW) = 0
newfstatat(AT_FDCWD, "/home/isa/go-1.13/src/runtime/signal_mips64x.go", {st_mode=S_IFREG|0664, st_size=2708, ...}, AT_SYMLINK_NOFOLLOW) = 0
newfstatat(AT_FDCWD, "/home/isa/go-1.13/src/runtime/defs_openbsd_arm.go", {st_mode=S_IFREG|0664, st_size=2735, ...}, AT_SYMLINK_NOFOLLOW) = 0
newfstatat(AT_FDCWD, "/home/isa/go-1.13/src/runtime/os_linux_novdso.go", {st_mode=S_IFREG|0664, st_size=280, ...}, AT_SYMLINK_NOFOLLOW) = 0
newfstatat(AT_FDCWD, "/home/isa/go-1.13/src/runtime/cgo", {st_mode=S_IFDIR|0775, st_size=4096, ...}, AT_SYMLINK_NOFOLLOW) = 0
newfstatat(AT_FDCWD, "/home/isa/go-1.13/src/runtime/memmove_amd64.s", {st_mode=S_IFREG|0664, st_size=12558, ...}, AT_SYMLINK_NOFOLLOW) = 0
newfstatat(AT_FDCWD, "/home/isa/go-1.13/src/runtime/mgclarge.go", {st_mode=S_IFREG|0664, st_size=19891, ...}, AT_SYMLINK_NOFOLLOW) = 0
newfstatat(AT_FDCWD, "/home/isa/go-1.13/src/runtime/signal_nacl_arm.go", {st_mode=S_IFREG|0664, st_size=1971, ...}, AT_SYMLINK_NOFOLLOW) = 0
newfstatat(AT_FDCWD, "/home/isa/go-1.13/src/runtime/timestub2.go", {st_mode=S_IFREG|0664, st_size=290, ...}, AT_SYMLINK_NOFOLLOW) = 0
newfstatat(AT_FDCWD, "/home/isa/go-1.13/src/runtime/rt0_openbsd_arm.s", {st_mode=S_IFREG|0664, st_size=298, ...}, AT_SYMLINK_NOFOLLOW) = 0
newfstatat(AT_FDCWD, "/home/isa/go-1.13/src/runtime/env_test.go", {st_mode=S_IFREG|0664, st_size=1308, ...}, AT_SYMLINK_NOFOLLOW) = 0
newfstatat(AT_FDCWD, "/home/isa/go-1.13/src/runtime/rt0_netbsd_arm64.s", {st_mode=S_IFREG|0664, st_size=2445, ...}, AT_SYMLINK_NOFOLLOW) = 0
newfstatat(AT_FDCWD, "/home/isa/go-1.13/src/runtime/sys_netbsd_arm64.s", {st_mode=S_IFREG|0664, st_size=9465, ...}, AT_SYMLINK_NOFOLLOW) = 0
newfstatat(AT_FDCWD, "/home/isa/go-1.13/src/runtime/rt0_netbsd_arm.s", {st_mode=S_IFREG|0664, st_size=296, ...}, AT_SYMLINK_NOFOLLOW) = 0
newfstatat(AT_FDCWD, "/home/isa/go-1.13/src/runtime/mem_linux.go", {st_mode=S_IFREG|0664, st_size=5744, ...}, AT_SYMLINK_NOFOLLOW) = 0
newfstatat(AT_FDCWD, "/home/isa/go-1.13/src/runtime/malloc_test.go", {st_mode=S_IFREG|0664, st_size=9483, ...}, AT_SYMLINK_NOFOLLOW) = 0
newfstatat(AT_FDCWD, "/home/isa/go-1.13/src/runtime/syscall_windows.go", {st_mode=S_IFREG|0664, st_size=6989, ...}, AT_SYMLINK_NOFOLLOW) = 0
newfstatat(AT_FDCWD, "/home/isa/go-1.13/src/runtime/heapdump.go", {st_mode=S_IFREG|0664, st_size=17389, ...}, AT_SYMLINK_NOFOLLOW) = 0
newfstatat(AT_FDCWD, "/home/isa/go-1.13/src/runtime/runtime.go", {st_mode=S_IFREG|0664, st_size=1459, ...}, AT_SYMLINK_NOFOLLOW) = 0
newfstatat(AT_FDCWD, "/home/isa/go-1.13/src/runtime/vdso_linux_ppc64x.go", {st_mode=S_IFREG|0664, st_size=673, ...}, AT_SYMLINK_NOFOLLOW) = 0
newfstatat(AT_FDCWD, "/home/isa/go-1.13/src/runtime/vlop_arm_test.go", {st_mode=S_IFREG|0664, st_size=3839, ...}, AT_SYMLINK_NOFOLLOW) = 0
newfstatat(AT_FDCWD, "/home/isa/go-1.13/src/runtime/tls_mipsx.s", {st_mode=S_IFREG|0664, st_size=705, ...}, AT_SYMLINK_NOFOLLOW) = 0
newfstatat(AT_FDCWD, "/home/isa/go-1.13/src/runtime/rt0_linux_ppc64.s", {st_mode=S_IFREG|0664, st_size=705, ...}, AT_SYMLINK_NOFOLLOW) = 0
newfstatat(AT_FDCWD, "/home/isa/go-1.13/src/runtime/defs_aix_ppc64.go", {st_mode=S_IFREG|0664, st_size=3676, ...}, AT_SYMLINK_NOFOLLOW) = 0
newfstatat(AT_FDCWD, "/home/isa/go-1.13/src/runtime/stubs_nonlinux.go", {st_mode=S_IFREG|0664, st_size=297, ...}, AT_SYMLINK_NOFOLLOW) = 0
newfstatat(AT_FDCWD, "/home/isa/go-1.13/src/runtime/debug_test.go", {st_mode=S_IFREG|0664, st_size=6263, ...}, AT_SYMLINK_NOFOLLOW) = 0
newfstatat(AT_FDCWD, "/home/isa/go-1.13/src/runtime/mheap.go", {st_mode=S_IFREG|0664, st_size=64884, ...}, AT_SYMLINK_NOFOLLOW) = 0
newfstatat(AT_FDCWD, "/home/isa/go-1.13/src/runtime/os_freebsd2.go", {st_mode=S_IFREG|0664, st_size=478, ...}, AT_SYMLINK_NOFOLLOW) = 0
newfstatat(AT_FDCWD, "/home/isa/go-1.13/src/runtime/proc_runtime_test.go", {st_mode=S_IFREG|0664, st_size=820, ...}, AT_SYMLINK_NOFOLLOW) = 0
newfstatat(AT_FDCWD, "/home/isa/go-1.13/src/runtime/export_futex_test.go", {st_mode=S_IFREG|0664, st_size=270, ...}, AT_SYMLINK_NOFOLLOW) = 0
newfstatat(AT_FDCWD, "/home/isa/go-1.13/src/runtime/mksizeclasses.go", {st_mode=S_IFREG|0664, st_size=8831, ...}, AT_SYMLINK_NOFOLLOW) = 0
newfstatat(AT_FDCWD, "/home/isa/go-1.13/src/runtime/mgcsweep.go", {st_mode=S_IFREG|0664, st_size=15096, ...}, AT_SYMLINK_NOFOLLOW) = 0
newfstatat(AT_FDCWD, "/home/isa/go-1.13/src/runtime/vdso_freebsd.go", {st_mode=S_IFREG|0664, st_size=2502, ...}, AT_SYMLINK_NOFOLLOW) = 0
newfstatat(AT_FDCWD, "/home/isa/go-1.13/src/runtime/defs_openbsd_386.go", {st_mode=S_IFREG|0664, st_size=2617, ...}, AT_SYMLINK_NOFOLLOW) = 0
newfstatat(AT_FDCWD, "/home/isa/go-1.13/src/runtime/malloc.go", {st_mode=S_IFREG|0664, st_size=48674, ...}, AT_SYMLINK_NOFOLLOW) = 0
newfstatat(AT_FDCWD, "/home/isa/go-1.13/src/runtime/sys_freebsd_arm.s", {st_mode=S_IFREG|0664, st_size=9798, ...}, AT_SYMLINK_NOFOLLOW) = 0
newfstatat(AT_FDCWD, "/home/isa/go-1.13/src/runtime/chanbarrier_test.go", {st_mode=S_IFREG|0664, st_size=1434, ...}, AT_SYMLINK_NOFOLLOW) = 0
newfstatat(AT_FDCWD, "/home/isa/go-1.13/src/runtime/signal_mipsx.go", {st_mode=S_IFREG|0664, st_size=2595, ...}, AT_SYMLINK_NOFOLLOW) = 0
newfstatat(AT_FDCWD, "/home/isa/go-1.13/src/runtime/zcallback_windows.go", {st_mode=S_IFREG|0664, st_size=155, ...}, AT_SYMLINK_NOFOLLOW) = 0
newfstatat(AT_FDCWD, "/home/isa/go-1.13/src/runtime/memclr_wasm.s", {st_mode=S_IFREG|0664, st_size=544, ...}, AT_SYMLINK_NOFOLLOW) = 0
newfstatat(AT_FDCWD, "/home/isa/go-1.13/src/runtime/hash_test.go", {st_mode=S_IFREG|0664, st_size=16827, ...}, AT_SYMLINK_NOFOLLOW) = 0
newfstatat(AT_FDCWD, "/home/isa/go-1.13/src/runtime/memmove_plan9_amd64.s", {st_mode=S_IFREG|0664, st_size=3050, ...}, AT_SYMLINK_NOFOLLOW) = 0
newfstatat(AT_FDCWD, "/home/isa/go-1.13/src/runtime/mcentral.go", {st_mode=S_IFREG|0664, st_size=7322, ...}, AT_SYMLINK_NOFOLLOW) = 0
newfstatat(AT_FDCWD, "/home/isa/go-1.13/src/runtime/stubs_mips64x.go", {st_mode=S_IFREG|0664, st_size=283, ...}, AT_SYMLINK_NOFOLLOW) = 0
newfstatat(AT_FDCWD, "/home/isa/go-1.13/src/runtime/memclr_mips64x.s", {st_mode=S_IFREG|0664, st_size=785, ...}, AT_SYMLINK_NOFOLLOW) = 0
newfstatat(AT_FDCWD, "/home/isa/go-1.13/src/runtime/memclr_ppc64x.s", {st_mode=S_IFREG|0664, st_size=4305, ...}, AT_SYMLINK_NOFOLLOW) = 0
newfstatat(AT_FDCWD, "/home/isa/go-1.13/src/runtime/defs_arm_linux.go", {st_mode=S_IFREG|0664, st_size=2733, ...}, AT_SYMLINK_NOFOLLOW) = 0
newfstatat(AT_FDCWD, "/home/isa/go-1.13/src/runtime/memmove_arm.s", {st_mode=S_IFREG|0664, st_size=5975, ...}, AT_SYMLINK_NOFOLLOW) = 0
newfstatat(AT_FDCWD, "/home/isa/go-1.13/src/runtime/extern.go", {st_mode=S_IFREG|0664, st_size=11466, ...}, AT_SYMLINK_NOFOLLOW) = 0
newfstatat(AT_FDCWD, "/home/isa/go-1.13/src/runtime/time_nofake.go", {st_mode=S_IFREG|0664, st_size=647, ...}, AT_SYMLINK_NOFOLLOW) = 0
newfstatat(AT_FDCWD, "/home/isa/go-1.13/src/runtime/mem_aix.go", {st_mode=S_IFREG|0664, st_size=1895, ...}, AT_SYMLINK_NOFOLLOW) = 0
newfstatat(AT_FDCWD, "/home/isa/go-1.13/src/runtime/duff_arm64.s", {st_mode=S_IFREG|0664, st_size=5374, ...}, AT_SYMLINK_NOFOLLOW) = 0
newfstatat(AT_FDCWD, "/home/isa/go-1.13/src/runtime/mfixalloc.go", {st_mode=S_IFREG|0664, st_size=2787, ...}, AT_SYMLINK_NOFOLLOW) = 0
newfstatat(AT_FDCWD, "/home/isa/go-1.13/src/runtime/mem_plan9.go", {st_mode=S_IFREG|0664, st_size=4623, ...}, AT_SYMLINK_NOFOLLOW) = 0
newfstatat(AT_FDCWD, "/home/isa/go-1.13/src/runtime/sys_darwin_64.go", {st_mode=S_IFREG|0664, st_size=513, ...}, AT_SYMLINK_NOFOLLOW) = 0
newfstatat(AT_FDCWD, "/home/isa/go-1.13/src/runtime/signal_windows_test.go", {st_mode=S_IFREG|0664, st_size=1634, ...}, AT_SYMLINK_NOFOLLOW) = 0
newfstatat(AT_FDCWD, "/home/isa/go-1.13/src/runtime/sys_linux_arm.s", {st_mode=S_IFREG|0664, st_size=12894, ...}, AT_SYMLINK_NOFOLLOW) = 0
newfstatat(AT_FDCWD, "/home/isa/go-1.13/src/runtime/os_plan9_arm.go", {st_mode=S_IFREG|0664, st_size=515, ...}, AT_SYMLINK_NOFOLLOW) = 0
newfstatat(AT_FDCWD, "/home/isa/go-1.13/src/runtime/os2_nacl.go", {st_mode=S_IFREG|0664, st_size=7390, ...}, AT_SYMLINK_NOFOLLOW) = 0
newfstatat(AT_FDCWD, "/home/isa/go-1.13/src/runtime/cgo.go", {st_mode=S_IFREG|0664, st_size=2055, ...}, AT_SYMLINK_NOFOLLOW) = 0
newfstatat(AT_FDCWD, "/home/isa/go-1.13/src/runtime/signal_linux_mipsx.go", {st_mode=S_IFREG|0664, st_size=3756, ...}, AT_SYMLINK_NOFOLLOW) = 0
newfstatat(AT_FDCWD, "/home/isa/go-1.13/src/runtime/defs_plan9_amd64.go", {st_mode=S_IFREG|0664, st_size=1703, ...}, AT_SYMLINK_NOFOLLOW) = 0
newfstatat(AT_FDCWD, "/home/isa/go-1.13/src/runtime/os_solaris.go", {st_mode=S_IFREG|0664, st_size=5821, ...}, AT_SYMLINK_NOFOLLOW) = 0
newfstatat(AT_FDCWD, "/home/isa/go-1.13/src/runtime/signal_dragonfly.go", {st_mode=S_IFREG|0664, st_size=2223, ...}, AT_SYMLINK_NOFOLLOW) = 0
newfstatat(AT_FDCWD, "/home/isa/go-1.13/src/runtime/stubs_386.go", {st_mode=S_IFREG|0664, st_size=490, ...}, AT_SYMLINK_NOFOLLOW) = 0
newfstatat(AT_FDCWD, "/home/isa/go-1.13/src/runtime/softfloat64_test.go", {st_mode=S_IFREG|0664, st_size=4147, ...}, AT_SYMLINK_NOFOLLOW) = 0
newfstatat(AT_FDCWD, "/home/isa/go-1.13/src/runtime/rt0_linux_arm.s", {st_mode=S_IFREG|0664, st_size=1007, ...}, AT_SYMLINK_NOFOLLOW) = 0
newfstatat(AT_FDCWD, "/home/isa/go-1.13/src/runtime/defs_dragonfly.go", {st_mode=S_IFREG|0664, st_size=2598, ...}, AT_SYMLINK_NOFOLLOW) = 0
newfstatat(AT_FDCWD, "/home/isa/go-1.13/src/runtime/mgcscavenge.go", {st_mode=S_IFREG|0664, st_size=13757, ...}, AT_SYMLINK_NOFOLLOW) = 0
newfstatat(AT_FDCWD, "/home/isa/go-1.13/src/runtime/time_fake.go", {st_mode=S_IFREG|0664, st_size=2754, ...}, AT_SYMLINK_NOFOLLOW) = 0
newfstatat(AT_FDCWD, "/home/isa/go-1.13/src/runtime/print.go", {st_mode=S_IFREG|0664, st_size=6120, ...}, AT_SYMLINK_NOFOLLOW) = 0
newfstatat(AT_FDCWD, "/home/isa/go-1.13/src/runtime/defs1_netbsd_amd64.go", {st_mode=S_IFREG|0664, st_size=3069, ...}, AT_SYMLINK_NOFOLLOW) = 0
newfstatat(AT_FDCWD, "/home/isa/go-1.13/src/runtime/signal_freebsd_amd64.go", {st_mode=S_IFREG|0664, st_size=2079, ...}, AT_SYMLINK_NOFOLLOW) = 0
newfstatat(AT_FDCWD, "/home/isa/go-1.13/src/runtime/textflag.h", {st_mode=S_IFREG|0664, st_size=1493, ...}, AT_SYMLINK_NOFOLLOW) = 0
newfstatat(AT_FDCWD, "/home/isa/go-1.13/src/runtime/go_tls.h", {st_mode=S_IFREG|0664, st_size=453, ...}, AT_SYMLINK_NOFOLLOW) = 0
newfstatat(AT_FDCWD, "/home/isa/go-1.13/src/runtime/defs_plan9_arm.go", {st_mode=S_IFREG|0664, st_size=1772, ...}, AT_SYMLINK_NOFOLLOW) = 0
newfstatat(AT_FDCWD, "/home/isa/go-1.13/src/runtime/memclr_amd64p32.s", {st_mode=S_IFREG|0664, st_size=595, ...}, AT_SYMLINK_NOFOLLOW) = 0
newfstatat(AT_FDCWD, "/home/isa/go-1.13/src/runtime/defs_aix.go", {st_mode=S_IFREG|0664, st_size=4231, ...}, AT_SYMLINK_NOFOLLOW) = 0
newfstatat(AT_FDCWD, "/home/isa/go-1.13/src/runtime/debuglog_off.go", {st_mode=S_IFREG|0664, st_size=356, ...}, AT_SYMLINK_NOFOLLOW) = 0
newfstatat(AT_FDCWD, "/home/isa/go-1.13/src/runtime/proc.go", {st_mode=S_IFREG|0664, st_size=149209, ...}, AT_SYMLINK_NOFOLLOW) = 0
newfstatat(AT_FDCWD, "/home/isa/go-1.13/src/runtime/sys_openbsd_amd64.s", {st_mode=S_IFREG|0664, st_size=8258, ...}, AT_SYMLINK_NOFOLLOW) = 0
newfstatat(AT_FDCWD, "/home/isa/go-1.13/src/runtime/crash_test.go", {st_mode=S_IFREG|0664, st_size=19996, ...}, AT_SYMLINK_NOFOLLOW) = 0
newfstatat(AT_FDCWD, "/home/isa/go-1.13/src/runtime/msan0.go", {st_mode=S_IFREG|0664, st_size=647, ...}, AT_SYMLINK_NOFOLLOW) = 0
newfstatat(AT_FDCWD, "/home/isa/go-1.13/src/runtime/map.go", {st_mode=S_IFREG|0664, st_size=43146, ...}, AT_SYMLINK_NOFOLLOW) = 0
newfstatat(AT_FDCWD, "/home/isa/go-1.13/src/runtime/mem_darwin.go", {st_mode=S_IFREG|0664, st_size=2476, ...}, AT_SYMLINK_NOFOLLOW) = 0
newfstatat(AT_FDCWD, "/home/isa/go-1.13/src/runtime/defs1_linux.go", {st_mode=S_IFREG|0664, st_size=816, ...}, AT_SYMLINK_NOFOLLOW) = 0
newfstatat(AT_FDCWD, "/home/isa/go-1.13/src/runtime/mstats.go", {st_mode=S_IFREG|0664, st_size=22790, ...}, AT_SYMLINK_NOFOLLOW) = 0
newfstatat(AT_FDCWD, "/home/isa/go-1.13/src/runtime/atomic_arm64.s", {st_mode=S_IFREG|0664, st_size=259, ...}, AT_SYMLINK_NOFOLLOW) = 0
newfstatat(AT_FDCWD, "/home/isa/go-1.13/src/runtime/sys_s390x.go", {st_mode=S_IFREG|0664, st_size=469, ...}, AT_SYMLINK_NOFOLLOW) = 0
newfstatat(AT_FDCWD, "/home/isa/go-1.13/src/runtime/wincallback.go", {st_mode=S_IFREG|0664, st_size=2589, ...}, AT_SYMLINK_NOFOLLOW) = 0
newfstatat(AT_FDCWD, "/home/isa/go-1.13/src/runtime/defs_windows_386.go", {st_mode=S_IFREG|0664, st_size=3840, ...}, AT_SYMLINK_NOFOLLOW) = 0
newfstatat(AT_FDCWD, "/home/isa/go-1.13/src/runtime/asm_arm64.s", {st_mode=S_IFREG|0664, st_size=33915, ...}, AT_SYMLINK_NOFOLLOW) = 0
newfstatat(AT_FDCWD, "/home/isa/go-1.13/src/runtime/sys_windows_arm.s", {st_mode=S_IFREG|0664, st_size=18825, ...}, AT_SYMLINK_NOFOLLOW) = 0
newfstatat(AT_FDCWD, "/home/isa/go-1.13/src/runtime/rt0_aix_ppc64.s", {st_mode=S_IFREG|0664, st_size=4434, ...}, AT_SYMLINK_NOFOLLOW) = 0
newfstatat(AT_FDCWD, "/home/isa/go-1.13/src/runtime/defs_netbsd_amd64.go", {st_mode=S_IFREG|0664, st_size=1035, ...}, AT_SYMLINK_NOFOLLOW) = 0
newfstatat(AT_FDCWD, "/home/isa/go-1.13/src/runtime/gc_test.go", {st_mode=S_IFREG|0664, st_size=14134, ...}, AT_SYMLINK_NOFOLLOW) = 0
newfstatat(AT_FDCWD, "/home/isa/go-1.13/src/runtime/duff_s390x.s", {st_mode=S_IFREG|0664, st_size=507, ...}, AT_SYMLINK_NOFOLLOW) = 0
newfstatat(AT_FDCWD, "/home/isa/go-1.13/src/runtime/signal_netbsd_amd64.go", {st_mode=S_IFREG|0664, st_size=2381, ...}, AT_SYMLINK_NOFOLLOW) = 0
newfstatat(AT_FDCWD, "/home/isa/go-1.13/src/runtime/crash_unix_test.go", {st_mode=S_IFREG|0664, st_size=7359, ...}, AT_SYMLINK_NOFOLLOW) = 0
newfstatat(AT_FDCWD, "/home/isa/go-1.13/src/runtime/atomic_ppc64x.s", {st_mode=S_IFREG|0664, st_size=433, ...}, AT_SYMLINK_NOFOLLOW) = 0
newfstatat(AT_FDCWD, "/home/isa/go-1.13/src/runtime/env_posix.go", {st_mode=S_IFREG|0664, st_size=1869, ...}, AT_SYMLINK_NOFOLLOW) = 0
newfstatat(AT_FDCWD, "/home/isa/go-1.13/src/runtime/sys_netbsd_386.s", {st_mode=S_IFREG|0664, st_size=9406, ...}, AT_SYMLINK_NOFOLLOW) = 0
newfstatat(AT_FDCWD, "/home/isa/go-1.13/src/runtime/asm_s390x.s", {st_mode=S_IFREG|0664, st_size=26984, ...}, AT_SYMLINK_NOFOLLOW) = 0
newfstatat(AT_FDCWD, "/home/isa/go-1.13/src/runtime/defs_openbsd_arm64.go", {st_mode=S_IFREG|0664, st_size=2321, ...}, AT_SYMLINK_NOFOLLOW) = 0
newfstatat(AT_FDCWD, "/home/isa/go-1.13/src/runtime/sys_darwin_arm.s", {st_mode=S_IFREG|0664, st_size=13632, ...}, AT_SYMLINK_NOFOLLOW) = 0
newfstatat(AT_FDCWD, "/home/isa/go-1.13/src/runtime/sys_nacl_amd64p32.s", {st_mode=S_IFREG|0664, st_size=10234, ...}, AT_SYMLINK_NOFOLLOW) = 0
newfstatat(AT_FDCWD, "/home/isa/go-1.13/src/runtime/vdso_linux_arm.go", {st_mode=S_IFREG|0664, st_size=669, ...}, AT_SYMLINK_NOFOLLOW) = 0
newfstatat(AT_FDCWD, "/home/isa/go-1.13/src/runtime/lock_sema.go", {st_mode=S_IFREG|0664, st_size=6760, ...}, AT_SYMLINK_NOFOLLOW) = 0
newfstatat(AT_FDCWD, "/home/isa/go-1.13/src/runtime/time_test.go", {st_mode=S_IFREG|0664, st_size=1944, ...}, AT_SYMLINK_NOFOLLOW) = 0
newfstatat(AT_FDCWD, "/home/isa/go-1.13/src/runtime/tls_mips64x.s", {st_mode=S_IFREG|0664, st_size=729, ...}, AT_SYMLINK_NOFOLLOW) = 0
newfstatat(AT_FDCWD, "/home/isa/go-1.13/src/runtime/crash_cgo_test.go", {st_mode=S_IFREG|0664, st_size=14042, ...}, AT_SYMLINK_NOFOLLOW) = 0
newfstatat(AT_FDCWD, "/home/isa/go-1.13/src/runtime/os_freebsd_arm.go", {st_mode=S_IFREG|0664, st_size=1402, ...}, AT_SYMLINK_NOFOLLOW) = 0
newfstatat(AT_FDCWD, "/home/isa/go-1.13/src/runtime/string_test.go", {st_mode=S_IFREG|0664, st_size=9835, ...}, AT_SYMLINK_NOFOLLOW) = 0
newfstatat(AT_FDCWD, "/home/isa/go-1.13/src/runtime/mcache.go", {st_mode=S_IFREG|0664, st_size=5741, ...}, AT_SYMLINK_NOFOLLOW) = 0
newfstatat(AT_FDCWD, "/home/isa/go-1.13/src/runtime/export_unix_test.go", {st_mode=S_IFREG|0664, st_size=484, ...}, AT_SYMLINK_NOFOLLOW) = 0
newfstatat(AT_FDCWD, "/home/isa/go-1.13/src/runtime/signal_solaris.go", {st_mode=S_IFREG|0664, st_size=4609, ...}, AT_SYMLINK_NOFOLLOW) = 0
newfstatat(AT_FDCWD, "/home/isa/go-1.13/src/runtime/atomic_pointer.go", {st_mode=S_IFREG|0664, st_size=2683, ...}, AT_SYMLINK_NOFOLLOW) = 0
newfstatat(AT_FDCWD, "/home/isa/go-1.13/src/runtime/net_plan9.go", {st_mode=S_IFREG|0664, st_size=645, ...}, AT_SYMLINK_NOFOLLOW) = 0
newfstatat(AT_FDCWD, "/home/isa/go-1.13/src/runtime/stubs_linux.go", {st_mode=S_IFREG|0664, st_size=646, ...}, AT_SYMLINK_NOFOLLOW) = 0
newfstatat(AT_FDCWD, "/home/isa/go-1.13/src/runtime/slice_test.go", {st_mode=S_IFREG|0664, st_size=8995, ...}, AT_SYMLINK_NOFOLLOW) = 0
newfstatat(AT_FDCWD, "/home/isa/go-1.13/src/runtime/syscall_nacl.h", {st_mode=S_IFREG|0664, st_size=2172, ...}, AT_SYMLINK_NOFOLLOW) = 0
newfstatat(AT_FDCWD, "/home/isa/go-1.13/src/runtime/timeasm.go", {st_mode=S_IFREG|0664, st_size=382, ...}, AT_SYMLINK_NOFOLLOW) = 0
newfstatat(AT_FDCWD, "/home/isa/go-1.13/src/runtime/symtab_test.go", {st_mode=S_IFREG|0664, st_size=4197, ...}, AT_SYMLINK_NOFOLLOW) = 0
newfstatat(AT_FDCWD, "/home/isa/go-1.13/src/runtime/asm_mipsx.s", {st_mode=S_IFREG|0664, st_size=25314, ...}, AT_SYMLINK_NOFOLLOW) = 0
newfstatat(AT_FDCWD, "/home/isa/go-1.13/src/runtime/fastlog2table.go", {st_mode=S_IFREG|0664, st_size=904, ...}, AT_SYMLINK_NOFOLLOW) = 0
newfstatat(AT_FDCWD, "/home/isa/go-1.13/src/runtime/signal_dragonfly_amd64.go", {st_mode=S_IFREG|0664, st_size=2063, ...}, AT_SYMLINK_NOFOLLOW) = 0
newfstatat(AT_FDCWD, "/home/isa/go-1.13/src/runtime/defs_linux_arm64.go", {st_mode=S_IFREG|0664, st_size=3264, ...}, AT_SYMLINK_NOFOLLOW) = 0
newfstatat(AT_FDCWD, "/home/isa/go-1.13/src/runtime/os_netbsd.go", {st_mode=S_IFREG|0664, st_size=8287, ...}, AT_SYMLINK_NOFOLLOW) = 0
newfstatat(AT_FDCWD, "/home/isa/go-1.13/src/runtime/sys_aix_ppc64.s", {st_mode=S_IFREG|0664, st_size=7343, ...}, AT_SYMLINK_NOFOLLOW) = 0
newfstatat(AT_FDCWD, "/home/isa/go-1.13/src/runtime/fastlog2_test.go", {st_mode=S_IFREG|0664, st_size=784, ...}, AT_SYMLINK_NOFOLLOW) = 0
newfstatat(AT_FDCWD, "/home/isa/go-1.13/src/runtime/cputicks.go", {st_mode=S_IFREG|0664, st_size=478, ...}, AT_SYMLINK_NOFOLLOW) = 0
newfstatat(AT_FDCWD, "/home/isa/go-1.13/src/runtime/sys_darwin.go", {st_mode=S_IFREG|0664, st_size=15747, ...}, AT_SYMLINK_NOFOLLOW) = 0
newfstatat(AT_FDCWD, "/home/isa/go-1.13/src/runtime/os2_solaris.go", {st_mode=S_IFREG|0664, st_size=320, ...}, AT_SYMLINK_NOFOLLOW) = 0
newfstatat(AT_FDCWD, "/home/isa/go-1.13/src/runtime/debuglog_on.go", {st_mode=S_IFREG|0664, st_size=1119, ...}, AT_SYMLINK_NOFOLLOW) = 0
newfstatat(AT_FDCWD, "/home/isa/go-1.13/src/runtime/defs_netbsd_arm.go", {st_mode=S_IFREG|0664, st_size=763, ...}, AT_SYMLINK_NOFOLLOW) = 0
newfstatat(AT_FDCWD, "/home/isa/go-1.13/src/runtime/netpoll_epoll.go", {st_mode=S_IFREG|0664, st_size=2230, ...}, AT_SYMLINK_NOFOLLOW) = 0
newfstatat(AT_FDCWD, "/home/isa/go-1.13/src/runtime/signal_windows.go", {st_mode=S_IFREG|0664, st_size=8311, ...}, AT_SYMLINK_NOFOLLOW) = 0
newfstatat(AT_FDCWD, "/home/isa/go-1.13/src/runtime/signal_nacl_amd64p32.go", {st_mode=S_IFREG|0664, st_size=1973, ...}, AT_SYMLINK_NOFOLLOW) = 0
newfstatat(AT_FDCWD, "/home/isa/go-1.13/src/runtime/profbuf_test.go", {st_mode=S_IFREG|0664, st_size=8857, ...}, AT_SYMLINK_NOFOLLOW) = 0
newfstatat(AT_FDCWD, "/home/isa/go-1.13/src/runtime/norace_linux_test.go", {st_mode=S_IFREG|0664, st_size=888, ...}, AT_SYMLINK_NOFOLLOW) = 0
newfstatat(AT_FDCWD, "/home/isa/go-1.13/src/runtime/error.go", {st_mode=S_IFREG|0664, st_size=7434, ...}, AT_SYMLINK_NOFOLLOW) = 0
newfstatat(AT_FDCWD, "/home/isa/go-1.13/src/runtime/memclr_arm64.s", {st_mode=S_IFREG|0664, st_size=3560, ...}, AT_SYMLINK_NOFOLLOW) = 0
newfstatat(AT_FDCWD, "/home/isa/go-1.13/src/runtime/sys_openbsd_arm64.s", {st_mode=S_IFREG|0664, st_size=8890, ...}, AT_SYMLINK_NOFOLLOW) = 0
newfstatat(AT_FDCWD, "/home/isa/go-1.13/src/runtime/debug", {st_mode=S_IFDIR|0775, st_size=4096, ...}, AT_SYMLINK_NOFOLLOW) = 0
newfstatat(AT_FDCWD, "/home/isa/go-1.13/src/runtime/rt0_linux_amd64.s", {st_mode=S_IFREG|0664, st_size=307, ...}, AT_SYMLINK_NOFOLLOW) = 0
newfstatat(AT_FDCWD, "/home/isa/go-1.13/src/runtime/auxv_none.go", {st_mode=S_IFREG|0664, st_size=358, ...}, AT_SYMLINK_NOFOLLOW) = 0
newfstatat(AT_FDCWD, "/home/isa/go-1.13/src/runtime/testdata", {st_mode=S_IFDIR|0775, st_size=4096, ...}, AT_SYMLINK_NOFOLLOW) = 0
newfstatat(AT_FDCWD, "/home/isa/go-1.13/src/runtime/sys_netbsd_arm.s", {st_mode=S_IFREG|0664, st_size=10151, ...}, AT_SYMLINK_NOFOLLOW) = 0
newfstatat(AT_FDCWD, "/home/isa/go-1.13/src/runtime/signal_netbsd.go", {st_mode=S_IFREG|0664, st_size=2233, ...}, AT_SYMLINK_NOFOLLOW) = 0
newfstatat(AT_FDCWD, "/home/isa/go-1.13/src/runtime/mem_bsd.go", {st_mode=S_IFREG|0664, st_size=1736, ...}, AT_SYMLINK_NOFOLLOW) = 0
newfstatat(AT_FDCWD, "/home/isa/go-1.13/src/runtime/defs_plan9_386.go", {st_mode=S_IFREG|0664, st_size=1509, ...}, AT_SYMLINK_NOFOLLOW) = 0
newfstatat(AT_FDCWD, "/home/isa/go-1.13/src/runtime/funcdata.h", {st_mode=S_IFREG|0664, st_size=2418, ...}, AT_SYMLINK_NOFOLLOW) = 0
newfstatat(AT_FDCWD, "/home/isa/go-1.13/src/runtime/sys_ppc64x.go", {st_mode=S_IFREG|0664, st_size=528, ...}, AT_SYMLINK_NOFOLLOW) = 0
newfstatat(AT_FDCWD, "/home/isa/go-1.13/src/runtime/os_linux_be64.go", {st_mode=S_IFREG|0664, st_size=816, ...}, AT_SYMLINK_NOFOLLOW) = 0
newfstatat(AT_FDCWD, "/home/isa/go-1.13/src/runtime/defs_linux_s390x.go", {st_mode=S_IFREG|0664, st_size=2787, ...}, AT_SYMLINK_NOFOLLOW) = 0
newfstatat(AT_FDCWD, "/home/isa/go-1.13/src/runtime/duff_arm.s", {st_mode=S_IFREG|0664, st_size=7282, ...}, AT_SYMLINK_NOFOLLOW) = 0
newfstatat(AT_FDCWD, "/home/isa/go-1.13/src/runtime/os_nonopenbsd.go", {st_mode=S_IFREG|0664, st_size=436, ...}, AT_SYMLINK_NOFOLLOW) = 0
newfstatat(AT_FDCWD, "/home/isa/go-1.13/src/runtime/signal_unix.go", {st_mode=S_IFREG|0664, st_size=26431, ...}, AT_SYMLINK_NOFOLLOW) = 0
newfstatat(AT_FDCWD, "/home/isa/go-1.13/src/runtime/map_fast64.go", {st_mode=S_IFREG|0664, st_size=12663, ...}, AT_SYMLINK_NOFOLLOW) = 0
newfstatat(AT_FDCWD, "/home/isa/go-1.13/src/runtime/signal_openbsd_386.go", {st_mode=S_IFREG|0664, st_size=1623, ...}, AT_SYMLINK_NOFOLLOW) = 0
newfstatat(AT_FDCWD, "/home/isa/go-1.13/src/runtime/alg.go", {st_mode=S_IFREG|0664, st_size=9741, ...}, AT_SYMLINK_NOFOLLOW) = 0
newfstatat(AT_FDCWD, "/home/isa/go-1.13/src/runtime/os_openbsd_arm64.go", {st_mode=S_IFREG|0664, st_size=767, ...}, AT_SYMLINK_NOFOLLOW) = 0
newfstatat(AT_FDCWD, "/home/isa/go-1.13/src/runtime/sys_netbsd_amd64.s", {st_mode=S_IFREG|0664, st_size=9490, ...}, AT_SYMLINK_NOFOLLOW) = 0
newfstatat(AT_FDCWD, "/home/isa/go-1.13/src/runtime/mgcsweepbuf.go", {st_mode=S_IFREG|0664, st_size=6055, ...}, AT_SYMLINK_NOFOLLOW) = 0
newfstatat(AT_FDCWD, "/home/isa/go-1.13/src/runtime/sys_x86.go", {st_mode=S_IFREG|0664, st_size=633, ...}, AT_SYMLINK_NOFOLLOW) = 0
newfstatat(AT_FDCWD, "/home/isa/go-1.13/src/runtime/lfstack_64bit.go", {st_mode=S_IFREG|0664, st_size=2190, ...}, AT_SYMLINK_NOFOLLOW) = 0
newfstatat(AT_FDCWD, "/home/isa/go-1.13/src/runtime/signal_arm64.go", {st_mode=S_IFREG|0664, st_size=2634, ...}, AT_SYMLINK_NOFOLLOW) = 0
newfstatat(AT_FDCWD, "/home/isa/go-1.13/src/runtime/rt0_dragonfly_amd64.s", {st_mode=S_IFREG|0664, st_size=448, ...}, AT_SYMLINK_NOFOLLOW) = 0
newfstatat(AT_FDCWD, "/home/isa/go-1.13/src/runtime/rt0_linux_386.s", {st_mode=S_IFREG|0664, st_size=450, ...}, AT_SYMLINK_NOFOLLOW) = 0
newfstatat(AT_FDCWD, "/home/isa/go-1.13/src/runtime/netpoll_kqueue.go", {st_mode=S_IFREG|0664, st_size=2721, ...}, AT_SYMLINK_NOFOLLOW) = 0
newfstatat(AT_FDCWD, "/home/isa/go-1.13/src/runtime/os_linux_mipsx.go", {st_mode=S_IFREG|0664, st_size=1470, ...}, AT_SYMLINK_NOFOLLOW) = 0
newfstatat(AT_FDCWD, "/home/isa/go-1.13/src/runtime/stubs32.go", {st_mode=S_IFREG|0664, st_size=402, ...}, AT_SYMLINK_NOFOLLOW) = 0
newfstatat(AT_FDCWD, "/home/isa/go-1.13/src/runtime/memmove_mipsx.s", {st_mode=S_IFREG|0664, st_size=4433, ...}, AT_SYMLINK_NOFOLLOW) = 0
newfstatat(AT_FDCWD, "/home/isa/go-1.13/src/runtime/asm_ppc64x.s", {st_mode=S_IFREG|0664, st_size=30097, ...}, AT_SYMLINK_NOFOLLOW) = 0
newfstatat(AT_FDCWD, "/home/isa/go-1.13/src/runtime/rt0_netbsd_amd64.s", {st_mode=S_IFREG|0664, st_size=309, ...}, AT_SYMLINK_NOFOLLOW) = 0
newfstatat(AT_FDCWD, "/home/isa/go-1.13/src/runtime/stubs_ppc64x.go", {st_mode=S_IFREG|0664, st_size=296, ...}, AT_SYMLINK_NOFOLLOW) = 0
newfstatat(AT_FDCWD, "/home/isa/go-1.13/src/runtime/msize.go", {st_mode=S_IFREG|0664, st_size=783, ...}, AT_SYMLINK_NOFOLLOW) = 0
newfstatat(AT_FDCWD, "/home/isa/go-1.13/src/runtime/cpuflags.go", {st_mode=S_IFREG|0664, st_size=650, ...}, AT_SYMLINK_NOFOLLOW) = 0
newfstatat(AT_FDCWD, "/home/isa/go-1.13/src/runtime/iface_test.go", {st_mode=S_IFREG|0664, st_size=6976, ...}, AT_SYMLINK_NOFOLLOW) = 0
newfstatat(AT_FDCWD, "/home/isa/go-1.13/src/runtime/closure_test.go", {st_mode=S_IFREG|0664, st_size=936, ...}, AT_SYMLINK_NOFOLLOW) = 0
newfstatat(AT_FDCWD, "/home/isa/go-1.13/src/runtime/runtime_mmap_test.go", {st_mode=S_IFREG|0664, st_size=1868, ...}, AT_SYMLINK_NOFOLLOW) = 0
newfstatat(AT_FDCWD, "/home/isa/go-1.13/src/runtime/memmove_s390x.s", {st_mode=S_IFREG|0664, st_size=2923, ...}, AT_SYMLINK_NOFOLLOW) = 0
newfstatat(AT_FDCWD, "/home/isa/go-1.13/src/runtime/lock_js.go", {st_mode=S_IFREG|0664, st_size=4254, ...}, AT_SYMLINK_NOFOLLOW) = 0
newfstatat(AT_FDCWD, "/home/isa/go-1.13/src/runtime/utf8.go", {st_mode=S_IFREG|0664, st_size=3467, ...}, AT_SYMLINK_NOFOLLOW) = 0
newfstatat(AT_FDCWD, "/home/isa/go-1.13/src/runtime/rt0_linux_s390x.s", {st_mode=S_IFREG|0664, st_size=676, ...}, AT_SYMLINK_NOFOLLOW) = 0
newfstatat(AT_FDCWD, "/home/isa/go-1.13/src/runtime/rt0_linux_mips64x.s", {st_mode=S_IFREG|0664, st_size=1015, ...}, AT_SYMLINK_NOFOLLOW) = 0
newfstatat(AT_FDCWD, "/home/isa/go-1.13/src/runtime/rwmutex.go", {st_mode=S_IFREG|0664, st_size=3485, ...}, AT_SYMLINK_NOFOLLOW) = 0
newfstatat(AT_FDCWD, "/home/isa/go-1.13/src/runtime/slice.go", {st_mode=S_IFREG|0664, st_size=7041, ...}, AT_SYMLINK_NOFOLLOW) = 0
newfstatat(AT_FDCWD, "/home/isa/go-1.13/src/runtime/signal_darwin_arm64.go", {st_mode=S_IFREG|0664, st_size=3684, ...}, AT_SYMLINK_NOFOLLOW) = 0
newfstatat(AT_FDCWD, "/home/isa/go-1.13/src/runtime/cpuprof.go", {st_mode=S_IFREG|0664, st_size=6805, ...}, AT_SYMLINK_NOFOLLOW) = 0
newfstatat(AT_FDCWD, "/home/isa/go-1.13/src/runtime/netpoll_fake.go", {st_mode=S_IFREG|0664, st_size=638, ...}, AT_SYMLINK_NOFOLLOW) = 0
newfstatat(AT_FDCWD, "/home/isa/go-1.13/src/runtime/callers_test.go", {st_mode=S_IFREG|0664, st_size=1500, ...}, AT_SYMLINK_NOFOLLOW) = 0
newfstatat(AT_FDCWD, "/home/isa/go-1.13/src/runtime/pprof", {st_mode=S_IFDIR|0775, st_size=4096, ...}, AT_SYMLINK_NOFOLLOW) = 0
newfstatat(AT_FDCWD, "/home/isa/go-1.13/src/runtime/os_linux_noauxv.go", {st_mode=S_IFREG|0664, st_size=307, ...}, AT_SYMLINK_NOFOLLOW) = 0
newfstatat(AT_FDCWD, "/home/isa/go-1.13/src/runtime/sys_openbsd_arm.s", {st_mode=S_IFREG|0664, st_size=8937, ...}, AT_SYMLINK_NOFOLLOW) = 0
newfstatat(AT_FDCWD, "/home/isa/go-1.13/src/runtime/os_freebsd_amd64.go", {st_mode=S_IFREG|0664, st_size=529, ...}, AT_SYMLINK_NOFOLLOW) = 0
newfstatat(AT_FDCWD, "/home/isa/go-1.13/src/runtime/defs_darwin_arm.go", {st_mode=S_IFREG|0664, st_size=3856, ...}, AT_SYMLINK_NOFOLLOW) = 0
newfstatat(AT_FDCWD, "/home/isa/go-1.13/src/runtime/msan_amd64.s", {st_mode=S_IFREG|0664, st_size=2075, ...}, AT_SYMLINK_NOFOLLOW) = 0
newfstatat(AT_FDCWD, "/home/isa/go-1.13/src/runtime/defs_linux_arm.go", {st_mode=S_IFREG|0664, st_size=3350, ...}, AT_SYMLINK_NOFOLLOW) = 0
newfstatat(AT_FDCWD, "/home/isa/go-1.13/src/runtime/crash_nonunix_test.go", {st_mode=S_IFREG|0664, st_size=390, ...}, AT_SYMLINK_NOFOLLOW) = 0
newfstatat(AT_FDCWD, "/home/isa/go-1.13/src/runtime/cgocheck.go", {st_mode=S_IFREG|0664, st_size=6954, ...}, AT_SYMLINK_NOFOLLOW) = 0
newfstatat(AT_FDCWD, "/home/isa/go-1.13/src/runtime/proc_test.go", {st_mode=S_IFREG|0664, st_size=21637, ...}, AT_SYMLINK_NOFOLLOW) = 0
newfstatat(AT_FDCWD, "/home/isa/go-1.13/src/runtime/gcinfo_test.go", {st_mode=S_IFREG|0664, st_size=6701, ...}, AT_SYMLINK_NOFOLLOW) = 0
newfstatat(AT_FDCWD, "/home/isa/go-1.13/src/runtime/export_linux_test.go", {st_mode=S_IFREG|0664, st_size=387, ...}, AT_SYMLINK_NOFOLLOW) = 0
newfstatat(AT_FDCWD, "/home/isa/go-1.13/src/runtime/msan", {st_mode=S_IFDIR|0775, st_size=4096, ...}, AT_SYMLINK_NOFOLLOW) = 0
newfstatat(AT_FDCWD, "/home/isa/go-1.13/src/runtime/signal_darwin_arm.go", {st_mode=S_IFREG|0664, st_size=2777, ...}, AT_SYMLINK_NOFOLLOW) = 0
newfstatat(AT_FDCWD, "/home/isa/go-1.13/src/runtime/signal_darwin.go", {st_mode=S_IFREG|0664, st_size=2179, ...}, AT_SYMLINK_NOFOLLOW) = 0
newfstatat(AT_FDCWD, "/home/isa/go-1.13/src/runtime/sigqueue_note.go", {st_mode=S_IFREG|0664, st_size=654, ...}, AT_SYMLINK_NOFOLLOW) = 0
newfstatat(AT_FDCWD, "/home/isa/go-1.13/src/runtime/defs_nacl_arm.go", {st_mode=S_IFREG|0664, st_size=1012, ...}, AT_SYMLINK_NOFOLLOW) = 0
newfstatat(AT_FDCWD, "/home/isa/go-1.13/src/runtime/float.go", {st_mode=S_IFREG|0664, st_size=1382, ...}, AT_SYMLINK_NOFOLLOW) = 0
newfstatat(AT_FDCWD, "/home/isa/go-1.13/src/runtime/defs_darwin_arm64.go", {st_mode=S_IFREG|0664, st_size=3915, ...}, AT_SYMLINK_NOFOLLOW) = 0
newfstatat(AT_FDCWD, "/home/isa/go-1.13/src/runtime/memmove_mips64x.s", {st_mode=S_IFREG|0664, st_size=1801, ...}, AT_SYMLINK_NOFOLLOW) = 0
newfstatat(AT_FDCWD, "/home/isa/go-1.13/src/runtime/race_arm64.s", {st_mode=S_IFREG|0664, st_size=13641, ...}, AT_SYMLINK_NOFOLLOW) = 0
newfstatat(AT_FDCWD, "/home/isa/go-1.13/src/runtime/sys_nacl_386.s", {st_mode=S_IFREG|0664, st_size=8517, ...}, AT_SYMLINK_NOFOLLOW) = 0
newfstatat(AT_FDCWD, "/home/isa/go-1.13/src/runtime/os_darwin_arm.go", {st_mode=S_IFREG|0664, st_size=802, ...}, AT_SYMLINK_NOFOLLOW) = 0
newfstatat(AT_FDCWD, "/home/isa/go-1.13/src/runtime/defs_darwin_amd64.go", {st_mode=S_IFREG|0664, st_size=6194, ...}, AT_SYMLINK_NOFOLLOW) = 0
newfstatat(AT_FDCWD, "/home/isa/go-1.13/src/runtime/compiler.go", {st_mode=S_IFREG|0664, st_size=413, ...}, AT_SYMLINK_NOFOLLOW) = 0
newfstatat(AT_FDCWD, "/home/isa/go-1.13/src/runtime/msan_arm64.s", {st_mode=S_IFREG|0664, st_size=1730, ...}, AT_SYMLINK_NOFOLLOW) = 0
newfstatat(AT_FDCWD, "/home/isa/go-1.13/src/runtime/signal_linux_mips64x.go", {st_mode=S_IFREG|0664, st_size=3433, ...}, AT_SYMLINK_NOFOLLOW) = 0
newfstatat(AT_FDCWD, "/home/isa/go-1.13/src/runtime/sys_solaris_amd64.s", {st_mode=S_IFREG|0664, st_size=7953, ...}, AT_SYMLINK_NOFOLLOW) = 0
newfstatat(AT_FDCWD, "/home/isa/go-1.13/src/runtime/sys_darwin_arm64.s", {st_mode=S_IFREG|0664, st_size=15655, ...}, AT_SYMLINK_NOFOLLOW) = 0
newfstatat(AT_FDCWD, "/home/isa/go-1.13/src/runtime/signal_netbsd_386.go", {st_mode=S_IFREG|0664, st_size=1799, ...}, AT_SYMLINK_NOFOLLOW) = 0
newfstatat(AT_FDCWD, "/home/isa/go-1.13/src/runtime/sys_wasm.s", {st_mode=S_IFREG|0664, st_size=2557, ...}, AT_SYMLINK_NOFOLLOW) = 0
newfstatat(AT_FDCWD, "/home/isa/go-1.13/src/runtime/rt0_solaris_amd64.s", {st_mode=S_IFREG|0664, st_size=311, ...}, AT_SYMLINK_NOFOLLOW) = 0
newfstatat(AT_FDCWD, "/home/isa/go-1.13/src/runtime/sys_freebsd_amd64.s", {st_mode=S_IFREG|0664, st_size=10132, ...}, AT_SYMLINK_NOFOLLOW) = 0
newfstatat(AT_FDCWD, "/home/isa/go-1.13/src/runtime/rt0_freebsd_386.s", {st_mode=S_IFREG|0664, st_size=454, ...}, AT_SYMLINK_NOFOLLOW) = 0
newfstatat(AT_FDCWD, "/home/isa/go-1.13/src/runtime/lfstack_test.go", {st_mode=S_IFREG|0664, st_size=2844, ...}, AT_SYMLINK_NOFOLLOW) = 0
newfstatat(AT_FDCWD, "/home/isa/go-1.13/src/runtime/type.go", {st_mode=S_IFREG|0664, st_size=18624, ...}, AT_SYMLINK_NOFOLLOW) = 0
newfstatat(AT_FDCWD, "/home/isa/go-1.13/src/runtime/os_linux_arm.go", {st_mode=S_IFREG|0664, st_size=1767, ...}, AT_SYMLINK_NOFOLLOW) = 0
newfstatat(AT_FDCWD, "/home/isa/go-1.13/src/runtime/debugcall.go", {st_mode=S_IFREG|0664, st_size=2899, ...}, AT_SYMLINK_NOFOLLOW) = 0
newfstatat(AT_FDCWD, "/home/isa/go-1.13/src/runtime/defs_linux_amd64.go", {st_mode=S_IFREG|0664, st_size=4361, ...}, AT_SYMLINK_NOFOLLOW) = 0
newfstatat(AT_FDCWD, "/home/isa/go-1.13/src/runtime/signal_nacl.go", {st_mode=S_IFREG|0664, st_size=2103, ...}, AT_SYMLINK_NOFOLLOW) = 0
newfstatat(AT_FDCWD, "/home/isa/go-1.13/src/runtime/sigqueue.go", {st_mode=S_IFREG|0664, st_size=7873, ...}, AT_SYMLINK_NOFOLLOW) = 0
newfstatat(AT_FDCWD, "/home/isa/go-1.13/src/runtime/signal_freebsd_arm.go", {st_mode=S_IFREG|0664, st_size=2231, ...}, AT_SYMLINK_NOFOLLOW) = 0
newfstatat(AT_FDCWD, "/home/isa/go-1.13/src/runtime/rt0_js_wasm.s", {st_mode=S_IFREG|0664, st_size=2351, ...}, AT_SYMLINK_NOFOLLOW) = 0
newfstatat(AT_FDCWD, "/home/isa/go-1.13/src/runtime/asm_amd64.s", {st_mode=S_IFREG|0664, st_size=46946, ...}, AT_SYMLINK_NOFOLLOW) = 0
newfstatat(AT_FDCWD, "/home/isa/go-1.13/src/runtime/lfstack.go", {st_mode=S_IFREG|0664, st_size=1809, ...}, AT_SYMLINK_NOFOLLOW) = 0
newfstatat(AT_FDCWD, "/home/isa/go-1.13/src/runtime/sys_arm.go", {st_mode=S_IFREG|0664, st_size=521, ...}, AT_SYMLINK_NOFOLLOW) = 0
newfstatat(AT_FDCWD, "/home/isa/go-1.13/src/runtime/symtab.go", {st_mode=S_IFREG|0664, st_size=26738, ...}, AT_SYMLINK_NOFOLLOW) = 0
newfstatat(AT_FDCWD, "/home/isa/go-1.13/src/runtime/rand_test.go", {st_mode=S_IFREG|0664, st_size=783, ...}, AT_SYMLINK_NOFOLLOW) = 0
newfstatat(AT_FDCWD, "/home/isa/go-1.13/src/runtime/mwbbuf.go", {st_mode=S_IFREG|0664, st_size=10311, ...}, AT_SYMLINK_NOFOLLOW) = 0
newfstatat(AT_FDCWD, "/home/isa/go-1.13/src/runtime/os3_solaris.go", {st_mode=S_IFREG|0664, st_size=15778, ...}, AT_SYMLINK_NOFOLLOW) = 0
newfstatat(AT_FDCWD, "/home/isa/go-1.13/src/runtime/vdso_linux_arm64.go", {st_mode=S_IFREG|0664, st_size=670, ...}, AT_SYMLINK_NOFOLLOW) = 0
newfstatat(AT_FDCWD, "/home/isa/go-1.13/src/runtime/mkfastlog2table.go", {st_mode=S_IFREG|0664, st_size=1349, ...}, AT_SYMLINK_NOFOLLOW) = 0
newfstatat(AT_FDCWD, "/home/isa/go-1.13/src/runtime/rt0_windows_386.s", {st_mode=S_IFREG|0664, st_size=1311, ...}, AT_SYMLINK_NOFOLLOW) = 0
newfstatat(AT_FDCWD, "/home/isa/go-1.13/src/runtime/race_ppc64le.s", {st_mode=S_IFREG|0664, st_size=18293, ...}, AT_SYMLINK_NOFOLLOW) = 0
newfstatat(AT_FDCWD, "/home/isa/go-1.13/src/runtime/defs1_netbsd_arm.go", {st_mode=S_IFREG|0664, st_size=2953, ...}, AT_SYMLINK_NOFOLLOW) = 0
newfstatat(AT_FDCWD, "/home/isa/go-1.13/src/runtime/defs_linux_ppc64.go", {st_mode=S_IFREG|0664, st_size=3325, ...}, AT_SYMLINK_NOFOLLOW) = 0
newfstatat(AT_FDCWD, "/home/isa/go-1.13/src/runtime/sigtab_linux_generic.go", {st_mode=S_IFREG|0664, st_size=3573, ...}, AT_SYMLINK_NOFOLLOW) = 0
newfstatat(AT_FDCWD, "/home/isa/go-1.13/src/runtime/env_plan9.go", {st_mode=S_IFREG|0664, st_size=855, ...}, AT_SYMLINK_NOFOLLOW) = 0
newfstatat(AT_FDCWD, "/home/isa/go-1.13/src/runtime/iface.go", {st_mode=S_IFREG|0664, st_size=15883, ...}, AT_SYMLINK_NOFOLLOW) = 0
newfstatat(AT_FDCWD, "/home/isa/go-1.13/src/runtime/sigqueue_plan9.go", {st_mode=S_IFREG|0664, st_size=3394, ...}, AT_SYMLINK_NOFOLLOW) = 0
newfstatat(AT_FDCWD, "/home/isa/go-1.13/src/runtime/rt0_nacl_386.s", {st_mode=S_IFREG|0664, st_size=652, ...}, AT_SYMLINK_NOFOLLOW) = 0
newfstatat(AT_FDCWD, "/home/isa/go-1.13/src/runtime/vdso_linux_amd64.go", {st_mode=S_IFREG|0664, st_size=748, ...}, AT_SYMLINK_NOFOLLOW) = 0
newfstatat(AT_FDCWD, "/home/isa/go-1.13/src/runtime/mbarrier.go", {st_mode=S_IFREG|0664, st_size=12432, ...}, AT_SYMLINK_NOFOLLOW) = 0
newfstatat(AT_FDCWD, "/home/isa/go-1.13/src/runtime/runtime1.go", {st_mode=S_IFREG|0664, st_size=12125, ...}, AT_SYMLINK_NOFOLLOW) = 0
newfstatat(AT_FDCWD, "/home/isa/go-1.13/src/runtime/memmove_test.go", {st_mode=S_IFREG|0664, st_size=9749, ...}, AT_SYMLINK_NOFOLLOW) = 0
newfstatat(AT_FDCWD, "/home/isa/go-1.13/src/runtime/os_linux.go", {st_mode=S_IFREG|0664, st_size=11908, ...}, AT_SYMLINK_NOFOLLOW) = 0
newfstatat(AT_FDCWD, "/home/isa/go-1.13/src/runtime/tls_arm.s", {st_mode=S_IFREG|0664, st_size=3705, ...}, AT_SYMLINK_NOFOLLOW) = 0
newfstatat(AT_FDCWD, "/home/isa/go-1.13/src/runtime/softfloat64.go", {st_mode=S_IFREG|0664, st_size=10954, ...}, AT_SYMLINK_NOFOLLOW) = 0
newfstatat(AT_FDCWD, "/home/isa/go-1.13/src/runtime/runtime_linux_test.go", {st_mode=S_IFREG|0664, st_size=1493, ...}, AT_SYMLINK_NOFOLLOW) = 0
newfstatat(AT_FDCWD, "/home/isa/go-1.13/src/runtime/hash64.go", {st_mode=S_IFREG|0664, st_size=2661, ...}, AT_SYMLINK_NOFOLLOW) = 0
newfstatat(AT_FDCWD, "/home/isa/go-1.13/src/runtime/sigtab_aix.go", {st_mode=S_IFREG|0664, st_size=11575, ...}, AT_SYMLINK_NOFOLLOW) = 0
newfstatat(AT_FDCWD, "/home/isa/go-1.13/src/runtime/memclr_plan9_amd64.s", {st_mode=S_IFREG|0664, st_size=433, ...}, AT_SYMLINK_NOFOLLOW) = 0
newfstatat(AT_FDCWD, "/home/isa/go-1.13/src/runtime/defs_linux_ppc64le.go", {st_mode=S_IFREG|0664, st_size=3325, ...}, AT_SYMLINK_NOFOLLOW) = 0
newfstatat(AT_FDCWD, "/home/isa/go-1.13/src/runtime/os_netbsd_386.go", {st_mode=S_IFREG|0664, st_size=588, ...}, AT_SYMLINK_NOFOLLOW) = 0
newfstatat(AT_FDCWD, "/home/isa/go-1.13/src/runtime/asm_386.s", {st_mode=S_IFREG|0664, st_size=41244, ...}, AT_SYMLINK_NOFOLLOW) = 0
newfstatat(AT_FDCWD, "/home/isa/go-1.13/src/runtime/sema.go", {st_mode=S_IFREG|0664, st_size=15601, ...}, AT_SYMLINK_NOFOLLOW) = 0
newfstatat(AT_FDCWD, "/home/isa/go-1.13/src/runtime/signal_openbsd_arm.go", {st_mode=S_IFREG|0664, st_size=2168, ...}, AT_SYMLINK_NOFOLLOW) = 0
newfstatat(AT_FDCWD, "/home/isa/go-1.13/src/runtime/rt0_darwin_amd64.s", {st_mode=S_IFREG|0664, st_size=399, ...}, AT_SYMLINK_NOFOLLOW) = 0
newfstatat(AT_FDCWD, "/home/isa/go-1.13/src/runtime/rt0_nacl_arm.s", {st_mode=S_IFREG|0664, st_size=450, ...}, AT_SYMLINK_NOFOLLOW) = 0
newfstatat(AT_FDCWD, "/home/isa/go-1.13/src/runtime/os2_aix.go", {st_mode=S_IFREG|0664, st_size=20042, ...}, AT_SYMLINK_NOFOLLOW) = 0
newfstatat(AT_FDCWD, "/home/isa/go-1.13/src/runtime/string.go", {st_mode=S_IFREG|0664, st_size=11081, ...}, AT_SYMLINK_NOFOLLOW) = 0
newfstatat(AT_FDCWD, "/home/isa/go-1.13/src/runtime/HACKING.md", {st_mode=S_IFREG|0664, st_size=13387, ...}, AT_SYMLINK_NOFOLLOW) = 0
newfstatat(AT_FDCWD, "/home/isa/go-1.13/src/runtime/duff_ppc64x.s", {st_mode=S_IFREG|0664, st_size=2511, ...}, AT_SYMLINK_NOFOLLOW) = 0
newfstatat(AT_FDCWD, "/home/isa/go-1.13/src/runtime/os_plan9.go", {st_mode=S_IFREG|0664, st_size=9376, ...}, AT_SYMLINK_NOFOLLOW) = 0
newfstatat(AT_FDCWD, "/home/isa/go-1.13/src/runtime/chan_test.go", {st_mode=S_IFREG|0664, st_size=21754, ...}, AT_SYMLINK_NOFOLLOW) = 0
newfstatat(AT_FDCWD, "/home/isa/go-1.13/src/runtime/asm_mips64x.s", {st_mode=S_IFREG|0664, st_size=22992, ...}, AT_SYMLINK_NOFOLLOW) = 0
newfstatat(AT_FDCWD, "/home/isa/go-1.13/src/runtime/time.go", {st_mode=S_IFREG|0664, st_size=9892, ...}, AT_SYMLINK_NOFOLLOW) = 0
newfstatat(AT_FDCWD, "/home/isa/go-1.13/src/runtime/memclr_386.s", {st_mode=S_IFREG|0664, st_size=2457, ...}, AT_SYMLINK_NOFOLLOW) = 0
newfstatat(AT_FDCWD, "/home/isa/go-1.13/src/runtime/os_freebsd.go", {st_mode=S_IFREG|0664, st_size=10990, ...}, AT_SYMLINK_NOFOLLOW) = 0
newfstatat(AT_FDCWD, "/home/isa/go-1.13/src/runtime/tls_arm64.s", {st_mode=S_IFREG|0664, st_size=1098, ...}, AT_SYMLINK_NOFOLLOW) = 0
newfstatat(AT_FDCWD, "/home/isa/go-1.13/src/runtime/defs_windows.go", {st_mode=S_IFREG|0664, st_size=2119, ...}, AT_SYMLINK_NOFOLLOW) = 0
newfstatat(AT_FDCWD, "/home/isa/go-1.13/src/runtime/os_netbsd_arm64.go", {st_mode=S_IFREG|0664, st_size=880, ...}, AT_SYMLINK_NOFOLLOW) = 0
newfstatat(AT_FDCWD, "/home/isa/go-1.13/src/runtime/defs_linux_mipsx.go", {st_mode=S_IFREG|0664, st_size=3216, ...}, AT_SYMLINK_NOFOLLOW) = 0
newfstatat(AT_FDCWD, "/home/isa/go-1.13/src/runtime/duff_amd64.s", {st_mode=S_IFREG|0664, st_size=5666, ...}, AT_SYMLINK_NOFOLLOW) = 0
newfstatat(AT_FDCWD, "/home/isa/go-1.13/src/runtime/defs1_netbsd_arm64.go", {st_mode=S_IFREG|0664, st_size=3183, ...}, AT_SYMLINK_NOFOLLOW) = 0
newfstatat(AT_FDCWD, "/home/isa/go-1.13/src/runtime/signal_ppc64x.go", {st_mode=S_IFREG|0664, st_size=2697, ...}, AT_SYMLINK_NOFOLLOW) = 0
newfstatat(AT_FDCWD, "/home/isa/go-1.13/src/runtime/defs_windows_arm.go", {st_mode=S_IFREG|0664, st_size=3678, ...}, AT_SYMLINK_NOFOLLOW) = 0
newfstatat(AT_FDCWD, "/home/isa/go-1.13/src/runtime/os_darwin.go", {st_mode=S_IFREG|0664, st_size=10722, ...}, AT_SYMLINK_NOFOLLOW) = 0
newfstatat(AT_FDCWD, "/home/isa/go-1.13/src/runtime/sys_nacl_arm.s", {st_mode=S_IFREG|0664, st_size=6683, ...}, AT_SYMLINK_NOFOLLOW) = 0
newfstatat(AT_FDCWD, "/home/isa/go-1.13/src/runtime/memmove_wasm.s", {st_mode=S_IFREG|0664, st_size=1716, ...}, AT_SYMLINK_NOFOLLOW) = 0
newfstatat(AT_FDCWD, "/home/isa/go-1.13/src/runtime/cgocallback.go", {st_mode=S_IFREG|0664, st_size=317, ...}, AT_SYMLINK_NOFOLLOW) = 0
newfstatat(AT_FDCWD, "/home/isa/go-1.13/src/runtime/zcallback_windows_arm.s", {st_mode=S_IFREG|0664, st_size=91467, ...}, AT_SYMLINK_NOFOLLOW) = 0
newfstatat(AT_FDCWD, "/home/isa/go-1.13/src/runtime/defs1_netbsd_386.go", {st_mode=S_IFREG|0664, st_size=2833, ...}, AT_SYMLINK_NOFOLLOW) = 0
newfstatat(AT_FDCWD, "/home/isa/go-1.13/src/runtime/lfstack_32bit.go", {st_mode=S_IFREG|0664, st_size=527, ...}, AT_SYMLINK_NOFOLLOW) = 0
newfstatat(AT_FDCWD, "/home/isa/go-1.13/src/runtime/map_benchmark_test.go", {st_mode=S_IFREG|0664, st_size=10406, ...}, AT_SYMLINK_NOFOLLOW) = 0
newfstatat(AT_FDCWD, "/home/isa/go-1.13/src/runtime/rt0_linux_ppc64le.s", {st_mode=S_IFREG|0664, st_size=3812, ...}, AT_SYMLINK_NOFOLLOW) = 0
newfstatat(AT_FDCWD, "/home/isa/go-1.13/src/runtime/signal_linux_ppc64x.go", {st_mode=S_IFREG|0664, st_size=3501, ...}, AT_SYMLINK_NOFOLLOW) = 0
newfstatat(AT_FDCWD, "/home/isa/go-1.13/src/runtime/Makefile", {st_mode=S_IFREG|0664, st_size=178, ...}, AT_SYMLINK_NOFOLLOW) = 0
newfstatat(AT_FDCWD, "/home/isa/go-1.13/src/runtime/signal_nacl_386.go", {st_mode=S_IFREG|0664, st_size=1448, ...}, AT_SYMLINK_NOFOLLOW) = 0
newfstatat(AT_FDCWD, "/home/isa/go-1.13/src/runtime/stubs_arm.go", {st_mode=S_IFREG|0664, st_size=454, ...}, AT_SYMLINK_NOFOLLOW) = 0
newfstatat(AT_FDCWD, "/home/isa/go-1.13/src/runtime/defs_freebsd_arm.go", {st_mode=S_IFREG|0664, st_size=3665, ...}, AT_SYMLINK_NOFOLLOW) = 0
newfstatat(AT_FDCWD, "/home/isa/go-1.13/src/runtime/rt0_linux_mipsx.s", {st_mode=S_IFREG|0664, st_size=798, ...}, AT_SYMLINK_NOFOLLOW) = 0
newfstatat(AT_FDCWD, "/home/isa/go-1.13/src/runtime/vdso_linux_386.go", {st_mode=S_IFREG|0664, st_size=669, ...}, AT_SYMLINK_NOFOLLOW) = 0
newfstatat(AT_FDCWD, "/home/isa/go-1.13/src/runtime/stubs_arm64.go", {st_mode=S_IFREG|0664, st_size=256, ...}, AT_SYMLINK_NOFOLLOW) = 0
newfstatat(AT_FDCWD, "/home/isa/go-1.13/src/runtime/vdso_linux.go", {st_mode=S_IFREG|0664, st_size=7850, ...}, AT_SYMLINK_NOFOLLOW) = 0
newfstatat(AT_FDCWD, "/home/isa/go-1.13/src/runtime/debug.go", {st_mode=S_IFREG|0664, st_size=1673, ...}, AT_SYMLINK_NOFOLLOW) = 0
newfstatat(AT_FDCWD, "/home/isa/go-1.13/src/runtime/memclr_mipsx.s", {st_mode=S_IFREG|0664, st_size=1274, ...}, AT_SYMLINK_NOFOLLOW) = 0
newfstatat(AT_FDCWD, "/home/isa/go-1.13/src/runtime/sys_darwin_386.s", {st_mode=S_IFREG|0664, st_size=18298, ...}, AT_SYMLINK_NOFOLLOW) = 0
newfstatat(AT_FDCWD, "/home/isa/go-1.13/src/runtime/sys_arm64.go", {st_mode=S_IFREG|0664, st_size=469, ...}, AT_SYMLINK_NOFOLLOW) = 0
newfstatat(AT_FDCWD, "/home/isa/go-1.13/src/runtime/os2_openbsd.go", {st_mode=S_IFREG|0664, st_size=296, ...}, AT_SYMLINK_NOFOLLOW) = 0
newfstatat(AT_FDCWD, "/home/isa/go-1.13/src/runtime/cgo_ppc64x.go", {st_mode=S_IFREG|0664, st_size=411, ...}, AT_SYMLINK_NOFOLLOW) = 0
newfstatat(AT_FDCWD, "/home/isa/go-1.13/src/runtime/signal_linux_arm64.go", {st_mode=S_IFREG|0664, st_size=3018, ...}, AT_SYMLINK_NOFOLLOW) = 0
newfstatat(AT_FDCWD, "/home/isa/go-1.13/src/runtime/stubs3.go", {st_mode=S_IFREG|0664, st_size=305, ...}, AT_SYMLINK_NOFOLLOW) = 0
newfstatat(AT_FDCWD, "/home/isa/go-1.13/src/runtime/sys_linux_mipsx.s", {st_mode=S_IFREG|0664, st_size=10179, ...}, AT_SYMLINK_NOFOLLOW) = 0
newfstatat(AT_FDCWD, "/home/isa/go-1.13/src/runtime/profbuf.go", {st_mode=S_IFREG|0664, st_size=18698, ...}, AT_SYMLINK_NOFOLLOW) = 0
newfstatat(AT_FDCWD, "/home/isa/go-1.13/src/runtime/os_dragonfly.go", {st_mode=S_IFREG|0664, st_size=6047, ...}, AT_SYMLINK_NOFOLLOW) = 0
newfstatat(AT_FDCWD, "/home/isa/go-1.13/src/runtime/signal_sighandler.go", {st_mode=S_IFREG|0664, st_size=4495, ...}, AT_SYMLINK_NOFOLLOW) = 0
newfstatat(AT_FDCWD, "/home/isa/go-1.13/src/runtime/zcallback_windows.s", {st_mode=S_IFREG|0664, st_size=64528, ...}, AT_SYMLINK_NOFOLLOW) = 0
newfstatat(AT_FDCWD, "/home/isa/go-1.13/src/runtime/export_mmap_test.go", {st_mode=S_IFREG|0664, st_size=486, ...}, AT_SYMLINK_NOFOLLOW) = 0
newfstatat(AT_FDCWD, "/home/isa/go-1.13/src/runtime/sys_linux_386.s", {st_mode=S_IFREG|0664, st_size=16746, ...}, AT_SYMLINK_NOFOLLOW) = 0
newfstatat(AT_FDCWD, "/home/isa/go-1.13/src/runtime/rt0_plan9_arm.s", {st_mode=S_IFREG|0664, st_size=397, ...}, AT_SYMLINK_NOFOLLOW) = 0
newfstatat(AT_FDCWD, "/home/isa/go-1.13/src/runtime/write_err.go", {st_mode=S_IFREG|0664, st_size=290, ...}, AT_SYMLINK_NOFOLLOW) = 0
newfstatat(AT_FDCWD, "/home/isa/go-1.13/src/runtime/sys_linux_mips64x.s", {st_mode=S_IFREG|0664, st_size=9987, ...}, AT_SYMLINK_NOFOLLOW) = 0
newfstatat(AT_FDCWD, "/home/isa/go-1.13/src/runtime/rwmutex_test.go", {st_mode=S_IFREG|0664, st_size=4126, ...}, AT_SYMLINK_NOFOLLOW) = 0
newfstatat(AT_FDCWD, "/home/isa/go-1.13/src/runtime/map_fast32.go", {st_mode=S_IFREG|0664, st_size=12474, ...}, AT_SYMLINK_NOFOLLOW) = 0
newfstatat(AT_FDCWD, "/home/isa/go-1.13/src/runtime/syscall2_solaris.go", {st_mode=S_IFREG|0664, st_size=1771, ...}, AT_SYMLINK_NOFOLLOW) = 0
newfstatat(AT_FDCWD, "/home/isa/go-1.13/src/runtime/cgocall.go", {st_mode=S_IFREG|0664, st_size=21263, ...}, AT_SYMLINK_NOFOLLOW) = 0
newfstatat(AT_FDCWD, "/home/isa/go-1.13/src/runtime/asm_wasm.s", {st_mode=S_IFREG|0664, st_size=9879, ...}, AT_SYMLINK_NOFOLLOW) = 0
newfstatat(AT_FDCWD, "/home/isa/go-1.13/src/runtime/mprof.go", {st_mode=S_IFREG|0664, st_size=24633, ...}, AT_SYMLINK_NOFOLLOW) = 0
newfstatat(AT_FDCWD, "/home/isa/go-1.13/src/runtime/memclr_arm.s", {st_mode=S_IFREG|0664, st_size=2497, ...}, AT_SYMLINK_NOFOLLOW) = 0
newfstatat(AT_FDCWD, "/home/isa/go-1.13/src/runtime/memclr_s390x.s", {st_mode=S_IFREG|0664, st_size=1932, ...}, AT_SYMLINK_NOFOLLOW) = 0
newfstatat(AT_FDCWD, "/home/isa/go-1.13/src/runtime/mknacl.sh", {st_mode=S_IFREG|0664, st_size=494, ...}, AT_SYMLINK_NOFOLLOW) = 0
newfstatat(AT_FDCWD, "/home/isa/go-1.13/src/runtime/asm.s", {st_mode=S_IFREG|0664, st_size=1275, ...}, AT_SYMLINK_NOFOLLOW) = 0
newfstatat(AT_FDCWD, "/home/isa/go-1.13/src/runtime/os_netbsd_arm.go", {st_mode=S_IFREG|0664, st_size=1210, ...}, AT_SYMLINK_NOFOLLOW) = 0
newfstatat(AT_FDCWD, "/home/isa/go-1.13/src/runtime/signal_386.go", {st_mode=S_IFREG|0664, st_size=2032, ...}, AT_SYMLINK_NOFOLLOW) = 0
newfstatat(AT_FDCWD, "/home/isa/go-1.13/src/runtime/map_test.go", {st_mode=S_IFREG|0664, st_size=27758, ...}, AT_SYMLINK_NOFOLLOW) = 0
newfstatat(AT_FDCWD, "/home/isa/go-1.13/src/runtime/semasleep_test.go", {st_mode=S_IFREG|0664, st_size=1661, ...}, AT_SYMLINK_NOFOLLOW) = 0
newfstatat(AT_FDCWD, "/home/isa/go-1.13/src/runtime/signal_linux_s390x.go", {st_mode=S_IFREG|0664, st_size=4032, ...}, AT_SYMLINK_NOFOLLOW) = 0
newfstatat(AT_FDCWD, "/home/isa/go-1.13/src/runtime/sizeof_test.go", {st_mode=S_IFREG|0664, st_size=856, ...}, AT_SYMLINK_NOFOLLOW) = 0
newfstatat(AT_FDCWD, "/home/isa/go-1.13/src/runtime/rt0_openbsd_386.s", {st_mode=S_IFREG|0664, st_size=454, ...}, AT_SYMLINK_NOFOLLOW) = 0
newfstatat(AT_FDCWD, "/home/isa/go-1.13/src/runtime/os_nacl.go", {st_mode=S_IFREG|0664, st_size=8139, ...}, AT_SYMLINK_NOFOLLOW) = 0
newfstatat(AT_FDCWD, "/home/isa/go-1.13/src/runtime/duff_386.s", {st_mode=S_IFREG|0664, st_size=8434, ...}, AT_SYMLINK_NOFOLLOW) = 0
newfstatat(AT_FDCWD, "/home/isa/go-1.13/src/runtime/sys_darwin_32.go", {st_mode=S_IFREG|0664, st_size=533, ...}, AT_SYMLINK_NOFOLLOW) = 0
newfstatat(AT_FDCWD, "/home/isa/go-1.13/src/runtime/numcpu_freebsd_test.go", {st_mode=S_IFREG|0664, st_size=381, ...}, AT_SYMLINK_NOFOLLOW) = 0
newfstatat(AT_FDCWD, "/home/isa/go-1.13/src/runtime/export_debuglog_test.go", {st_mode=S_IFREG|0664, st_size=1301, ...}, AT_SYMLINK_NOFOLLOW) = 0
newfstatat(AT_FDCWD, "/home/isa/go-1.13/src/runtime/runtime2.go", {st_mode=S_IFREG|0664, st_size=34968, ...}, AT_SYMLINK_NOFOLLOW) = 0
newfstatat(AT_FDCWD, "/home/isa/go-1.13/src/runtime/lock_futex.go", {st_mode=S_IFREG|0664, st_size=5173, ...}, AT_SYMLINK_NOFOLLOW) = 0
newfstatat(AT_FDCWD, "/home/isa/go-1.13/src/runtime/memmove_plan9_386.s", {st_mode=S_IFREG|0664, st_size=3072, ...}, AT_SYMLINK_NOFOLLOW) = 0
newfstatat(AT_FDCWD, "/home/isa/go-1.13/src/runtime/race0.go", {st_mode=S_IFREG|0664, st_size=2482, ...}, AT_SYMLINK_NOFOLLOW) = 0
newfstatat(AT_FDCWD, "/home/isa/go-1.13/src/runtime/defs3_linux.go", {st_mode=S_IFREG|0664, st_size=1117, ...}, AT_SYMLINK_NOFOLLOW) = 0
newfstatat(AT_FDCWD, "/home/isa/go-1.13/src/runtime/defs_linux_386.go", {st_mode=S_IFREG|0664, st_size=3838, ...}, AT_SYMLINK_NOFOLLOW) = 0
newfstatat(AT_FDCWD, "/home/isa/go-1.13/src/runtime/mkduff.go", {st_mode=S_IFREG|0664, st_size=6378, ...}, AT_SYMLINK_NOFOLLOW) = 0
newfstatat(AT_FDCWD, "/home/isa/go-1.13/src/runtime/sys_nonppc64x.go", {st_mode=S_IFREG|0664, st_size=241, ...}, AT_SYMLINK_NOFOLLOW) = 0
newfstatat(AT_FDCWD, "/home/isa/go-1.13/src/runtime/write_err_android.go", {st_mode=S_IFREG|0664, st_size=4757, ...}, AT_SYMLINK_NOFOLLOW) = 0
newfstatat(AT_FDCWD, "/home/isa/go-1.13/src/runtime/rt0_android_arm.s", {st_mode=S_IFREG|0664, st_size=843, ...}, AT_SYMLINK_NOFOLLOW) = 0
newfstatat(AT_FDCWD, "/home/isa/go-1.13/src/runtime/complex.go", {st_mode=S_IFREG|0664, st_size=1629, ...}, AT_SYMLINK_NOFOLLOW) = 0
newfstatat(AT_FDCWD, "/home/isa/go-1.13/src/runtime/memmove_386.s", {st_mode=S_IFREG|0664, st_size=4487, ...}, AT_SYMLINK_NOFOLLOW) = 0
newfstatat(AT_FDCWD, "/home/isa/go-1.13/src/runtime/defs_freebsd_386.go", {st_mode=S_IFREG|0664, st_size=4348, ...}, AT_SYMLINK_NOFOLLOW) = 0
newfstatat(AT_FDCWD, "/home/isa/go-1.13/src/runtime/rt0_openbsd_arm64.s", {st_mode=S_IFREG|0664, st_size=2477, ...}, AT_SYMLINK_NOFOLLOW) = 0
newfstatat(AT_FDCWD, "/home/isa/go-1.13/src/runtime/internal", {st_mode=S_IFDIR|0775, st_size=4096, ...}, AT_SYMLINK_NOFOLLOW) = 0
newfstatat(AT_FDCWD, "/home/isa/go-1.13/src/runtime/signal_linux_386.go", {st_mode=S_IFREG|0664, st_size=1632, ...}, AT_SYMLINK_NOFOLLOW) = 0
newfstatat(AT_FDCWD, "/home/isa/go-1.13/src/runtime/fastlog2.go", {st_mode=S_IFREG|0664, st_size=1249, ...}, AT_SYMLINK_NOFOLLOW) = 0
newfstatat(AT_FDCWD, "/home/isa/go-1.13/src/runtime/duff_mips64x.s", {st_mode=S_IFREG|0664, st_size=11549, ...}, AT_SYMLINK_NOFOLLOW) = 0
newfstatat(AT_FDCWD, "/home/isa/go-1.13/src/runtime/netpoll_aix.go", {st_mode=S_IFREG|0664, st_size=4487, ...}, AT_SYMLINK_NOFOLLOW) = 0
newfstatat(AT_FDCWD, "/home/isa/go-1.13/src/runtime/os2_freebsd.go", {st_mode=S_IFREG|0664, st_size=302, ...}, AT_SYMLINK_NOFOLLOW) = 0
newfstatat(AT_FDCWD, "/home/isa/go-1.13/src/runtime/os2_plan9.go", {st_mode=S_IFREG|0664, st_size=1517, ...}, AT_SYMLINK_NOFOLLOW) = 0
newfstatat(AT_FDCWD, "/home/isa/go-1.13/src/runtime/netpoll_windows.go", {st_mode=S_IFREG|0664, st_size=3738, ...}, AT_SYMLINK_NOFOLLOW) = 0
newfstatat(AT_FDCWD, "/home/isa/go-1.13/src/runtime/defs_solaris_amd64.go", {st_mode=S_IFREG|0664, st_size=1003, ...}, AT_SYMLINK_NOFOLLOW) = 0
newfstatat(AT_FDCWD, "/home/isa/go-1.13/src/runtime/sigaction.go", {st_mode=S_IFREG|0664, st_size=460, ...}, AT_SYMLINK_NOFOLLOW) = 0
newfstatat(AT_FDCWD, "/home/isa/go-1.13/src/runtime/signal_openbsd_amd64.go", {st_mode=S_IFREG|0664, st_size=2085, ...}, AT_SYMLINK_NOFOLLOW) = 0
newfstatat(AT_FDCWD, "/home/isa/go-1.13/src/runtime/os_windows.go", {st_mode=S_IFREG|0664, st_size=31770, ...}, AT_SYMLINK_NOFOLLOW) = 0
newfstatat(AT_FDCWD, "/home/isa/go-1.13/src/runtime/defs_windows_amd64.go", {st_mode=S_IFREG|0664, st_size=4620, ...}, AT_SYMLINK_NOFOLLOW) = 0
newfstatat(AT_FDCWD, "/home/isa/go-1.13/src/runtime/norace_test.go", {st_mode=S_IFREG|0664, st_size=979, ...}, AT_SYMLINK_NOFOLLOW) = 0
newfstatat(AT_FDCWD, "/home/isa/go-1.13/src/runtime/os3_plan9.go", {st_mode=S_IFREG|0664, st_size=4082, ...}, AT_SYMLINK_NOFOLLOW) = 0
newfstatat(AT_FDCWD, "/home/isa/go-1.13/src/runtime/stubs_mipsx.go", {st_mode=S_IFREG|0664, st_size=279, ...}, AT_SYMLINK_NOFOLLOW) = 0
newfstatat(AT_FDCWD, "/home/isa/go-1.13/src/runtime/trace.go", {st_mode=S_IFREG|0664, st_size=38980, ...}, AT_SYMLINK_NOFOLLOW) = 0
newfstatat(AT_FDCWD, "/home/isa/go-1.13/src/runtime/rt0_android_386.s", {st_mode=S_IFREG|0664, st_size=822, ...}, AT_SYMLINK_NOFOLLOW) = 0
newfstatat(AT_FDCWD, "/home/isa/go-1.13/src/runtime/defs_darwin_386.go", {st_mode=S_IFREG|0664, st_size=6106, ...}, AT_SYMLINK_NOFOLLOW) = 0
newfstatat(AT_FDCWD, "/home/isa/go-1.13/src/runtime/rt0_illumos_amd64.s", {st_mode=S_IFREG|0664, st_size=311, ...}, AT_SYMLINK_NOFOLLOW) = 0
newfstatat(AT_FDCWD, "/home/isa/go-1.13/src/runtime/runtime-gdb_test.go", {st_mode=S_IFREG|0664, st_size=17158, ...}, AT_SYMLINK_NOFOLLOW) = 0
newfstatat(AT_FDCWD, "/home/isa/go-1.13/src/runtime/memmove_linux_amd64_test.go", {st_mode=S_IFREG|0664, st_size=1649, ...}, AT_SYMLINK_NOFOLLOW) = 0
newfstatat(AT_FDCWD, "/home/isa/go-1.13/src/runtime/futex_test.go", {st_mode=S_IFREG|0664, st_size=2150, ...}, AT_SYMLINK_NOFOLLOW) = 0
newfstatat(AT_FDCWD, "/home/isa/go-1.13/src/runtime/rt0_plan9_386.s", {st_mode=S_IFREG|0664, st_size=523, ...}, AT_SYMLINK_NOFOLLOW) = 0
newfstatat(AT_FDCWD, "/home/isa/go-1.13/src/runtime/race_amd64.s", {st_mode=S_IFREG|0664, st_size=13720, ...}, AT_SYMLINK_NOFOLLOW) = 0
newfstatat(AT_FDCWD, "/home/isa/go-1.13/src/runtime/signal_darwin_386.go", {st_mode=S_IFREG|0664, st_size=2391, ...}, AT_SYMLINK_NOFOLLOW) = 0
newfstatat(AT_FDCWD, "/home/isa/go-1.13/src/runtime/memmove_amd64p32.s", {st_mode=S_IFREG|0664, st_size=983, ...}, AT_SYMLINK_NOFOLLOW) = 0
newfstatat(AT_FDCWD, "/home/isa/go-1.13/src/runtime/sigtab_linux_mipsx.go", {st_mode=S_IFREG|0664, st_size=6035, ...}, AT_SYMLINK_NOFOLLOW) = 0
newfstatat(AT_FDCWD, "/home/isa/go-1.13/src/runtime/chan.go", {st_mode=S_IFREG|0664, st_size=19821, ...}, AT_SYMLINK_NOFOLLOW) = 0
newfstatat(AT_FDCWD, "/home/isa/go-1.13/src/runtime/defs_netbsd_386.go", {st_mode=S_IFREG|0664, st_size=854, ...}, AT_SYMLINK_NOFOLLOW) = 0
newfstatat(AT_FDCWD, "/home/isa/go-1.13/src/runtime/signal_freebsd_386.go", {st_mode=S_IFREG|0664, st_size=1588, ...}, AT_SYMLINK_NOFOLLOW) = 0
newfstatat(AT_FDCWD, "/home/isa/go-1.13/src/runtime/sys_wasm.go", {st_mode=S_IFREG|0664, st_size=806, ...}, AT_SYMLINK_NOFOLLOW) = 0
newfstatat(AT_FDCWD, "/home/isa/go-1.13/src/runtime/vdso_freebsd_x86.go", {st_mode=S_IFREG|0664, st_size=1896, ...}, AT_SYMLINK_NOFOLLOW) = 0
newfstatat(AT_FDCWD, "/home/isa/go-1.13/src/runtime/sys_mips64x.go", {st_mode=S_IFREG|0664, st_size=496, ...}, AT_SYMLINK_NOFOLLOW) = 0
newfstatat(AT_FDCWD, "/home/isa/go-1.13/src/runtime/panic32.go", {st_mode=S_IFREG|0664, st_size=4911, ...}, AT_SYMLINK_NOFOLLOW) = 0
newfstatat(AT_FDCWD, "/home/isa/go-1.13/src/runtime/defs_freebsd.go", {st_mode=S_IFREG|0664, st_size=3839, ...}, AT_SYMLINK_NOFOLLOW) = 0
newfstatat(AT_FDCWD, "/home/isa/go-1.13/src/runtime/vlop_arm.s", {st_mode=S_IFREG|0664, st_size=7365, ...}, AT_SYMLINK_NOFOLLOW) = 0
newfstatat(AT_FDCWD, "/home/isa/go-1.13/src/runtime/rt0_nacl_amd64p32.s", {st_mode=S_IFREG|0664, st_size=871, ...}, AT_SYMLINK_NOFOLLOW) = 0
newfstatat(AT_FDCWD, "/home/isa/go-1.13/src/runtime/sys_linux_amd64.s", {st_mode=S_IFREG|0664, st_size=16163, ...}, AT_SYMLINK_NOFOLLOW) = 0
newfstatat(AT_FDCWD, "/home/isa/go-1.13/src/runtime/os_netbsd_amd64.go", {st_mode=S_IFREG|0664, st_size=585, ...}, AT_SYMLINK_NOFOLLOW) = 0
newfstatat(AT_FDCWD, "/home/isa/go-1.13/src/runtime/defs_linux.go", {st_mode=S_IFREG|0664, st_size=3090, ...}, AT_SYMLINK_NOFOLLOW) = 0
newfstatat(AT_FDCWD, "/home/isa/go-1.13/src/runtime/rt0_windows_arm.s", {st_mode=S_IFREG|0664, st_size=386, ...}, AT_SYMLINK_NOFOLLOW) = 0
newfstatat(AT_FDCWD, "/home/isa/go-1.13/src/runtime/mbitmap.go", {st_mode=S_IFREG|0664, st_size=68572, ...}, AT_SYMLINK_NOFOLLOW) = 0
newfstatat(AT_FDCWD, "/home/isa/go-1.13/src/runtime/signal_linux_amd64.go", {st_mode=S_IFREG|0664, st_size=2102, ...}, AT_SYMLINK_NOFOLLOW) = 0
newfstatat(AT_FDCWD, "/home/isa/go-1.13/src/runtime/syscall_solaris.go", {st_mode=S_IFREG|0664, st_size=8427, ...}, AT_SYMLINK_NOFOLLOW) = 0
newfstatat(AT_FDCWD, "/home/isa/go-1.13/src/runtime/defs_nacl_386.go", {st_mode=S_IFREG|0664, st_size=870, ...}, AT_SYMLINK_NOFOLLOW) = 0
newfstatat(AT_FDCWD, "/home/isa/go-1.13/src/runtime/trace", {st_mode=S_IFDIR|0775, st_size=4096, ...}, AT_SYMLINK_NOFOLLOW) = 0
newfstatat(AT_FDCWD, "/home/isa/go-1.13/src/runtime/runtime-gdb.py", {st_mode=S_IFREG|0664, st_size=15188, ...}, AT_SYMLINK_NOFOLLOW) = 0
newfstatat(AT_FDCWD, "/home/isa/go-1.13/src/runtime/os_linux_arm64.go", {st_mode=S_IFREG|0664, st_size=1427, ...}, AT_SYMLINK_NOFOLLOW) = 0
newfstatat(AT_FDCWD, "/home/isa/go-1.13/src/runtime/sys_mipsx.go", {st_mode=S_IFREG|0664, st_size=492, ...}, AT_SYMLINK_NOFOLLOW) = 0
newfstatat(AT_FDCWD, "/home/isa/go-1.13/src/runtime/mmap.go", {st_mode=S_IFREG|0664, st_size=863, ...}, AT_SYMLINK_NOFOLLOW) = 0
newfstatat(AT_FDCWD, "/home/isa/go-1.13/src/runtime/signal_solaris_amd64.go", {st_mode=S_IFREG|0664, st_size=2525, ...}, AT_SYMLINK_NOFOLLOW) = 0
newfstatat(AT_FDCWD, "/home/isa/go-1.13/src/runtime/syscall_windows_test.go", {st_mode=S_IFREG|0664, st_size=27744, ...}, AT_SYMLINK_NOFOLLOW) = 0
newfstatat(AT_FDCWD, "/home/isa/go-1.13/src/runtime/stubs.go", {st_mode=S_IFREG|0664, st_size=12549, ...}, AT_SYMLINK_NOFOLLOW) = 0
newfstatat(AT_FDCWD, "/home/isa/go-1.13/src/runtime/signal_netbsd_arm.go", {st_mode=S_IFREG|0664, st_size=2356, ...}, AT_SYMLINK_NOFOLLOW) = 0
newfstatat(AT_FDCWD, "/home/isa/go-1.13/src/runtime/sys_plan9_386.s", {st_mode=S_IFREG|0664, st_size=4511, ...}, AT_SYMLINK_NOFOLLOW) = 0
newfstatat(AT_FDCWD, "/home/isa/go-1.13/src/runtime/export_arm_test.go", {st_mode=S_IFREG|0664, st_size=226, ...}, AT_SYMLINK_NOFOLLOW) = 0
newfstatat(AT_FDCWD, "/home/isa/go-1.13/src/runtime/stubs2.go", {st_mode=S_IFREG|0664, st_size=850, ...}, AT_SYMLINK_NOFOLLOW) = 0
newfstatat(AT_FDCWD, "/home/isa/go-1.13/src/runtime/map_faststr.go", {st_mode=S_IFREG|0664, st_size=14153, ...}, AT_SYMLINK_NOFOLLOW) = 0
newfstatat(AT_FDCWD, "/home/isa/go-1.13/src/runtime/vlrt.go", {st_mode=S_IFREG|0664, st_size=6236, ...}, AT_SYMLINK_NOFOLLOW) = 0
newfstatat(AT_FDCWD, "/home/isa/go-1.13/src/runtime/sys_windows_amd64.s", {st_mode=S_IFREG|0664, st_size=12432, ...}, AT_SYMLINK_NOFOLLOW) = 0
newfstatat(AT_FDCWD, "/home/isa/go-1.13/src/runtime/os_linux_ppc64x.go", {st_mode=S_IFREG|0664, st_size=505, ...}, AT_SYMLINK_NOFOLLOW) = 0
newfstatat(AT_FDCWD, "/home/isa/go-1.13/src/runtime/sys_openbsd_386.s", {st_mode=S_IFREG|0664, st_size=8431, ...}, AT_SYMLINK_NOFOLLOW) = 0
newfstatat(AT_FDCWD, "/home/isa/go-1.13/src/runtime/rt0_freebsd_amd64.s", {st_mode=S_IFREG|0664, st_size=442, ...}, AT_SYMLINK_NOFOLLOW) = 0
newfstatat(AT_FDCWD, "/home/isa/go-1.13/src/runtime/stack.go", {st_mode=S_IFREG|0664, st_size=39915, ...}, AT_SYMLINK_NOFOLLOW) = 0
newfstatat(AT_FDCWD, "/home/isa/go-1.13/src/runtime/debuglog_test.go", {st_mode=S_IFREG|0664, st_size=4674, ...}, AT_SYMLINK_NOFOLLOW) = 0
newfstatat(AT_FDCWD, "/home/isa/go-1.13/src/runtime/sys_darwin_amd64.s", {st_mode=S_IFREG|0664, st_size=17905, ...}, AT_SYMLINK_NOFOLLOW) = 0
newfstatat(AT_FDCWD, "/home/isa/go-1.13/src/runtime/mgcwork.go", {st_mode=S_IFREG|0664, st_size=14670, ...}, AT_SYMLINK_NOFOLLOW) = 0
newfstatat(AT_FDCWD, "/home/isa/go-1.13/src/runtime/os_linux_s390x.go", {st_mode=S_IFREG|0664, st_size=433, ...}, AT_SYMLINK_NOFOLLOW) = 0
newfstatat(AT_FDCWD, "/home/isa/go-1.13/src/runtime/sys_linux_s390x.s", {st_mode=S_IFREG|0664, st_size=9945, ...}, AT_SYMLINK_NOFOLLOW) = 0
newfstatat(AT_FDCWD, "/home/isa/go-1.13/src/runtime/vlop_386.s", {st_mode=S_IFREG|0664, st_size=2067, ...}, AT_SYMLINK_NOFOLLOW) = 0
newfstatat(AT_FDCWD, "/home/isa/go-1.13/src/runtime/treap_test.go", {st_mode=S_IFREG|0664, st_size=8096, ...}, AT_SYMLINK_NOFOLLOW) = 0
newfstatat(AT_FDCWD, "/home/isa/go-1.13/src/runtime/defs_solaris.go", {st_mode=S_IFREG|0664, st_size=3230, ...}, AT_SYMLINK_NOFOLLOW) = 0
close(3)                                = 0
openat(AT_FDCWD, "/home/isa/go-1.13/src/runtime/alg.go", O_RDONLY|O_CLOEXEC) = 3
epoll_ctl(4, EPOLL_CTL_ADD, 3, {EPOLLIN|EPOLLOUT|EPOLLRDHUP|EPOLLET, {u32=1699692704, u64=140112122822816}}) = -1 EPERM (Operation not permitted)
epoll_ctl(4, EPOLL_CTL_DEL, 3, 0xc00019b78c) = -1 EPERM (Operation not permitted)
read(3, "// Copyright 2014 The Go Authors"..., 4096) = 4096
close(3)                                = 0
openat(AT_FDCWD, "/home/isa/go-1.13/src/runtime/asm.s", O_RDONLY|O_CLOEXEC) = 3
epoll_ctl(4, EPOLL_CTL_ADD, 3, {EPOLLIN|EPOLLOUT|EPOLLRDHUP|EPOLLET, {u32=1699692704, u64=140112122822816}}) = -1 EPERM (Operation not permitted)
epoll_ctl(4, EPOLL_CTL_DEL, 3, 0xc00019b78c) = -1 EPERM (Operation not permitted)
read(3, "// Copyright 2014 The Go Authors"..., 4096) = 1275
close(3)                                = 0
openat(AT_FDCWD, "/home/isa/go-1.13/src/runtime/asm_amd64.s", O_RDONLY|O_CLOEXEC) = 3
epoll_ctl(4, EPOLL_CTL_ADD, 3, {EPOLLIN|EPOLLOUT|EPOLLRDHUP|EPOLLET, {u32=1699692704, u64=140112122822816}}) = -1 EPERM (Operation not permitted)
epoll_ctl(4, EPOLL_CTL_DEL, 3, 0xc00019b78c) = -1 EPERM (Operation not permitted)
read(3, "// Copyright 2009 The Go Authors"..., 4096) = 4096
close(3)                                = 0
openat(AT_FDCWD, "/home/isa/go-1.13/src/runtime/asm_mips64x.s", O_RDONLY|O_CLOEXEC) = 3
epoll_ctl(4, EPOLL_CTL_ADD, 3, {EPOLLIN|EPOLLOUT|EPOLLRDHUP|EPOLLET, {u32=1699692704, u64=140112122822816}}) = -1 EPERM (Operation not permitted)
epoll_ctl(4, EPOLL_CTL_DEL, 3, 0xc00019b78c) = -1 EPERM (Operation not permitted)
read(3, "// Copyright 2015 The Go Authors"..., 4096) = 4096
close(3)                                = 0
openat(AT_FDCWD, "/home/isa/go-1.13/src/runtime/asm_mipsx.s", O_RDONLY|O_CLOEXEC) = 3
epoll_ctl(4, EPOLL_CTL_ADD, 3, {EPOLLIN|EPOLLOUT|EPOLLRDHUP|EPOLLET, {u32=1699692704, u64=140112122822816}}) = -1 EPERM (Operation not permitted)
epoll_ctl(4, EPOLL_CTL_DEL, 3, 0xc00019b78c) = -1 EPERM (Operation not permitted)
read(3, "// Copyright 2016 The Go Authors"..., 4096) = 4096
close(3)                                = 0
openat(AT_FDCWD, "/home/isa/go-1.13/src/runtime/asm_ppc64x.h", O_RDONLY|O_CLOEXEC) = 3
epoll_ctl(4, EPOLL_CTL_ADD, 3, {EPOLLIN|EPOLLOUT|EPOLLRDHUP|EPOLLET, {u32=1699692704, u64=140112122822816}}) = -1 EPERM (Operation not permitted)
epoll_ctl(4, EPOLL_CTL_DEL, 3, 0xc00019b78c) = -1 EPERM (Operation not permitted)
read(3, "// Copyright 2015 The Go Authors"..., 4096) = 1023
mmap(NULL, 262144, PROT_READ|PROT_WRITE, MAP_PRIVATE|MAP_ANONYMOUS, -1, 0) = 0x7f6e654ab000
close(3)                                = 0
openat(AT_FDCWD, "/home/isa/go-1.13/src/runtime/asm_ppc64x.s", O_RDONLY|O_CLOEXEC) = 3
epoll_ctl(4, EPOLL_CTL_ADD, 3, {EPOLLIN|EPOLLOUT|EPOLLRDHUP|EPOLLET, {u32=1699692704, u64=140112122822816}}) = -1 EPERM (Operation not permitted)
epoll_ctl(4, EPOLL_CTL_DEL, 3, 0xc00019b78c) = -1 EPERM (Operation not permitted)
read(3, "// Copyright 2014 The Go Authors"..., 4096) = 4096
close(3)                                = 0
openat(AT_FDCWD, "/home/isa/go-1.13/src/runtime/atomic_mips64x.s", O_RDONLY|O_CLOEXEC) = 3
epoll_ctl(4, EPOLL_CTL_ADD, 3, {EPOLLIN|EPOLLOUT|EPOLLRDHUP|EPOLLET, {u32=1699692704, u64=140112122822816}}) = -1 EPERM (Operation not permitted)
epoll_ctl(4, EPOLL_CTL_DEL, 3, 0xc00019b78c) = -1 EPERM (Operation not permitted)
read(3, "// Copyright 2015 The Go Authors"..., 4096) = 296
close(3)                                = 0
openat(AT_FDCWD, "/home/isa/go-1.13/src/runtime/atomic_mipsx.s", O_RDONLY|O_CLOEXEC) = 3
epoll_ctl(4, EPOLL_CTL_ADD, 3, {EPOLLIN|EPOLLOUT|EPOLLRDHUP|EPOLLET, {u32=1699692704, u64=140112122822816}}) = -1 EPERM (Operation not permitted)
epoll_ctl(4, EPOLL_CTL_DEL, 3, 0xc00019b78c) = -1 EPERM (Operation not permitted)
read(3, "// Copyright 2016 The Go Authors"..., 4096) = 258
close(3)                                = 0
openat(AT_FDCWD, "/home/isa/go-1.13/src/runtime/atomic_pointer.go", O_RDONLY|O_CLOEXEC) = 3
epoll_ctl(4, EPOLL_CTL_ADD, 3, {EPOLLIN|EPOLLOUT|EPOLLRDHUP|EPOLLET, {u32=1699692704, u64=140112122822816}}) = -1 EPERM (Operation not permitted)
epoll_ctl(4, EPOLL_CTL_DEL, 3, 0xc00019b78c) = -1 EPERM (Operation not permitted)
read(3, "// Copyright 2009 The Go Authors"..., 4096) = 2683
close(3)                                = 0
openat(AT_FDCWD, "/home/isa/go-1.13/src/runtime/atomic_ppc64x.s", O_RDONLY|O_CLOEXEC) = 3
epoll_ctl(4, EPOLL_CTL_ADD, 3, {EPOLLIN|EPOLLOUT|EPOLLRDHUP|EPOLLET, {u32=1699692704, u64=140112122822816}}) = -1 EPERM (Operation not permitted)
epoll_ctl(4, EPOLL_CTL_DEL, 3, 0xc00019b78c) = -1 EPERM (Operation not permitted)
read(3, "// Copyright 2014 The Go Authors"..., 4096) = 433
close(3)                                = 0
openat(AT_FDCWD, "/home/isa/go-1.13/src/runtime/auxv_none.go", O_RDONLY|O_CLOEXEC) = 3
epoll_ctl(4, EPOLL_CTL_ADD, 3, {EPOLLIN|EPOLLOUT|EPOLLRDHUP|EPOLLET, {u32=1699692704, u64=140112122822816}}) = -1 EPERM (Operation not permitted)
epoll_ctl(4, EPOLL_CTL_DEL, 3, 0xc00019b78c) = -1 EPERM (Operation not permitted)
read(3, "// Copyright 2014 The Go Authors"..., 4096) = 358
close(3)                                = 0
openat(AT_FDCWD, "/home/isa/go-1.13/src/runtime/callers_test.go", O_RDONLY|O_CLOEXEC) = 3
epoll_ctl(4, EPOLL_CTL_ADD, 3, {EPOLLIN|EPOLLOUT|EPOLLRDHUP|EPOLLET, {u32=1699692704, u64=140112122822816}}) = -1 EPERM (Operation not permitted)
epoll_ctl(4, EPOLL_CTL_DEL, 3, 0xc00019b78c) = -1 EPERM (Operation not permitted)
read(3, "// Copyright 2016 The Go Authors"..., 4096) = 1500
close(3)                                = 0
openat(AT_FDCWD, "/home/isa/go-1.13/src/runtime/cgo.go", O_RDONLY|O_CLOEXEC) = 3
epoll_ctl(4, EPOLL_CTL_ADD, 3, {EPOLLIN|EPOLLOUT|EPOLLRDHUP|EPOLLET, {u32=1699692704, u64=140112122822816}}) = -1 EPERM (Operation not permitted)
epoll_ctl(4, EPOLL_CTL_DEL, 3, 0xc00019b78c) = -1 EPERM (Operation not permitted)
read(3, "// Copyright 2014 The Go Authors"..., 4096) = 2055
close(3)                                = 0
openat(AT_FDCWD, "/home/isa/go-1.13/src/runtime/cgo_mmap.go", O_RDONLY|O_CLOEXEC) = 3
epoll_ctl(4, EPOLL_CTL_ADD, 3, {EPOLLIN|EPOLLOUT|EPOLLRDHUP|EPOLLET, {u32=1699692704, u64=140112122822816}}) = -1 EPERM (Operation not permitted)
epoll_ctl(4, EPOLL_CTL_DEL, 3, 0xc00019b78c) = -1 EPERM (Operation not permitted)
read(3, "// Copyright 2015 The Go Authors"..., 4096) = 2129
close(3)                                = 0
openat(AT_FDCWD, "/home/isa/go-1.13/src/runtime/cgo_ppc64x.go", O_RDONLY|O_CLOEXEC) = 3
epoll_ctl(4, EPOLL_CTL_ADD, 3, {EPOLLIN|EPOLLOUT|EPOLLRDHUP|EPOLLET, {u32=1699692704, u64=140112122822816}}) = -1 EPERM (Operation not permitted)
epoll_ctl(4, EPOLL_CTL_DEL, 3, 0xc00019b78c) = -1 EPERM (Operation not permitted)
read(3, "// Copyright 2015 The Go Authors"..., 4096) = 411
read(3, "", 4096)                       = 0
close(3)                                = 0
openat(AT_FDCWD, "/home/isa/go-1.13/src/runtime/cgo_sigaction.go", O_RDONLY|O_CLOEXEC) = 3
epoll_ctl(4, EPOLL_CTL_ADD, 3, {EPOLLIN|EPOLLOUT|EPOLLRDHUP|EPOLLET, {u32=1699692704, u64=140112122822816}}) = -1 EPERM (Operation not permitted)
epoll_ctl(4, EPOLL_CTL_DEL, 3, 0xc00019b78c) = -1 EPERM (Operation not permitted)
read(3, "// Copyright 2016 The Go Authors"..., 4096) = 3164
close(3)                                = 0
openat(AT_FDCWD, "/home/isa/go-1.13/src/runtime/cgocall.go", O_RDONLY|O_CLOEXEC) = 3
epoll_ctl(4, EPOLL_CTL_ADD, 3, {EPOLLIN|EPOLLOUT|EPOLLRDHUP|EPOLLET, {u32=1699692704, u64=140112122822816}}) = -1 EPERM (Operation not permitted)
epoll_ctl(4, EPOLL_CTL_DEL, 3, 0xc00019b78c) = -1 EPERM (Operation not permitted)
read(3, "// Copyright 2009 The Go Authors"..., 4096) = 4096
read(3, "e runtime\n\nimport (\n\t\"runtime/in"..., 4096) = 4096
close(3)                                = 0
openat(AT_FDCWD, "/home/isa/go-1.13/src/runtime/cgocallback.go", O_RDONLY|O_CLOEXEC) = 3
epoll_ctl(4, EPOLL_CTL_ADD, 3, {EPOLLIN|EPOLLOUT|EPOLLRDHUP|EPOLLET, {u32=1699692704, u64=140112122822816}}) = -1 EPERM (Operation not permitted)
epoll_ctl(4, EPOLL_CTL_DEL, 3, 0xc00019b78c) = -1 EPERM (Operation not permitted)
read(3, "// Copyright 2011 The Go Authors"..., 4096) = 317
close(3)                                = 0
openat(AT_FDCWD, "/home/isa/go-1.13/src/runtime/cgocheck.go", O_RDONLY|O_CLOEXEC) = 3
epoll_ctl(4, EPOLL_CTL_ADD, 3, {EPOLLIN|EPOLLOUT|EPOLLRDHUP|EPOLLET, {u32=1699692704, u64=140112122822816}}) = -1 EPERM (Operation not permitted)
epoll_ctl(4, EPOLL_CTL_DEL, 3, 0xc00019b78c) = -1 EPERM (Operation not permitted)
read(3, "// Copyright 2015 The Go Authors"..., 4096) = 4096
close(3)                                = 0
openat(AT_FDCWD, "/home/isa/go-1.13/src/runtime/chan.go", O_RDONLY|O_CLOEXEC) = 3
epoll_ctl(4, EPOLL_CTL_ADD, 3, {EPOLLIN|EPOLLOUT|EPOLLRDHUP|EPOLLET, {u32=1699692704, u64=140112122822816}}) = -1 EPERM (Operation not permitted)
epoll_ctl(4, EPOLL_CTL_DEL, 3, 0xc00019b78c) = -1 EPERM (Operation not permitted)
read(3, "// Copyright 2014 The Go Authors"..., 4096) = 4096
close(3)                                = 0
openat(AT_FDCWD, "/home/isa/go-1.13/src/runtime/chan_test.go", O_RDONLY|O_CLOEXEC) = 3
epoll_ctl(4, EPOLL_CTL_ADD, 3, {EPOLLIN|EPOLLOUT|EPOLLRDHUP|EPOLLET, {u32=1699692704, u64=140112122822816}}) = -1 EPERM (Operation not permitted)
epoll_ctl(4, EPOLL_CTL_DEL, 3, 0xc00019b78c) = -1 EPERM (Operation not permitted)
read(3, "// Copyright 2009 The Go Authors"..., 4096) = 4096
close(3)                                = 0
openat(AT_FDCWD, "/home/isa/go-1.13/src/runtime/chanbarrier_test.go", O_RDONLY|O_CLOEXEC) = 3
epoll_ctl(4, EPOLL_CTL_ADD, 3, {EPOLLIN|EPOLLOUT|EPOLLRDHUP|EPOLLET, {u32=1699692704, u64=140112122822816}}) = -1 EPERM (Operation not permitted)
epoll_ctl(4, EPOLL_CTL_DEL, 3, 0xc00019b78c) = -1 EPERM (Operation not permitted)
read(3, "// Copyright 2015 The Go Authors"..., 4096) = 1434
close(3)                                = 0
openat(AT_FDCWD, "/home/isa/go-1.13/src/runtime/closure_test.go", O_RDONLY|O_CLOEXEC) = 3
epoll_ctl(4, EPOLL_CTL_ADD, 3, {EPOLLIN|EPOLLOUT|EPOLLRDHUP|EPOLLET, {u32=1699692704, u64=140112122822816}}) = -1 EPERM (Operation not permitted)
epoll_ctl(4, EPOLL_CTL_DEL, 3, 0xc00019b78c) = -1 EPERM (Operation not permitted)
read(3, "// Copyright 2011 The Go Authors"..., 4096) = 936
close(3)                                = 0
openat(AT_FDCWD, "/home/isa/go-1.13/src/runtime/compiler.go", O_RDONLY|O_CLOEXEC) = 3
epoll_ctl(4, EPOLL_CTL_ADD, 3, {EPOLLIN|EPOLLOUT|EPOLLRDHUP|EPOLLET, {u32=1699692704, u64=140112122822816}}) = -1 EPERM (Operation not permitted)
epoll_ctl(4, EPOLL_CTL_DEL, 3, 0xc00019b78c) = -1 EPERM (Operation not permitted)
read(3, "// Copyright 2012 The Go Authors"..., 4096) = 413
close(3)                                = 0
openat(AT_FDCWD, "/home/isa/go-1.13/src/runtime/complex.go", O_RDONLY|O_CLOEXEC) = 3
epoll_ctl(4, EPOLL_CTL_ADD, 3, {EPOLLIN|EPOLLOUT|EPOLLRDHUP|EPOLLET, {u32=1699692704, u64=140112122822816}}) = -1 EPERM (Operation not permitted)
epoll_ctl(4, EPOLL_CTL_DEL, 3, 0xc00019b78c) = -1 EPERM (Operation not permitted)
read(3, "// Copyright 2010 The Go Authors"..., 4096) = 1629
close(3)                                = 0
openat(AT_FDCWD, "/home/isa/go-1.13/src/runtime/complex_test.go", O_RDONLY|O_CLOEXEC) = 3
epoll_ctl(4, EPOLL_CTL_ADD, 3, {EPOLLIN|EPOLLOUT|EPOLLRDHUP|EPOLLET, {u32=1699692704, u64=140112122822816}}) = -1 EPERM (Operation not permitted)
epoll_ctl(4, EPOLL_CTL_DEL, 3, 0xc00019b78c) = -1 EPERM (Operation not permitted)
read(3, "// Copyright 2012 The Go Authors"..., 4096) = 1077
close(3)                                = 0
openat(AT_FDCWD, "/home/isa/go-1.13/src/runtime/cpuflags.go", O_RDONLY|O_CLOEXEC) = 3
epoll_ctl(4, EPOLL_CTL_ADD, 3, {EPOLLIN|EPOLLOUT|EPOLLRDHUP|EPOLLET, {u32=1699692704, u64=140112122822816}}) = -1 EPERM (Operation not permitted)
epoll_ctl(4, EPOLL_CTL_DEL, 3, 0xc00019b78c) = -1 EPERM (Operation not permitted)
read(3, "// Copyright 2018 The Go Authors"..., 4096) = 650
close(3)                                = 0
openat(AT_FDCWD, "/home/isa/go-1.13/src/runtime/cpuflags_amd64.go", O_RDONLY|O_CLOEXEC) = 3
epoll_ctl(4, EPOLL_CTL_ADD, 3, {EPOLLIN|EPOLLOUT|EPOLLRDHUP|EPOLLET, {u32=1699692704, u64=140112122822816}}) = -1 EPERM (Operation not permitted)
epoll_ctl(4, EPOLL_CTL_DEL, 3, 0xc00019b78c) = -1 EPERM (Operation not permitted)
read(3, "// Copyright 2015 The Go Authors"..., 4096) = 533
close(3)                                = 0
openat(AT_FDCWD, "/home/isa/go-1.13/src/runtime/cpuprof.go", O_RDONLY|O_CLOEXEC) = 3
epoll_ctl(4, EPOLL_CTL_ADD, 3, {EPOLLIN|EPOLLOUT|EPOLLRDHUP|EPOLLET, {u32=1699692704, u64=140112122822816}}) = -1 EPERM (Operation not permitted)
epoll_ctl(4, EPOLL_CTL_DEL, 3, 0xc00019b78c) = -1 EPERM (Operation not permitted)
read(3, "// Copyright 2011 The Go Authors"..., 4096) = 4096
close(3)                                = 0
openat(AT_FDCWD, "/home/isa/go-1.13/src/runtime/cputicks.go", O_RDONLY|O_CLOEXEC) = 3
epoll_ctl(4, EPOLL_CTL_ADD, 3, {EPOLLIN|EPOLLOUT|EPOLLRDHUP|EPOLLET, {u32=1699692704, u64=140112122822816}}) = -1 EPERM (Operation not permitted)
epoll_ctl(4, EPOLL_CTL_DEL, 3, 0xc00019b78c) = -1 EPERM (Operation not permitted)
read(3, "// Copyright 2014 The Go Authors"..., 4096) = 478
close(3)                                = 0
openat(AT_FDCWD, "/home/isa/go-1.13/src/runtime/crash_cgo_test.go", O_RDONLY|O_CLOEXEC) = 3
epoll_ctl(4, EPOLL_CTL_ADD, 3, {EPOLLIN|EPOLLOUT|EPOLLRDHUP|EPOLLET, {u32=1699692704, u64=140112122822816}}) = -1 EPERM (Operation not permitted)
epoll_ctl(4, EPOLL_CTL_DEL, 3, 0xc00019b78c) = -1 EPERM (Operation not permitted)
read(3, "// Copyright 2012 The Go Authors"..., 4096) = 4096
close(3)                                = 0
openat(AT_FDCWD, "/home/isa/go-1.13/src/runtime/crash_nonunix_test.go", O_RDONLY|O_CLOEXEC) = 3
epoll_ctl(4, EPOLL_CTL_ADD, 3, {EPOLLIN|EPOLLOUT|EPOLLRDHUP|EPOLLET, {u32=1699692704, u64=140112122822816}}) = -1 EPERM (Operation not permitted)
epoll_ctl(4, EPOLL_CTL_DEL, 3, 0xc00019b78c) = -1 EPERM (Operation not permitted)
read(3, "// Copyright 2016 The Go Authors"..., 4096) = 390
close(3)                                = 0
openat(AT_FDCWD, "/home/isa/go-1.13/src/runtime/crash_test.go", O_RDONLY|O_CLOEXEC) = 3
epoll_ctl(4, EPOLL_CTL_ADD, 3, {EPOLLIN|EPOLLOUT|EPOLLRDHUP|EPOLLET, {u32=1699692704, u64=140112122822816}}) = -1 EPERM (Operation not permitted)
epoll_ctl(4, EPOLL_CTL_DEL, 3, 0xc00019b78c) = -1 EPERM (Operation not permitted)
read(3, "// Copyright 2012 The Go Authors"..., 4096) = 4096
close(3)                                = 0
openat(AT_FDCWD, "/home/isa/go-1.13/src/runtime/crash_unix_test.go", O_RDONLY|O_CLOEXEC) = 3
epoll_ctl(4, EPOLL_CTL_ADD, 3, {EPOLLIN|EPOLLOUT|EPOLLRDHUP|EPOLLET, {u32=1699692704, u64=140112122822816}}) = -1 EPERM (Operation not permitted)
epoll_ctl(4, EPOLL_CTL_DEL, 3, 0xc00019b78c) = -1 EPERM (Operation not permitted)
read(3, "// Copyright 2012 The Go Authors"..., 4096) = 4096
close(3)                                = 0
openat(AT_FDCWD, "/home/isa/go-1.13/src/runtime/debug.go", O_RDONLY|O_CLOEXEC) = 3
epoll_ctl(4, EPOLL_CTL_ADD, 3, {EPOLLIN|EPOLLOUT|EPOLLRDHUP|EPOLLET, {u32=1699692704, u64=140112122822816}}) = -1 EPERM (Operation not permitted)
epoll_ctl(4, EPOLL_CTL_DEL, 3, 0xc00019b78c) = -1 EPERM (Operation not permitted)
read(3, "// Copyright 2009 The Go Authors"..., 4096) = 1673
close(3)                                = 0
openat(AT_FDCWD, "/home/isa/go-1.13/src/runtime/debug_test.go", O_RDONLY|O_CLOEXEC) = 3
epoll_ctl(4, EPOLL_CTL_ADD, 3, {EPOLLIN|EPOLLOUT|EPOLLRDHUP|EPOLLET, {u32=1699692704, u64=140112122822816}}) = -1 EPERM (Operation not permitted)
epoll_ctl(4, EPOLL_CTL_DEL, 3, 0xc00019b78c) = -1 EPERM (Operation not permitted)
read(3, "// Copyright 2018 The Go Authors"..., 4096) = 4096
close(3)                                = 0
openat(AT_FDCWD, "/home/isa/go-1.13/src/runtime/debugcall.go", O_RDONLY|O_CLOEXEC) = 3
epoll_ctl(4, EPOLL_CTL_ADD, 3, {EPOLLIN|EPOLLOUT|EPOLLRDHUP|EPOLLET, {u32=1699692704, u64=140112122822816}}) = -1 EPERM (Operation not permitted)
epoll_ctl(4, EPOLL_CTL_DEL, 3, 0xc00019b78c) = -1 EPERM (Operation not permitted)
read(3, "// Copyright 2018 The Go Authors"..., 4096) = 2899
close(3)                                = 0
openat(AT_FDCWD, "/home/isa/go-1.13/src/runtime/debuglog.go", O_RDONLY|O_CLOEXEC) = 3
epoll_ctl(4, EPOLL_CTL_ADD, 3, {EPOLLIN|EPOLLOUT|EPOLLRDHUP|EPOLLET, {u32=1699692704, u64=140112122822816}}) = -1 EPERM (Operation not permitted)
epoll_ctl(4, EPOLL_CTL_DEL, 3, 0xc00019b78c) = -1 EPERM (Operation not permitted)
read(3, "// Copyright 2019 The Go Authors"..., 4096) = 4096
close(3)                                = 0
openat(AT_FDCWD, "/home/isa/go-1.13/src/runtime/debuglog_off.go", O_RDONLY|O_CLOEXEC) = 3
epoll_ctl(4, EPOLL_CTL_ADD, 3, {EPOLLIN|EPOLLOUT|EPOLLRDHUP|EPOLLET, {u32=1699692704, u64=140112122822816}}) = -1 EPERM (Operation not permitted)
epoll_ctl(4, EPOLL_CTL_DEL, 3, 0xc00019b78c) = -1 EPERM (Operation not permitted)
read(3, "// Copyright 2019 The Go Authors"..., 4096) = 356
close(3)                                = 0
openat(AT_FDCWD, "/home/isa/go-1.13/src/runtime/debuglog_on.go", O_RDONLY|O_CLOEXEC) = 3
epoll_ctl(4, EPOLL_CTL_ADD, 3, {EPOLLIN|EPOLLOUT|EPOLLRDHUP|EPOLLET, {u32=1699692704, u64=140112122822816}}) = -1 EPERM (Operation not permitted)
epoll_ctl(4, EPOLL_CTL_DEL, 3, 0xc00019b78c) = -1 EPERM (Operation not permitted)
read(3, "// Copyright 2019 The Go Authors"..., 4096) = 1119
close(3)                                = 0
openat(AT_FDCWD, "/home/isa/go-1.13/src/runtime/debuglog_test.go", O_RDONLY|O_CLOEXEC) = 3
epoll_ctl(4, EPOLL_CTL_ADD, 3, {EPOLLIN|EPOLLOUT|EPOLLRDHUP|EPOLLET, {u32=1699692704, u64=140112122822816}}) = -1 EPERM (Operation not permitted)
epoll_ctl(4, EPOLL_CTL_DEL, 3, 0xc00019b78c) = -1 EPERM (Operation not permitted)
read(3, "// Copyright 2019 The Go Authors"..., 4096) = 4096
close(3)                                = 0
openat(AT_FDCWD, "/home/isa/go-1.13/src/runtime/defs1_linux.go", O_RDONLY|O_CLOEXEC) = 3
epoll_ctl(4, EPOLL_CTL_ADD, 3, {EPOLLIN|EPOLLOUT|EPOLLRDHUP|EPOLLET, {u32=1699692704, u64=140112122822816}}) = -1 EPERM (Operation not permitted)
epoll_ctl(4, EPOLL_CTL_DEL, 3, 0xc00019b78c) = -1 EPERM (Operation not permitted)
read(3, "// Copyright 2009 The Go Authors"..., 4096) = 816
close(3)                                = 0
openat(AT_FDCWD, "/home/isa/go-1.13/src/runtime/defs2_linux.go", O_RDONLY|O_CLOEXEC) = 3
epoll_ctl(4, EPOLL_CTL_ADD, 3, {EPOLLIN|EPOLLOUT|EPOLLRDHUP|EPOLLET, {u32=1699692704, u64=140112122822816}}) = -1 EPERM (Operation not permitted)
epoll_ctl(4, EPOLL_CTL_DEL, 3, 0xc00019b78c) = -1 EPERM (Operation not permitted)
read(3, "// Copyright 2009 The Go Authors"..., 4096) = 3590
close(3)                                = 0
openat(AT_FDCWD, "/home/isa/go-1.13/src/runtime/defs3_linux.go", O_RDONLY|O_CLOEXEC) = 3
epoll_ctl(4, EPOLL_CTL_ADD, 3, {EPOLLIN|EPOLLOUT|EPOLLRDHUP|EPOLLET, {u32=1699692704, u64=140112122822816}}) = -1 EPERM (Operation not permitted)
epoll_ctl(4, EPOLL_CTL_DEL, 3, 0xc00019b78c) = -1 EPERM (Operation not permitted)
read(3, "// Copyright 2014 The Go Authors"..., 4096) = 1117
close(3)                                = 0
openat(AT_FDCWD, "/home/isa/go-1.13/src/runtime/defs_arm_linux.go", O_RDONLY|O_CLOEXEC) = 3
epoll_ctl(4, EPOLL_CTL_ADD, 3, {EPOLLIN|EPOLLOUT|EPOLLRDHUP|EPOLLET, {u32=1699692704, u64=140112122822816}}) = -1 EPERM (Operation not permitted)
epoll_ctl(4, EPOLL_CTL_DEL, 3, 0xc00019b78c) = -1 EPERM (Operation not permitted)
read(3, "// Copyright 2009 The Go Authors"..., 4096) = 2733
close(3)                                = 0
openat(AT_FDCWD, "/home/isa/go-1.13/src/runtime/defs_linux.go", O_RDONLY|O_CLOEXEC) = 3
epoll_ctl(4, EPOLL_CTL_ADD, 3, {EPOLLIN|EPOLLOUT|EPOLLRDHUP|EPOLLET, {u32=1699692704, u64=140112122822816}}) = -1 EPERM (Operation not permitted)
epoll_ctl(4, EPOLL_CTL_DEL, 3, 0xc00019b78c) = -1 EPERM (Operation not permitted)
read(3, "// Copyright 2009 The Go Authors"..., 4096) = 3090
close(3)                                = 0
openat(AT_FDCWD, "/home/isa/go-1.13/src/runtime/defs_linux_amd64.go", O_RDONLY|O_CLOEXEC) = 3
epoll_ctl(4, EPOLL_CTL_ADD, 3, {EPOLLIN|EPOLLOUT|EPOLLRDHUP|EPOLLET, {u32=1699692704, u64=140112122822816}}) = -1 EPERM (Operation not permitted)
epoll_ctl(4, EPOLL_CTL_DEL, 3, 0xc00019b78c) = -1 EPERM (Operation not permitted)
read(3, "// created by cgo -cdefs and the"..., 4096) = 4096
close(3)                                = 0
openat(AT_FDCWD, "/home/isa/go-1.13/src/runtime/defs_linux_mips64x.go", O_RDONLY|O_CLOEXEC) = 3
epoll_ctl(4, EPOLL_CTL_ADD, 3, {EPOLLIN|EPOLLOUT|EPOLLRDHUP|EPOLLET, {u32=1699692704, u64=140112122822816}}) = -1 EPERM (Operation not permitted)
epoll_ctl(4, EPOLL_CTL_DEL, 3, 0xc00019b78c) = -1 EPERM (Operation not permitted)
read(3, "// +build mips64 mips64le\n// +bu"..., 4096) = 3077
close(3)                                = 0
openat(AT_FDCWD, "/home/isa/go-1.13/src/runtime/defs_linux_mipsx.go", O_RDONLY|O_CLOEXEC) = 3
epoll_ctl(4, EPOLL_CTL_ADD, 3, {EPOLLIN|EPOLLOUT|EPOLLRDHUP|EPOLLET, {u32=1699692704, u64=140112122822816}}) = -1 EPERM (Operation not permitted)
epoll_ctl(4, EPOLL_CTL_DEL, 3, 0xc00019b78c) = -1 EPERM (Operation not permitted)
read(3, "// Copyright 2016 The Go Authors"..., 4096) = 3216
close(3)                                = 0
openat(AT_FDCWD, "/home/isa/go-1.13/src/runtime/duff_amd64.s", O_RDONLY|O_CLOEXEC) = 3
epoll_ctl(4, EPOLL_CTL_ADD, 3, {EPOLLIN|EPOLLOUT|EPOLLRDHUP|EPOLLET, {u32=1699692704, u64=140112122822816}}) = -1 EPERM (Operation not permitted)
epoll_ctl(4, EPOLL_CTL_DEL, 3, 0xc00019b78c) = -1 EPERM (Operation not permitted)
read(3, "// Code generated by mkduff.go; "..., 4096) = 4096
close(3)                                = 0
openat(AT_FDCWD, "/home/isa/go-1.13/src/runtime/duff_mips64x.s", O_RDONLY|O_CLOEXEC) = 3
epoll_ctl(4, EPOLL_CTL_ADD, 3, {EPOLLIN|EPOLLOUT|EPOLLRDHUP|EPOLLET, {u32=1699692704, u64=140112122822816}}) = -1 EPERM (Operation not permitted)
epoll_ctl(4, EPOLL_CTL_DEL, 3, 0xc00019b78c) = -1 EPERM (Operation not permitted)
read(3, "// Code generated by mkduff.go; "..., 4096) = 4096
close(3)                                = 0
openat(AT_FDCWD, "/home/isa/go-1.13/src/runtime/duff_ppc64x.s", O_RDONLY|O_CLOEXEC) = 3
epoll_ctl(4, EPOLL_CTL_ADD, 3, {EPOLLIN|EPOLLOUT|EPOLLRDHUP|EPOLLET, {u32=1699692704, u64=140112122822816}}) = -1 EPERM (Operation not permitted)
epoll_ctl(4, EPOLL_CTL_DEL, 3, 0xc00019b78c) = -1 EPERM (Operation not permitted)
read(3, "// Code generated by mkduff.go; "..., 4096) = 2511
close(3)                                = 0
openat(AT_FDCWD, "/home/isa/go-1.13/src/runtime/env_posix.go", O_RDONLY|O_CLOEXEC) = 3
epoll_ctl(4, EPOLL_CTL_ADD, 3, {EPOLLIN|EPOLLOUT|EPOLLRDHUP|EPOLLET, {u32=1699692704, u64=140112122822816}}) = -1 EPERM (Operation not permitted)
epoll_ctl(4, EPOLL_CTL_DEL, 3, 0xc00019b78c) = -1 EPERM (Operation not permitted)
read(3, "// Copyright 2012 The Go Authors"..., 4096) = 1869
close(3)                                = 0
openat(AT_FDCWD, "/home/isa/go-1.13/src/runtime/env_test.go", O_RDONLY|O_CLOEXEC) = 3
epoll_ctl(4, EPOLL_CTL_ADD, 3, {EPOLLIN|EPOLLOUT|EPOLLRDHUP|EPOLLET, {u32=1699692704, u64=140112122822816}}) = -1 EPERM (Operation not permitted)
epoll_ctl(4, EPOLL_CTL_DEL, 3, 0xc00019b78c) = -1 EPERM (Operation not permitted)
read(3, "// Copyright 2015 The Go Authors"..., 4096) = 1308
close(3)                                = 0
openat(AT_FDCWD, "/home/isa/go-1.13/src/runtime/error.go", O_RDONLY|O_CLOEXEC) = 3
epoll_ctl(4, EPOLL_CTL_ADD, 3, {EPOLLIN|EPOLLOUT|EPOLLRDHUP|EPOLLET, {u32=1699692704, u64=140112122822816}}) = -1 EPERM (Operation not permitted)
epoll_ctl(4, EPOLL_CTL_DEL, 3, 0xc00019b78c) = -1 EPERM (Operation not permitted)
read(3, "// Copyright 2010 The Go Authors"..., 4096) = 4096
close(3)                                = 0
openat(AT_FDCWD, "/home/isa/go-1.13/src/runtime/example_test.go", O_RDONLY|O_CLOEXEC) = 3
epoll_ctl(4, EPOLL_CTL_ADD, 3, {EPOLLIN|EPOLLOUT|EPOLLRDHUP|EPOLLET, {u32=1699692704, u64=140112122822816}}) = -1 EPERM (Operation not permitted)
epoll_ctl(4, EPOLL_CTL_DEL, 3, 0xc00019b78c) = -1 EPERM (Operation not permitted)
read(3, "// Copyright 2017 The Go Authors"..., 4096) = 1374
close(3)                                = 0
openat(AT_FDCWD, "/home/isa/go-1.13/src/runtime/export_debug_test.go", O_RDONLY|O_CLOEXEC) = 3
epoll_ctl(4, EPOLL_CTL_ADD, 3, {EPOLLIN|EPOLLOUT|EPOLLRDHUP|EPOLLET, {u32=1699692704, u64=140112122822816}}) = -1 EPERM (Operation not permitted)
epoll_ctl(4, EPOLL_CTL_DEL, 3, 0xc00019b78c) = -1 EPERM (Operation not permitted)
read(3, "// Copyright 2018 The Go Authors"..., 4096) = 4096
close(3)                                = 0
openat(AT_FDCWD, "/home/isa/go-1.13/src/runtime/export_debuglog_test.go", O_RDONLY|O_CLOEXEC) = 3
epoll_ctl(4, EPOLL_CTL_ADD, 3, {EPOLLIN|EPOLLOUT|EPOLLRDHUP|EPOLLET, {u32=1699692704, u64=140112122822816}}) = -1 EPERM (Operation not permitted)
epoll_ctl(4, EPOLL_CTL_DEL, 3, 0xc00019b78c) = -1 EPERM (Operation not permitted)
read(3, "// Copyright 2019 The Go Authors"..., 4096) = 1301
close(3)                                = 0
openat(AT_FDCWD, "/home/isa/go-1.13/src/runtime/export_futex_test.go", O_RDONLY|O_CLOEXEC) = 3
epoll_ctl(4, EPOLL_CTL_ADD, 3, {EPOLLIN|EPOLLOUT|EPOLLRDHUP|EPOLLET, {u32=1699692704, u64=140112122822816}}) = -1 EPERM (Operation not permitted)
epoll_ctl(4, EPOLL_CTL_DEL, 3, 0xc00019b78c) = -1 EPERM (Operation not permitted)
read(3, "// Copyright 2013 The Go Authors"..., 4096) = 270
close(3)                                = 0
openat(AT_FDCWD, "/home/isa/go-1.13/src/runtime/export_linux_test.go", O_RDONLY|O_CLOEXEC) = 3
epoll_ctl(4, EPOLL_CTL_ADD, 3, {EPOLLIN|EPOLLOUT|EPOLLRDHUP|EPOLLET, {u32=1699692704, u64=140112122822816}}) = -1 EPERM (Operation not permitted)
epoll_ctl(4, EPOLL_CTL_DEL, 3, 0xc00019b78c) = -1 EPERM (Operation not permitted)
read(3, "// Copyright 2015 The Go Authors"..., 4096) = 387
close(3)                                = 0
openat(AT_FDCWD, "/home/isa/go-1.13/src/runtime/export_mmap_test.go", O_RDONLY|O_CLOEXEC) = 3
epoll_ctl(4, EPOLL_CTL_ADD, 3, {EPOLLIN|EPOLLOUT|EPOLLRDHUP|EPOLLET, {u32=1699692704, u64=140112122822816}}) = -1 EPERM (Operation not permitted)
epoll_ctl(4, EPOLL_CTL_DEL, 3, 0xc00019b78c) = -1 EPERM (Operation not permitted)
read(3, "// Copyright 2016 The Go Authors"..., 4096) = 486
close(3)                                = 0
openat(AT_FDCWD, "/home/isa/go-1.13/src/runtime/export_test.go", O_RDONLY|O_CLOEXEC) = 3
epoll_ctl(4, EPOLL_CTL_ADD, 3, {EPOLLIN|EPOLLOUT|EPOLLRDHUP|EPOLLET, {u32=1699692704, u64=140112122822816}}) = -1 EPERM (Operation not permitted)
epoll_ctl(4, EPOLL_CTL_DEL, 3, 0xc00019b78c) = -1 EPERM (Operation not permitted)
read(3, "// Copyright 2010 The Go Authors"..., 4096) = 4096
close(3)                                = 0
openat(AT_FDCWD, "/home/isa/go-1.13/src/runtime/export_unix_test.go", O_RDONLY|O_CLOEXEC) = 3
epoll_ctl(4, EPOLL_CTL_ADD, 3, {EPOLLIN|EPOLLOUT|EPOLLRDHUP|EPOLLET, {u32=1699692704, u64=140112122822816}}) = -1 EPERM (Operation not permitted)
epoll_ctl(4, EPOLL_CTL_DEL, 3, 0xc00019b78c) = -1 EPERM (Operation not permitted)
read(3, "// Copyright 2017 The Go Authors"..., 4096) = 484
close(3)                                = 0
openat(AT_FDCWD, "/home/isa/go-1.13/src/runtime/extern.go", O_RDONLY|O_CLOEXEC) = 3
epoll_ctl(4, EPOLL_CTL_ADD, 3, {EPOLLIN|EPOLLOUT|EPOLLRDHUP|EPOLLET, {u32=1699692704, u64=140112122822816}}) = -1 EPERM (Operation not permitted)
epoll_ctl(4, EPOLL_CTL_DEL, 3, 0xc00019b78c) = -1 EPERM (Operation not permitted)
read(3, "// Copyright 2009 The Go Authors"..., 4096) = 4096
read(3, "the system is called scavenging."..., 4096) = 4096
read(3, "ack function allows increasing t"..., 4096) = 3274
close(3)                                = 0
openat(AT_FDCWD, "/home/isa/go-1.13/src/runtime/fastlog2.go", O_RDONLY|O_CLOEXEC) = 3
epoll_ctl(4, EPOLL_CTL_ADD, 3, {EPOLLIN|EPOLLOUT|EPOLLRDHUP|EPOLLET, {u32=1699692704, u64=140112122822816}}) = -1 EPERM (Operation not permitted)
epoll_ctl(4, EPOLL_CTL_DEL, 3, 0xc00019b78c) = -1 EPERM (Operation not permitted)
read(3, "// Copyright 2015 The Go Authors"..., 4096) = 1249
close(3)                                = 0
openat(AT_FDCWD, "/home/isa/go-1.13/src/runtime/fastlog2_test.go", O_RDONLY|O_CLOEXEC) = 3
epoll_ctl(4, EPOLL_CTL_ADD, 3, {EPOLLIN|EPOLLOUT|EPOLLRDHUP|EPOLLET, {u32=1699692704, u64=140112122822816}}) = -1 EPERM (Operation not permitted)
epoll_ctl(4, EPOLL_CTL_DEL, 3, 0xc00019b78c) = -1 EPERM (Operation not permitted)
read(3, "// Copyright 2015 The Go Authors"..., 4096) = 784
close(3)                                = 0
openat(AT_FDCWD, "/home/isa/go-1.13/src/runtime/fastlog2table.go", O_RDONLY|O_CLOEXEC) = 3
epoll_ctl(4, EPOLL_CTL_ADD, 3, {EPOLLIN|EPOLLOUT|EPOLLRDHUP|EPOLLET, {u32=1699692704, u64=140112122822816}}) = -1 EPERM (Operation not permitted)
epoll_ctl(4, EPOLL_CTL_DEL, 3, 0xc00019b78c) = -1 EPERM (Operation not permitted)
read(3, "// Code generated by mkfastlog2t"..., 4096) = 904
close(3)                                = 0
openat(AT_FDCWD, "/home/isa/go-1.13/src/runtime/float.go", O_RDONLY|O_CLOEXEC) = 3
epoll_ctl(4, EPOLL_CTL_ADD, 3, {EPOLLIN|EPOLLOUT|EPOLLRDHUP|EPOLLET, {u32=1699692704, u64=140112122822816}}) = -1 EPERM (Operation not permitted)
epoll_ctl(4, EPOLL_CTL_DEL, 3, 0xc00019b78c) = -1 EPERM (Operation not permitted)
read(3, "// Copyright 2017 The Go Authors"..., 4096) = 1382
close(3)                                = 0
openat(AT_FDCWD, "/home/isa/go-1.13/src/runtime/funcdata.h", O_RDONLY|O_CLOEXEC) = 3
epoll_ctl(4, EPOLL_CTL_ADD, 3, {EPOLLIN|EPOLLOUT|EPOLLRDHUP|EPOLLET, {u32=1699692704, u64=140112122822816}}) = -1 EPERM (Operation not permitted)
epoll_ctl(4, EPOLL_CTL_DEL, 3, 0xc00019b78c) = -1 EPERM (Operation not permitted)
read(3, "// Copyright 2013 The Go Authors"..., 4096) = 2418
close(3)                                = 0
openat(AT_FDCWD, "/home/isa/go-1.13/src/runtime/futex_test.go", O_RDONLY|O_CLOEXEC) = 3
epoll_ctl(4, EPOLL_CTL_ADD, 3, {EPOLLIN|EPOLLOUT|EPOLLRDHUP|EPOLLET, {u32=1699692704, u64=140112122822816}}) = -1 EPERM (Operation not permitted)
epoll_ctl(4, EPOLL_CTL_DEL, 3, 0xc00019b78c) = -1 EPERM (Operation not permitted)
read(3, "// Copyright 2013 The Go Authors"..., 4096) = 2150
close(3)                                = 0
openat(AT_FDCWD, "/home/isa/go-1.13/src/runtime/gc_test.go", O_RDONLY|O_CLOEXEC) = 3
epoll_ctl(4, EPOLL_CTL_ADD, 3, {EPOLLIN|EPOLLOUT|EPOLLRDHUP|EPOLLET, {u32=1699692704, u64=140112122822816}}) = -1 EPERM (Operation not permitted)
epoll_ctl(4, EPOLL_CTL_DEL, 3, 0xc00019b78c) = -1 EPERM (Operation not permitted)
read(3, "// Copyright 2011 The Go Authors"..., 4096) = 4096
close(3)                                = 0
openat(AT_FDCWD, "/home/isa/go-1.13/src/runtime/gcinfo_test.go", O_RDONLY|O_CLOEXEC) = 3
epoll_ctl(4, EPOLL_CTL_ADD, 3, {EPOLLIN|EPOLLOUT|EPOLLRDHUP|EPOLLET, {u32=1699692704, u64=140112122822816}}) = -1 EPERM (Operation not permitted)
epoll_ctl(4, EPOLL_CTL_DEL, 3, 0xc00019b78c) = -1 EPERM (Operation not permitted)
read(3, "// Copyright 2014 The Go Authors"..., 4096) = 4096
close(3)                                = 0
openat(AT_FDCWD, "/home/isa/go-1.13/src/runtime/go_tls.h", O_RDONLY|O_CLOEXEC) = 3
epoll_ctl(4, EPOLL_CTL_ADD, 3, {EPOLLIN|EPOLLOUT|EPOLLRDHUP|EPOLLET, {u32=1699692704, u64=140112122822816}}) = -1 EPERM (Operation not permitted)
epoll_ctl(4, EPOLL_CTL_DEL, 3, 0xc00019b78c) = -1 EPERM (Operation not permitted)
read(3, "// Copyright 2014 The Go Authors"..., 4096) = 453
close(3)                                = 0
openat(AT_FDCWD, "/home/isa/go-1.13/src/runtime/hash32.go", O_RDONLY|O_CLOEXEC) = 3
epoll_ctl(4, EPOLL_CTL_ADD, 3, {EPOLLIN|EPOLLOUT|EPOLLRDHUP|EPOLLET, {u32=1699692704, u64=140112122822816}}) = -1 EPERM (Operation not permitted)
epoll_ctl(4, EPOLL_CTL_DEL, 3, 0xc00019b78c) = -1 EPERM (Operation not permitted)
read(3, "// Copyright 2014 The Go Authors"..., 4096) = 2566
close(3)                                = 0
openat(AT_FDCWD, "/home/isa/go-1.13/src/runtime/hash64.go", O_RDONLY|O_CLOEXEC) = 3
epoll_ctl(4, EPOLL_CTL_ADD, 3, {EPOLLIN|EPOLLOUT|EPOLLRDHUP|EPOLLET, {u32=1699692704, u64=140112122822816}}) = -1 EPERM (Operation not permitted)
epoll_ctl(4, EPOLL_CTL_DEL, 3, 0xc00019b78c) = -1 EPERM (Operation not permitted)
read(3, "// Copyright 2014 The Go Authors"..., 4096) = 2661
close(3)                                = 0
openat(AT_FDCWD, "/home/isa/go-1.13/src/runtime/hash_test.go", O_RDONLY|O_CLOEXEC) = 3
epoll_ctl(4, EPOLL_CTL_ADD, 3, {EPOLLIN|EPOLLOUT|EPOLLRDHUP|EPOLLET, {u32=1699692704, u64=140112122822816}}) = -1 EPERM (Operation not permitted)
epoll_ctl(4, EPOLL_CTL_DEL, 3, 0xc00019b78c) = -1 EPERM (Operation not permitted)
read(3, "// Copyright 2013 The Go Authors"..., 4096) = 4096
close(3)                                = 0
openat(AT_FDCWD, "/home/isa/go-1.13/src/runtime/heapdump.go", O_RDONLY|O_CLOEXEC) = 3
epoll_ctl(4, EPOLL_CTL_ADD, 3, {EPOLLIN|EPOLLOUT|EPOLLRDHUP|EPOLLET, {u32=1699692704, u64=140112122822816}}) = -1 EPERM (Operation not permitted)
epoll_ctl(4, EPOLL_CTL_DEL, 3, 0xc00019b78c) = -1 EPERM (Operation not permitted)
read(3, "// Copyright 2014 The Go Authors"..., 4096) = 4096
close(3)                                = 0
openat(AT_FDCWD, "/home/isa/go-1.13/src/runtime/iface.go", O_RDONLY|O_CLOEXEC) = 3
epoll_ctl(4, EPOLL_CTL_ADD, 3, {EPOLLIN|EPOLLOUT|EPOLLRDHUP|EPOLLET, {u32=1699692704, u64=140112122822816}}) = -1 EPERM (Operation not permitted)
epoll_ctl(4, EPOLL_CTL_DEL, 3, 0xc00019b78c) = -1 EPERM (Operation not permitted)
read(3, "// Copyright 2014 The Go Authors"..., 4096) = 4096
close(3)                                = 0
openat(AT_FDCWD, "/home/isa/go-1.13/src/runtime/iface_test.go", O_RDONLY|O_CLOEXEC) = 3
epoll_ctl(4, EPOLL_CTL_ADD, 3, {EPOLLIN|EPOLLOUT|EPOLLRDHUP|EPOLLET, {u32=1699692704, u64=140112122822816}}) = -1 EPERM (Operation not permitted)
epoll_ctl(4, EPOLL_CTL_DEL, 3, 0xc00019b78c) = -1 EPERM (Operation not permitted)
read(3, "// Copyright 2012 The Go Authors"..., 4096) = 4096
close(3)                                = 0
openat(AT_FDCWD, "/home/isa/go-1.13/src/runtime/lfstack.go", O_RDONLY|O_CLOEXEC) = 3
epoll_ctl(4, EPOLL_CTL_ADD, 3, {EPOLLIN|EPOLLOUT|EPOLLRDHUP|EPOLLET, {u32=1699692704, u64=140112122822816}}) = -1 EPERM (Operation not permitted)
epoll_ctl(4, EPOLL_CTL_DEL, 3, 0xc00019b78c) = -1 EPERM (Operation not permitted)
read(3, "// Copyright 2012 The Go Authors"..., 4096) = 1809
close(3)                                = 0
openat(AT_FDCWD, "/home/isa/go-1.13/src/runtime/lfstack_32bit.go", O_RDONLY|O_CLOEXEC) = 3
epoll_ctl(4, EPOLL_CTL_ADD, 3, {EPOLLIN|EPOLLOUT|EPOLLRDHUP|EPOLLET, {u32=1699692704, u64=140112122822816}}) = -1 EPERM (Operation not permitted)
epoll_ctl(4, EPOLL_CTL_DEL, 3, 0xc00019b78c) = -1 EPERM (Operation not permitted)
read(3, "// Copyright 2014 The Go Authors"..., 4096) = 527
close(3)                                = 0
openat(AT_FDCWD, "/home/isa/go-1.13/src/runtime/lfstack_64bit.go", O_RDONLY|O_CLOEXEC) = 3
epoll_ctl(4, EPOLL_CTL_ADD, 3, {EPOLLIN|EPOLLOUT|EPOLLRDHUP|EPOLLET, {u32=1699692704, u64=140112122822816}}) = -1 EPERM (Operation not permitted)
epoll_ctl(4, EPOLL_CTL_DEL, 3, 0xc00019b78c) = -1 EPERM (Operation not permitted)
read(3, "// Copyright 2014 The Go Authors"..., 4096) = 2190
close(3)                                = 0
openat(AT_FDCWD, "/home/isa/go-1.13/src/runtime/lfstack_test.go", O_RDONLY|O_CLOEXEC) = 3
epoll_ctl(4, EPOLL_CTL_ADD, 3, {EPOLLIN|EPOLLOUT|EPOLLRDHUP|EPOLLET, {u32=1699692704, u64=140112122822816}}) = -1 EPERM (Operation not permitted)
epoll_ctl(4, EPOLL_CTL_DEL, 3, 0xc00019b78c) = -1 EPERM (Operation not permitted)
read(3, "// Copyright 2012 The Go Authors"..., 4096) = 2844
close(3)                                = 0
openat(AT_FDCWD, "/home/isa/go-1.13/src/runtime/lock_futex.go", O_RDONLY|O_CLOEXEC) = 3
epoll_ctl(4, EPOLL_CTL_ADD, 3, {EPOLLIN|EPOLLOUT|EPOLLRDHUP|EPOLLET, {u32=1699692704, u64=140112122822816}}) = -1 EPERM (Operation not permitted)
epoll_ctl(4, EPOLL_CTL_DEL, 3, 0xc00019b78c) = -1 EPERM (Operation not permitted)
read(3, "// Copyright 2011 The Go Authors"..., 4096) = 4096
close(3)                                = 0
openat(AT_FDCWD, "/home/isa/go-1.13/src/runtime/lock_sema.go", O_RDONLY|O_CLOEXEC) = 3
epoll_ctl(4, EPOLL_CTL_ADD, 3, {EPOLLIN|EPOLLOUT|EPOLLRDHUP|EPOLLET, {u32=1699692704, u64=140112122822816}}) = -1 EPERM (Operation not permitted)
epoll_ctl(4, EPOLL_CTL_DEL, 3, 0xc00019b78c) = -1 EPERM (Operation not permitted)
read(3, "// Copyright 2011 The Go Authors"..., 4096) = 4096
close(3)                                = 0
openat(AT_FDCWD, "/home/isa/go-1.13/src/runtime/malloc.go", O_RDONLY|O_CLOEXEC) = 3
epoll_ctl(4, EPOLL_CTL_ADD, 3, {EPOLLIN|EPOLLOUT|EPOLLRDHUP|EPOLLET, {u32=1699692704, u64=140112122822816}}) = -1 EPERM (Operation not permitted)
epoll_ctl(4, EPOLL_CTL_DEL, 3, 0xc00019b78c) = -1 EPERM (Operation not permitted)
read(3, "// Copyright 2014 The Go Authors"..., 4096) = 4096
read(3, "sists of a single, large L2 map."..., 4096) = 4096
close(3)                                = 0
openat(AT_FDCWD, "/home/isa/go-1.13/src/runtime/malloc_test.go", O_RDONLY|O_CLOEXEC) = 3
epoll_ctl(4, EPOLL_CTL_ADD, 3, {EPOLLIN|EPOLLOUT|EPOLLRDHUP|EPOLLET, {u32=1699692704, u64=140112122822816}}) = -1 EPERM (Operation not permitted)
epoll_ctl(4, EPOLL_CTL_DEL, 3, 0xc00019b78c) = -1 EPERM (Operation not permitted)
read(3, "// Copyright 2013 The Go Authors"..., 4096) = 4096
close(3)                                = 0
openat(AT_FDCWD, "/home/isa/go-1.13/src/runtime/map.go", O_RDONLY|O_CLOEXEC) = 3
epoll_ctl(4, EPOLL_CTL_ADD, 3, {EPOLLIN|EPOLLOUT|EPOLLRDHUP|EPOLLET, {u32=1699692704, u64=140112122822816}}) = -1 EPERM (Operation not permitted)
epoll_ctl(4, EPOLL_CTL_DEL, 3, 0xc00019b78c) = -1 EPERM (Operation not permitted)
read(3, "// Copyright 2014 The Go Authors"..., 4096) = 4096
close(3)                                = 0
openat(AT_FDCWD, "/home/isa/go-1.13/src/runtime/map_benchmark_test.go", O_RDONLY|O_CLOEXEC) = 3
epoll_ctl(4, EPOLL_CTL_ADD, 3, {EPOLLIN|EPOLLOUT|EPOLLRDHUP|EPOLLET, {u32=1699692704, u64=140112122822816}}) = -1 EPERM (Operation not permitted)
epoll_ctl(4, EPOLL_CTL_DEL, 3, 0xc00019b78c) = -1 EPERM (Operation not permitted)
read(3, "// Copyright 2013 The Go Authors"..., 4096) = 4096
close(3)                                = 0
openat(AT_FDCWD, "/home/isa/go-1.13/src/runtime/map_fast32.go", O_RDONLY|O_CLOEXEC) = 3
epoll_ctl(4, EPOLL_CTL_ADD, 3, {EPOLLIN|EPOLLOUT|EPOLLRDHUP|EPOLLET, {u32=1699692704, u64=140112122822816}}) = -1 EPERM (Operation not permitted)
epoll_ctl(4, EPOLL_CTL_DEL, 3, 0xc00019b78c) = -1 EPERM (Operation not permitted)
read(3, "// Copyright 2018 The Go Authors"..., 4096) = 4096
close(3)                                = 0
openat(AT_FDCWD, "/home/isa/go-1.13/src/runtime/map_fast64.go", O_RDONLY|O_CLOEXEC) = 3
epoll_ctl(4, EPOLL_CTL_ADD, 3, {EPOLLIN|EPOLLOUT|EPOLLRDHUP|EPOLLET, {u32=1699692704, u64=140112122822816}}) = -1 EPERM (Operation not permitted)
epoll_ctl(4, EPOLL_CTL_DEL, 3, 0xc00019b78c) = -1 EPERM (Operation not permitted)
read(3, "// Copyright 2018 The Go Authors"..., 4096) = 4096
close(3)                                = 0
openat(AT_FDCWD, "/home/isa/go-1.13/src/runtime/map_faststr.go", O_RDONLY|O_CLOEXEC) = 3
epoll_ctl(4, EPOLL_CTL_ADD, 3, {EPOLLIN|EPOLLOUT|EPOLLRDHUP|EPOLLET, {u32=1699692704, u64=140112122822816}}) = -1 EPERM (Operation not permitted)
epoll_ctl(4, EPOLL_CTL_DEL, 3, 0xc00019b78c) = -1 EPERM (Operation not permitted)
read(3, "// Copyright 2018 The Go Authors"..., 4096) = 4096
close(3)                                = 0
openat(AT_FDCWD, "/home/isa/go-1.13/src/runtime/map_test.go", O_RDONLY|O_CLOEXEC) = 3
epoll_ctl(4, EPOLL_CTL_ADD, 3, {EPOLLIN|EPOLLOUT|EPOLLRDHUP|EPOLLET, {u32=1699692704, u64=140112122822816}}) = -1 EPERM (Operation not permitted)
epoll_ctl(4, EPOLL_CTL_DEL, 3, 0xc00019b78c) = -1 EPERM (Operation not permitted)
read(3, "// Copyright 2013 The Go Authors"..., 4096) = 4096
close(3)                                = 0
openat(AT_FDCWD, "/home/isa/go-1.13/src/runtime/mbarrier.go", O_RDONLY|O_CLOEXEC) = 3
epoll_ctl(4, EPOLL_CTL_ADD, 3, {EPOLLIN|EPOLLOUT|EPOLLRDHUP|EPOLLET, {u32=1699692704, u64=140112122822816}}) = -1 EPERM (Operation not permitted)
epoll_ctl(4, EPOLL_CTL_DEL, 3, 0xc00019b78c) = -1 EPERM (Operation not permitted)
read(3, "// Copyright 2015 The Go Authors"..., 4096) = 4096
read(3, "ject,\n// but for tracing running"..., 4096) = 4096
close(3)                                = 0
openat(AT_FDCWD, "/home/isa/go-1.13/src/runtime/mbitmap.go", O_RDONLY|O_CLOEXEC) = 3
epoll_ctl(4, EPOLL_CTL_ADD, 3, {EPOLLIN|EPOLLOUT|EPOLLRDHUP|EPOLLET, {u32=1699692704, u64=140112122822816}}) = -1 EPERM (Operation not permitted)
epoll_ctl(4, EPOLL_CTL_DEL, 3, 0xc00019b78c) = -1 EPERM (Operation not permitted)
read(3, "// Copyright 2009 The Go Authors"..., 4096) = 4096
close(3)                                = 0
openat(AT_FDCWD, "/home/isa/go-1.13/src/runtime/mcache.go", O_RDONLY|O_CLOEXEC) = 3
epoll_ctl(4, EPOLL_CTL_ADD, 3, {EPOLLIN|EPOLLOUT|EPOLLRDHUP|EPOLLET, {u32=1699692704, u64=140112122822816}}) = -1 EPERM (Operation not permitted)
epoll_ctl(4, EPOLL_CTL_DEL, 3, 0xc00019b78c) = -1 EPERM (Operation not permitted)
read(3, "// Copyright 2009 The Go Authors"..., 4096) = 4096
close(3)                                = 0
openat(AT_FDCWD, "/home/isa/go-1.13/src/runtime/mcentral.go", O_RDONLY|O_CLOEXEC) = 3
epoll_ctl(4, EPOLL_CTL_ADD, 3, {EPOLLIN|EPOLLOUT|EPOLLRDHUP|EPOLLET, {u32=1699692704, u64=140112122822816}}) = -1 EPERM (Operation not permitted)
epoll_ctl(4, EPOLL_CTL_DEL, 3, 0xc00019b78c) = -1 EPERM (Operation not permitted)
read(3, "// Copyright 2009 The Go Authors"..., 4096) = 4096
close(3)                                = 0
openat(AT_FDCWD, "/home/isa/go-1.13/src/runtime/mem_bsd.go", O_RDONLY|O_CLOEXEC) = 3
epoll_ctl(4, EPOLL_CTL_ADD, 3, {EPOLLIN|EPOLLOUT|EPOLLRDHUP|EPOLLET, {u32=1699692704, u64=140112122822816}}) = -1 EPERM (Operation not permitted)
epoll_ctl(4, EPOLL_CTL_DEL, 3, 0xc00019b78c) = -1 EPERM (Operation not permitted)
read(3, "// Copyright 2010 The Go Authors"..., 4096) = 1736
close(3)                                = 0
openat(AT_FDCWD, "/home/isa/go-1.13/src/runtime/mem_linux.go", O_RDONLY|O_CLOEXEC) = 3
epoll_ctl(4, EPOLL_CTL_ADD, 3, {EPOLLIN|EPOLLOUT|EPOLLRDHUP|EPOLLET, {u32=1699692704, u64=140112122822816}}) = -1 EPERM (Operation not permitted)
epoll_ctl(4, EPOLL_CTL_DEL, 3, 0xc00019b78c) = -1 EPERM (Operation not permitted)
read(3, "// Copyright 2010 The Go Authors"..., 4096) = 4096
close(3)                                = 0
openat(AT_FDCWD, "/home/isa/go-1.13/src/runtime/memclr_amd64.s", O_RDONLY|O_CLOEXEC) = 3
epoll_ctl(4, EPOLL_CTL_ADD, 3, {EPOLLIN|EPOLLOUT|EPOLLRDHUP|EPOLLET, {u32=1699692704, u64=140112122822816}}) = -1 EPERM (Operation not permitted)
epoll_ctl(4, EPOLL_CTL_DEL, 3, 0xc00019b78c) = -1 EPERM (Operation not permitted)
read(3, "// Copyright 2014 The Go Authors"..., 4096) = 3736
close(3)                                = 0
openat(AT_FDCWD, "/home/isa/go-1.13/src/runtime/memclr_mips64x.s", O_RDONLY|O_CLOEXEC) = 3
epoll_ctl(4, EPOLL_CTL_ADD, 3, {EPOLLIN|EPOLLOUT|EPOLLRDHUP|EPOLLET, {u32=1699692704, u64=140112122822816}}) = -1 EPERM (Operation not permitted)
epoll_ctl(4, EPOLL_CTL_DEL, 3, 0xc00019b78c) = -1 EPERM (Operation not permitted)
read(3, "// Copyright 2015 The Go Authors"..., 4096) = 785
close(3)                                = 0
openat(AT_FDCWD, "/home/isa/go-1.13/src/runtime/memclr_mipsx.s", O_RDONLY|O_CLOEXEC) = 3
epoll_ctl(4, EPOLL_CTL_ADD, 3, {EPOLLIN|EPOLLOUT|EPOLLRDHUP|EPOLLET, {u32=1699692704, u64=140112122822816}}) = -1 EPERM (Operation not permitted)
epoll_ctl(4, EPOLL_CTL_DEL, 3, 0xc00019b78c) = -1 EPERM (Operation not permitted)
read(3, "// Copyright 2016 The Go Authors"..., 4096) = 1274
close(3)                                = 0
openat(AT_FDCWD, "/home/isa/go-1.13/src/runtime/memclr_ppc64x.s", O_RDONLY|O_CLOEXEC) = 3
epoll_ctl(4, EPOLL_CTL_ADD, 3, {EPOLLIN|EPOLLOUT|EPOLLRDHUP|EPOLLET, {u32=1699692704, u64=140112122822816}}) = -1 EPERM (Operation not permitted)
epoll_ctl(4, EPOLL_CTL_DEL, 3, 0xc00019b78c) = -1 EPERM (Operation not permitted)
read(3, "// Copyright 2014 The Go Authors"..., 4096) = 4096
close(3)                                = 0
openat(AT_FDCWD, "/home/isa/go-1.13/src/runtime/memmove_amd64.s", O_RDONLY|O_CLOEXEC) = 3
epoll_ctl(4, EPOLL_CTL_ADD, 3, {EPOLLIN|EPOLLOUT|EPOLLRDHUP|EPOLLET, {u32=1699692704, u64=140112122822816}}) = -1 EPERM (Operation not permitted)
epoll_ctl(4, EPOLL_CTL_DEL, 3, 0xc00019b78c) = -1 EPERM (Operation not permitted)
read(3, "// Derived from Inferno's libker"..., 4096) = 4096
close(3)                                = 0
openat(AT_FDCWD, "/home/isa/go-1.13/src/runtime/memmove_linux_amd64_test.go", O_RDONLY|O_CLOEXEC) = 3
epoll_ctl(4, EPOLL_CTL_ADD, 3, {EPOLLIN|EPOLLOUT|EPOLLRDHUP|EPOLLET, {u32=1699692704, u64=140112122822816}}) = -1 EPERM (Operation not permitted)
epoll_ctl(4, EPOLL_CTL_DEL, 3, 0xc00019b78c) = -1 EPERM (Operation not permitted)
read(3, "// Copyright 2013 The Go Authors"..., 4096) = 1649
close(3)                                = 0
openat(AT_FDCWD, "/home/isa/go-1.13/src/runtime/memmove_mips64x.s", O_RDONLY|O_CLOEXEC) = 3
epoll_ctl(4, EPOLL_CTL_ADD, 3, {EPOLLIN|EPOLLOUT|EPOLLRDHUP|EPOLLET, {u32=1699692704, u64=140112122822816}}) = -1 EPERM (Operation not permitted)
epoll_ctl(4, EPOLL_CTL_DEL, 3, 0xc00019b78c) = -1 EPERM (Operation not permitted)
read(3, "// Copyright 2015 The Go Authors"..., 4096) = 1801
close(3)                                = 0
openat(AT_FDCWD, "/home/isa/go-1.13/src/runtime/memmove_mipsx.s", O_RDONLY|O_CLOEXEC) = 3
epoll_ctl(4, EPOLL_CTL_ADD, 3, {EPOLLIN|EPOLLOUT|EPOLLRDHUP|EPOLLET, {u32=1699692704, u64=140112122822816}}) = -1 EPERM (Operation not permitted)
epoll_ctl(4, EPOLL_CTL_DEL, 3, 0xc00019b78c) = -1 EPERM (Operation not permitted)
read(3, "// Copyright 2016 The Go Authors"..., 4096) = 4096
close(3)                                = 0
openat(AT_FDCWD, "/home/isa/go-1.13/src/runtime/memmove_ppc64x.s", O_RDONLY|O_CLOEXEC) = 3
epoll_ctl(4, EPOLL_CTL_ADD, 3, {EPOLLIN|EPOLLOUT|EPOLLRDHUP|EPOLLET, {u32=1699692704, u64=140112122822816}}) = -1 EPERM (Operation not permitted)
epoll_ctl(4, EPOLL_CTL_DEL, 3, 0xc00019b78c) = -1 EPERM (Operation not permitted)
read(3, "// Copyright 2014 The Go Authors"..., 4096) = 3340
close(3)                                = 0
openat(AT_FDCWD, "/home/isa/go-1.13/src/runtime/memmove_test.go", O_RDONLY|O_CLOEXEC) = 3
epoll_ctl(4, EPOLL_CTL_ADD, 3, {EPOLLIN|EPOLLOUT|EPOLLRDHUP|EPOLLET, {u32=1699692704, u64=140112122822816}}) = -1 EPERM (Operation not permitted)
epoll_ctl(4, EPOLL_CTL_DEL, 3, 0xc00019b78c) = -1 EPERM (Operation not permitted)
read(3, "// Copyright 2013 The Go Authors"..., 4096) = 4096
close(3)                                = 0
openat(AT_FDCWD, "/home/isa/go-1.13/src/runtime/mfinal.go", O_RDONLY|O_CLOEXEC) = 3
epoll_ctl(4, EPOLL_CTL_ADD, 3, {EPOLLIN|EPOLLOUT|EPOLLRDHUP|EPOLLET, {u32=1699692704, u64=140112122822816}}) = -1 EPERM (Operation not permitted)
epoll_ctl(4, EPOLL_CTL_DEL, 3, 0xc00019b78c) = -1 EPERM (Operation not permitted)
read(3, "// Copyright 2009 The Go Authors"..., 4096) = 4096
close(3)                                = 0
openat(AT_FDCWD, "/home/isa/go-1.13/src/runtime/mfinal_test.go", O_RDONLY|O_CLOEXEC) = 3
epoll_ctl(4, EPOLL_CTL_ADD, 3, {EPOLLIN|EPOLLOUT|EPOLLRDHUP|EPOLLET, {u32=1699692704, u64=140112122822816}}) = -1 EPERM (Operation not permitted)
epoll_ctl(4, EPOLL_CTL_DEL, 3, 0xc00019b78c) = -1 EPERM (Operation not permitted)
read(3, "// Copyright 2011 The Go Authors"..., 4096) = 4096
close(3)                                = 0
openat(AT_FDCWD, "/home/isa/go-1.13/src/runtime/mfixalloc.go", O_RDONLY|O_CLOEXEC) = 3
epoll_ctl(4, EPOLL_CTL_ADD, 3, {EPOLLIN|EPOLLOUT|EPOLLRDHUP|EPOLLET, {u32=1699692704, u64=140112122822816}}) = -1 EPERM (Operation not permitted)
epoll_ctl(4, EPOLL_CTL_DEL, 3, 0xc00019b78c) = -1 EPERM (Operation not permitted)
read(3, "// Copyright 2009 The Go Authors"..., 4096) = 2787
close(3)                                = 0
openat(AT_FDCWD, "/home/isa/go-1.13/src/runtime/mgc.go", O_RDONLY|O_CLOEXEC) = 3
epoll_ctl(4, EPOLL_CTL_ADD, 3, {EPOLLIN|EPOLLOUT|EPOLLRDHUP|EPOLLET, {u32=1699692704, u64=140112122822816}}) = -1 EPERM (Operation not permitted)
epoll_ctl(4, EPOLL_CTL_DEL, 3, 0xc00019b78c) = -1 EPERM (Operation not permitted)
read(3, "// Copyright 2009 The Go Authors"..., 4096) = 4096
read(3, "l spans are marked as \"needs swe"..., 4096) = 4096
close(3)                                = 0
openat(AT_FDCWD, "/home/isa/go-1.13/src/runtime/mgclarge.go", O_RDONLY|O_CLOEXEC) = 3
epoll_ctl(4, EPOLL_CTL_ADD, 3, {EPOLLIN|EPOLLOUT|EPOLLRDHUP|EPOLLET, {u32=1699692704, u64=140112122822816}}) = -1 EPERM (Operation not permitted)
epoll_ctl(4, EPOLL_CTL_DEL, 3, 0xc00019b78c) = -1 EPERM (Operation not permitted)
read(3, "// Copyright 2009 The Go Authors"..., 4096) = 4096
close(3)                                = 0
openat(AT_FDCWD, "/home/isa/go-1.13/src/runtime/mgcmark.go", O_RDONLY|O_CLOEXEC) = 3
epoll_ctl(4, EPOLL_CTL_ADD, 3, {EPOLLIN|EPOLLOUT|EPOLLRDHUP|EPOLLET, {u32=1699692704, u64=140112122822816}}) = -1 EPERM (Operation not permitted)
epoll_ctl(4, EPOLL_CTL_DEL, 3, 0xc00019b78c) = -1 EPERM (Operation not permitted)
read(3, "// Copyright 2009 The Go Authors"..., 4096) = 4096
close(3)                                = 0
openat(AT_FDCWD, "/home/isa/go-1.13/src/runtime/mgcscavenge.go", O_RDONLY|O_CLOEXEC) = 3
epoll_ctl(4, EPOLL_CTL_ADD, 3, {EPOLLIN|EPOLLOUT|EPOLLRDHUP|EPOLLET, {u32=1699692704, u64=140112122822816}}) = -1 EPERM (Operation not permitted)
epoll_ctl(4, EPOLL_CTL_DEL, 3, 0xc00019b78c) = -1 EPERM (Operation not permitted)
read(3, "// Copyright 2019 The Go Authors"..., 4096) = 4096
close(3)                                = 0
openat(AT_FDCWD, "/home/isa/go-1.13/src/runtime/mgcstack.go", O_RDONLY|O_CLOEXEC) = 3
epoll_ctl(4, EPOLL_CTL_ADD, 3, {EPOLLIN|EPOLLOUT|EPOLLRDHUP|EPOLLET, {u32=1699692704, u64=140112122822816}}) = -1 EPERM (Operation not permitted)
epoll_ctl(4, EPOLL_CTL_DEL, 3, 0xc00019b78c) = -1 EPERM (Operation not permitted)
read(3, "// Copyright 2018 The Go Authors"..., 4096) = 4096
close(3)                                = 0
openat(AT_FDCWD, "/home/isa/go-1.13/src/runtime/mgcsweep.go", O_RDONLY|O_CLOEXEC) = 3
epoll_ctl(4, EPOLL_CTL_ADD, 3, {EPOLLIN|EPOLLOUT|EPOLLRDHUP|EPOLLET, {u32=1699692704, u64=140112122822816}}) = -1 EPERM (Operation not permitted)
epoll_ctl(4, EPOLL_CTL_DEL, 3, 0xc00019b78c) = -1 EPERM (Operation not permitted)
read(3, "// Copyright 2009 The Go Authors"..., 4096) = 4096
close(3)                                = 0
openat(AT_FDCWD, "/home/isa/go-1.13/src/runtime/mgcsweepbuf.go", O_RDONLY|O_CLOEXEC) = 3
epoll_ctl(4, EPOLL_CTL_ADD, 3, {EPOLLIN|EPOLLOUT|EPOLLRDHUP|EPOLLET, {u32=1699692704, u64=140112122822816}}) = -1 EPERM (Operation not permitted)
epoll_ctl(4, EPOLL_CTL_DEL, 3, 0xc00019b78c) = -1 EPERM (Operation not permitted)
read(3, "// Copyright 2016 The Go Authors"..., 4096) = 4096
close(3)                                = 0
openat(AT_FDCWD, "/home/isa/go-1.13/src/runtime/mgcwork.go", O_RDONLY|O_CLOEXEC) = 3
epoll_ctl(4, EPOLL_CTL_ADD, 3, {EPOLLIN|EPOLLOUT|EPOLLRDHUP|EPOLLET, {u32=1699692704, u64=140112122822816}}) = -1 EPERM (Operation not permitted)
epoll_ctl(4, EPOLL_CTL_DEL, 3, 0xc00019b78c) = -1 EPERM (Operation not permitted)
read(3, "// Copyright 2009 The Go Authors"..., 4096) = 4096
close(3)                                = 0
openat(AT_FDCWD, "/home/isa/go-1.13/src/runtime/mheap.go", O_RDONLY|O_CLOEXEC) = 3
epoll_ctl(4, EPOLL_CTL_ADD, 3, {EPOLLIN|EPOLLOUT|EPOLLRDHUP|EPOLLET, {u32=1699692704, u64=140112122822816}}) = -1 EPERM (Operation not permitted)
epoll_ctl(4, EPOLL_CTL_DEL, 3, 0xc00019b78c) = -1 EPERM (Operation not permitted)
read(3, "// Copyright 2009 The Go Authors"..., 4096) = 4096
close(3)                                = 0
openat(AT_FDCWD, "/home/isa/go-1.13/src/runtime/mkduff.go", O_RDONLY|O_CLOEXEC) = 3
epoll_ctl(4, EPOLL_CTL_ADD, 3, {EPOLLIN|EPOLLOUT|EPOLLRDHUP|EPOLLET, {u32=1699692704, u64=140112122822816}}) = -1 EPERM (Operation not permitted)
epoll_ctl(4, EPOLL_CTL_DEL, 3, 0xc00019b78c) = -1 EPERM (Operation not permitted)
read(3, "// Copyright 2015 The Go Authors"..., 4096) = 4096
close(3)                                = 0
openat(AT_FDCWD, "/home/isa/go-1.13/src/runtime/mkfastlog2table.go", O_RDONLY|O_CLOEXEC) = 3
epoll_ctl(4, EPOLL_CTL_ADD, 3, {EPOLLIN|EPOLLOUT|EPOLLRDHUP|EPOLLET, {u32=1699692704, u64=140112122822816}}) = -1 EPERM (Operation not permitted)
epoll_ctl(4, EPOLL_CTL_DEL, 3, 0xc00019b78c) = -1 EPERM (Operation not permitted)
read(3, "// Copyright 2015 The Go Authors"..., 4096) = 1349
close(3)                                = 0
openat(AT_FDCWD, "/home/isa/go-1.13/src/runtime/mksizeclasses.go", O_RDONLY|O_CLOEXEC) = 3
epoll_ctl(4, EPOLL_CTL_ADD, 3, {EPOLLIN|EPOLLOUT|EPOLLRDHUP|EPOLLET, {u32=1699692704, u64=140112122822816}}) = -1 EPERM (Operation not permitted)
epoll_ctl(4, EPOLL_CTL_DEL, 3, 0xc00019b78c) = -1 EPERM (Operation not permitted)
read(3, "// Copyright 2016 The Go Authors"..., 4096) = 4096
close(3)                                = 0
openat(AT_FDCWD, "/home/isa/go-1.13/src/runtime/mmap.go", O_RDONLY|O_CLOEXEC) = 3
epoll_ctl(4, EPOLL_CTL_ADD, 3, {EPOLLIN|EPOLLOUT|EPOLLRDHUP|EPOLLET, {u32=1699692704, u64=140112122822816}}) = -1 EPERM (Operation not permitted)
epoll_ctl(4, EPOLL_CTL_DEL, 3, 0xc00019b78c) = -1 EPERM (Operation not permitted)
read(3, "// Copyright 2015 The Go Authors"..., 4096) = 863
close(3)                                = 0
openat(AT_FDCWD, "/home/isa/go-1.13/src/runtime/mprof.go", O_RDONLY|O_CLOEXEC) = 3
epoll_ctl(4, EPOLL_CTL_ADD, 3, {EPOLLIN|EPOLLOUT|EPOLLRDHUP|EPOLLET, {u32=1699692704, u64=140112122822816}}) = -1 EPERM (Operation not permitted)
epoll_ctl(4, EPOLL_CTL_DEL, 3, 0xc00019b78c) = -1 EPERM (Operation not permitted)
read(3, "// Copyright 2009 The Go Authors"..., 4096) = 4096
close(3)                                = 0
openat(AT_FDCWD, "/home/isa/go-1.13/src/runtime/msan.go", O_RDONLY|O_CLOEXEC) = 3
epoll_ctl(4, EPOLL_CTL_ADD, 3, {EPOLLIN|EPOLLOUT|EPOLLRDHUP|EPOLLET, {u32=1699692704, u64=140112122822816}}) = -1 EPERM (Operation not permitted)
epoll_ctl(4, EPOLL_CTL_DEL, 3, 0xc00019b78c) = -1 EPERM (Operation not permitted)
read(3, "// Copyright 2015 The Go Authors"..., 4096) = 1424
close(3)                                = 0
openat(AT_FDCWD, "/home/isa/go-1.13/src/runtime/msan0.go", O_RDONLY|O_CLOEXEC) = 3
epoll_ctl(4, EPOLL_CTL_ADD, 3, {EPOLLIN|EPOLLOUT|EPOLLRDHUP|EPOLLET, {u32=1699692704, u64=140112122822816}}) = -1 EPERM (Operation not permitted)
epoll_ctl(4, EPOLL_CTL_DEL, 3, 0xc00019b78c) = -1 EPERM (Operation not permitted)
read(3, "// Copyright 2015 The Go Authors"..., 4096) = 647
close(3)                                = 0
openat(AT_FDCWD, "/home/isa/go-1.13/src/runtime/msan_amd64.s", O_RDONLY|O_CLOEXEC) = 3
epoll_ctl(4, EPOLL_CTL_ADD, 3, {EPOLLIN|EPOLLOUT|EPOLLRDHUP|EPOLLET, {u32=1699692704, u64=140112122822816}}) = -1 EPERM (Operation not permitted)
epoll_ctl(4, EPOLL_CTL_DEL, 3, 0xc00019b78c) = -1 EPERM (Operation not permitted)
read(3, "// Copyright 2015 The Go Authors"..., 4096) = 2075
close(3)                                = 0
openat(AT_FDCWD, "/home/isa/go-1.13/src/runtime/msize.go", O_RDONLY|O_CLOEXEC) = 3
epoll_ctl(4, EPOLL_CTL_ADD, 3, {EPOLLIN|EPOLLOUT|EPOLLRDHUP|EPOLLET, {u32=1699692704, u64=140112122822816}}) = -1 EPERM (Operation not permitted)
epoll_ctl(4, EPOLL_CTL_DEL, 3, 0xc00019b78c) = -1 EPERM (Operation not permitted)
read(3, "// Copyright 2009 The Go Authors"..., 4096) = 783
close(3)                                = 0
openat(AT_FDCWD, "/home/isa/go-1.13/src/runtime/mstats.go", O_RDONLY|O_CLOEXEC) = 3
epoll_ctl(4, EPOLL_CTL_ADD, 3, {EPOLLIN|EPOLLOUT|EPOLLRDHUP|EPOLLET, {u32=1699692704, u64=140112122822816}}) = -1 EPERM (Operation not permitted)
epoll_ctl(4, EPOLL_CTL_DEL, 3, 0xc00019b78c) = -1 EPERM (Operation not permitted)
read(3, "// Copyright 2009 The Go Authors"..., 4096) = 4096
close(3)                                = 0
openat(AT_FDCWD, "/home/isa/go-1.13/src/runtime/mwbbuf.go", O_RDONLY|O_CLOEXEC) = 3
epoll_ctl(4, EPOLL_CTL_ADD, 3, {EPOLLIN|EPOLLOUT|EPOLLRDHUP|EPOLLET, {u32=1699692704, u64=140112122822816}}) = -1 EPERM (Operation not permitted)
epoll_ctl(4, EPOLL_CTL_DEL, 3, 0xc00019b78c) = -1 EPERM (Operation not permitted)
read(3, "// Copyright 2017 The Go Authors"..., 4096) = 4096
close(3)                                = 0
openat(AT_FDCWD, "/home/isa/go-1.13/src/runtime/netpoll.go", O_RDONLY|O_CLOEXEC) = 3
epoll_ctl(4, EPOLL_CTL_ADD, 3, {EPOLLIN|EPOLLOUT|EPOLLRDHUP|EPOLLET, {u32=1699692704, u64=140112122822816}}) = -1 EPERM (Operation not permitted)
epoll_ctl(4, EPOLL_CTL_DEL, 3, 0xc00019b78c) = -1 EPERM (Operation not permitted)
read(3, "// Copyright 2013 The Go Authors"..., 4096) = 4096
close(3)                                = 0
openat(AT_FDCWD, "/home/isa/go-1.13/src/runtime/netpoll_epoll.go", O_RDONLY|O_CLOEXEC) = 3
epoll_ctl(4, EPOLL_CTL_ADD, 3, {EPOLLIN|EPOLLOUT|EPOLLRDHUP|EPOLLET, {u32=1699692704, u64=140112122822816}}) = -1 EPERM (Operation not permitted)
epoll_ctl(4, EPOLL_CTL_DEL, 3, 0xc00019b78c) = -1 EPERM (Operation not permitted)
read(3, "// Copyright 2013 The Go Authors"..., 4096) = 2230
close(3)                                = 0
openat(AT_FDCWD, "/home/isa/go-1.13/src/runtime/netpoll_fake.go", O_RDONLY|O_CLOEXEC) = 3
epoll_ctl(4, EPOLL_CTL_ADD, 3, {EPOLLIN|EPOLLOUT|EPOLLRDHUP|EPOLLET, {u32=1699692704, u64=140112122822816}}) = -1 EPERM (Operation not permitted)
epoll_ctl(4, EPOLL_CTL_DEL, 3, 0xc00019b78c) = -1 EPERM (Operation not permitted)
read(3, "// Copyright 2013 The Go Authors"..., 4096) = 638
close(3)                                = 0
openat(AT_FDCWD, "/home/isa/go-1.13/src/runtime/netpoll_kqueue.go", O_RDONLY|O_CLOEXEC) = 3
epoll_ctl(4, EPOLL_CTL_ADD, 3, {EPOLLIN|EPOLLOUT|EPOLLRDHUP|EPOLLET, {u32=1699692704, u64=140112122822816}}) = -1 EPERM (Operation not permitted)
epoll_ctl(4, EPOLL_CTL_DEL, 3, 0xc00019b78c) = -1 EPERM (Operation not permitted)
read(3, "// Copyright 2013 The Go Authors"..., 4096) = 2721
close(3)                                = 0
openat(AT_FDCWD, "/home/isa/go-1.13/src/runtime/netpoll_stub.go", O_RDONLY|O_CLOEXEC) = 3
epoll_ctl(4, EPOLL_CTL_ADD, 3, {EPOLLIN|EPOLLOUT|EPOLLRDHUP|EPOLLET, {u32=1699692704, u64=140112122822816}}) = -1 EPERM (Operation not permitted)
epoll_ctl(4, EPOLL_CTL_DEL, 3, 0xc00019b78c) = -1 EPERM (Operation not permitted)
read(3, "// Copyright 2013 The Go Authors"..., 4096) = 493
close(3)                                = 0
openat(AT_FDCWD, "/home/isa/go-1.13/src/runtime/norace_linux_test.go", O_RDONLY|O_CLOEXEC) = 3
epoll_ctl(4, EPOLL_CTL_ADD, 3, {EPOLLIN|EPOLLOUT|EPOLLRDHUP|EPOLLET, {u32=1699692704, u64=140112122822816}}) = -1 EPERM (Operation not permitted)
epoll_ctl(4, EPOLL_CTL_DEL, 3, 0xc00019b78c) = -1 EPERM (Operation not permitted)
read(3, "// Copyright 2015 The Go Authors"..., 4096) = 888
close(3)                                = 0
openat(AT_FDCWD, "/home/isa/go-1.13/src/runtime/norace_test.go", O_RDONLY|O_CLOEXEC) = 3
epoll_ctl(4, EPOLL_CTL_ADD, 3, {EPOLLIN|EPOLLOUT|EPOLLRDHUP|EPOLLET, {u32=1699692704, u64=140112122822816}}) = -1 EPERM (Operation not permitted)
epoll_ctl(4, EPOLL_CTL_DEL, 3, 0xc00019b78c) = -1 EPERM (Operation not permitted)
read(3, "// Copyright 2013 The Go Authors"..., 4096) = 979
close(3)                                = 0
openat(AT_FDCWD, "/home/isa/go-1.13/src/runtime/os_freebsd2.go", O_RDONLY|O_CLOEXEC) = 3
epoll_ctl(4, EPOLL_CTL_ADD, 3, {EPOLLIN|EPOLLOUT|EPOLLRDHUP|EPOLLET, {u32=1699692704, u64=140112122822816}}) = -1 EPERM (Operation not permitted)
epoll_ctl(4, EPOLL_CTL_DEL, 3, 0xc00019b78c) = -1 EPERM (Operation not permitted)
read(3, "// Copyright 2011 The Go Authors"..., 4096) = 478
close(3)                                = 0
openat(AT_FDCWD, "/home/isa/go-1.13/src/runtime/os_freebsd_noauxv.go", O_RDONLY|O_CLOEXEC) = 3
epoll_ctl(4, EPOLL_CTL_ADD, 3, {EPOLLIN|EPOLLOUT|EPOLLRDHUP|EPOLLET, {u32=1699692704, u64=140112122822816}}) = -1 EPERM (Operation not permitted)
epoll_ctl(4, EPOLL_CTL_DEL, 3, 0xc00019b78c) = -1 EPERM (Operation not permitted)
read(3, "// Copyright 2018 The Go Authors"..., 4096) = 247
close(3)                                = 0
openat(AT_FDCWD, "/home/isa/go-1.13/src/runtime/os_linux.go", O_RDONLY|O_CLOEXEC) = 3
epoll_ctl(4, EPOLL_CTL_ADD, 3, {EPOLLIN|EPOLLOUT|EPOLLRDHUP|EPOLLET, {u32=1699692704, u64=140112122822816}}) = -1 EPERM (Operation not permitted)
epoll_ctl(4, EPOLL_CTL_DEL, 3, 0xc00019b78c) = -1 EPERM (Operation not permitted)
read(3, "// Copyright 2009 The Go Authors"..., 4096) = 4096
close(3)                                = 0
openat(AT_FDCWD, "/home/isa/go-1.13/src/runtime/os_linux_be64.go", O_RDONLY|O_CLOEXEC) = 3
epoll_ctl(4, EPOLL_CTL_ADD, 3, {EPOLLIN|EPOLLOUT|EPOLLRDHUP|EPOLLET, {u32=1699692704, u64=140112122822816}}) = -1 EPERM (Operation not permitted)
epoll_ctl(4, EPOLL_CTL_DEL, 3, 0xc00019b78c) = -1 EPERM (Operation not permitted)
read(3, "// Copyright 2016 The Go Authors"..., 4096) = 816
close(3)                                = 0
openat(AT_FDCWD, "/home/isa/go-1.13/src/runtime/os_linux_generic.go", O_RDONLY|O_CLOEXEC) = 3
epoll_ctl(4, EPOLL_CTL_ADD, 3, {EPOLLIN|EPOLLOUT|EPOLLRDHUP|EPOLLET, {u32=1699692704, u64=140112122822816}}) = -1 EPERM (Operation not permitted)
epoll_ctl(4, EPOLL_CTL_DEL, 3, 0xc00019b78c) = -1 EPERM (Operation not permitted)
read(3, "// Copyright 2009 The Go Authors"..., 4096) = 916
close(3)                                = 0
openat(AT_FDCWD, "/home/isa/go-1.13/src/runtime/os_linux_mips64x.go", O_RDONLY|O_CLOEXEC) = 3
epoll_ctl(4, EPOLL_CTL_ADD, 3, {EPOLLIN|EPOLLOUT|EPOLLRDHUP|EPOLLET, {u32=1699692704, u64=140112122822816}}) = -1 EPERM (Operation not permitted)
epoll_ctl(4, EPOLL_CTL_DEL, 3, 0xc00019b78c) = -1 EPERM (Operation not permitted)
read(3, "// Copyright 2015 The Go Authors"..., 4096) = 1397
close(3)                                = 0
openat(AT_FDCWD, "/home/isa/go-1.13/src/runtime/os_linux_mipsx.go", O_RDONLY|O_CLOEXEC) = 3
epoll_ctl(4, EPOLL_CTL_ADD, 3, {EPOLLIN|EPOLLOUT|EPOLLRDHUP|EPOLLET, {u32=1699692704, u64=140112122822816}}) = -1 EPERM (Operation not permitted)
epoll_ctl(4, EPOLL_CTL_DEL, 3, 0xc00019b78c) = -1 EPERM (Operation not permitted)
read(3, "// Copyright 2016 The Go Authors"..., 4096) = 1470
close(3)                                = 0
openat(AT_FDCWD, "/home/isa/go-1.13/src/runtime/os_linux_noauxv.go", O_RDONLY|O_CLOEXEC) = 3
epoll_ctl(4, EPOLL_CTL_ADD, 3, {EPOLLIN|EPOLLOUT|EPOLLRDHUP|EPOLLET, {u32=1699692704, u64=140112122822816}}) = -1 EPERM (Operation not permitted)
epoll_ctl(4, EPOLL_CTL_DEL, 3, 0xc00019b78c) = -1 EPERM (Operation not permitted)
read(3, "// Copyright 2014 The Go Authors"..., 4096) = 307
close(3)                                = 0
openat(AT_FDCWD, "/home/isa/go-1.13/src/runtime/os_linux_novdso.go", O_RDONLY|O_CLOEXEC) = 3
epoll_ctl(4, EPOLL_CTL_ADD, 3, {EPOLLIN|EPOLLOUT|EPOLLRDHUP|EPOLLET, {u32=1699692704, u64=140112122822816}}) = -1 EPERM (Operation not permitted)
epoll_ctl(4, EPOLL_CTL_DEL, 3, 0xc00019b78c) = -1 EPERM (Operation not permitted)
read(3, "// Copyright 2014 The Go Authors"..., 4096) = 280
close(3)                                = 0
openat(AT_FDCWD, "/home/isa/go-1.13/src/runtime/os_linux_ppc64x.go", O_RDONLY|O_CLOEXEC) = 3
epoll_ctl(4, EPOLL_CTL_ADD, 3, {EPOLLIN|EPOLLOUT|EPOLLRDHUP|EPOLLET, {u32=1699692704, u64=140112122822816}}) = -1 EPERM (Operation not permitted)
epoll_ctl(4, EPOLL_CTL_DEL, 3, 0xc00019b78c) = -1 EPERM (Operation not permitted)
read(3, "// Copyright 2016 The Go Authors"..., 4096) = 505
close(3)                                = 0
openat(AT_FDCWD, "/home/isa/go-1.13/src/runtime/os_nonopenbsd.go", O_RDONLY|O_CLOEXEC) = 3
epoll_ctl(4, EPOLL_CTL_ADD, 3, {EPOLLIN|EPOLLOUT|EPOLLRDHUP|EPOLLET, {u32=1699692704, u64=140112122822816}}) = -1 EPERM (Operation not permitted)
epoll_ctl(4, EPOLL_CTL_DEL, 3, 0xc00019b78c) = -1 EPERM (Operation not permitted)
read(3, "// Copyright 2018 The Go Authors"..., 4096) = 436
close(3)                                = 0
openat(AT_FDCWD, "/home/isa/go-1.13/src/runtime/panic.go", O_RDONLY|O_CLOEXEC) = 3
epoll_ctl(4, EPOLL_CTL_ADD, 3, {EPOLLIN|EPOLLOUT|EPOLLRDHUP|EPOLLET, {u32=1699692704, u64=140112122822816}}) = -1 EPERM (Operation not permitted)
epoll_ctl(4, EPOLL_CTL_DEL, 3, 0xc00019b78c) = -1 EPERM (Operation not permitted)
read(3, "// Copyright 2014 The Go Authors"..., 4096) = 4096
close(3)                                = 0
openat(AT_FDCWD, "/home/isa/go-1.13/src/runtime/panic32.go", O_RDONLY|O_CLOEXEC) = 3
epoll_ctl(4, EPOLL_CTL_ADD, 3, {EPOLLIN|EPOLLOUT|EPOLLRDHUP|EPOLLET, {u32=1699692704, u64=140112122822816}}) = -1 EPERM (Operation not permitted)
epoll_ctl(4, EPOLL_CTL_DEL, 3, 0xc00019b78c) = -1 EPERM (Operation not permitted)
read(3, "// Copyright 2019 The Go Authors"..., 4096) = 4096
close(3)                                = 0
openat(AT_FDCWD, "/home/isa/go-1.13/src/runtime/plugin.go", O_RDONLY|O_CLOEXEC) = 3
epoll_ctl(4, EPOLL_CTL_ADD, 3, {EPOLLIN|EPOLLOUT|EPOLLRDHUP|EPOLLET, {u32=1699692704, u64=140112122822816}}) = -1 EPERM (Operation not permitted)
epoll_ctl(4, EPOLL_CTL_DEL, 3, 0xc00019b78c) = -1 EPERM (Operation not permitted)
read(3, "// Copyright 2016 The Go Authors"..., 4096) = 4096
close(3)                                = 0
openat(AT_FDCWD, "/home/isa/go-1.13/src/runtime/print.go", O_RDONLY|O_CLOEXEC) = 3
epoll_ctl(4, EPOLL_CTL_ADD, 3, {EPOLLIN|EPOLLOUT|EPOLLRDHUP|EPOLLET, {u32=1699692704, u64=140112122822816}}) = -1 EPERM (Operation not permitted)
epoll_ctl(4, EPOLL_CTL_DEL, 3, 0xc00019b78c) = -1 EPERM (Operation not permitted)
read(3, "// Copyright 2009 The Go Authors"..., 4096) = 4096
close(3)                                = 0
openat(AT_FDCWD, "/home/isa/go-1.13/src/runtime/proc.go", O_RDONLY|O_CLOEXEC) = 3
epoll_ctl(4, EPOLL_CTL_ADD, 3, {EPOLLIN|EPOLLOUT|EPOLLRDHUP|EPOLLET, {u32=1699692704, u64=140112122822816}}) = -1 EPERM (Operation not permitted)
epoll_ctl(4, EPOLL_CTL_DEL, 3, 0xc00019b78c) = -1 EPERM (Operation not permitted)
read(3, "// Copyright 2014 The Go Authors"..., 4096) = 4096
close(3)                                = 0
openat(AT_FDCWD, "/home/isa/go-1.13/src/runtime/proc_runtime_test.go", O_RDONLY|O_CLOEXEC) = 3
epoll_ctl(4, EPOLL_CTL_ADD, 3, {EPOLLIN|EPOLLOUT|EPOLLRDHUP|EPOLLET, {u32=1699692704, u64=140112122822816}}) = -1 EPERM (Operation not permitted)
epoll_ctl(4, EPOLL_CTL_DEL, 3, 0xc00019b78c) = -1 EPERM (Operation not permitted)
read(3, "// Copyright 2016 The Go Authors"..., 4096) = 820
close(3)                                = 0
openat(AT_FDCWD, "/home/isa/go-1.13/src/runtime/proc_test.go", O_RDONLY|O_CLOEXEC) = 3
epoll_ctl(4, EPOLL_CTL_ADD, 3, {EPOLLIN|EPOLLOUT|EPOLLRDHUP|EPOLLET, {u32=1699692704, u64=140112122822816}}) = -1 EPERM (Operation not permitted)
epoll_ctl(4, EPOLL_CTL_DEL, 3, 0xc00019b78c) = -1 EPERM (Operation not permitted)
read(3, "// Copyright 2011 The Go Authors"..., 4096) = 4096
close(3)                                = 0
openat(AT_FDCWD, "/home/isa/go-1.13/src/runtime/profbuf.go", O_RDONLY|O_CLOEXEC) = 3
epoll_ctl(4, EPOLL_CTL_ADD, 3, {EPOLLIN|EPOLLOUT|EPOLLRDHUP|EPOLLET, {u32=1699692704, u64=140112122822816}}) = -1 EPERM (Operation not permitted)
epoll_ctl(4, EPOLL_CTL_DEL, 3, 0xc00019b78c) = -1 EPERM (Operation not permitted)
read(3, "// Copyright 2017 The Go Authors"..., 4096) = 4096
read(3, "eak\n//\t\t}\n//\t}\n//\tif uint32(over"..., 4096) = 4096
close(3)                                = 0
openat(AT_FDCWD, "/home/isa/go-1.13/src/runtime/profbuf_test.go", O_RDONLY|O_CLOEXEC) = 3
epoll_ctl(4, EPOLL_CTL_ADD, 3, {EPOLLIN|EPOLLOUT|EPOLLRDHUP|EPOLLET, {u32=1699692704, u64=140112122822816}}) = -1 EPERM (Operation not permitted)
epoll_ctl(4, EPOLL_CTL_DEL, 3, 0xc00019b78c) = -1 EPERM (Operation not permitted)
read(3, "// Copyright 2017 The Go Authors"..., 4096) = 4096
close(3)                                = 0
openat(AT_FDCWD, "/home/isa/go-1.13/src/runtime/proflabel.go", O_RDONLY|O_CLOEXEC) = 3
epoll_ctl(4, EPOLL_CTL_ADD, 3, {EPOLLIN|EPOLLOUT|EPOLLRDHUP|EPOLLET, {u32=1699692704, u64=140112122822816}}) = -1 EPERM (Operation not permitted)
epoll_ctl(4, EPOLL_CTL_DEL, 3, 0xc00019b78c) = -1 EPERM (Operation not permitted)
read(3, "// Copyright 2017 The Go Authors"..., 4096) = 1552
close(3)                                = 0
openat(AT_FDCWD, "/home/isa/go-1.13/src/runtime/race.go", O_RDONLY|O_CLOEXEC) = 3
epoll_ctl(4, EPOLL_CTL_ADD, 3, {EPOLLIN|EPOLLOUT|EPOLLRDHUP|EPOLLET, {u32=1699692704, u64=140112122822816}}) = -1 EPERM (Operation not permitted)
epoll_ctl(4, EPOLL_CTL_DEL, 3, 0xc00019b78c) = -1 EPERM (Operation not permitted)
read(3, "// Copyright 2012 The Go Authors"..., 4096) = 4096
close(3)                                = 0
openat(AT_FDCWD, "/home/isa/go-1.13/src/runtime/race0.go", O_RDONLY|O_CLOEXEC) = 3
epoll_ctl(4, EPOLL_CTL_ADD, 3, {EPOLLIN|EPOLLOUT|EPOLLRDHUP|EPOLLET, {u32=1699692704, u64=140112122822816}}) = -1 EPERM (Operation not permitted)
epoll_ctl(4, EPOLL_CTL_DEL, 3, 0xc00019b78c) = -1 EPERM (Operation not permitted)
read(3, "// Copyright 2014 The Go Authors"..., 4096) = 2482
close(3)                                = 0
openat(AT_FDCWD, "/home/isa/go-1.13/src/runtime/race_amd64.s", O_RDONLY|O_CLOEXEC) = 3
epoll_ctl(4, EPOLL_CTL_ADD, 3, {EPOLLIN|EPOLLOUT|EPOLLRDHUP|EPOLLET, {u32=1699692704, u64=140112122822816}}) = -1 EPERM (Operation not permitted)
epoll_ctl(4, EPOLL_CTL_DEL, 3, 0xc00019b78c) = -1 EPERM (Operation not permitted)
read(3, "// Copyright 2013 The Go Authors"..., 4096) = 4096
close(3)                                = 0
openat(AT_FDCWD, "/home/isa/go-1.13/src/runtime/rand_test.go", O_RDONLY|O_CLOEXEC) = 3
epoll_ctl(4, EPOLL_CTL_ADD, 3, {EPOLLIN|EPOLLOUT|EPOLLRDHUP|EPOLLET, {u32=1699692704, u64=140112122822816}}) = -1 EPERM (Operation not permitted)
epoll_ctl(4, EPOLL_CTL_DEL, 3, 0xc00019b78c) = -1 EPERM (Operation not permitted)
read(3, "// Copyright 2017 The Go Authors"..., 4096) = 783
close(3)                                = 0
openat(AT_FDCWD, "/home/isa/go-1.13/src/runtime/rdebug.go", O_RDONLY|O_CLOEXEC) = 3
epoll_ctl(4, EPOLL_CTL_ADD, 3, {EPOLLIN|EPOLLOUT|EPOLLRDHUP|EPOLLET, {u32=1699692704, u64=140112122822816}}) = -1 EPERM (Operation not permitted)
epoll_ctl(4, EPOLL_CTL_DEL, 3, 0xc00019b78c) = -1 EPERM (Operation not permitted)
read(3, "// Copyright 2014 The Go Authors"..., 4096) = 553
close(3)                                = 0
openat(AT_FDCWD, "/home/isa/go-1.13/src/runtime/relax_stub.go", O_RDONLY|O_CLOEXEC) = 3
epoll_ctl(4, EPOLL_CTL_ADD, 3, {EPOLLIN|EPOLLOUT|EPOLLRDHUP|EPOLLET, {u32=1699692704, u64=140112122822816}}) = -1 EPERM (Operation not permitted)
epoll_ctl(4, EPOLL_CTL_DEL, 3, 0xc00019b78c) = -1 EPERM (Operation not permitted)
read(3, "// Copyright 2017 The Go Authors"..., 4096) = 597
close(3)                                = 0
openat(AT_FDCWD, "/home/isa/go-1.13/src/runtime/rt0_linux_amd64.s", O_RDONLY|O_CLOEXEC) = 3
epoll_ctl(4, EPOLL_CTL_ADD, 3, {EPOLLIN|EPOLLOUT|EPOLLRDHUP|EPOLLET, {u32=1699692704, u64=140112122822816}}) = -1 EPERM (Operation not permitted)
epoll_ctl(4, EPOLL_CTL_DEL, 3, 0xc00019b78c) = -1 EPERM (Operation not permitted)
read(3, "// Copyright 2009 The Go Authors"..., 4096) = 307
close(3)                                = 0
openat(AT_FDCWD, "/home/isa/go-1.13/src/runtime/rt0_linux_mips64x.s", O_RDONLY|O_CLOEXEC) = 3
epoll_ctl(4, EPOLL_CTL_ADD, 3, {EPOLLIN|EPOLLOUT|EPOLLRDHUP|EPOLLET, {u32=1699692704, u64=140112122822816}}) = -1 EPERM (Operation not permitted)
epoll_ctl(4, EPOLL_CTL_DEL, 3, 0xc00019b78c) = -1 EPERM (Operation not permitted)
read(3, "// Copyright 2015 The Go Authors"..., 4096) = 1015
close(3)                                = 0
openat(AT_FDCWD, "/home/isa/go-1.13/src/runtime/rt0_linux_mipsx.s", O_RDONLY|O_CLOEXEC) = 3
epoll_ctl(4, EPOLL_CTL_ADD, 3, {EPOLLIN|EPOLLOUT|EPOLLRDHUP|EPOLLET, {u32=1699692704, u64=140112122822816}}) = -1 EPERM (Operation not permitted)
epoll_ctl(4, EPOLL_CTL_DEL, 3, 0xc00019b78c) = -1 EPERM (Operation not permitted)
read(3, "// Copyright 2016 The Go Authors"..., 4096) = 798
close(3)                                = 0
openat(AT_FDCWD, "/home/isa/go-1.13/src/runtime/runtime-gdb_test.go", O_RDONLY|O_CLOEXEC) = 3
epoll_ctl(4, EPOLL_CTL_ADD, 3, {EPOLLIN|EPOLLOUT|EPOLLRDHUP|EPOLLET, {u32=1699692704, u64=140112122822816}}) = -1 EPERM (Operation not permitted)
epoll_ctl(4, EPOLL_CTL_DEL, 3, 0xc00019b78c) = -1 EPERM (Operation not permitted)
read(3, "// Copyright 2015 The Go Authors"..., 4096) = 4096
close(3)                                = 0
openat(AT_FDCWD, "/home/isa/go-1.13/src/runtime/runtime-lldb_test.go", O_RDONLY|O_CLOEXEC) = 3
epoll_ctl(4, EPOLL_CTL_ADD, 3, {EPOLLIN|EPOLLOUT|EPOLLRDHUP|EPOLLET, {u32=1699692704, u64=140112122822816}}) = -1 EPERM (Operation not permitted)
epoll_ctl(4, EPOLL_CTL_DEL, 3, 0xc00019b78c) = -1 EPERM (Operation not permitted)
read(3, "// Copyright 2016 The Go Authors"..., 4096) = 4096
close(3)                                = 0
openat(AT_FDCWD, "/home/isa/go-1.13/src/runtime/runtime.go", O_RDONLY|O_CLOEXEC) = 3
epoll_ctl(4, EPOLL_CTL_ADD, 3, {EPOLLIN|EPOLLOUT|EPOLLRDHUP|EPOLLET, {u32=1699692704, u64=140112122822816}}) = -1 EPERM (Operation not permitted)
epoll_ctl(4, EPOLL_CTL_DEL, 3, 0xc00019b78c) = -1 EPERM (Operation not permitted)
read(3, "// Copyright 2009 The Go Authors"..., 4096) = 1459
close(3)                                = 0
openat(AT_FDCWD, "/home/isa/go-1.13/src/runtime/runtime1.go", O_RDONLY|O_CLOEXEC) = 3
epoll_ctl(4, EPOLL_CTL_ADD, 3, {EPOLLIN|EPOLLOUT|EPOLLRDHUP|EPOLLET, {u32=1699692704, u64=140112122822816}}) = -1 EPERM (Operation not permitted)
epoll_ctl(4, EPOLL_CTL_DEL, 3, 0xc00019b78c) = -1 EPERM (Operation not permitted)
read(3, "// Copyright 2009 The Go Authors"..., 4096) = 4096
close(3)                                = 0
openat(AT_FDCWD, "/home/isa/go-1.13/src/runtime/runtime2.go", O_RDONLY|O_CLOEXEC) = 3
epoll_ctl(4, EPOLL_CTL_ADD, 3, {EPOLLIN|EPOLLOUT|EPOLLRDHUP|EPOLLET, {u32=1699692704, u64=140112122822816}}) = -1 EPERM (Operation not permitted)
epoll_ctl(4, EPOLL_CTL_DEL, 3, 0xc00019b78c) = -1 EPERM (Operation not permitted)
read(3, "// Copyright 2009 The Go Authors"..., 4096) = 4096
close(3)                                = 0
openat(AT_FDCWD, "/home/isa/go-1.13/src/runtime/runtime_linux_test.go", O_RDONLY|O_CLOEXEC) = 3
epoll_ctl(4, EPOLL_CTL_ADD, 3, {EPOLLIN|EPOLLOUT|EPOLLRDHUP|EPOLLET, {u32=1699692704, u64=140112122822816}}) = -1 EPERM (Operation not permitted)
epoll_ctl(4, EPOLL_CTL_DEL, 3, 0xc00019b78c) = -1 EPERM (Operation not permitted)
read(3, "// Copyright 2012 The Go Authors"..., 4096) = 1493
close(3)                                = 0
openat(AT_FDCWD, "/home/isa/go-1.13/src/runtime/runtime_mmap_test.go", O_RDONLY|O_CLOEXEC) = 3
epoll_ctl(4, EPOLL_CTL_ADD, 3, {EPOLLIN|EPOLLOUT|EPOLLRDHUP|EPOLLET, {u32=1699692704, u64=140112122822816}}) = -1 EPERM (Operation not permitted)
epoll_ctl(4, EPOLL_CTL_DEL, 3, 0xc00019b78c) = -1 EPERM (Operation not permitted)
read(3, "// Copyright 2016 The Go Authors"..., 4096) = 1868
close(3)                                = 0
openat(AT_FDCWD, "/home/isa/go-1.13/src/runtime/runtime_test.go", O_RDONLY|O_CLOEXEC) = 3
epoll_ctl(4, EPOLL_CTL_ADD, 3, {EPOLLIN|EPOLLOUT|EPOLLRDHUP|EPOLLET, {u32=1699692704, u64=140112122822816}}) = -1 EPERM (Operation not permitted)
epoll_ctl(4, EPOLL_CTL_DEL, 3, 0xc00019b78c) = -1 EPERM (Operation not permitted)
read(3, "// Copyright 2012 The Go Authors"..., 4096) = 4096
close(3)                                = 0
openat(AT_FDCWD, "/home/isa/go-1.13/src/runtime/runtime_unix_test.go", O_RDONLY|O_CLOEXEC) = 3
epoll_ctl(4, EPOLL_CTL_ADD, 3, {EPOLLIN|EPOLLOUT|EPOLLRDHUP|EPOLLET, {u32=1699692704, u64=140112122822816}}) = -1 EPERM (Operation not permitted)
epoll_ctl(4, EPOLL_CTL_DEL, 3, 0xc00019b78c) = -1 EPERM (Operation not permitted)
read(3, "// Copyright 2013 The Go Authors"..., 4096) = 1229
close(3)                                = 0
openat(AT_FDCWD, "/home/isa/go-1.13/src/runtime/rwmutex.go", O_RDONLY|O_CLOEXEC) = 3
epoll_ctl(4, EPOLL_CTL_ADD, 3, {EPOLLIN|EPOLLOUT|EPOLLRDHUP|EPOLLET, {u32=1699692704, u64=140112122822816}}) = -1 EPERM (Operation not permitted)
epoll_ctl(4, EPOLL_CTL_DEL, 3, 0xc00019b78c) = -1 EPERM (Operation not permitted)
read(3, "// Copyright 2017 The Go Authors"..., 4096) = 3485
close(3)                                = 0
openat(AT_FDCWD, "/home/isa/go-1.13/src/runtime/rwmutex_test.go", O_RDONLY|O_CLOEXEC) = 3
epoll_ctl(4, EPOLL_CTL_ADD, 3, {EPOLLIN|EPOLLOUT|EPOLLRDHUP|EPOLLET, {u32=1699692704, u64=140112122822816}}) = -1 EPERM (Operation not permitted)
epoll_ctl(4, EPOLL_CTL_DEL, 3, 0xc00019b78c) = -1 EPERM (Operation not permitted)
read(3, "// Copyright 2017 The Go Authors"..., 4096) = 4096
close(3)                                = 0
openat(AT_FDCWD, "/home/isa/go-1.13/src/runtime/select.go", O_RDONLY|O_CLOEXEC) = 3
epoll_ctl(4, EPOLL_CTL_ADD, 3, {EPOLLIN|EPOLLOUT|EPOLLRDHUP|EPOLLET, {u32=1699692704, u64=140112122822816}}) = -1 EPERM (Operation not permitted)
epoll_ctl(4, EPOLL_CTL_DEL, 3, 0xc00019b78c) = -1 EPERM (Operation not permitted)
read(3, "// Copyright 2009 The Go Authors"..., 4096) = 4096
close(3)                                = 0
openat(AT_FDCWD, "/home/isa/go-1.13/src/runtime/sema.go", O_RDONLY|O_CLOEXEC) = 3
epoll_ctl(4, EPOLL_CTL_ADD, 3, {EPOLLIN|EPOLLOUT|EPOLLRDHUP|EPOLLET, {u32=1699692704, u64=140112122822816}}) = -1 EPERM (Operation not permitted)
epoll_ctl(4, EPOLL_CTL_DEL, 3, 0xc00019b78c) = -1 EPERM (Operation not permitted)
read(3, "// Copyright 2009 The Go Authors"..., 4096) = 4096
close(3)                                = 0
openat(AT_FDCWD, "/home/isa/go-1.13/src/runtime/semasleep_test.go", O_RDONLY|O_CLOEXEC) = 3
epoll_ctl(4, EPOLL_CTL_ADD, 3, {EPOLLIN|EPOLLOUT|EPOLLRDHUP|EPOLLET, {u32=1699692704, u64=140112122822816}}) = -1 EPERM (Operation not permitted)
epoll_ctl(4, EPOLL_CTL_DEL, 3, 0xc00019b78c) = -1 EPERM (Operation not permitted)
read(3, "// Copyright 2018 The Go Authors"..., 4096) = 1661
close(3)                                = 0
openat(AT_FDCWD, "/home/isa/go-1.13/src/runtime/sigaction.go", O_RDONLY|O_CLOEXEC) = 3
epoll_ctl(4, EPOLL_CTL_ADD, 3, {EPOLLIN|EPOLLOUT|EPOLLRDHUP|EPOLLET, {u32=1699692704, u64=140112122822816}}) = -1 EPERM (Operation not permitted)
epoll_ctl(4, EPOLL_CTL_DEL, 3, 0xc00019b78c) = -1 EPERM (Operation not permitted)
read(3, "// Copyright 2016 The Go Authors"..., 4096) = 460
close(3)                                = 0
openat(AT_FDCWD, "/home/isa/go-1.13/src/runtime/signal_amd64x.go", O_RDONLY|O_CLOEXEC) = 3
epoll_ctl(4, EPOLL_CTL_ADD, 3, {EPOLLIN|EPOLLOUT|EPOLLRDHUP|EPOLLET, {u32=1699692704, u64=140112122822816}}) = -1 EPERM (Operation not permitted)
epoll_ctl(4, EPOLL_CTL_DEL, 3, 0xc00019b78c) = -1 EPERM (Operation not permitted)
read(3, "// Copyright 2013 The Go Authors"..., 4096) = 2409
close(3)                                = 0
openat(AT_FDCWD, "/home/isa/go-1.13/src/runtime/signal_linux_amd64.go", O_RDONLY|O_CLOEXEC) = 3
epoll_ctl(4, EPOLL_CTL_ADD, 3, {EPOLLIN|EPOLLOUT|EPOLLRDHUP|EPOLLET, {u32=1699692704, u64=140112122822816}}) = -1 EPERM (Operation not permitted)
epoll_ctl(4, EPOLL_CTL_DEL, 3, 0xc00019b78c) = -1 EPERM (Operation not permitted)
read(3, "// Copyright 2013 The Go Authors"..., 4096) = 2102
close(3)                                = 0
openat(AT_FDCWD, "/home/isa/go-1.13/src/runtime/signal_linux_mips64x.go", O_RDONLY|O_CLOEXEC) = 3
epoll_ctl(4, EPOLL_CTL_ADD, 3, {EPOLLIN|EPOLLOUT|EPOLLRDHUP|EPOLLET, {u32=1699692704, u64=140112122822816}}) = -1 EPERM (Operation not permitted)
epoll_ctl(4, EPOLL_CTL_DEL, 3, 0xc00019b78c) = -1 EPERM (Operation not permitted)
read(3, "// Copyright 2015 The Go Authors"..., 4096) = 3433
close(3)                                = 0
openat(AT_FDCWD, "/home/isa/go-1.13/src/runtime/signal_linux_mipsx.go", O_RDONLY|O_CLOEXEC) = 3
epoll_ctl(4, EPOLL_CTL_ADD, 3, {EPOLLIN|EPOLLOUT|EPOLLRDHUP|EPOLLET, {u32=1699692704, u64=140112122822816}}) = -1 EPERM (Operation not permitted)
epoll_ctl(4, EPOLL_CTL_DEL, 3, 0xc00019b78c) = -1 EPERM (Operation not permitted)
read(3, "// Copyright 2016 The Go Authors"..., 4096) = 3756
close(3)                                = 0
openat(AT_FDCWD, "/home/isa/go-1.13/src/runtime/signal_linux_ppc64x.go", O_RDONLY|O_CLOEXEC) = 3
epoll_ctl(4, EPOLL_CTL_ADD, 3, {EPOLLIN|EPOLLOUT|EPOLLRDHUP|EPOLLET, {u32=1699692704, u64=140112122822816}}) = -1 EPERM (Operation not permitted)
epoll_ctl(4, EPOLL_CTL_DEL, 3, 0xc00019b78c) = -1 EPERM (Operation not permitted)
read(3, "// Copyright 2014 The Go Authors"..., 4096) = 3501
close(3)                                = 0
openat(AT_FDCWD, "/home/isa/go-1.13/src/runtime/signal_mips64x.go", O_RDONLY|O_CLOEXEC) = 3
epoll_ctl(4, EPOLL_CTL_ADD, 3, {EPOLLIN|EPOLLOUT|EPOLLRDHUP|EPOLLET, {u32=1699692704, u64=140112122822816}}) = -1 EPERM (Operation not permitted)
epoll_ctl(4, EPOLL_CTL_DEL, 3, 0xc00019b78c) = -1 EPERM (Operation not permitted)
read(3, "// Copyright 2015 The Go Authors"..., 4096) = 2708
close(3)                                = 0
openat(AT_FDCWD, "/home/isa/go-1.13/src/runtime/signal_mipsx.go", O_RDONLY|O_CLOEXEC) = 3
epoll_ctl(4, EPOLL_CTL_ADD, 3, {EPOLLIN|EPOLLOUT|EPOLLRDHUP|EPOLLET, {u32=1699692704, u64=140112122822816}}) = -1 EPERM (Operation not permitted)
epoll_ctl(4, EPOLL_CTL_DEL, 3, 0xc00019b78c) = -1 EPERM (Operation not permitted)
read(3, "// Copyright 2016 The Go Authors"..., 4096) = 2595
close(3)                                = 0
openat(AT_FDCWD, "/home/isa/go-1.13/src/runtime/signal_ppc64x.go", O_RDONLY|O_CLOEXEC) = 3
epoll_ctl(4, EPOLL_CTL_ADD, 3, {EPOLLIN|EPOLLOUT|EPOLLRDHUP|EPOLLET, {u32=1699692704, u64=140112122822816}}) = -1 EPERM (Operation not permitted)
epoll_ctl(4, EPOLL_CTL_DEL, 3, 0xc00019b78c) = -1 EPERM (Operation not permitted)
read(3, "// Copyright 2014 The Go Authors"..., 4096) = 2697
close(3)                                = 0
openat(AT_FDCWD, "/home/isa/go-1.13/src/runtime/signal_sighandler.go", O_RDONLY|O_CLOEXEC) = 3
epoll_ctl(4, EPOLL_CTL_ADD, 3, {EPOLLIN|EPOLLOUT|EPOLLRDHUP|EPOLLET, {u32=1699692704, u64=140112122822816}}) = -1 EPERM (Operation not permitted)
epoll_ctl(4, EPOLL_CTL_DEL, 3, 0xc00019b78c) = -1 EPERM (Operation not permitted)
read(3, "// Copyright 2013 The Go Authors"..., 4096) = 4096
close(3)                                = 0
openat(AT_FDCWD, "/home/isa/go-1.13/src/runtime/signal_unix.go", O_RDONLY|O_CLOEXEC) = 3
epoll_ctl(4, EPOLL_CTL_ADD, 3, {EPOLLIN|EPOLLOUT|EPOLLRDHUP|EPOLLET, {u32=1699692704, u64=140112122822816}}) = -1 EPERM (Operation not permitted)
epoll_ctl(4, EPOLL_CTL_DEL, 3, 0xc00019b78c) = -1 EPERM (Operation not permitted)
read(3, "// Copyright 2012 The Go Authors"..., 4096) = 4096
close(3)                                = 0
openat(AT_FDCWD, "/home/isa/go-1.13/src/runtime/sigqueue.go", O_RDONLY|O_CLOEXEC) = 3
epoll_ctl(4, EPOLL_CTL_ADD, 3, {EPOLLIN|EPOLLOUT|EPOLLRDHUP|EPOLLET, {u32=1699692704, u64=140112122822816}}) = -1 EPERM (Operation not permitted)
epoll_ctl(4, EPOLL_CTL_DEL, 3, 0xc00019b78c) = -1 EPERM (Operation not permitted)
read(3, "// Copyright 2009 The Go Authors"..., 4096) = 4096
close(3)                                = 0
openat(AT_FDCWD, "/home/isa/go-1.13/src/runtime/sigqueue_note.go", O_RDONLY|O_CLOEXEC) = 3
epoll_ctl(4, EPOLL_CTL_ADD, 3, {EPOLLIN|EPOLLOUT|EPOLLRDHUP|EPOLLET, {u32=1699692704, u64=140112122822816}}) = -1 EPERM (Operation not permitted)
epoll_ctl(4, EPOLL_CTL_DEL, 3, 0xc00019b78c) = -1 EPERM (Operation not permitted)
read(3, "// Copyright 2019 The Go Authors"..., 4096) = 654
close(3)                                = 0
openat(AT_FDCWD, "/home/isa/go-1.13/src/runtime/sigtab_linux_generic.go", O_RDONLY|O_CLOEXEC) = 3
epoll_ctl(4, EPOLL_CTL_ADD, 3, {EPOLLIN|EPOLLOUT|EPOLLRDHUP|EPOLLET, {u32=1699692704, u64=140112122822816}}) = -1 EPERM (Operation not permitted)
epoll_ctl(4, EPOLL_CTL_DEL, 3, 0xc00019b78c) = -1 EPERM (Operation not permitted)
read(3, "// Copyright 2009 The Go Authors"..., 4096) = 3573
close(3)                                = 0
openat(AT_FDCWD, "/home/isa/go-1.13/src/runtime/sigtab_linux_mipsx.go", O_RDONLY|O_CLOEXEC) = 3
epoll_ctl(4, EPOLL_CTL_ADD, 3, {EPOLLIN|EPOLLOUT|EPOLLRDHUP|EPOLLET, {u32=1699692704, u64=140112122822816}}) = -1 EPERM (Operation not permitted)
epoll_ctl(4, EPOLL_CTL_DEL, 3, 0xc00019b78c) = -1 EPERM (Operation not permitted)
read(3, "// Copyright 2015 The Go Authors"..., 4096) = 4096
close(3)                                = 0
openat(AT_FDCWD, "/home/isa/go-1.13/src/runtime/sizeclasses.go", O_RDONLY|O_CLOEXEC) = 3
epoll_ctl(4, EPOLL_CTL_ADD, 3, {EPOLLIN|EPOLLOUT|EPOLLRDHUP|EPOLLET, {u32=1699692704, u64=140112122822816}}) = -1 EPERM (Operation not permitted)
epoll_ctl(4, EPOLL_CTL_DEL, 3, 0xc00019b78c) = -1 EPERM (Operation not permitted)
read(3, "// Code generated by mksizeclass"..., 4096) = 4096
read(3, "      65536        3         256"..., 4096) = 3997
close(3)                                = 0
openat(AT_FDCWD, "/home/isa/go-1.13/src/runtime/sizeof_test.go", O_RDONLY|O_CLOEXEC) = 3
epoll_ctl(4, EPOLL_CTL_ADD, 3, {EPOLLIN|EPOLLOUT|EPOLLRDHUP|EPOLLET, {u32=1699692704, u64=140112122822816}}) = -1 EPERM (Operation not permitted)
epoll_ctl(4, EPOLL_CTL_DEL, 3, 0xc00019b78c) = -1 EPERM (Operation not permitted)
read(3, "// Copyright 2018 The Go Authors"..., 4096) = 856
close(3)                                = 0
openat(AT_FDCWD, "/home/isa/go-1.13/src/runtime/slice.go", O_RDONLY|O_CLOEXEC) = 3
epoll_ctl(4, EPOLL_CTL_ADD, 3, {EPOLLIN|EPOLLOUT|EPOLLRDHUP|EPOLLET, {u32=1699692704, u64=140112122822816}}) = -1 EPERM (Operation not permitted)
epoll_ctl(4, EPOLL_CTL_DEL, 3, 0xc00019b78c) = -1 EPERM (Operation not permitted)
read(3, "// Copyright 2009 The Go Authors"..., 4096) = 4096
close(3)                                = 0
openat(AT_FDCWD, "/home/isa/go-1.13/src/runtime/slice_test.go", O_RDONLY|O_CLOEXEC) = 3
epoll_ctl(4, EPOLL_CTL_ADD, 3, {EPOLLIN|EPOLLOUT|EPOLLRDHUP|EPOLLET, {u32=1699692704, u64=140112122822816}}) = -1 EPERM (Operation not permitted)
epoll_ctl(4, EPOLL_CTL_DEL, 3, 0xc00019b78c) = -1 EPERM (Operation not permitted)
read(3, "// Copyright 2011 The Go Authors"..., 4096) = 4096
close(3)                                = 0
openat(AT_FDCWD, "/home/isa/go-1.13/src/runtime/softfloat64.go", O_RDONLY|O_CLOEXEC) = 3
epoll_ctl(4, EPOLL_CTL_ADD, 3, {EPOLLIN|EPOLLOUT|EPOLLRDHUP|EPOLLET, {u32=1699692704, u64=140112122822816}}) = -1 EPERM (Operation not permitted)
epoll_ctl(4, EPOLL_CTL_DEL, 3, 0xc00019b78c) = -1 EPERM (Operation not permitted)
read(3, "// Copyright 2010 The Go Authors"..., 4096) = 4096
close(3)                                = 0
openat(AT_FDCWD, "/home/isa/go-1.13/src/runtime/softfloat64_test.go", O_RDONLY|O_CLOEXEC) = 3
epoll_ctl(4, EPOLL_CTL_ADD, 3, {EPOLLIN|EPOLLOUT|EPOLLRDHUP|EPOLLET, {u32=1699692704, u64=140112122822816}}) = -1 EPERM (Operation not permitted)
epoll_ctl(4, EPOLL_CTL_DEL, 3, 0xc00019b78c) = -1 EPERM (Operation not permitted)
read(3, "// Copyright 2010 The Go Authors"..., 4096) = 4096
close(3)                                = 0
openat(AT_FDCWD, "/home/isa/go-1.13/src/runtime/stack.go", O_RDONLY|O_CLOEXEC) = 3
epoll_ctl(4, EPOLL_CTL_ADD, 3, {EPOLLIN|EPOLLOUT|EPOLLRDHUP|EPOLLET, {u32=1699692704, u64=140112122822816}}) = -1 EPERM (Operation not permitted)
epoll_ctl(4, EPOLL_CTL_DEL, 3, 0xc00019b78c) = -1 EPERM (Operation not permitted)
futex(0xc000090148, FUTEX_WAKE_PRIVATE, 1) = 1
futex(0xc00005a848, FUTEX_WAKE_PRIVATE, 1) = 1
futex(0xc00005a848, FUTEX_WAKE_PRIVATE, 1) = 1
futex(0xc00005a848, FUTEX_WAKE_PRIVATE, 1) = 1
futex(0xc00005a848, FUTEX_WAKE_PRIVATE, 1) = 1
futex(0xe91f98, FUTEX_WAIT_PRIVATE, 0, NULL) = 0
futex(0xc000090148, FUTEX_WAKE_PRIVATE, 1) = 1
futex(0xc000090148, FUTEX_WAKE_PRIVATE, 1) = 1
futex(0xc000090148, FUTEX_WAKE_PRIVATE, 1) = 1
futex(0xc00005a848, FUTEX_WAKE_PRIVATE, 1) = 1
futex(0xc00005a848, FUTEX_WAKE_PRIVATE, 1) = 1
futex(0xe91b60, FUTEX_WAIT_PRIVATE, 0, {tv_sec=0, tv_nsec=100000}) = 0
epoll_pwait(4, [], 128, 0, NULL, 64)    = 0
futex(0xe91b70, FUTEX_WAKE_PRIVATE, 1)  = 1
futex(0xc000090148, FUTEX_WAKE_PRIVATE, 1) = 1
read(3, "// Copyright 2013 The Go Authors"..., 4096) = 4096
close(3)                                = 0
futex(0xe91b88, FUTEX_WAKE_PRIVATE, 1)  = 1
openat(AT_FDCWD, "/home/isa/go-1.13/src/runtime/stack_test.go", O_RDONLY|O_CLOEXEC) = 3
sched_yield()                           = 0
futex(0xe91a70, FUTEX_WAIT_PRIVATE, 2, NULL) = 0
futex(0xe91a70, FUTEX_WAKE_PRIVATE, 1)  = 1
epoll_ctl(4, EPOLL_CTL_ADD, 3, {EPOLLIN|EPOLLOUT|EPOLLRDHUP|EPOLLET, {u32=1699692704, u64=140112122822816}}) = -1 EPERM (Operation not permitted)
epoll_ctl(4, EPOLL_CTL_DEL, 3, 0xc00019b78c) = -1 EPERM (Operation not permitted)
read(3, "// Copyright 2012 The Go Authors"..., 4096) = 4096
close(3)                                = 0
openat(AT_FDCWD, "/home/isa/go-1.13/src/runtime/string.go", O_RDONLY|O_CLOEXEC) = 3
epoll_ctl(4, EPOLL_CTL_ADD, 3, {EPOLLIN|EPOLLOUT|EPOLLRDHUP|EPOLLET, {u32=1699692704, u64=140112122822816}}) = -1 EPERM (Operation not permitted)
epoll_ctl(4, EPOLL_CTL_DEL, 3, 0xc00019b78c) = -1 EPERM (Operation not permitted)
read(3, "// Copyright 2014 The Go Authors"..., 4096) = 4096
close(3)                                = 0
openat(AT_FDCWD, "/home/isa/go-1.13/src/runtime/string_test.go", O_RDONLY|O_CLOEXEC) = 3
epoll_ctl(4, EPOLL_CTL_ADD, 3, {EPOLLIN|EPOLLOUT|EPOLLRDHUP|EPOLLET, {u32=1699692704, u64=140112122822816}}) = -1 EPERM (Operation not permitted)
epoll_ctl(4, EPOLL_CTL_DEL, 3, 0xc00019b78c) = -1 EPERM (Operation not permitted)
read(3, "// Copyright 2012 The Go Authors"..., 4096) = 4096
close(3)                                = 0
openat(AT_FDCWD, "/home/isa/go-1.13/src/runtime/stubs.go", O_RDONLY|O_CLOEXEC) = 3
epoll_ctl(4, EPOLL_CTL_ADD, 3, {EPOLLIN|EPOLLOUT|EPOLLRDHUP|EPOLLET, {u32=1699692704, u64=140112122822816}}) = -1 EPERM (Operation not permitted)
epoll_ctl(4, EPOLL_CTL_DEL, 3, 0xc00019b78c) = -1 EPERM (Operation not permitted)
read(3, "// Copyright 2014 The Go Authors"..., 4096) = 4096
close(3)                                = 0
openat(AT_FDCWD, "/home/isa/go-1.13/src/runtime/stubs2.go", O_RDONLY|O_CLOEXEC) = 3
epoll_ctl(4, EPOLL_CTL_ADD, 3, {EPOLLIN|EPOLLOUT|EPOLLRDHUP|EPOLLET, {u32=1699692704, u64=140112122822816}}) = -1 EPERM (Operation not permitted)
epoll_ctl(4, EPOLL_CTL_DEL, 3, 0xc00019b78c) = -1 EPERM (Operation not permitted)
read(3, "// Copyright 2014 The Go Authors"..., 4096) = 850
close(3)                                = 0
openat(AT_FDCWD, "/home/isa/go-1.13/src/runtime/stubs3.go", O_RDONLY|O_CLOEXEC) = 3
epoll_ctl(4, EPOLL_CTL_ADD, 3, {EPOLLIN|EPOLLOUT|EPOLLRDHUP|EPOLLET, {u32=1699692704, u64=140112122822816}}) = -1 EPERM (Operation not permitted)
epoll_ctl(4, EPOLL_CTL_DEL, 3, 0xc00019b78c) = -1 EPERM (Operation not permitted)
read(3, "// Copyright 2018 The Go Authors"..., 4096) = 305
close(3)                                = 0
openat(AT_FDCWD, "/home/isa/go-1.13/src/runtime/stubs32.go", O_RDONLY|O_CLOEXEC) = 3
epoll_ctl(4, EPOLL_CTL_ADD, 3, {EPOLLIN|EPOLLOUT|EPOLLRDHUP|EPOLLET, {u32=1699692704, u64=140112122822816}}) = -1 EPERM (Operation not permitted)
epoll_ctl(4, EPOLL_CTL_DEL, 3, 0xc00019b78c) = -1 EPERM (Operation not permitted)
read(3, "// Copyright 2015 The Go Authors"..., 4096) = 402
close(3)                                = 0
openat(AT_FDCWD, "/home/isa/go-1.13/src/runtime/stubs_amd64x.go", O_RDONLY|O_CLOEXEC) = 3
epoll_ctl(4, EPOLL_CTL_ADD, 3, {EPOLLIN|EPOLLOUT|EPOLLRDHUP|EPOLLET, {u32=1699692704, u64=140112122822816}}) = -1 EPERM (Operation not permitted)
epoll_ctl(4, EPOLL_CTL_DEL, 3, 0xc00019b78c) = -1 EPERM (Operation not permitted)
read(3, "// Copyright 2018 The Go Authors"..., 4096) = 374
close(3)                                = 0
openat(AT_FDCWD, "/home/isa/go-1.13/src/runtime/stubs_linux.go", O_RDONLY|O_CLOEXEC) = 3
epoll_ctl(4, EPOLL_CTL_ADD, 3, {EPOLLIN|EPOLLOUT|EPOLLRDHUP|EPOLLET, {u32=1699692704, u64=140112122822816}}) = -1 EPERM (Operation not permitted)
epoll_ctl(4, EPOLL_CTL_DEL, 3, 0xc00019b78c) = -1 EPERM (Operation not permitted)
read(3, "// Copyright 2017 The Go Authors"..., 4096) = 646
close(3)                                = 0
openat(AT_FDCWD, "/home/isa/go-1.13/src/runtime/stubs_mips64x.go", O_RDONLY|O_CLOEXEC) = 3
epoll_ctl(4, EPOLL_CTL_ADD, 3, {EPOLLIN|EPOLLOUT|EPOLLRDHUP|EPOLLET, {u32=1699692704, u64=140112122822816}}) = -1 EPERM (Operation not permitted)
epoll_ctl(4, EPOLL_CTL_DEL, 3, 0xc00019b78c) = -1 EPERM (Operation not permitted)
read(3, "// Copyright 2019 The Go Authors"..., 4096) = 283
close(3)                                = 0
openat(AT_FDCWD, "/home/isa/go-1.13/src/runtime/stubs_mipsx.go", O_RDONLY|O_CLOEXEC) = 3
epoll_ctl(4, EPOLL_CTL_ADD, 3, {EPOLLIN|EPOLLOUT|EPOLLRDHUP|EPOLLET, {u32=1699692704, u64=140112122822816}}) = -1 EPERM (Operation not permitted)
epoll_ctl(4, EPOLL_CTL_DEL, 3, 0xc00019b78c) = -1 EPERM (Operation not permitted)
read(3, "// Copyright 2019 The Go Authors"..., 4096) = 279
close(3)                                = 0
openat(AT_FDCWD, "/home/isa/go-1.13/src/runtime/stubs_nonlinux.go", O_RDONLY|O_CLOEXEC) = 3
epoll_ctl(4, EPOLL_CTL_ADD, 3, {EPOLLIN|EPOLLOUT|EPOLLRDHUP|EPOLLET, {u32=1699692704, u64=140112122822816}}) = -1 EPERM (Operation not permitted)
epoll_ctl(4, EPOLL_CTL_DEL, 3, 0xc00019b78c) = -1 EPERM (Operation not permitted)
read(3, "// Copyright 2017 The Go Authors"..., 4096) = 297
close(3)                                = 0
openat(AT_FDCWD, "/home/isa/go-1.13/src/runtime/stubs_ppc64x.go", O_RDONLY|O_CLOEXEC) = 3
epoll_ctl(4, EPOLL_CTL_ADD, 3, {EPOLLIN|EPOLLOUT|EPOLLRDHUP|EPOLLET, {u32=1699692704, u64=140112122822816}}) = -1 EPERM (Operation not permitted)
epoll_ctl(4, EPOLL_CTL_DEL, 3, 0xc00019b78c) = -1 EPERM (Operation not permitted)
read(3, "// Copyright 2019 The Go Authors"..., 4096) = 296
close(3)                                = 0
openat(AT_FDCWD, "/home/isa/go-1.13/src/runtime/symtab.go", O_RDONLY|O_CLOEXEC) = 3
epoll_ctl(4, EPOLL_CTL_ADD, 3, {EPOLLIN|EPOLLOUT|EPOLLRDHUP|EPOLLET, {u32=1699692704, u64=140112122822816}}) = -1 EPERM (Operation not permitted)
epoll_ctl(4, EPOLL_CTL_DEL, 3, 0xc00019b78c) = -1 EPERM (Operation not permitted)
read(3, "// Copyright 2014 The Go Authors"..., 4096) = 4096
close(3)                                = 0
openat(AT_FDCWD, "/home/isa/go-1.13/src/runtime/symtab_test.go", O_RDONLY|O_CLOEXEC) = 3
epoll_ctl(4, EPOLL_CTL_ADD, 3, {EPOLLIN|EPOLLOUT|EPOLLRDHUP|EPOLLET, {u32=1699692704, u64=140112122822816}}) = -1 EPERM (Operation not permitted)
epoll_ctl(4, EPOLL_CTL_DEL, 3, 0xc00019b78c) = -1 EPERM (Operation not permitted)
read(3, "// Copyright 2009 The Go Authors"..., 4096) = 4096
close(3)                                = 0
openat(AT_FDCWD, "/home/isa/go-1.13/src/runtime/sys_darwin_32.go", O_RDONLY|O_CLOEXEC) = 3
epoll_ctl(4, EPOLL_CTL_ADD, 3, {EPOLLIN|EPOLLOUT|EPOLLRDHUP|EPOLLET, {u32=1699692704, u64=140112122822816}}) = -1 EPERM (Operation not permitted)
epoll_ctl(4, EPOLL_CTL_DEL, 3, 0xc00019b78c) = -1 EPERM (Operation not permitted)
read(3, "// Copyright 2018 The Go Authors"..., 4096) = 533
close(3)                                = 0
openat(AT_FDCWD, "/home/isa/go-1.13/src/runtime/sys_darwin_64.go", O_RDONLY|O_CLOEXEC) = 3
epoll_ctl(4, EPOLL_CTL_ADD, 3, {EPOLLIN|EPOLLOUT|EPOLLRDHUP|EPOLLET, {u32=1699692704, u64=140112122822816}}) = -1 EPERM (Operation not permitted)
epoll_ctl(4, EPOLL_CTL_DEL, 3, 0xc00019b78c) = -1 EPERM (Operation not permitted)
read(3, "// Copyright 2018 The Go Authors"..., 4096) = 513
close(3)                                = 0
openat(AT_FDCWD, "/home/isa/go-1.13/src/runtime/sys_linux_amd64.s", O_RDONLY|O_CLOEXEC) = 3
epoll_ctl(4, EPOLL_CTL_ADD, 3, {EPOLLIN|EPOLLOUT|EPOLLRDHUP|EPOLLET, {u32=1699692704, u64=140112122822816}}) = -1 EPERM (Operation not permitted)
epoll_ctl(4, EPOLL_CTL_DEL, 3, 0xc00019b78c) = -1 EPERM (Operation not permitted)
read(3, "// Copyright 2009 The Go Authors"..., 4096) = 4096
close(3)                                = 0
openat(AT_FDCWD, "/home/isa/go-1.13/src/runtime/sys_linux_mips64x.s", O_RDONLY|O_CLOEXEC) = 3
epoll_ctl(4, EPOLL_CTL_ADD, 3, {EPOLLIN|EPOLLOUT|EPOLLRDHUP|EPOLLET, {u32=1699692704, u64=140112122822816}}) = -1 EPERM (Operation not permitted)
epoll_ctl(4, EPOLL_CTL_DEL, 3, 0xc00019b78c) = -1 EPERM (Operation not permitted)
read(3, "// Copyright 2015 The Go Authors"..., 4096) = 4096
close(3)                                = 0
openat(AT_FDCWD, "/home/isa/go-1.13/src/runtime/sys_linux_mipsx.s", O_RDONLY|O_CLOEXEC) = 3
epoll_ctl(4, EPOLL_CTL_ADD, 3, {EPOLLIN|EPOLLOUT|EPOLLRDHUP|EPOLLET, {u32=1699692704, u64=140112122822816}}) = -1 EPERM (Operation not permitted)
epoll_ctl(4, EPOLL_CTL_DEL, 3, 0xc00019b78c) = -1 EPERM (Operation not permitted)
read(3, "// Copyright 2016 The Go Authors"..., 4096) = 4096
close(3)                                = 0
openat(AT_FDCWD, "/home/isa/go-1.13/src/runtime/sys_linux_ppc64x.s", O_RDONLY|O_CLOEXEC) = 3
epoll_ctl(4, EPOLL_CTL_ADD, 3, {EPOLLIN|EPOLLOUT|EPOLLRDHUP|EPOLLET, {u32=1699692704, u64=140112122822816}}) = -1 EPERM (Operation not permitted)
epoll_ctl(4, EPOLL_CTL_DEL, 3, 0xc00019b78c) = -1 EPERM (Operation not permitted)
read(3, "// Copyright 2014 The Go Authors"..., 4096) = 4096
close(3)                                = 0
openat(AT_FDCWD, "/home/isa/go-1.13/src/runtime/sys_mips64x.go", O_RDONLY|O_CLOEXEC) = 3
epoll_ctl(4, EPOLL_CTL_ADD, 3, {EPOLLIN|EPOLLOUT|EPOLLRDHUP|EPOLLET, {u32=1699692704, u64=140112122822816}}) = -1 EPERM (Operation not permitted)
epoll_ctl(4, EPOLL_CTL_DEL, 3, 0xc00019b78c) = -1 EPERM (Operation not permitted)
read(3, "// Copyright 2015 The Go Authors"..., 4096) = 496
close(3)                                = 0
openat(AT_FDCWD, "/home/isa/go-1.13/src/runtime/sys_mipsx.go", O_RDONLY|O_CLOEXEC) = 3
epoll_ctl(4, EPOLL_CTL_ADD, 3, {EPOLLIN|EPOLLOUT|EPOLLRDHUP|EPOLLET, {u32=1699692704, u64=140112122822816}}) = -1 EPERM (Operation not permitted)
epoll_ctl(4, EPOLL_CTL_DEL, 3, 0xc00019b78c) = -1 EPERM (Operation not permitted)
read(3, "// Copyright 2016 The Go Authors"..., 4096) = 492
close(3)                                = 0
openat(AT_FDCWD, "/home/isa/go-1.13/src/runtime/sys_nonppc64x.go", O_RDONLY|O_CLOEXEC) = 3
epoll_ctl(4, EPOLL_CTL_ADD, 3, {EPOLLIN|EPOLLOUT|EPOLLRDHUP|EPOLLET, {u32=1699692704, u64=140112122822816}}) = -1 EPERM (Operation not permitted)
epoll_ctl(4, EPOLL_CTL_DEL, 3, 0xc00019b78c) = -1 EPERM (Operation not permitted)
read(3, "// Copyright 2015 The Go Authors"..., 4096) = 241
close(3)                                = 0
openat(AT_FDCWD, "/home/isa/go-1.13/src/runtime/sys_ppc64x.go", O_RDONLY|O_CLOEXEC) = 3
epoll_ctl(4, EPOLL_CTL_ADD, 3, {EPOLLIN|EPOLLOUT|EPOLLRDHUP|EPOLLET, {u32=1699692704, u64=140112122822816}}) = -1 EPERM (Operation not permitted)
epoll_ctl(4, EPOLL_CTL_DEL, 3, 0xc00019b78c) = -1 EPERM (Operation not permitted)
read(3, "// Copyright 2014 The Go Authors"..., 4096) = 528
close(3)                                = 0
openat(AT_FDCWD, "/home/isa/go-1.13/src/runtime/sys_x86.go", O_RDONLY|O_CLOEXEC) = 3
epoll_ctl(4, EPOLL_CTL_ADD, 3, {EPOLLIN|EPOLLOUT|EPOLLRDHUP|EPOLLET, {u32=1699692704, u64=140112122822816}}) = -1 EPERM (Operation not permitted)
epoll_ctl(4, EPOLL_CTL_DEL, 3, 0xc00019b78c) = -1 EPERM (Operation not permitted)
read(3, "// Copyright 2013 The Go Authors"..., 4096) = 633
close(3)                                = 0
openat(AT_FDCWD, "/home/isa/go-1.13/src/runtime/textflag.h", O_RDONLY|O_CLOEXEC) = 3
epoll_ctl(4, EPOLL_CTL_ADD, 3, {EPOLLIN|EPOLLOUT|EPOLLRDHUP|EPOLLET, {u32=1699692704, u64=140112122822816}}) = -1 EPERM (Operation not permitted)
epoll_ctl(4, EPOLL_CTL_DEL, 3, 0xc00019b78c) = -1 EPERM (Operation not permitted)
read(3, "// Copyright 2013 The Go Authors"..., 4096) = 1493
close(3)                                = 0
openat(AT_FDCWD, "/home/isa/go-1.13/src/runtime/time.go", O_RDONLY|O_CLOEXEC) = 3
epoll_ctl(4, EPOLL_CTL_ADD, 3, {EPOLLIN|EPOLLOUT|EPOLLRDHUP|EPOLLET, {u32=1699692704, u64=140112122822816}}) = -1 EPERM (Operation not permitted)
epoll_ctl(4, EPOLL_CTL_DEL, 3, 0xc00019b78c) = -1 EPERM (Operation not permitted)
read(3, "// Copyright 2009 The Go Authors"..., 4096) = 4096
close(3)                                = 0
openat(AT_FDCWD, "/home/isa/go-1.13/src/runtime/time_fake.go", O_RDONLY|O_CLOEXEC) = 3
epoll_ctl(4, EPOLL_CTL_ADD, 3, {EPOLLIN|EPOLLOUT|EPOLLRDHUP|EPOLLET, {u32=1699692704, u64=140112122822816}}) = -1 EPERM (Operation not permitted)
epoll_ctl(4, EPOLL_CTL_DEL, 3, 0xc00019b78c) = -1 EPERM (Operation not permitted)
read(3, "// Copyright 2019 The Go Authors"..., 4096) = 2754
close(3)                                = 0
openat(AT_FDCWD, "/home/isa/go-1.13/src/runtime/time_nofake.go", O_RDONLY|O_CLOEXEC) = 3
epoll_ctl(4, EPOLL_CTL_ADD, 3, {EPOLLIN|EPOLLOUT|EPOLLRDHUP|EPOLLET, {u32=1699692704, u64=140112122822816}}) = -1 EPERM (Operation not permitted)
epoll_ctl(4, EPOLL_CTL_DEL, 3, 0xc00019b78c) = -1 EPERM (Operation not permitted)
read(3, "// Copyright 2019 The Go Authors"..., 4096) = 647
close(3)                                = 0
openat(AT_FDCWD, "/home/isa/go-1.13/src/runtime/time_test.go", O_RDONLY|O_CLOEXEC) = 3
epoll_ctl(4, EPOLL_CTL_ADD, 3, {EPOLLIN|EPOLLOUT|EPOLLRDHUP|EPOLLET, {u32=1699692704, u64=140112122822816}}) = -1 EPERM (Operation not permitted)
epoll_ctl(4, EPOLL_CTL_DEL, 3, 0xc00019b78c) = -1 EPERM (Operation not permitted)
read(3, "// Copyright 2019 The Go Authors"..., 4096) = 1944
close(3)                                = 0
openat(AT_FDCWD, "/home/isa/go-1.13/src/runtime/timeasm.go", O_RDONLY|O_CLOEXEC) = 3
epoll_ctl(4, EPOLL_CTL_ADD, 3, {EPOLLIN|EPOLLOUT|EPOLLRDHUP|EPOLLET, {u32=1699692704, u64=140112122822816}}) = -1 EPERM (Operation not permitted)
epoll_ctl(4, EPOLL_CTL_DEL, 3, 0xc00019b78c) = -1 EPERM (Operation not permitted)
read(3, "// Copyright 2017 The Go Authors"..., 4096) = 382
close(3)                                = 0
openat(AT_FDCWD, "/home/isa/go-1.13/src/runtime/timestub.go", O_RDONLY|O_CLOEXEC) = 3
epoll_ctl(4, EPOLL_CTL_ADD, 3, {EPOLLIN|EPOLLOUT|EPOLLRDHUP|EPOLLET, {u32=1699692704, u64=140112122822816}}) = -1 EPERM (Operation not permitted)
epoll_ctl(4, EPOLL_CTL_DEL, 3, 0xc00019b78c) = -1 EPERM (Operation not permitted)
read(3, "// Copyright 2017 The Go Authors"..., 4096) = 497
close(3)                                = 0
openat(AT_FDCWD, "/home/isa/go-1.13/src/runtime/timestub2.go", O_RDONLY|O_CLOEXEC) = 3
epoll_ctl(4, EPOLL_CTL_ADD, 3, {EPOLLIN|EPOLLOUT|EPOLLRDHUP|EPOLLET, {u32=1699692704, u64=140112122822816}}) = -1 EPERM (Operation not permitted)
epoll_ctl(4, EPOLL_CTL_DEL, 3, 0xc00019b78c) = -1 EPERM (Operation not permitted)
read(3, "// Copyright 2018 The Go Authors"..., 4096) = 290
close(3)                                = 0
openat(AT_FDCWD, "/home/isa/go-1.13/src/runtime/tls_mips64x.s", O_RDONLY|O_CLOEXEC) = 3
epoll_ctl(4, EPOLL_CTL_ADD, 3, {EPOLLIN|EPOLLOUT|EPOLLRDHUP|EPOLLET, {u32=1699692704, u64=140112122822816}}) = -1 EPERM (Operation not permitted)
epoll_ctl(4, EPOLL_CTL_DEL, 3, 0xc00019b78c) = -1 EPERM (Operation not permitted)
read(3, "// Copyright 2015 The Go Authors"..., 4096) = 729
close(3)                                = 0
openat(AT_FDCWD, "/home/isa/go-1.13/src/runtime/tls_mipsx.s", O_RDONLY|O_CLOEXEC) = 3
epoll_ctl(4, EPOLL_CTL_ADD, 3, {EPOLLIN|EPOLLOUT|EPOLLRDHUP|EPOLLET, {u32=1699692704, u64=140112122822816}}) = -1 EPERM (Operation not permitted)
epoll_ctl(4, EPOLL_CTL_DEL, 3, 0xc00019b78c) = -1 EPERM (Operation not permitted)
read(3, "// Copyright 2016 The Go Authors"..., 4096) = 705
close(3)                                = 0
openat(AT_FDCWD, "/home/isa/go-1.13/src/runtime/tls_ppc64x.s", O_RDONLY|O_CLOEXEC) = 3
epoll_ctl(4, EPOLL_CTL_ADD, 3, {EPOLLIN|EPOLLOUT|EPOLLRDHUP|EPOLLET, {u32=1699692704, u64=140112122822816}}) = -1 EPERM (Operation not permitted)
epoll_ctl(4, EPOLL_CTL_DEL, 3, 0xc00019b78c) = -1 EPERM (Operation not permitted)
read(3, "// Copyright 2014 The Go Authors"..., 4096) = 1542
close(3)                                = 0
openat(AT_FDCWD, "/home/isa/go-1.13/src/runtime/trace.go", O_RDONLY|O_CLOEXEC) = 3
epoll_ctl(4, EPOLL_CTL_ADD, 3, {EPOLLIN|EPOLLOUT|EPOLLRDHUP|EPOLLET, {u32=1699692704, u64=140112122822816}}) = -1 EPERM (Operation not permitted)
epoll_ctl(4, EPOLL_CTL_DEL, 3, 0xc00019b78c) = -1 EPERM (Operation not permitted)
read(3, "// Copyright 2014 The Go Authors"..., 4096) = 4096
close(3)                                = 0
openat(AT_FDCWD, "/home/isa/go-1.13/src/runtime/traceback.go", O_RDONLY|O_CLOEXEC) = 3
epoll_ctl(4, EPOLL_CTL_ADD, 3, {EPOLLIN|EPOLLOUT|EPOLLRDHUP|EPOLLET, {u32=1699692704, u64=140112122822816}}) = -1 EPERM (Operation not permitted)
epoll_ctl(4, EPOLL_CTL_DEL, 3, 0xc00019b78c) = -1 EPERM (Operation not permitted)
read(3, "// Copyright 2009 The Go Authors"..., 4096) = 4096
close(3)                                = 0
openat(AT_FDCWD, "/home/isa/go-1.13/src/runtime/treap_test.go", O_RDONLY|O_CLOEXEC) = 3
epoll_ctl(4, EPOLL_CTL_ADD, 3, {EPOLLIN|EPOLLOUT|EPOLLRDHUP|EPOLLET, {u32=1699692704, u64=140112122822816}}) = -1 EPERM (Operation not permitted)
epoll_ctl(4, EPOLL_CTL_DEL, 3, 0xc00019b78c) = -1 EPERM (Operation not permitted)
read(3, "// Copyright 2019 The Go Authors"..., 4096) = 4096
close(3)                                = 0
openat(AT_FDCWD, "/home/isa/go-1.13/src/runtime/type.go", O_RDONLY|O_CLOEXEC) = 3
epoll_ctl(4, EPOLL_CTL_ADD, 3, {EPOLLIN|EPOLLOUT|EPOLLRDHUP|EPOLLET, {u32=1699692704, u64=140112122822816}}) = -1 EPERM (Operation not permitted)
epoll_ctl(4, EPOLL_CTL_DEL, 3, 0xc00019b78c) = -1 EPERM (Operation not permitted)
read(3, "// Copyright 2009 The Go Authors"..., 4096) = 4096
close(3)                                = 0
openat(AT_FDCWD, "/home/isa/go-1.13/src/runtime/typekind.go", O_RDONLY|O_CLOEXEC) = 3
epoll_ctl(4, EPOLL_CTL_ADD, 3, {EPOLLIN|EPOLLOUT|EPOLLRDHUP|EPOLLET, {u32=1699692704, u64=140112122822816}}) = -1 EPERM (Operation not permitted)
epoll_ctl(4, EPOLL_CTL_DEL, 3, 0xc00019b78c) = -1 EPERM (Operation not permitted)
read(3, "// Copyright 2014 The Go Authors"..., 4096) = 742
close(3)                                = 0
openat(AT_FDCWD, "/home/isa/go-1.13/src/runtime/utf8.go", O_RDONLY|O_CLOEXEC) = 3
epoll_ctl(4, EPOLL_CTL_ADD, 3, {EPOLLIN|EPOLLOUT|EPOLLRDHUP|EPOLLET, {u32=1699692704, u64=140112122822816}}) = -1 EPERM (Operation not permitted)
epoll_ctl(4, EPOLL_CTL_DEL, 3, 0xc00019b78c) = -1 EPERM (Operation not permitted)
read(3, "// Copyright 2016 The Go Authors"..., 4096) = 3467
close(3)                                = 0
openat(AT_FDCWD, "/home/isa/go-1.13/src/runtime/vdso_elf32.go", O_RDONLY|O_CLOEXEC) = 3
epoll_ctl(4, EPOLL_CTL_ADD, 3, {EPOLLIN|EPOLLOUT|EPOLLRDHUP|EPOLLET, {u32=1699692704, u64=140112122822816}}) = -1 EPERM (Operation not permitted)
epoll_ctl(4, EPOLL_CTL_DEL, 3, 0xc00019b78c) = -1 EPERM (Operation not permitted)
read(3, "// Copyright 2018 The Go Authors"..., 4096) = 2828
close(3)                                = 0
openat(AT_FDCWD, "/home/isa/go-1.13/src/runtime/vdso_elf64.go", O_RDONLY|O_CLOEXEC) = 3
epoll_ctl(4, EPOLL_CTL_ADD, 3, {EPOLLIN|EPOLLOUT|EPOLLRDHUP|EPOLLET, {u32=1699692704, u64=140112122822816}}) = -1 EPERM (Operation not permitted)
epoll_ctl(4, EPOLL_CTL_DEL, 3, 0xc00019b78c) = -1 EPERM (Operation not permitted)
read(3, "// Copyright 2018 The Go Authors"..., 4096) = 2846
close(3)                                = 0
openat(AT_FDCWD, "/home/isa/go-1.13/src/runtime/vdso_freebsd_x86.go", O_RDONLY|O_CLOEXEC) = 3
epoll_ctl(4, EPOLL_CTL_ADD, 3, {EPOLLIN|EPOLLOUT|EPOLLRDHUP|EPOLLET, {u32=1699692704, u64=140112122822816}}) = -1 EPERM (Operation not permitted)
epoll_ctl(4, EPOLL_CTL_DEL, 3, 0xc00019b78c) = -1 EPERM (Operation not permitted)
read(3, "// Copyright 2018 The Go Authors"..., 4096) = 1896
close(3)                                = 0
openat(AT_FDCWD, "/home/isa/go-1.13/src/runtime/vdso_in_none.go", O_RDONLY|O_CLOEXEC) = 3
epoll_ctl(4, EPOLL_CTL_ADD, 3, {EPOLLIN|EPOLLOUT|EPOLLRDHUP|EPOLLET, {u32=1699692704, u64=140112122822816}}) = -1 EPERM (Operation not permitted)
epoll_ctl(4, EPOLL_CTL_DEL, 3, 0xc00019b78c) = -1 EPERM (Operation not permitted)
read(3, "// Copyright 2018 The Go Authors"..., 4096) = 361
close(3)                                = 0
openat(AT_FDCWD, "/home/isa/go-1.13/src/runtime/vdso_linux.go", O_RDONLY|O_CLOEXEC) = 3
epoll_ctl(4, EPOLL_CTL_ADD, 3, {EPOLLIN|EPOLLOUT|EPOLLRDHUP|EPOLLET, {u32=1699692704, u64=140112122822816}}) = -1 EPERM (Operation not permitted)
epoll_ctl(4, EPOLL_CTL_DEL, 3, 0xc00019b78c) = -1 EPERM (Operation not permitted)
read(3, "// Copyright 2012 The Go Authors"..., 4096) = 4096
close(3)                                = 0
openat(AT_FDCWD, "/home/isa/go-1.13/src/runtime/vdso_linux_amd64.go", O_RDONLY|O_CLOEXEC) = 3
epoll_ctl(4, EPOLL_CTL_ADD, 3, {EPOLLIN|EPOLLOUT|EPOLLRDHUP|EPOLLET, {u32=1699692704, u64=140112122822816}}) = -1 EPERM (Operation not permitted)
epoll_ctl(4, EPOLL_CTL_DEL, 3, 0xc00019b78c) = -1 EPERM (Operation not permitted)
read(3, "// Copyright 2012 The Go Authors"..., 4096) = 748
close(3)                                = 0
openat(AT_FDCWD, "/home/isa/go-1.13/src/runtime/vdso_linux_ppc64x.go", O_RDONLY|O_CLOEXEC) = 3
epoll_ctl(4, EPOLL_CTL_ADD, 3, {EPOLLIN|EPOLLOUT|EPOLLRDHUP|EPOLLET, {u32=1699692704, u64=140112122822816}}) = -1 EPERM (Operation not permitted)
epoll_ctl(4, EPOLL_CTL_DEL, 3, 0xc00019b78c) = -1 EPERM (Operation not permitted)
read(3, "// Copyright 2018 The Go Authors"..., 4096) = 673
close(3)                                = 0
openat(AT_FDCWD, "/home/isa/go-1.13/src/runtime/vlrt.go", O_RDONLY|O_CLOEXEC) = 3
epoll_ctl(4, EPOLL_CTL_ADD, 3, {EPOLLIN|EPOLLOUT|EPOLLRDHUP|EPOLLET, {u32=1699692704, u64=140112122822816}}) = -1 EPERM (Operation not permitted)
epoll_ctl(4, EPOLL_CTL_DEL, 3, 0xc00019b78c) = -1 EPERM (Operation not permitted)
read(3, "// Inferno's libkern/vlrt-arm.c\n"..., 4096) = 4096
close(3)                                = 0
openat(AT_FDCWD, "/home/isa/go-1.13/src/runtime/wincallback.go", O_RDONLY|O_CLOEXEC) = 3
epoll_ctl(4, EPOLL_CTL_ADD, 3, {EPOLLIN|EPOLLOUT|EPOLLRDHUP|EPOLLET, {u32=1699692704, u64=140112122822816}}) = -1 EPERM (Operation not permitted)
epoll_ctl(4, EPOLL_CTL_DEL, 3, 0xc00019b78c) = -1 EPERM (Operation not permitted)
read(3, "// Copyright 2014 The Go Authors"..., 4096) = 2589
close(3)                                = 0
openat(AT_FDCWD, "/home/isa/go-1.13/src/runtime/write_err.go", O_RDONLY|O_CLOEXEC) = 3
epoll_ctl(4, EPOLL_CTL_ADD, 3, {EPOLLIN|EPOLLOUT|EPOLLRDHUP|EPOLLET, {u32=1699692704, u64=140112122822816}}) = -1 EPERM (Operation not permitted)
epoll_ctl(4, EPOLL_CTL_DEL, 3, 0xc00019b78c) = -1 EPERM (Operation not permitted)
read(3, "// Copyright 2009 The Go Authors"..., 4096) = 290
close(3)                                = 0
newfstatat(AT_FDCWD, "/home/isa/go-1.13/src/runtime/vendor", 0xc0000ac038, 0) = -1 ENOENT (No such file or directory)
newfstatat(AT_FDCWD, "/home/isa/go-1.13/src/vendor/internal/bytealg", 0xc0000ac108, 0) = -1 ENOENT (No such file or directory)
newfstatat(AT_FDCWD, "/home/isa/go-1.13/src/runtime/vendor", 0xc0000ac1d8, 0) = -1 ENOENT (No such file or directory)
newfstatat(AT_FDCWD, "/home/isa/go-1.13/src/vendor", {st_mode=S_IFDIR|0775, st_size=4096, ...}, 0) = 0
newfstatat(AT_FDCWD, "/home/isa/go-1.13/src/vendor/internal/bytealg", 0xc0000ac378, 0) = -1 ENOENT (No such file or directory)
newfstatat(AT_FDCWD, "/home", {st_mode=S_IFDIR|0755, st_size=4096, ...}, AT_SYMLINK_NOFOLLOW) = 0
newfstatat(AT_FDCWD, "/home/isa", {st_mode=S_IFDIR|0755, st_size=4096, ...}, AT_SYMLINK_NOFOLLOW) = 0
newfstatat(AT_FDCWD, "/home/isa/dekape", {st_mode=S_IFDIR|0755, st_size=4096, ...}, AT_SYMLINK_NOFOLLOW) = 0
newfstatat(AT_FDCWD, "/home/isa/dekape/go", {st_mode=S_IFDIR|0755, st_size=4096, ...}, AT_SYMLINK_NOFOLLOW) = 0
newfstatat(AT_FDCWD, "/home", {st_mode=S_IFDIR|0755, st_size=4096, ...}, AT_SYMLINK_NOFOLLOW) = 0
newfstatat(AT_FDCWD, "/home/isa", {st_mode=S_IFDIR|0755, st_size=4096, ...}, AT_SYMLINK_NOFOLLOW) = 0
newfstatat(AT_FDCWD, "/home/isa/go-1.13", {st_mode=S_IFDIR|0775, st_size=4096, ...}, AT_SYMLINK_NOFOLLOW) = 0
newfstatat(AT_FDCWD, "/home/isa/go-1.13/src", {st_mode=S_IFDIR|0775, st_size=4096, ...}, AT_SYMLINK_NOFOLLOW) = 0
newfstatat(AT_FDCWD, "/home/isa/go-1.13/src/runtime", {st_mode=S_IFDIR|0775, st_size=20480, ...}, AT_SYMLINK_NOFOLLOW) = 0
newfstatat(AT_FDCWD, "/home/isa/go-1.13/src/internal/bytealg", {st_mode=S_IFDIR|0775, st_size=4096, ...}, 0) = 0
openat(AT_FDCWD, "/home/isa/go-1.13/src/internal/bytealg", O_RDONLY|O_CLOEXEC) = 3
epoll_ctl(4, EPOLL_CTL_ADD, 3, {EPOLLIN|EPOLLOUT|EPOLLRDHUP|EPOLLET, {u32=1699692704, u64=140112122822816}}) = -1 EPERM (Operation not permitted)
epoll_ctl(4, EPOLL_CTL_DEL, 3, 0xc00019b2a4) = -1 EPERM (Operation not permitted)
getdents64(3, /* 52 entries */, 8192)   = 2008
getdents64(3, /* 0 entries */, 8192)    = 0
newfstatat(AT_FDCWD, "/home/isa/go-1.13/src/internal/bytealg/index_s390x.go", {st_mode=S_IFREG|0664, st_size=1011, ...}, AT_SYMLINK_NOFOLLOW) = 0
newfstatat(AT_FDCWD, "/home/isa/go-1.13/src/internal/bytealg/compare_native.go", {st_mode=S_IFREG|0664, st_size=583, ...}, AT_SYMLINK_NOFOLLOW) = 0
newfstatat(AT_FDCWD, "/home/isa/go-1.13/src/internal/bytealg/compare_s390x.s", {st_mode=S_IFREG|0664, st_size=1214, ...}, AT_SYMLINK_NOFOLLOW) = 0
newfstatat(AT_FDCWD, "/home/isa/go-1.13/src/internal/bytealg/equal_arm.s", {st_mode=S_IFREG|0664, st_size=1858, ...}, AT_SYMLINK_NOFOLLOW) = 0
newfstatat(AT_FDCWD, "/home/isa/go-1.13/src/internal/bytealg/count_ppc64x.s", {st_mode=S_IFREG|0664, st_size=2772, ...}, AT_SYMLINK_NOFOLLOW) = 0
newfstatat(AT_FDCWD, "/home/isa/go-1.13/src/internal/bytealg/compare_ppc64x.s", {st_mode=S_IFREG|0664, st_size=6717, ...}, AT_SYMLINK_NOFOLLOW) = 0
newfstatat(AT_FDCWD, "/home/isa/go-1.13/src/internal/bytealg/compare_arm.s", {st_mode=S_IFREG|0664, st_size=1795, ...}, AT_SYMLINK_NOFOLLOW) = 0
newfstatat(AT_FDCWD, "/home/isa/go-1.13/src/internal/bytealg/index_amd64.go", {st_mode=S_IFREG|0664, st_size=617, ...}, AT_SYMLINK_NOFOLLOW) = 0
newfstatat(AT_FDCWD, "/home/isa/go-1.13/src/internal/bytealg/compare_mipsx.s", {st_mode=S_IFREG|0664, st_size=1422, ...}, AT_SYMLINK_NOFOLLOW) = 0
newfstatat(AT_FDCWD, "/home/isa/go-1.13/src/internal/bytealg/count_amd64.s", {st_mode=S_IFREG|0664, st_size=4050, ...}, AT_SYMLINK_NOFOLLOW) = 0
newfstatat(AT_FDCWD, "/home/isa/go-1.13/src/internal/bytealg/index_s390x.s", {st_mode=S_IFREG|0664, st_size=5628, ...}, AT_SYMLINK_NOFOLLOW) = 0
newfstatat(AT_FDCWD, "/home/isa/go-1.13/src/internal/bytealg/equal_s390x.s", {st_mode=S_IFREG|0664, st_size=1809, ...}, AT_SYMLINK_NOFOLLOW) = 0
newfstatat(AT_FDCWD, "/home/isa/go-1.13/src/internal/bytealg/equal_generic.go", {st_mode=S_IFREG|0664, st_size=628, ...}, AT_SYMLINK_NOFOLLOW) = 0
newfstatat(AT_FDCWD, "/home/isa/go-1.13/src/internal/bytealg/index_amd64.s", {st_mode=S_IFREG|0664, st_size=5124, ...}, AT_SYMLINK_NOFOLLOW) = 0
newfstatat(AT_FDCWD, "/home/isa/go-1.13/src/internal/bytealg/indexbyte_native.go", {st_mode=S_IFREG|0664, st_size=379, ...}, AT_SYMLINK_NOFOLLOW) = 0
newfstatat(AT_FDCWD, "/home/isa/go-1.13/src/internal/bytealg/bytealg.go", {st_mode=S_IFREG|0664, st_size=664, ...}, AT_SYMLINK_NOFOLLOW) = 0
newfstatat(AT_FDCWD, "/home/isa/go-1.13/src/internal/bytealg/compare_arm64.s", {st_mode=S_IFREG|0664, st_size=2205, ...}, AT_SYMLINK_NOFOLLOW) = 0
newfstatat(AT_FDCWD, "/home/isa/go-1.13/src/internal/bytealg/indexbyte_amd64p32.s", {st_mode=S_IFREG|0664, st_size=1998, ...}, AT_SYMLINK_NOFOLLOW) = 0
newfstatat(AT_FDCWD, "/home/isa/go-1.13/src/internal/bytealg/equal_386.s", {st_mode=S_IFREG|0664, st_size=2207, ...}, AT_SYMLINK_NOFOLLOW) = 0
newfstatat(AT_FDCWD, "/home/isa/go-1.13/src/internal/bytealg/equal_amd64.s", {st_mode=S_IFREG|0664, st_size=2581, ...}, AT_SYMLINK_NOFOLLOW) = 0
newfstatat(AT_FDCWD, "/home/isa/go-1.13/src/internal/bytealg/indexbyte_wasm.s", {st_mode=S_IFREG|0664, st_size=2600, ...}, AT_SYMLINK_NOFOLLOW) = 0
newfstatat(AT_FDCWD, "/home/isa/go-1.13/src/internal/bytealg/indexbyte_mipsx.s", {st_mode=S_IFREG|0664, st_size=1008, ...}, AT_SYMLINK_NOFOLLOW) = 0
newfstatat(AT_FDCWD, "/home/isa/go-1.13/src/internal/bytealg/equal_amd64p32.s", {st_mode=S_IFREG|0664, st_size=2131, ...}, AT_SYMLINK_NOFOLLOW) = 0
newfstatat(AT_FDCWD, "/home/isa/go-1.13/src/internal/bytealg/equal_arm64.s", {st_mode=S_IFREG|0664, st_size=2705, ...}, AT_SYMLINK_NOFOLLOW) = 0
newfstatat(AT_FDCWD, "/home/isa/go-1.13/src/internal/bytealg/equal_ppc64x.s", {st_mode=S_IFREG|0664, st_size=2388, ...}, AT_SYMLINK_NOFOLLOW) = 0
newfstatat(AT_FDCWD, "/home/isa/go-1.13/src/internal/bytealg/index_arm64.s", {st_mode=S_IFREG|0664, st_size=4003, ...}, AT_SYMLINK_NOFOLLOW) = 0
newfstatat(AT_FDCWD, "/home/isa/go-1.13/src/internal/bytealg/indexbyte_generic.go", {st_mode=S_IFREG|0664, st_size=517, ...}, AT_SYMLINK_NOFOLLOW) = 0
newfstatat(AT_FDCWD, "/home/isa/go-1.13/src/internal/bytealg/compare_386.s", {st_mode=S_IFREG|0664, st_size=2718, ...}, AT_SYMLINK_NOFOLLOW) = 0
newfstatat(AT_FDCWD, "/home/isa/go-1.13/src/internal/bytealg/compare_amd64p32.s", {st_mode=S_IFREG|0664, st_size=2702, ...}, AT_SYMLINK_NOFOLLOW) = 0
newfstatat(AT_FDCWD, "/home/isa/go-1.13/src/internal/bytealg/count_native.go", {st_mode=S_IFREG|0664, st_size=610, ...}, AT_SYMLINK_NOFOLLOW) = 0
newfstatat(AT_FDCWD, "/home/isa/go-1.13/src/internal/bytealg/count_arm.s", {st_mode=S_IFREG|0664, st_size=917, ...}, AT_SYMLINK_NOFOLLOW) = 0
newfstatat(AT_FDCWD, "/home/isa/go-1.13/src/internal/bytealg/indexbyte_386.s", {st_mode=S_IFREG|0664, st_size=647, ...}, AT_SYMLINK_NOFOLLOW) = 0
newfstatat(AT_FDCWD, "/home/isa/go-1.13/src/internal/bytealg/indexbyte_amd64.s", {st_mode=S_IFREG|0664, st_size=3144, ...}, AT_SYMLINK_NOFOLLOW) = 0
newfstatat(AT_FDCWD, "/home/isa/go-1.13/src/internal/bytealg/index_generic.go", {st_mode=S_IFREG|0664, st_size=872, ...}, AT_SYMLINK_NOFOLLOW) = 0
newfstatat(AT_FDCWD, "/home/isa/go-1.13/src/internal/bytealg/indexbyte_arm.s", {st_mode=S_IFREG|0664, st_size=951, ...}, AT_SYMLINK_NOFOLLOW) = 0
newfstatat(AT_FDCWD, "/home/isa/go-1.13/src/internal/bytealg/compare_wasm.s", {st_mode=S_IFREG|0664, st_size=1478, ...}, AT_SYMLINK_NOFOLLOW) = 0
newfstatat(AT_FDCWD, "/home/isa/go-1.13/src/internal/bytealg/indexbyte_ppc64x.s", {st_mode=S_IFREG|0664, st_size=7962, ...}, AT_SYMLINK_NOFOLLOW) = 0
newfstatat(AT_FDCWD, "/home/isa/go-1.13/src/internal/bytealg/equal_mipsx.s", {st_mode=S_IFREG|0664, st_size=1091, ...}, AT_SYMLINK_NOFOLLOW) = 0
newfstatat(AT_FDCWD, "/home/isa/go-1.13/src/internal/bytealg/equal_native.go", {st_mode=S_IFREG|0664, st_size=789, ...}, AT_SYMLINK_NOFOLLOW) = 0
newfstatat(AT_FDCWD, "/home/isa/go-1.13/src/internal/bytealg/compare_amd64.s", {st_mode=S_IFREG|0664, st_size=4234, ...}, AT_SYMLINK_NOFOLLOW) = 0
newfstatat(AT_FDCWD, "/home/isa/go-1.13/src/internal/bytealg/indexbyte_s390x.s", {st_mode=S_IFREG|0664, st_size=2549, ...}, AT_SYMLINK_NOFOLLOW) = 0
newfstatat(AT_FDCWD, "/home/isa/go-1.13/src/internal/bytealg/indexbyte_mips64x.s", {st_mode=S_IFREG|0664, st_size=981, ...}, AT_SYMLINK_NOFOLLOW) = 0
newfstatat(AT_FDCWD, "/home/isa/go-1.13/src/internal/bytealg/equal_mips64x.s", {st_mode=S_IFREG|0664, st_size=1048, ...}, AT_SYMLINK_NOFOLLOW) = 0
newfstatat(AT_FDCWD, "/home/isa/go-1.13/src/internal/bytealg/count_generic.go", {st_mode=S_IFREG|0664, st_size=453, ...}, AT_SYMLINK_NOFOLLOW) = 0
newfstatat(AT_FDCWD, "/home/isa/go-1.13/src/internal/bytealg/count_arm64.s", {st_mode=S_IFREG|0664, st_size=2064, ...}, AT_SYMLINK_NOFOLLOW) = 0
newfstatat(AT_FDCWD, "/home/isa/go-1.13/src/internal/bytealg/index_native.go", {st_mode=S_IFREG|0664, st_size=559, ...}, AT_SYMLINK_NOFOLLOW) = 0
newfstatat(AT_FDCWD, "/home/isa/go-1.13/src/internal/bytealg/equal_wasm.s", {st_mode=S_IFREG|0664, st_size=1125, ...}, AT_SYMLINK_NOFOLLOW) = 0
newfstatat(AT_FDCWD, "/home/isa/go-1.13/src/internal/bytealg/indexbyte_arm64.s", {st_mode=S_IFREG|0664, st_size=3405, ...}, AT_SYMLINK_NOFOLLOW) = 0
newfstatat(AT_FDCWD, "/home/isa/go-1.13/src/internal/bytealg/compare_generic.go", {st_mode=S_IFREG|0664, st_size=986, ...}, AT_SYMLINK_NOFOLLOW) = 0
newfstatat(AT_FDCWD, "/home/isa/go-1.13/src/internal/bytealg/index_arm64.go", {st_mode=S_IFREG|0664, st_size=706, ...}, AT_SYMLINK_NOFOLLOW) = 0
close(3)                                = 0
openat(AT_FDCWD, "/home/isa/go-1.13/src/internal/bytealg/bytealg.go", O_RDONLY|O_CLOEXEC) = 3
epoll_ctl(4, EPOLL_CTL_ADD, 3, {EPOLLIN|EPOLLOUT|EPOLLRDHUP|EPOLLET, {u32=1699692704, u64=140112122822816}}) = -1 EPERM (Operation not permitted)
epoll_ctl(4, EPOLL_CTL_DEL, 3, 0xc00019b24c) = -1 EPERM (Operation not permitted)
read(3, "// Copyright 2018 The Go Authors"..., 4096) = 664
close(3)                                = 0
openat(AT_FDCWD, "/home/isa/go-1.13/src/internal/bytealg/compare_amd64.s", O_RDONLY|O_CLOEXEC) = 3
epoll_ctl(4, EPOLL_CTL_ADD, 3, {EPOLLIN|EPOLLOUT|EPOLLRDHUP|EPOLLET, {u32=1699692704, u64=140112122822816}}) = -1 EPERM (Operation not permitted)
epoll_ctl(4, EPOLL_CTL_DEL, 3, 0xc00019b24c) = -1 EPERM (Operation not permitted)
read(3, "// Copyright 2018 The Go Authors"..., 4096) = 4096
close(3)                                = 0
openat(AT_FDCWD, "/home/isa/go-1.13/src/internal/bytealg/compare_generic.go", O_RDONLY|O_CLOEXEC) = 3
epoll_ctl(4, EPOLL_CTL_ADD, 3, {EPOLLIN|EPOLLOUT|EPOLLRDHUP|EPOLLET, {u32=1699692704, u64=140112122822816}}) = -1 EPERM (Operation not permitted)
epoll_ctl(4, EPOLL_CTL_DEL, 3, 0xc00019b24c) = -1 EPERM (Operation not permitted)
read(3, "// Copyright 2018 The Go Authors"..., 4096) = 986
close(3)                                = 0
openat(AT_FDCWD, "/home/isa/go-1.13/src/internal/bytealg/compare_mipsx.s", O_RDONLY|O_CLOEXEC) = 3
epoll_ctl(4, EPOLL_CTL_ADD, 3, {EPOLLIN|EPOLLOUT|EPOLLRDHUP|EPOLLET, {u32=1699692704, u64=140112122822816}}) = -1 EPERM (Operation not permitted)
epoll_ctl(4, EPOLL_CTL_DEL, 3, 0xc00019b24c) = -1 EPERM (Operation not permitted)
read(3, "// Copyright 2018 The Go Authors"..., 4096) = 1422
close(3)                                = 0
openat(AT_FDCWD, "/home/isa/go-1.13/src/internal/bytealg/compare_native.go", O_RDONLY|O_CLOEXEC) = 3
epoll_ctl(4, EPOLL_CTL_ADD, 3, {EPOLLIN|EPOLLOUT|EPOLLRDHUP|EPOLLET, {u32=1699692704, u64=140112122822816}}) = -1 EPERM (Operation not permitted)
epoll_ctl(4, EPOLL_CTL_DEL, 3, 0xc00019b24c) = -1 EPERM (Operation not permitted)
read(3, "// Copyright 2018 The Go Authors"..., 4096) = 583
close(3)                                = 0
openat(AT_FDCWD, "/home/isa/go-1.13/src/internal/bytealg/compare_ppc64x.s", O_RDONLY|O_CLOEXEC) = 3
epoll_ctl(4, EPOLL_CTL_ADD, 3, {EPOLLIN|EPOLLOUT|EPOLLRDHUP|EPOLLET, {u32=1699692704, u64=140112122822816}}) = -1 EPERM (Operation not permitted)
epoll_ctl(4, EPOLL_CTL_DEL, 3, 0xc00019b24c) = -1 EPERM (Operation not permitted)
read(3, "// Copyright 2018 The Go Authors"..., 4096) = 4096
close(3)                                = 0
openat(AT_FDCWD, "/home/isa/go-1.13/src/internal/bytealg/count_amd64.s", O_RDONLY|O_CLOEXEC) = 3
epoll_ctl(4, EPOLL_CTL_ADD, 3, {EPOLLIN|EPOLLOUT|EPOLLRDHUP|EPOLLET, {u32=1699692704, u64=140112122822816}}) = -1 EPERM (Operation not permitted)
epoll_ctl(4, EPOLL_CTL_DEL, 3, 0xc00019b24c) = -1 EPERM (Operation not permitted)
read(3, "// Copyright 2018 The Go Authors"..., 4096) = 4050
close(3)                                = 0
openat(AT_FDCWD, "/home/isa/go-1.13/src/internal/bytealg/count_generic.go", O_RDONLY|O_CLOEXEC) = 3
epoll_ctl(4, EPOLL_CTL_ADD, 3, {EPOLLIN|EPOLLOUT|EPOLLRDHUP|EPOLLET, {u32=1699692704, u64=140112122822816}}) = -1 EPERM (Operation not permitted)
epoll_ctl(4, EPOLL_CTL_DEL, 3, 0xc00019b24c) = -1 EPERM (Operation not permitted)
read(3, "// Copyright 2018 The Go Authors"..., 4096) = 453
close(3)                                = 0
openat(AT_FDCWD, "/home/isa/go-1.13/src/internal/bytealg/count_native.go", O_RDONLY|O_CLOEXEC) = 3
epoll_ctl(4, EPOLL_CTL_ADD, 3, {EPOLLIN|EPOLLOUT|EPOLLRDHUP|EPOLLET, {u32=1699692704, u64=140112122822816}}) = -1 EPERM (Operation not permitted)
epoll_ctl(4, EPOLL_CTL_DEL, 3, 0xc00019b24c) = -1 EPERM (Operation not permitted)
read(3, "// Copyright 2018 The Go Authors"..., 4096) = 610
close(3)                                = 0
openat(AT_FDCWD, "/home/isa/go-1.13/src/internal/bytealg/count_ppc64x.s", O_RDONLY|O_CLOEXEC) = 3
epoll_ctl(4, EPOLL_CTL_ADD, 3, {EPOLLIN|EPOLLOUT|EPOLLRDHUP|EPOLLET, {u32=1699692704, u64=140112122822816}}) = -1 EPERM (Operation not permitted)
epoll_ctl(4, EPOLL_CTL_DEL, 3, 0xc00019b24c) = -1 EPERM (Operation not permitted)
read(3, "// Copyright 2018 The Go Authors"..., 4096) = 2772
close(3)                                = 0
openat(AT_FDCWD, "/home/isa/go-1.13/src/internal/bytealg/equal_amd64.s", O_RDONLY|O_CLOEXEC) = 3
epoll_ctl(4, EPOLL_CTL_ADD, 3, {EPOLLIN|EPOLLOUT|EPOLLRDHUP|EPOLLET, {u32=1699692704, u64=140112122822816}}) = -1 EPERM (Operation not permitted)
epoll_ctl(4, EPOLL_CTL_DEL, 3, 0xc00019b24c) = -1 EPERM (Operation not permitted)
read(3, "// Copyright 2018 The Go Authors"..., 4096) = 2581
close(3)                                = 0
openat(AT_FDCWD, "/home/isa/go-1.13/src/internal/bytealg/equal_generic.go", O_RDONLY|O_CLOEXEC) = 3
epoll_ctl(4, EPOLL_CTL_ADD, 3, {EPOLLIN|EPOLLOUT|EPOLLRDHUP|EPOLLET, {u32=1699692704, u64=140112122822816}}) = -1 EPERM (Operation not permitted)
epoll_ctl(4, EPOLL_CTL_DEL, 3, 0xc00019b24c) = -1 EPERM (Operation not permitted)
read(3, "// Copyright 2019 The Go Authors"..., 4096) = 628
close(3)                                = 0
openat(AT_FDCWD, "/home/isa/go-1.13/src/internal/bytealg/equal_mips64x.s", O_RDONLY|O_CLOEXEC) = 3
epoll_ctl(4, EPOLL_CTL_ADD, 3, {EPOLLIN|EPOLLOUT|EPOLLRDHUP|EPOLLET, {u32=1699692704, u64=140112122822816}}) = -1 EPERM (Operation not permitted)
epoll_ctl(4, EPOLL_CTL_DEL, 3, 0xc00019b24c) = -1 EPERM (Operation not permitted)
read(3, "// Copyright 2018 The Go Authors"..., 4096) = 1048
close(3)                                = 0
openat(AT_FDCWD, "/home/isa/go-1.13/src/internal/bytealg/equal_mipsx.s", O_RDONLY|O_CLOEXEC) = 3
epoll_ctl(4, EPOLL_CTL_ADD, 3, {EPOLLIN|EPOLLOUT|EPOLLRDHUP|EPOLLET, {u32=1699692704, u64=140112122822816}}) = -1 EPERM (Operation not permitted)
epoll_ctl(4, EPOLL_CTL_DEL, 3, 0xc00019b24c) = -1 EPERM (Operation not permitted)
read(3, "// Copyright 2018 The Go Authors"..., 4096) = 1091
close(3)                                = 0
openat(AT_FDCWD, "/home/isa/go-1.13/src/internal/bytealg/equal_native.go", O_RDONLY|O_CLOEXEC) = 3
epoll_ctl(4, EPOLL_CTL_ADD, 3, {EPOLLIN|EPOLLOUT|EPOLLRDHUP|EPOLLET, {u32=1699692704, u64=140112122822816}}) = -1 EPERM (Operation not permitted)
epoll_ctl(4, EPOLL_CTL_DEL, 3, 0xc00019b24c) = -1 EPERM (Operation not permitted)
read(3, "// Copyright 2018 The Go Authors"..., 4096) = 789
close(3)                                = 0
openat(AT_FDCWD, "/home/isa/go-1.13/src/internal/bytealg/equal_ppc64x.s", O_RDONLY|O_CLOEXEC) = 3
epoll_ctl(4, EPOLL_CTL_ADD, 3, {EPOLLIN|EPOLLOUT|EPOLLRDHUP|EPOLLET, {u32=1699692704, u64=140112122822816}}) = -1 EPERM (Operation not permitted)
epoll_ctl(4, EPOLL_CTL_DEL, 3, 0xc00019b24c) = -1 EPERM (Operation not permitted)
read(3, "// Copyright 2018 The Go Authors"..., 4096) = 2388
close(3)                                = 0
openat(AT_FDCWD, "/home/isa/go-1.13/src/internal/bytealg/index_amd64.go", O_RDONLY|O_CLOEXEC) = 3
epoll_ctl(4, EPOLL_CTL_ADD, 3, {EPOLLIN|EPOLLOUT|EPOLLRDHUP|EPOLLET, {u32=1699692704, u64=140112122822816}}) = -1 EPERM (Operation not permitted)
epoll_ctl(4, EPOLL_CTL_DEL, 3, 0xc00019b24c) = -1 EPERM (Operation not permitted)
read(3, "// Copyright 2018 The Go Authors"..., 4096) = 617
close(3)                                = 0
openat(AT_FDCWD, "/home/isa/go-1.13/src/internal/bytealg/index_amd64.s", O_RDONLY|O_CLOEXEC) = 3
epoll_ctl(4, EPOLL_CTL_ADD, 3, {EPOLLIN|EPOLLOUT|EPOLLRDHUP|EPOLLET, {u32=1699692704, u64=140112122822816}}) = -1 EPERM (Operation not permitted)
epoll_ctl(4, EPOLL_CTL_DEL, 3, 0xc00019b24c) = -1 EPERM (Operation not permitted)
read(3, "// Copyright 2018 The Go Authors"..., 4096) = 4096
close(3)                                = 0
openat(AT_FDCWD, "/home/isa/go-1.13/src/internal/bytealg/index_generic.go", O_RDONLY|O_CLOEXEC) = 3
epoll_ctl(4, EPOLL_CTL_ADD, 3, {EPOLLIN|EPOLLOUT|EPOLLRDHUP|EPOLLET, {u32=1699692704, u64=140112122822816}}) = -1 EPERM (Operation not permitted)
epoll_ctl(4, EPOLL_CTL_DEL, 3, 0xc00019b24c) = -1 EPERM (Operation not permitted)
read(3, "// Copyright 2018 The Go Authors"..., 4096) = 872
close(3)                                = 0
openat(AT_FDCWD, "/home/isa/go-1.13/src/internal/bytealg/index_native.go", O_RDONLY|O_CLOEXEC) = 3
epoll_ctl(4, EPOLL_CTL_ADD, 3, {EPOLLIN|EPOLLOUT|EPOLLRDHUP|EPOLLET, {u32=1699692704, u64=140112122822816}}) = -1 EPERM (Operation not permitted)
epoll_ctl(4, EPOLL_CTL_DEL, 3, 0xc00019b24c) = -1 EPERM (Operation not permitted)
read(3, "// Copyright 2018 The Go Authors"..., 4096) = 559
close(3)                                = 0
openat(AT_FDCWD, "/home/isa/go-1.13/src/internal/bytealg/indexbyte_amd64.s", O_RDONLY|O_CLOEXEC) = 3
epoll_ctl(4, EPOLL_CTL_ADD, 3, {EPOLLIN|EPOLLOUT|EPOLLRDHUP|EPOLLET, {u32=1699692704, u64=140112122822816}}) = -1 EPERM (Operation not permitted)
epoll_ctl(4, EPOLL_CTL_DEL, 3, 0xc00019b24c) = -1 EPERM (Operation not permitted)
read(3, "// Copyright 2018 The Go Authors"..., 4096) = 3144
close(3)                                = 0
openat(AT_FDCWD, "/home/isa/go-1.13/src/internal/bytealg/indexbyte_generic.go", O_RDONLY|O_CLOEXEC) = 3
epoll_ctl(4, EPOLL_CTL_ADD, 3, {EPOLLIN|EPOLLOUT|EPOLLRDHUP|EPOLLET, {u32=1699692704, u64=140112122822816}}) = -1 EPERM (Operation not permitted)
epoll_ctl(4, EPOLL_CTL_DEL, 3, 0xc00019b24c) = -1 EPERM (Operation not permitted)
read(3, "// Copyright 2018 The Go Authors"..., 4096) = 517
close(3)                                = 0
openat(AT_FDCWD, "/home/isa/go-1.13/src/internal/bytealg/indexbyte_mips64x.s", O_RDONLY|O_CLOEXEC) = 3
epoll_ctl(4, EPOLL_CTL_ADD, 3, {EPOLLIN|EPOLLOUT|EPOLLRDHUP|EPOLLET, {u32=1699692704, u64=140112122822816}}) = -1 EPERM (Operation not permitted)
epoll_ctl(4, EPOLL_CTL_DEL, 3, 0xc00019b24c) = -1 EPERM (Operation not permitted)
read(3, "// Copyright 2018 The Go Authors"..., 4096) = 981
close(3)                                = 0
openat(AT_FDCWD, "/home/isa/go-1.13/src/internal/bytealg/indexbyte_mipsx.s", O_RDONLY|O_CLOEXEC) = 3
epoll_ctl(4, EPOLL_CTL_ADD, 3, {EPOLLIN|EPOLLOUT|EPOLLRDHUP|EPOLLET, {u32=1699692704, u64=140112122822816}}) = -1 EPERM (Operation not permitted)
epoll_ctl(4, EPOLL_CTL_DEL, 3, 0xc00019b24c) = -1 EPERM (Operation not permitted)
read(3, "// Copyright 2018 The Go Authors"..., 4096) = 1008
close(3)                                = 0
openat(AT_FDCWD, "/home/isa/go-1.13/src/internal/bytealg/indexbyte_native.go", O_RDONLY|O_CLOEXEC) = 3
epoll_ctl(4, EPOLL_CTL_ADD, 3, {EPOLLIN|EPOLLOUT|EPOLLRDHUP|EPOLLET, {u32=1699692704, u64=140112122822816}}) = -1 EPERM (Operation not permitted)
epoll_ctl(4, EPOLL_CTL_DEL, 3, 0xc00019b24c) = -1 EPERM (Operation not permitted)
read(3, "// Copyright 2018 The Go Authors"..., 4096) = 379
close(3)                                = 0
openat(AT_FDCWD, "/home/isa/go-1.13/src/internal/bytealg/indexbyte_ppc64x.s", O_RDONLY|O_CLOEXEC) = 3
epoll_ctl(4, EPOLL_CTL_ADD, 3, {EPOLLIN|EPOLLOUT|EPOLLRDHUP|EPOLLET, {u32=1699692704, u64=140112122822816}}) = -1 EPERM (Operation not permitted)
epoll_ctl(4, EPOLL_CTL_DEL, 3, 0xc00019b24c) = -1 EPERM (Operation not permitted)
read(3, "// Copyright 2018 The Go Authors"..., 4096) = 4096
close(3)                                = 0
newfstatat(AT_FDCWD, "/home/isa/go-1.13/src/internal/bytealg/vendor", 0xc000146b98, 0) = -1 ENOENT (No such file or directory)
newfstatat(AT_FDCWD, "/home/isa/go-1.13/src/vendor/internal/cpu", 0xc000146c68, 0) = -1 ENOENT (No such file or directory)
newfstatat(AT_FDCWD, "/home/isa/go-1.13/src/internal/bytealg/vendor", 0xc000146d38, 0) = -1 ENOENT (No such file or directory)
newfstatat(AT_FDCWD, "/home/isa/go-1.13/src/internal/vendor", 0xc000146e08, 0) = -1 ENOENT (No such file or directory)
newfstatat(AT_FDCWD, "/home/isa/go-1.13/src/vendor", {st_mode=S_IFDIR|0775, st_size=4096, ...}, 0) = 0
newfstatat(AT_FDCWD, "/home/isa/go-1.13/src/vendor/internal/cpu", 0xc000146fa8, 0) = -1 ENOENT (No such file or directory)
newfstatat(AT_FDCWD, "/home", {st_mode=S_IFDIR|0755, st_size=4096, ...}, AT_SYMLINK_NOFOLLOW) = 0
newfstatat(AT_FDCWD, "/home/isa", {st_mode=S_IFDIR|0755, st_size=4096, ...}, AT_SYMLINK_NOFOLLOW) = 0
newfstatat(AT_FDCWD, "/home/isa/dekape", {st_mode=S_IFDIR|0755, st_size=4096, ...}, AT_SYMLINK_NOFOLLOW) = 0
newfstatat(AT_FDCWD, "/home/isa/dekape/go", {st_mode=S_IFDIR|0755, st_size=4096, ...}, AT_SYMLINK_NOFOLLOW) = 0
newfstatat(AT_FDCWD, "/home", {st_mode=S_IFDIR|0755, st_size=4096, ...}, AT_SYMLINK_NOFOLLOW) = 0
newfstatat(AT_FDCWD, "/home/isa", {st_mode=S_IFDIR|0755, st_size=4096, ...}, AT_SYMLINK_NOFOLLOW) = 0
newfstatat(AT_FDCWD, "/home/isa/go-1.13", {st_mode=S_IFDIR|0775, st_size=4096, ...}, AT_SYMLINK_NOFOLLOW) = 0
newfstatat(AT_FDCWD, "/home/isa/go-1.13/src", {st_mode=S_IFDIR|0775, st_size=4096, ...}, AT_SYMLINK_NOFOLLOW) = 0
newfstatat(AT_FDCWD, "/home/isa/go-1.13/src/internal", {st_mode=S_IFDIR|0775, st_size=4096, ...}, AT_SYMLINK_NOFOLLOW) = 0
newfstatat(AT_FDCWD, "/home/isa/go-1.13/src/internal/bytealg", {st_mode=S_IFDIR|0775, st_size=4096, ...}, AT_SYMLINK_NOFOLLOW) = 0
newfstatat(AT_FDCWD, "/home/isa/go-1.13/src/internal/cpu", {st_mode=S_IFDIR|0775, st_size=4096, ...}, 0) = 0
openat(AT_FDCWD, "/home/isa/go-1.13/src/internal/cpu", O_RDONLY|O_CLOEXEC) = 3
epoll_ctl(4, EPOLL_CTL_ADD, 3, {EPOLLIN|EPOLLOUT|EPOLLRDHUP|EPOLLET, {u32=1699692704, u64=140112122822816}}) = -1 EPERM (Operation not permitted)
epoll_ctl(4, EPOLL_CTL_DEL, 3, 0xc00019ad64) = -1 EPERM (Operation not permitted)
getdents64(3, /* 23 entries */, 8192)   = 792
getdents64(3, /* 0 entries */, 8192)    = 0
newfstatat(AT_FDCWD, "/home/isa/go-1.13/src/internal/cpu/cpu_mipsle.go", {st_mode=S_IFREG|0664, st_size=201, ...}, AT_SYMLINK_NOFOLLOW) = 0
newfstatat(AT_FDCWD, "/home/isa/go-1.13/src/internal/cpu/cpu_arm.go", {st_mode=S_IFREG|0664, st_size=882, ...}, AT_SYMLINK_NOFOLLOW) = 0
newfstatat(AT_FDCWD, "/home/isa/go-1.13/src/internal/cpu/cpu_wasm.go", {st_mode=S_IFREG|0664, st_size=201, ...}, AT_SYMLINK_NOFOLLOW) = 0
newfstatat(AT_FDCWD, "/home/isa/go-1.13/src/internal/cpu/cpu_amd64p32.go", {st_mode=S_IFREG|0664, st_size=199, ...}, AT_SYMLINK_NOFOLLOW) = 0
newfstatat(AT_FDCWD, "/home/isa/go-1.13/src/internal/cpu/export_test.go", {st_mode=S_IFREG|0664, st_size=200, ...}, AT_SYMLINK_NOFOLLOW) = 0
newfstatat(AT_FDCWD, "/home/isa/go-1.13/src/internal/cpu/cpu.go", {st_mode=S_IFREG|0664, st_size=7184, ...}, AT_SYMLINK_NOFOLLOW) = 0
newfstatat(AT_FDCWD, "/home/isa/go-1.13/src/internal/cpu/cpu_x86.s", {st_mode=S_IFREG|0664, st_size=689, ...}, AT_SYMLINK_NOFOLLOW) = 0
newfstatat(AT_FDCWD, "/home/isa/go-1.13/src/internal/cpu/cpu_test.go", {st_mode=S_IFREG|0664, st_size=1726, ...}, AT_SYMLINK_NOFOLLOW) = 0
newfstatat(AT_FDCWD, "/home/isa/go-1.13/src/internal/cpu/cpu_mips64.go", {st_mode=S_IFREG|0664, st_size=201, ...}, AT_SYMLINK_NOFOLLOW) = 0
newfstatat(AT_FDCWD, "/home/isa/go-1.13/src/internal/cpu/cpu_arm64.go", {st_mode=S_IFREG|0664, st_size=3463, ...}, AT_SYMLINK_NOFOLLOW) = 0
newfstatat(AT_FDCWD, "/home/isa/go-1.13/src/internal/cpu/cpu_mips64le.go", {st_mode=S_IFREG|0664, st_size=201, ...}, AT_SYMLINK_NOFOLLOW) = 0
newfstatat(AT_FDCWD, "/home/isa/go-1.13/src/internal/cpu/cpu_mips.go", {st_mode=S_IFREG|0664, st_size=201, ...}, AT_SYMLINK_NOFOLLOW) = 0
newfstatat(AT_FDCWD, "/home/isa/go-1.13/src/internal/cpu/cpu_no_init.go", {st_mode=S_IFREG|0664, st_size=329, ...}, AT_SYMLINK_NOFOLLOW) = 0
newfstatat(AT_FDCWD, "/home/isa/go-1.13/src/internal/cpu/cpu_s390x.go", {st_mode=S_IFREG|0664, st_size=5893, ...}, AT_SYMLINK_NOFOLLOW) = 0
newfstatat(AT_FDCWD, "/home/isa/go-1.13/src/internal/cpu/cpu_x86_test.go", {st_mode=S_IFREG|0664, st_size=1287, ...}, AT_SYMLINK_NOFOLLOW) = 0
newfstatat(AT_FDCWD, "/home/isa/go-1.13/src/internal/cpu/cpu_s390x.s", {st_mode=S_IFREG|0664, st_size=2257, ...}, AT_SYMLINK_NOFOLLOW) = 0
newfstatat(AT_FDCWD, "/home/isa/go-1.13/src/internal/cpu/cpu_ppc64x.go", {st_mode=S_IFREG|0664, st_size=1392, ...}, AT_SYMLINK_NOFOLLOW) = 0
newfstatat(AT_FDCWD, "/home/isa/go-1.13/src/internal/cpu/cpu_s390x_test.go", {st_mode=S_IFREG|0664, st_size=1471, ...}, AT_SYMLINK_NOFOLLOW) = 0
newfstatat(AT_FDCWD, "/home/isa/go-1.13/src/internal/cpu/cpu_amd64.go", {st_mode=S_IFREG|0664, st_size=196, ...}, AT_SYMLINK_NOFOLLOW) = 0
newfstatat(AT_FDCWD, "/home/isa/go-1.13/src/internal/cpu/cpu_x86.go", {st_mode=S_IFREG|0664, st_size=2789, ...}, AT_SYMLINK_NOFOLLOW) = 0
newfstatat(AT_FDCWD, "/home/isa/go-1.13/src/internal/cpu/cpu_386.go", {st_mode=S_IFREG|0664, st_size=194, ...}, AT_SYMLINK_NOFOLLOW) = 0
close(3)                                = 0
openat(AT_FDCWD, "/home/isa/go-1.13/src/internal/cpu/cpu.go", O_RDONLY|O_CLOEXEC) = 3
epoll_ctl(4, EPOLL_CTL_ADD, 3, {EPOLLIN|EPOLLOUT|EPOLLRDHUP|EPOLLET, {u32=1699692704, u64=140112122822816}}) = -1 EPERM (Operation not permitted)
epoll_ctl(4, EPOLL_CTL_DEL, 3, 0xc00019ad0c) = -1 EPERM (Operation not permitted)
read(3, "// Copyright 2017 The Go Authors"..., 4096) = 4096
close(3)                                = 0
openat(AT_FDCWD, "/home/isa/go-1.13/src/internal/cpu/cpu_amd64.go", O_RDONLY|O_CLOEXEC) = 3
epoll_ctl(4, EPOLL_CTL_ADD, 3, {EPOLLIN|EPOLLOUT|EPOLLRDHUP|EPOLLET, {u32=1699692704, u64=140112122822816}}) = -1 EPERM (Operation not permitted)
epoll_ctl(4, EPOLL_CTL_DEL, 3, 0xc00019ad0c) = -1 EPERM (Operation not permitted)
read(3, "// Copyright 2018 The Go Authors"..., 4096) = 196
close(3)                                = 0
openat(AT_FDCWD, "/home/isa/go-1.13/src/internal/cpu/cpu_no_init.go", O_RDONLY|O_CLOEXEC) = 3
epoll_ctl(4, EPOLL_CTL_ADD, 3, {EPOLLIN|EPOLLOUT|EPOLLRDHUP|EPOLLET, {u32=1699692704, u64=140112122822816}}) = -1 EPERM (Operation not permitted)
epoll_ctl(4, EPOLL_CTL_DEL, 3, 0xc00019ad0c) = -1 EPERM (Operation not permitted)
read(3, "// Copyright 2018 The Go Authors"..., 4096) = 329
close(3)                                = 0
openat(AT_FDCWD, "/home/isa/go-1.13/src/internal/cpu/cpu_ppc64x.go", O_RDONLY|O_CLOEXEC) = 3
epoll_ctl(4, EPOLL_CTL_ADD, 3, {EPOLLIN|EPOLLOUT|EPOLLRDHUP|EPOLLET, {u32=1699692704, u64=140112122822816}}) = -1 EPERM (Operation not permitted)
epoll_ctl(4, EPOLL_CTL_DEL, 3, 0xc00019ad0c) = -1 EPERM (Operation not permitted)
read(3, "// Copyright 2017 The Go Authors"..., 4096) = 1392
close(3)                                = 0
openat(AT_FDCWD, "/home/isa/go-1.13/src/internal/cpu/cpu_test.go", O_RDONLY|O_CLOEXEC) = 3
epoll_ctl(4, EPOLL_CTL_ADD, 3, {EPOLLIN|EPOLLOUT|EPOLLRDHUP|EPOLLET, {u32=1699692704, u64=140112122822816}}) = -1 EPERM (Operation not permitted)
epoll_ctl(4, EPOLL_CTL_DEL, 3, 0xc00019ad0c) = -1 EPERM (Operation not permitted)
read(3, "// Copyright 2017 The Go Authors"..., 4096) = 1726
close(3)                                = 0
openat(AT_FDCWD, "/home/isa/go-1.13/src/internal/cpu/cpu_x86.go", O_RDONLY|O_CLOEXEC) = 3
epoll_ctl(4, EPOLL_CTL_ADD, 3, {EPOLLIN|EPOLLOUT|EPOLLRDHUP|EPOLLET, {u32=1699692704, u64=140112122822816}}) = -1 EPERM (Operation not permitted)
epoll_ctl(4, EPOLL_CTL_DEL, 3, 0xc00019ad0c) = -1 EPERM (Operation not permitted)
read(3, "// Copyright 2017 The Go Authors"..., 4096) = 2789
close(3)                                = 0
openat(AT_FDCWD, "/home/isa/go-1.13/src/internal/cpu/cpu_x86.s", O_RDONLY|O_CLOEXEC) = 3
epoll_ctl(4, EPOLL_CTL_ADD, 3, {EPOLLIN|EPOLLOUT|EPOLLRDHUP|EPOLLET, {u32=1699692704, u64=140112122822816}}) = -1 EPERM (Operation not permitted)
epoll_ctl(4, EPOLL_CTL_DEL, 3, 0xc00019ad0c) = -1 EPERM (Operation not permitted)
read(3, "// Copyright 2017 The Go Authors"..., 4096) = 689
close(3)                                = 0
openat(AT_FDCWD, "/home/isa/go-1.13/src/internal/cpu/cpu_x86_test.go", O_RDONLY|O_CLOEXEC) = 3
epoll_ctl(4, EPOLL_CTL_ADD, 3, {EPOLLIN|EPOLLOUT|EPOLLRDHUP|EPOLLET, {u32=1699692704, u64=140112122822816}}) = -1 EPERM (Operation not permitted)
epoll_ctl(4, EPOLL_CTL_DEL, 3, 0xc00019ad0c) = -1 EPERM (Operation not permitted)
read(3, "// Copyright 2018 The Go Authors"..., 4096) = 1287
close(3)                                = 0
openat(AT_FDCWD, "/home/isa/go-1.13/src/internal/cpu/export_test.go", O_RDONLY|O_CLOEXEC) = 3
epoll_ctl(4, EPOLL_CTL_ADD, 3, {EPOLLIN|EPOLLOUT|EPOLLRDHUP|EPOLLET, {u32=1699692704, u64=140112122822816}}) = -1 EPERM (Operation not permitted)
epoll_ctl(4, EPOLL_CTL_DEL, 3, 0xc00019ad0c) = -1 EPERM (Operation not permitted)
read(3, "// Copyright 2018 The Go Authors"..., 4096) = 200
close(3)                                = 0
newfstatat(AT_FDCWD, "/home/isa/go-1.13/src/vendor/unsafe", 0xc000166d38, 0) = -1 ENOENT (No such file or directory)
newfstatat(AT_FDCWD, "/home/isa/go-1.13/src/internal/bytealg/vendor", 0xc000166e08, 0) = -1 ENOENT (No such file or directory)
newfstatat(AT_FDCWD, "/home/isa/go-1.13/src/internal/vendor", 0xc000166ed8, 0) = -1 ENOENT (No such file or directory)
newfstatat(AT_FDCWD, "/home/isa/go-1.13/src/vendor", {st_mode=S_IFDIR|0775, st_size=4096, ...}, 0) = 0
newfstatat(AT_FDCWD, "/home/isa/go-1.13/src/vendor/unsafe", 0xc000167078, 0) = -1 ENOENT (No such file or directory)
newfstatat(AT_FDCWD, "/home", {st_mode=S_IFDIR|0755, st_size=4096, ...}, AT_SYMLINK_NOFOLLOW) = 0
newfstatat(AT_FDCWD, "/home/isa", {st_mode=S_IFDIR|0755, st_size=4096, ...}, AT_SYMLINK_NOFOLLOW) = 0
newfstatat(AT_FDCWD, "/home/isa/dekape", {st_mode=S_IFDIR|0755, st_size=4096, ...}, AT_SYMLINK_NOFOLLOW) = 0
newfstatat(AT_FDCWD, "/home/isa/dekape/go", {st_mode=S_IFDIR|0755, st_size=4096, ...}, AT_SYMLINK_NOFOLLOW) = 0
newfstatat(AT_FDCWD, "/home", {st_mode=S_IFDIR|0755, st_size=4096, ...}, AT_SYMLINK_NOFOLLOW) = 0
newfstatat(AT_FDCWD, "/home/isa", {st_mode=S_IFDIR|0755, st_size=4096, ...}, AT_SYMLINK_NOFOLLOW) = 0
newfstatat(AT_FDCWD, "/home/isa/go-1.13", {st_mode=S_IFDIR|0775, st_size=4096, ...}, AT_SYMLINK_NOFOLLOW) = 0
newfstatat(AT_FDCWD, "/home/isa/go-1.13/src", {st_mode=S_IFDIR|0775, st_size=4096, ...}, AT_SYMLINK_NOFOLLOW) = 0
newfstatat(AT_FDCWD, "/home/isa/go-1.13/src/internal", {st_mode=S_IFDIR|0775, st_size=4096, ...}, AT_SYMLINK_NOFOLLOW) = 0
newfstatat(AT_FDCWD, "/home/isa/go-1.13/src/internal/bytealg", {st_mode=S_IFDIR|0775, st_size=4096, ...}, AT_SYMLINK_NOFOLLOW) = 0
newfstatat(AT_FDCWD, "/home/isa/go-1.13/src/unsafe", {st_mode=S_IFDIR|0775, st_size=4096, ...}, 0) = 0
openat(AT_FDCWD, "/home/isa/go-1.13/src/unsafe", O_RDONLY|O_CLOEXEC) = 3
epoll_ctl(4, EPOLL_CTL_ADD, 3, {EPOLLIN|EPOLLOUT|EPOLLRDHUP|EPOLLET, {u32=1699692704, u64=140112122822816}}) = -1 EPERM (Operation not permitted)
epoll_ctl(4, EPOLL_CTL_DEL, 3, 0xc00019ad64) = -1 EPERM (Operation not permitted)
getdents64(3, /* 3 entries */, 8192)    = 80
getdents64(3, /* 0 entries */, 8192)    = 0
newfstatat(AT_FDCWD, "/home/isa/go-1.13/src/unsafe/unsafe.go", {st_mode=S_IFREG|0664, st_size=9215, ...}, AT_SYMLINK_NOFOLLOW) = 0
close(3)                                = 0
openat(AT_FDCWD, "/home/isa/go-1.13/src/unsafe/unsafe.go", O_RDONLY|O_CLOEXEC) = 3
epoll_ctl(4, EPOLL_CTL_ADD, 3, {EPOLLIN|EPOLLOUT|EPOLLRDHUP|EPOLLET, {u32=1699692704, u64=140112122822816}}) = -1 EPERM (Operation not permitted)
epoll_ctl(4, EPOLL_CTL_DEL, 3, 0xc00019ad0c) = -1 EPERM (Operation not permitted)
read(3, "// Copyright 2009 The Go Authors"..., 4096) = 4096
close(3)                                = 0
newfstatat(AT_FDCWD, "/home/isa/go-1.13/src/vendor/runtime/internal/atomic", 0xc000167d78, 0) = -1 ENOENT (No such file or directory)
newfstatat(AT_FDCWD, "/home/isa/go-1.13/src/runtime/vendor", 0xc000167f18, 0) = -1 ENOENT (No such file or directory)
newfstatat(AT_FDCWD, "/home/isa/go-1.13/src/vendor", {st_mode=S_IFDIR|0775, st_size=4096, ...}, 0) = 0
newfstatat(AT_FDCWD, "/home/isa/go-1.13/src/vendor/runtime/internal/atomic", 0xc0001c4108, 0) = -1 ENOENT (No such file or directory)
newfstatat(AT_FDCWD, "/home", {st_mode=S_IFDIR|0755, st_size=4096, ...}, AT_SYMLINK_NOFOLLOW) = 0
newfstatat(AT_FDCWD, "/home/isa", {st_mode=S_IFDIR|0755, st_size=4096, ...}, AT_SYMLINK_NOFOLLOW) = 0
newfstatat(AT_FDCWD, "/home/isa/dekape", {st_mode=S_IFDIR|0755, st_size=4096, ...}, AT_SYMLINK_NOFOLLOW) = 0
newfstatat(AT_FDCWD, "/home/isa/dekape/go", {st_mode=S_IFDIR|0755, st_size=4096, ...}, AT_SYMLINK_NOFOLLOW) = 0
newfstatat(AT_FDCWD, "/home", {st_mode=S_IFDIR|0755, st_size=4096, ...}, AT_SYMLINK_NOFOLLOW) = 0
newfstatat(AT_FDCWD, "/home/isa", {st_mode=S_IFDIR|0755, st_size=4096, ...}, AT_SYMLINK_NOFOLLOW) = 0
newfstatat(AT_FDCWD, "/home/isa/go-1.13", {st_mode=S_IFDIR|0775, st_size=4096, ...}, AT_SYMLINK_NOFOLLOW) = 0
newfstatat(AT_FDCWD, "/home/isa/go-1.13/src", {st_mode=S_IFDIR|0775, st_size=4096, ...}, AT_SYMLINK_NOFOLLOW) = 0
newfstatat(AT_FDCWD, "/home/isa/go-1.13/src/runtime", {st_mode=S_IFDIR|0775, st_size=20480, ...}, AT_SYMLINK_NOFOLLOW) = 0
newfstatat(AT_FDCWD, "/home/isa/go-1.13/src/runtime/internal/atomic", {st_mode=S_IFDIR|0775, st_size=4096, ...}, 0) = 0
openat(AT_FDCWD, "/home/isa/go-1.13/src/runtime/internal/atomic", O_RDONLY|O_CLOEXEC) = 3
epoll_ctl(4, EPOLL_CTL_ADD, 3, {EPOLLIN|EPOLLOUT|EPOLLRDHUP|EPOLLET, {u32=1699692704, u64=140112122822816}}) = -1 EPERM (Operation not permitted)
epoll_ctl(4, EPOLL_CTL_DEL, 3, 0xc00019b2a4) = -1 EPERM (Operation not permitted)
getdents64(3, /* 29 entries */, 8192)   = 1064
getdents64(3, /* 0 entries */, 8192)    = 0
newfstatat(AT_FDCWD, "/home/isa/go-1.13/src/runtime/internal/atomic/asm_amd64p32.s", {st_mode=S_IFREG|0664, st_size=3781, ...}, AT_SYMLINK_NOFOLLOW) = 0
newfstatat(AT_FDCWD, "/home/isa/go-1.13/src/runtime/internal/atomic/atomic_mipsx.s", {st_mode=S_IFREG|0664, st_size=482, ...}, AT_SYMLINK_NOFOLLOW) = 0
newfstatat(AT_FDCWD, "/home/isa/go-1.13/src/runtime/internal/atomic/asm_arm.s", {st_mode=S_IFREG|0664, st_size=5347, ...}, AT_SYMLINK_NOFOLLOW) = 0
newfstatat(AT_FDCWD, "/home/isa/go-1.13/src/runtime/internal/atomic/atomic_mips64x.s", {st_mode=S_IFREG|0664, st_size=1083, ...}, AT_SYMLINK_NOFOLLOW) = 0
newfstatat(AT_FDCWD, "/home/isa/go-1.13/src/runtime/internal/atomic/atomic_arm.go", {st_mode=S_IFREG|0664, st_size=4363, ...}, AT_SYMLINK_NOFOLLOW) = 0
newfstatat(AT_FDCWD, "/home/isa/go-1.13/src/runtime/internal/atomic/atomic_mipsx.go", {st_mode=S_IFREG|0664, st_size=2504, ...}, AT_SYMLINK_NOFOLLOW) = 0
newfstatat(AT_FDCWD, "/home/isa/go-1.13/src/runtime/internal/atomic/atomic_ppc64x.go", {st_mode=S_IFREG|0664, st_size=1431, ...}, AT_SYMLINK_NOFOLLOW) = 0
newfstatat(AT_FDCWD, "/home/isa/go-1.13/src/runtime/internal/atomic/atomic_wasm.go", {st_mode=S_IFREG|0664, st_size=3701, ...}, AT_SYMLINK_NOFOLLOW) = 0
newfstatat(AT_FDCWD, "/home/isa/go-1.13/src/runtime/internal/atomic/sys_linux_arm.s", {st_mode=S_IFREG|0664, st_size=2934, ...}, AT_SYMLINK_NOFOLLOW) = 0
newfstatat(AT_FDCWD, "/home/isa/go-1.13/src/runtime/internal/atomic/atomic_arm64.s", {st_mode=S_IFREG|0664, st_size=3162, ...}, AT_SYMLINK_NOFOLLOW) = 0
newfstatat(AT_FDCWD, "/home/isa/go-1.13/src/runtime/internal/atomic/asm_arm64.s", {st_mode=S_IFREG|0664, st_size=1670, ...}, AT_SYMLINK_NOFOLLOW) = 0
newfstatat(AT_FDCWD, "/home/isa/go-1.13/src/runtime/internal/atomic/atomic_ppc64x.s", {st_mode=S_IFREG|0664, st_size=1370, ...}, AT_SYMLINK_NOFOLLOW) = 0
newfstatat(AT_FDCWD, "/home/isa/go-1.13/src/runtime/internal/atomic/asm_s390x.s", {st_mode=S_IFREG|0664, st_size=4444, ...}, AT_SYMLINK_NOFOLLOW) = 0
newfstatat(AT_FDCWD, "/home/isa/go-1.13/src/runtime/internal/atomic/asm_mipsx.s", {st_mode=S_IFREG|0664, st_size=2845, ...}, AT_SYMLINK_NOFOLLOW) = 0
newfstatat(AT_FDCWD, "/home/isa/go-1.13/src/runtime/internal/atomic/asm_ppc64x.s", {st_mode=S_IFREG|0664, st_size=4458, ...}, AT_SYMLINK_NOFOLLOW) = 0
newfstatat(AT_FDCWD, "/home/isa/go-1.13/src/runtime/internal/atomic/atomic_386.go", {st_mode=S_IFREG|0664, st_size=1610, ...}, AT_SYMLINK_NOFOLLOW) = 0
newfstatat(AT_FDCWD, "/home/isa/go-1.13/src/runtime/internal/atomic/bench_test.go", {st_mode=S_IFREG|0664, st_size=1054, ...}, AT_SYMLINK_NOFOLLOW) = 0
newfstatat(AT_FDCWD, "/home/isa/go-1.13/src/runtime/internal/atomic/atomic_amd64x.go", {st_mode=S_IFREG|0664, st_size=1752, ...}, AT_SYMLINK_NOFOLLOW) = 0
newfstatat(AT_FDCWD, "/home/isa/go-1.13/src/runtime/internal/atomic/asm_amd64.s", {st_mode=S_IFREG|0664, st_size=3856, ...}, AT_SYMLINK_NOFOLLOW) = 0
newfstatat(AT_FDCWD, "/home/isa/go-1.13/src/runtime/internal/atomic/atomic_mips64x.go", {st_mode=S_IFREG|0664, st_size=1433, ...}, AT_SYMLINK_NOFOLLOW) = 0
newfstatat(AT_FDCWD, "/home/isa/go-1.13/src/runtime/internal/atomic/asm_386.s", {st_mode=S_IFREG|0664, st_size=5277, ...}, AT_SYMLINK_NOFOLLOW) = 0
newfstatat(AT_FDCWD, "/home/isa/go-1.13/src/runtime/internal/atomic/atomic_test.go", {st_mode=S_IFREG|0664, st_size=2963, ...}, AT_SYMLINK_NOFOLLOW) = 0
newfstatat(AT_FDCWD, "/home/isa/go-1.13/src/runtime/internal/atomic/asm_mips64x.s", {st_mode=S_IFREG|0664, st_size=3944, ...}, AT_SYMLINK_NOFOLLOW) = 0
newfstatat(AT_FDCWD, "/home/isa/go-1.13/src/runtime/internal/atomic/atomic_arm64.go", {st_mode=S_IFREG|0664, st_size=1367, ...}, AT_SYMLINK_NOFOLLOW) = 0
newfstatat(AT_FDCWD, "/home/isa/go-1.13/src/runtime/internal/atomic/sys_nonlinux_arm.s", {st_mode=S_IFREG|0664, st_size=1175, ...}, AT_SYMLINK_NOFOLLOW) = 0
newfstatat(AT_FDCWD, "/home/isa/go-1.13/src/runtime/internal/atomic/atomic_s390x.go", {st_mode=S_IFREG|0664, st_size=1675, ...}, AT_SYMLINK_NOFOLLOW) = 0
newfstatat(AT_FDCWD, "/home/isa/go-1.13/src/runtime/internal/atomic/stubs.go", {st_mode=S_IFREG|0664, st_size=795, ...}, AT_SYMLINK_NOFOLLOW) = 0
close(3)                                = 0
openat(AT_FDCWD, "/home/isa/go-1.13/src/runtime/internal/atomic/asm_amd64.s", O_RDONLY|O_CLOEXEC) = 3
epoll_ctl(4, EPOLL_CTL_ADD, 3, {EPOLLIN|EPOLLOUT|EPOLLRDHUP|EPOLLET, {u32=1699692704, u64=140112122822816}}) = -1 EPERM (Operation not permitted)
epoll_ctl(4, EPOLL_CTL_DEL, 3, 0xc00019b24c) = -1 EPERM (Operation not permitted)
read(3, "// Copyright 2015 The Go Authors"..., 4096) = 3856
close(3)                                = 0
openat(AT_FDCWD, "/home/isa/go-1.13/src/runtime/internal/atomic/asm_mips64x.s", O_RDONLY|O_CLOEXEC) = 3
epoll_ctl(4, EPOLL_CTL_ADD, 3, {EPOLLIN|EPOLLOUT|EPOLLRDHUP|EPOLLET, {u32=1699692704, u64=140112122822816}}) = -1 EPERM (Operation not permitted)
epoll_ctl(4, EPOLL_CTL_DEL, 3, 0xc00019b24c) = -1 EPERM (Operation not permitted)
read(3, "// Copyright 2015 The Go Authors"..., 4096) = 3944
close(3)                                = 0
openat(AT_FDCWD, "/home/isa/go-1.13/src/runtime/internal/atomic/asm_mipsx.s", O_RDONLY|O_CLOEXEC) = 3
epoll_ctl(4, EPOLL_CTL_ADD, 3, {EPOLLIN|EPOLLOUT|EPOLLRDHUP|EPOLLET, {u32=1699692704, u64=140112122822816}}) = -1 EPERM (Operation not permitted)
epoll_ctl(4, EPOLL_CTL_DEL, 3, 0xc00019b24c) = -1 EPERM (Operation not permitted)
read(3, "// Copyright 2016 The Go Authors"..., 4096) = 2845
close(3)                                = 0
openat(AT_FDCWD, "/home/isa/go-1.13/src/runtime/internal/atomic/asm_ppc64x.s", O_RDONLY|O_CLOEXEC) = 3
epoll_ctl(4, EPOLL_CTL_ADD, 3, {EPOLLIN|EPOLLOUT|EPOLLRDHUP|EPOLLET, {u32=1699692704, u64=140112122822816}}) = -1 EPERM (Operation not permitted)
epoll_ctl(4, EPOLL_CTL_DEL, 3, 0xc00019b24c) = -1 EPERM (Operation not permitted)
read(3, "// Copyright 2015 The Go Authors"..., 4096) = 4096
close(3)                                = 0
openat(AT_FDCWD, "/home/isa/go-1.13/src/runtime/internal/atomic/atomic_amd64x.go", O_RDONLY|O_CLOEXEC) = 3
epoll_ctl(4, EPOLL_CTL_ADD, 3, {EPOLLIN|EPOLLOUT|EPOLLRDHUP|EPOLLET, {u32=1699692704, u64=140112122822816}}) = -1 EPERM (Operation not permitted)
epoll_ctl(4, EPOLL_CTL_DEL, 3, 0xc00019b24c) = -1 EPERM (Operation not permitted)
read(3, "// Copyright 2009 The Go Authors"..., 4096) = 1752
close(3)                                = 0
openat(AT_FDCWD, "/home/isa/go-1.13/src/runtime/internal/atomic/atomic_mips64x.go", O_RDONLY|O_CLOEXEC) = 3
epoll_ctl(4, EPOLL_CTL_ADD, 3, {EPOLLIN|EPOLLOUT|EPOLLRDHUP|EPOLLET, {u32=1699692704, u64=140112122822816}}) = -1 EPERM (Operation not permitted)
epoll_ctl(4, EPOLL_CTL_DEL, 3, 0xc00019b24c) = -1 EPERM (Operation not permitted)
read(3, "// Copyright 2015 The Go Authors"..., 4096) = 1433
close(3)                                = 0
openat(AT_FDCWD, "/home/isa/go-1.13/src/runtime/internal/atomic/atomic_mips64x.s", O_RDONLY|O_CLOEXEC) = 3
epoll_ctl(4, EPOLL_CTL_ADD, 3, {EPOLLIN|EPOLLOUT|EPOLLRDHUP|EPOLLET, {u32=1699692704, u64=140112122822816}}) = -1 EPERM (Operation not permitted)
epoll_ctl(4, EPOLL_CTL_DEL, 3, 0xc00019b24c) = -1 EPERM (Operation not permitted)
read(3, "// Copyright 2015 The Go Authors"..., 4096) = 1083
close(3)                                = 0
openat(AT_FDCWD, "/home/isa/go-1.13/src/runtime/internal/atomic/atomic_mipsx.go", O_RDONLY|O_CLOEXEC) = 3
epoll_ctl(4, EPOLL_CTL_ADD, 3, {EPOLLIN|EPOLLOUT|EPOLLRDHUP|EPOLLET, {u32=1699692704, u64=140112122822816}}) = -1 EPERM (Operation not permitted)
epoll_ctl(4, EPOLL_CTL_DEL, 3, 0xc00019b24c) = -1 EPERM (Operation not permitted)
read(3, "// Copyright 2016 The Go Authors"..., 4096) = 2504
close(3)                                = 0
openat(AT_FDCWD, "/home/isa/go-1.13/src/runtime/internal/atomic/atomic_mipsx.s", O_RDONLY|O_CLOEXEC) = 3
epoll_ctl(4, EPOLL_CTL_ADD, 3, {EPOLLIN|EPOLLOUT|EPOLLRDHUP|EPOLLET, {u32=1699692704, u64=140112122822816}}) = -1 EPERM (Operation not permitted)
epoll_ctl(4, EPOLL_CTL_DEL, 3, 0xc00019b24c) = -1 EPERM (Operation not permitted)
read(3, "// Copyright 2016 The Go Authors"..., 4096) = 482
close(3)                                = 0
openat(AT_FDCWD, "/home/isa/go-1.13/src/runtime/internal/atomic/atomic_ppc64x.go", O_RDONLY|O_CLOEXEC) = 3
epoll_ctl(4, EPOLL_CTL_ADD, 3, {EPOLLIN|EPOLLOUT|EPOLLRDHUP|EPOLLET, {u32=1699692704, u64=140112122822816}}) = -1 EPERM (Operation not permitted)
epoll_ctl(4, EPOLL_CTL_DEL, 3, 0xc00019b24c) = -1 EPERM (Operation not permitted)
read(3, "// Copyright 2014 The Go Authors"..., 4096) = 1431
close(3)                                = 0
openat(AT_FDCWD, "/home/isa/go-1.13/src/runtime/internal/atomic/atomic_ppc64x.s", O_RDONLY|O_CLOEXEC) = 3
epoll_ctl(4, EPOLL_CTL_ADD, 3, {EPOLLIN|EPOLLOUT|EPOLLRDHUP|EPOLLET, {u32=1699692704, u64=140112122822816}}) = -1 EPERM (Operation not permitted)
epoll_ctl(4, EPOLL_CTL_DEL, 3, 0xc00019b24c) = -1 EPERM (Operation not permitted)
read(3, "// Copyright 2014 The Go Authors"..., 4096) = 1370
close(3)                                = 0
openat(AT_FDCWD, "/home/isa/go-1.13/src/runtime/internal/atomic/atomic_test.go", O_RDONLY|O_CLOEXEC) = 3
epoll_ctl(4, EPOLL_CTL_ADD, 3, {EPOLLIN|EPOLLOUT|EPOLLRDHUP|EPOLLET, {u32=1699692704, u64=140112122822816}}) = -1 EPERM (Operation not permitted)
epoll_ctl(4, EPOLL_CTL_DEL, 3, 0xc00019b24c) = -1 EPERM (Operation not permitted)
read(3, "// Copyright 2015 The Go Authors"..., 4096) = 2963
close(3)                                = 0
openat(AT_FDCWD, "/home/isa/go-1.13/src/runtime/internal/atomic/bench_test.go", O_RDONLY|O_CLOEXEC) = 3
epoll_ctl(4, EPOLL_CTL_ADD, 3, {EPOLLIN|EPOLLOUT|EPOLLRDHUP|EPOLLET, {u32=1699692704, u64=140112122822816}}) = -1 EPERM (Operation not permitted)
epoll_ctl(4, EPOLL_CTL_DEL, 3, 0xc00019b24c) = -1 EPERM (Operation not permitted)
read(3, "// Copyright 2016 The Go Authors"..., 4096) = 1054
close(3)                                = 0
openat(AT_FDCWD, "/home/isa/go-1.13/src/runtime/internal/atomic/stubs.go", O_RDONLY|O_CLOEXEC) = 3
epoll_ctl(4, EPOLL_CTL_ADD, 3, {EPOLLIN|EPOLLOUT|EPOLLRDHUP|EPOLLET, {u32=1699692704, u64=140112122822816}}) = -1 EPERM (Operation not permitted)
epoll_ctl(4, EPOLL_CTL_DEL, 3, 0xc00019b24c) = -1 EPERM (Operation not permitted)
read(3, "// Copyright 2015 The Go Authors"..., 4096) = 795
close(3)                                = 0
newfstatat(AT_FDCWD, "/home/isa/go-1.13/src/runtime/internal/atomic/vendor", 0xc0001f0108, 0) = -1 ENOENT (No such file or directory)
newfstatat(AT_FDCWD, "/home/isa/go-1.13/src/runtime/internal/vendor", 0xc0001f01d8, 0) = -1 ENOENT (No such file or directory)
newfstatat(AT_FDCWD, "/home/isa/go-1.13/src/vendor/runtime/internal/math", 0xc0001f02a8, 0) = -1 ENOENT (No such file or directory)
newfstatat(AT_FDCWD, "/home/isa/go-1.13/src/runtime/vendor", 0xc0001f0378, 0) = -1 ENOENT (No such file or directory)
newfstatat(AT_FDCWD, "/home/isa/go-1.13/src/vendor", {st_mode=S_IFDIR|0775, st_size=4096, ...}, 0) = 0
newfstatat(AT_FDCWD, "/home/isa/go-1.13/src/vendor/runtime/internal/math", 0xc0001f0518, 0) = -1 ENOENT (No such file or directory)
newfstatat(AT_FDCWD, "/home", {st_mode=S_IFDIR|0755, st_size=4096, ...}, AT_SYMLINK_NOFOLLOW) = 0
newfstatat(AT_FDCWD, "/home/isa", {st_mode=S_IFDIR|0755, st_size=4096, ...}, AT_SYMLINK_NOFOLLOW) = 0
newfstatat(AT_FDCWD, "/home/isa/dekape", {st_mode=S_IFDIR|0755, st_size=4096, ...}, AT_SYMLINK_NOFOLLOW) = 0
newfstatat(AT_FDCWD, "/home/isa/dekape/go", {st_mode=S_IFDIR|0755, st_size=4096, ...}, AT_SYMLINK_NOFOLLOW) = 0
newfstatat(AT_FDCWD, "/home", {st_mode=S_IFDIR|0755, st_size=4096, ...}, AT_SYMLINK_NOFOLLOW) = 0
newfstatat(AT_FDCWD, "/home/isa", {st_mode=S_IFDIR|0755, st_size=4096, ...}, AT_SYMLINK_NOFOLLOW) = 0
newfstatat(AT_FDCWD, "/home/isa/go-1.13", {st_mode=S_IFDIR|0775, st_size=4096, ...}, AT_SYMLINK_NOFOLLOW) = 0
newfstatat(AT_FDCWD, "/home/isa/go-1.13/src", {st_mode=S_IFDIR|0775, st_size=4096, ...}, AT_SYMLINK_NOFOLLOW) = 0
newfstatat(AT_FDCWD, "/home/isa/go-1.13/src/runtime", {st_mode=S_IFDIR|0775, st_size=20480, ...}, AT_SYMLINK_NOFOLLOW) = 0
newfstatat(AT_FDCWD, "/home/isa/go-1.13/src/runtime/internal/math", {st_mode=S_IFDIR|0775, st_size=4096, ...}, 0) = 0
openat(AT_FDCWD, "/home/isa/go-1.13/src/runtime/internal/math", O_RDONLY|O_CLOEXEC) = 3
epoll_ctl(4, EPOLL_CTL_ADD, 3, {EPOLLIN|EPOLLOUT|EPOLLRDHUP|EPOLLET, {u32=1699692704, u64=140112122822816}}) = -1 EPERM (Operation not permitted)
epoll_ctl(4, EPOLL_CTL_DEL, 3, 0xc00019b2a4) = -1 EPERM (Operation not permitted)
getdents64(3, /* 4 entries */, 8192)    = 112
getdents64(3, /* 0 entries */, 8192)    = 0
newfstatat(AT_FDCWD, "/home/isa/go-1.13/src/runtime/internal/math/math_test.go", {st_mode=S_IFREG|0664, st_size=1721, ...}, AT_SYMLINK_NOFOLLOW) = 0
newfstatat(AT_FDCWD, "/home/isa/go-1.13/src/runtime/internal/math/math.go", {st_mode=S_IFREG|0664, st_size=550, ...}, AT_SYMLINK_NOFOLLOW) = 0
close(3)                                = 0
openat(AT_FDCWD, "/home/isa/go-1.13/src/runtime/internal/math/math.go", O_RDONLY|O_CLOEXEC) = 3
epoll_ctl(4, EPOLL_CTL_ADD, 3, {EPOLLIN|EPOLLOUT|EPOLLRDHUP|EPOLLET, {u32=1699692704, u64=140112122822816}}) = -1 EPERM (Operation not permitted)
epoll_ctl(4, EPOLL_CTL_DEL, 3, 0xc00019b24c) = -1 EPERM (Operation not permitted)
read(3, "// Copyright 2018 The Go Authors"..., 4096) = 550
close(3)                                = 0
openat(AT_FDCWD, "/home/isa/go-1.13/src/runtime/internal/math/math_test.go", O_RDONLY|O_CLOEXEC) = 3
epoll_ctl(4, EPOLL_CTL_ADD, 3, {EPOLLIN|EPOLLOUT|EPOLLRDHUP|EPOLLET, {u32=1699692704, u64=140112122822816}}) = -1 EPERM (Operation not permitted)
epoll_ctl(4, EPOLL_CTL_DEL, 3, 0xc00019b24c) = -1 EPERM (Operation not permitted)
read(3, "// Copyright 2018 The Go Authors"..., 4096) = 1721
close(3)                                = 0
newfstatat(AT_FDCWD, "/home/isa/go-1.13/src/runtime/internal/math/vendor", 0xc000240928, 0) = -1 ENOENT (No such file or directory)
newfstatat(AT_FDCWD, "/home/isa/go-1.13/src/vendor/runtime/internal/sys", 0xc0002409f8, 0) = -1 ENOENT (No such file or directory)
newfstatat(AT_FDCWD, "/home/isa/go-1.13/src/runtime/internal/math/vendor", 0xc000240ac8, 0) = -1 ENOENT (No such file or directory)
newfstatat(AT_FDCWD, "/home/isa/go-1.13/src/runtime/internal/vendor", 0xc000240b98, 0) = -1 ENOENT (No such file or directory)
newfstatat(AT_FDCWD, "/home/isa/go-1.13/src/runtime/vendor", 0xc000240c68, 0) = -1 ENOENT (No such file or directory)
newfstatat(AT_FDCWD, "/home/isa/go-1.13/src/vendor", {st_mode=S_IFDIR|0775, st_size=4096, ...}, 0) = 0
newfstatat(AT_FDCWD, "/home/isa/go-1.13/src/vendor/runtime/internal/sys", 0xc000240e08, 0) = -1 ENOENT (No such file or directory)
newfstatat(AT_FDCWD, "/home", {st_mode=S_IFDIR|0755, st_size=4096, ...}, AT_SYMLINK_NOFOLLOW) = 0
newfstatat(AT_FDCWD, "/home/isa", {st_mode=S_IFDIR|0755, st_size=4096, ...}, AT_SYMLINK_NOFOLLOW) = 0
newfstatat(AT_FDCWD, "/home/isa/dekape", {st_mode=S_IFDIR|0755, st_size=4096, ...}, AT_SYMLINK_NOFOLLOW) = 0
newfstatat(AT_FDCWD, "/home/isa/dekape/go", {st_mode=S_IFDIR|0755, st_size=4096, ...}, AT_SYMLINK_NOFOLLOW) = 0
newfstatat(AT_FDCWD, "/home", {st_mode=S_IFDIR|0755, st_size=4096, ...}, AT_SYMLINK_NOFOLLOW) = 0
newfstatat(AT_FDCWD, "/home/isa", {st_mode=S_IFDIR|0755, st_size=4096, ...}, AT_SYMLINK_NOFOLLOW) = 0
newfstatat(AT_FDCWD, "/home/isa/go-1.13", {st_mode=S_IFDIR|0775, st_size=4096, ...}, AT_SYMLINK_NOFOLLOW) = 0
newfstatat(AT_FDCWD, "/home/isa/go-1.13/src", {st_mode=S_IFDIR|0775, st_size=4096, ...}, AT_SYMLINK_NOFOLLOW) = 0
newfstatat(AT_FDCWD, "/home/isa/go-1.13/src/runtime", {st_mode=S_IFDIR|0775, st_size=20480, ...}, AT_SYMLINK_NOFOLLOW) = 0
newfstatat(AT_FDCWD, "/home/isa/go-1.13/src/runtime/internal", {st_mode=S_IFDIR|0775, st_size=4096, ...}, AT_SYMLINK_NOFOLLOW) = 0
newfstatat(AT_FDCWD, "/home/isa/go-1.13/src/runtime/internal/math", {st_mode=S_IFDIR|0775, st_size=4096, ...}, AT_SYMLINK_NOFOLLOW) = 0
newfstatat(AT_FDCWD, "/home/isa/go-1.13/src/runtime/internal/sys", {st_mode=S_IFDIR|0775, st_size=4096, ...}, 0) = 0
openat(AT_FDCWD, "/home/isa/go-1.13/src/runtime/internal/sys", O_RDONLY|O_CLOEXEC) = 3
epoll_ctl(4, EPOLL_CTL_ADD, 3, {EPOLLIN|EPOLLOUT|EPOLLRDHUP|EPOLLET, {u32=1699692704, u64=140112122822816}}) = -1 EPERM (Operation not permitted)
epoll_ctl(4, EPOLL_CTL_DEL, 3, 0xc00019ad64) = -1 EPERM (Operation not permitted)
getdents64(3, /* 63 entries */, 8192)   = 2400
getdents64(3, /* 0 entries */, 8192)    = 0
newfstatat(AT_FDCWD, "/home/isa/go-1.13/src/runtime/internal/sys/intrinsics.go", {st_mode=S_IFREG|0664, st_size=3871, ...}, AT_SYMLINK_NOFOLLOW) = 0
newfstatat(AT_FDCWD, "/home/isa/go-1.13/src/runtime/internal/sys/arch_ppc64le.go", {st_mode=S_IFREG|0664, st_size=367, ...}, AT_SYMLINK_NOFOLLOW) = 0
newfstatat(AT_FDCWD, "/home/isa/go-1.13/src/runtime/internal/sys/zgoarch_mips64le.go", {st_mode=S_IFREG|0664, st_size=650, ...}, AT_SYMLINK_NOFOLLOW) = 0
newfstatat(AT_FDCWD, "/home/isa/go-1.13/src/runtime/internal/sys/arch_mipsle.go", {st_mode=S_IFREG|0664, st_size=365, ...}, AT_SYMLINK_NOFOLLOW) = 0
newfstatat(AT_FDCWD, "/home/isa/go-1.13/src/runtime/internal/sys/arch_386.go", {st_mode=S_IFREG|0664, st_size=422, ...}, AT_SYMLINK_NOFOLLOW) = 0
newfstatat(AT_FDCWD, "/home/isa/go-1.13/src/runtime/internal/sys/zgoos_aix.go", {st_mode=S_IFREG|0664, st_size=444, ...}, AT_SYMLINK_NOFOLLOW) = 0
newfstatat(AT_FDCWD, "/home/isa/go-1.13/src/runtime/internal/sys/zgoarch_arm64be.go", {st_mode=S_IFREG|0664, st_size=648, ...}, AT_SYMLINK_NOFOLLOW) = 0
newfstatat(AT_FDCWD, "/home/isa/go-1.13/src/runtime/internal/sys/zgoarch_arm64.go", {st_mode=S_IFREG|0664, st_size=644, ...}, AT_SYMLINK_NOFOLLOW) = 0
newfstatat(AT_FDCWD, "/home/isa/go-1.13/src/runtime/internal/sys/zgoos_android.go", {st_mode=S_IFREG|0664, st_size=452, ...}, AT_SYMLINK_NOFOLLOW) = 0
newfstatat(AT_FDCWD, "/home/isa/go-1.13/src/runtime/internal/sys/arch_amd64p32.go", {st_mode=S_IFREG|0664, st_size=395, ...}, AT_SYMLINK_NOFOLLOW) = 0
newfstatat(AT_FDCWD, "/home/isa/go-1.13/src/runtime/internal/sys/intrinsics_stubs.go", {st_mode=S_IFREG|0664, st_size=321, ...}, AT_SYMLINK_NOFOLLOW) = 0
newfstatat(AT_FDCWD, "/home/isa/go-1.13/src/runtime/internal/sys/zgoarch_sparc.go", {st_mode=S_IFREG|0664, st_size=644, ...}, AT_SYMLINK_NOFOLLOW) = 0
newfstatat(AT_FDCWD, "/home/isa/go-1.13/src/runtime/internal/sys/sys.go", {st_mode=S_IFREG|0664, st_size=650, ...}, AT_SYMLINK_NOFOLLOW) = 0
newfstatat(AT_FDCWD, "/home/isa/go-1.13/src/runtime/internal/sys/zgoos_plan9.go", {st_mode=S_IFREG|0664, st_size=448, ...}, AT_SYMLINK_NOFOLLOW) = 0
newfstatat(AT_FDCWD, "/home/isa/go-1.13/src/runtime/internal/sys/zgoarch_mipsle.go", {st_mode=S_IFREG|0664, st_size=646, ...}, AT_SYMLINK_NOFOLLOW) = 0
newfstatat(AT_FDCWD, "/home/isa/go-1.13/src/runtime/internal/sys/arch_mips64le.go", {st_mode=S_IFREG|0664, st_size=367, ...}, AT_SYMLINK_NOFOLLOW) = 0
newfstatat(AT_FDCWD, "/home/isa/go-1.13/src/runtime/internal/sys/arch_arm.go", {st_mode=S_IFREG|0664, st_size=364, ...}, AT_SYMLINK_NOFOLLOW) = 0
newfstatat(AT_FDCWD, "/home/isa/go-1.13/src/runtime/internal/sys/arch_s390x.go", {st_mode=S_IFREG|0664, st_size=364, ...}, AT_SYMLINK_NOFOLLOW) = 0
newfstatat(AT_FDCWD, "/home/isa/go-1.13/src/runtime/internal/sys/zgoos_darwin.go", {st_mode=S_IFREG|0664, st_size=450, ...}, AT_SYMLINK_NOFOLLOW) = 0
newfstatat(AT_FDCWD, "/home/isa/go-1.13/src/runtime/internal/sys/arch_ppc64.go", {st_mode=S_IFREG|0664, st_size=366, ...}, AT_SYMLINK_NOFOLLOW) = 0
newfstatat(AT_FDCWD, "/home/isa/go-1.13/src/runtime/internal/sys/zgoarch_386.go", {st_mode=S_IFREG|0664, st_size=640, ...}, AT_SYMLINK_NOFOLLOW) = 0
newfstatat(AT_FDCWD, "/home/isa/go-1.13/src/runtime/internal/sys/arch_amd64.go", {st_mode=S_IFREG|0664, st_size=365, ...}, AT_SYMLINK_NOFOLLOW) = 0
newfstatat(AT_FDCWD, "/home/isa/go-1.13/src/runtime/internal/sys/arch.go", {st_mode=S_IFREG|0664, st_size=289, ...}, AT_SYMLINK_NOFOLLOW) = 0
newfstatat(AT_FDCWD, "/home/isa/go-1.13/src/runtime/internal/sys/intrinsics_test.go", {st_mode=S_IFREG|0664, st_size=764, ...}, AT_SYMLINK_NOFOLLOW) = 0
newfstatat(AT_FDCWD, "/home/isa/go-1.13/src/runtime/internal/sys/zgoarch_riscv64.go", {st_mode=S_IFREG|0664, st_size=648, ...}, AT_SYMLINK_NOFOLLOW) = 0
newfstatat(AT_FDCWD, "/home/isa/go-1.13/src/runtime/internal/sys/arch_wasm.go", {st_mode=S_IFREG|0664, st_size=365, ...}, AT_SYMLINK_NOFOLLOW) = 0
newfstatat(AT_FDCWD, "/home/isa/go-1.13/src/runtime/internal/sys/zgoos_linux.go", {st_mode=S_IFREG|0664, st_size=467, ...}, AT_SYMLINK_NOFOLLOW) = 0
newfstatat(AT_FDCWD, "/home/isa/go-1.13/src/runtime/internal/sys/zgoos_freebsd.go", {st_mode=S_IFREG|0664, st_size=452, ...}, AT_SYMLINK_NOFOLLOW) = 0
newfstatat(AT_FDCWD, "/home/isa/go-1.13/src/runtime/internal/sys/zgoarch_ppc64.go", {st_mode=S_IFREG|0664, st_size=644, ...}, AT_SYMLINK_NOFOLLOW) = 0
newfstatat(AT_FDCWD, "/home/isa/go-1.13/src/runtime/internal/sys/zgoarch_s390.go", {st_mode=S_IFREG|0664, st_size=642, ...}, AT_SYMLINK_NOFOLLOW) = 0
newfstatat(AT_FDCWD, "/home/isa/go-1.13/src/runtime/internal/sys/zgoarch_ppc64le.go", {st_mode=S_IFREG|0664, st_size=648, ...}, AT_SYMLINK_NOFOLLOW) = 0
newfstatat(AT_FDCWD, "/home/isa/go-1.13/src/runtime/internal/sys/arch_arm64.go", {st_mode=S_IFREG|0664, st_size=366, ...}, AT_SYMLINK_NOFOLLOW) = 0
newfstatat(AT_FDCWD, "/home/isa/go-1.13/src/runtime/internal/sys/zgoos_dragonfly.go", {st_mode=S_IFREG|0664, st_size=456, ...}, AT_SYMLINK_NOFOLLOW) = 0
newfstatat(AT_FDCWD, "/home/isa/go-1.13/src/runtime/internal/sys/arch_mips64.go", {st_mode=S_IFREG|0664, st_size=366, ...}, AT_SYMLINK_NOFOLLOW) = 0
newfstatat(AT_FDCWD, "/home/isa/go-1.13/src/runtime/internal/sys/zgoos_windows.go", {st_mode=S_IFREG|0664, st_size=452, ...}, AT_SYMLINK_NOFOLLOW) = 0
newfstatat(AT_FDCWD, "/home/isa/go-1.13/src/runtime/internal/sys/zgoarch_ppc.go", {st_mode=S_IFREG|0664, st_size=640, ...}, AT_SYMLINK_NOFOLLOW) = 0
newfstatat(AT_FDCWD, "/home/isa/go-1.13/src/runtime/internal/sys/zgoarch_mips64p32le.go", {st_mode=S_IFREG|0664, st_size=656, ...}, AT_SYMLINK_NOFOLLOW) = 0
newfstatat(AT_FDCWD, "/home/isa/go-1.13/src/runtime/internal/sys/zgoarch_mips64.go", {st_mode=S_IFREG|0664, st_size=646, ...}, AT_SYMLINK_NOFOLLOW) = 0
newfstatat(AT_FDCWD, "/home/isa/go-1.13/src/runtime/internal/sys/zgoarch_amd64p32.go", {st_mode=S_IFREG|0664, st_size=650, ...}, AT_SYMLINK_NOFOLLOW) = 0
newfstatat(AT_FDCWD, "/home/isa/go-1.13/src/runtime/internal/sys/intrinsics_386.s", {st_mode=S_IFREG|0664, st_size=1066, ...}, AT_SYMLINK_NOFOLLOW) = 0
newfstatat(AT_FDCWD, "/home/isa/go-1.13/src/runtime/internal/sys/zversion.go", {st_mode=S_IFREG|0664, st_size=194, ...}, AT_SYMLINK_NOFOLLOW) = 0
newfstatat(AT_FDCWD, "/home/isa/go-1.13/src/runtime/internal/sys/gengoos.go", {st_mode=S_IFREG|0664, st_size=2511, ...}, AT_SYMLINK_NOFOLLOW) = 0
newfstatat(AT_FDCWD, "/home/isa/go-1.13/src/runtime/internal/sys/zgoos_zos.go", {st_mode=S_IFREG|0664, st_size=444, ...}, AT_SYMLINK_NOFOLLOW) = 0
newfstatat(AT_FDCWD, "/home/isa/go-1.13/src/runtime/internal/sys/zgoarch_amd64.go", {st_mode=S_IFREG|0664, st_size=644, ...}, AT_SYMLINK_NOFOLLOW) = 0
newfstatat(AT_FDCWD, "/home/isa/go-1.13/src/runtime/internal/sys/arch_mips.go", {st_mode=S_IFREG|0664, st_size=364, ...}, AT_SYMLINK_NOFOLLOW) = 0
newfstatat(AT_FDCWD, "/home/isa/go-1.13/src/runtime/internal/sys/zgoarch_s390x.go", {st_mode=S_IFREG|0664, st_size=644, ...}, AT_SYMLINK_NOFOLLOW) = 0
newfstatat(AT_FDCWD, "/home/isa/go-1.13/src/runtime/internal/sys/zgoarch_mips64p32.go", {st_mode=S_IFREG|0664, st_size=652, ...}, AT_SYMLINK_NOFOLLOW) = 0
newfstatat(AT_FDCWD, "/home/isa/go-1.13/src/runtime/internal/sys/zgoos_js.go", {st_mode=S_IFREG|0664, st_size=442, ...}, AT_SYMLINK_NOFOLLOW) = 0
newfstatat(AT_FDCWD, "/home/isa/go-1.13/src/runtime/internal/sys/zgoos_netbsd.go", {st_mode=S_IFREG|0664, st_size=450, ...}, AT_SYMLINK_NOFOLLOW) = 0
newfstatat(AT_FDCWD, "/home/isa/go-1.13/src/runtime/internal/sys/zgoos_solaris.go", {st_mode=S_IFREG|0664, st_size=471, ...}, AT_SYMLINK_NOFOLLOW) = 0
newfstatat(AT_FDCWD, "/home/isa/go-1.13/src/runtime/internal/sys/zgoarch_sparc64.go", {st_mode=S_IFREG|0664, st_size=648, ...}, AT_SYMLINK_NOFOLLOW) = 0
newfstatat(AT_FDCWD, "/home/isa/go-1.13/src/runtime/internal/sys/zgoos_hurd.go", {st_mode=S_IFREG|0664, st_size=446, ...}, AT_SYMLINK_NOFOLLOW) = 0
newfstatat(AT_FDCWD, "/home/isa/go-1.13/src/runtime/internal/sys/zgoarch_riscv.go", {st_mode=S_IFREG|0664, st_size=644, ...}, AT_SYMLINK_NOFOLLOW) = 0
newfstatat(AT_FDCWD, "/home/isa/go-1.13/src/runtime/internal/sys/zgoos_illumos.go", {st_mode=S_IFREG|0664, st_size=452, ...}, AT_SYMLINK_NOFOLLOW) = 0
newfstatat(AT_FDCWD, "/home/isa/go-1.13/src/runtime/internal/sys/zgoos_openbsd.go", {st_mode=S_IFREG|0664, st_size=452, ...}, AT_SYMLINK_NOFOLLOW) = 0
newfstatat(AT_FDCWD, "/home/isa/go-1.13/src/runtime/internal/sys/zgoarch_mips.go", {st_mode=S_IFREG|0664, st_size=642, ...}, AT_SYMLINK_NOFOLLOW) = 0
newfstatat(AT_FDCWD, "/home/isa/go-1.13/src/runtime/internal/sys/zgoarch_arm.go", {st_mode=S_IFREG|0664, st_size=640, ...}, AT_SYMLINK_NOFOLLOW) = 0
newfstatat(AT_FDCWD, "/home/isa/go-1.13/src/runtime/internal/sys/zgoos_nacl.go", {st_mode=S_IFREG|0664, st_size=446, ...}, AT_SYMLINK_NOFOLLOW) = 0
newfstatat(AT_FDCWD, "/home/isa/go-1.13/src/runtime/internal/sys/stubs.go", {st_mode=S_IFREG|0664, st_size=705, ...}, AT_SYMLINK_NOFOLLOW) = 0
newfstatat(AT_FDCWD, "/home/isa/go-1.13/src/runtime/internal/sys/zgoarch_armbe.go", {st_mode=S_IFREG|0664, st_size=644, ...}, AT_SYMLINK_NOFOLLOW) = 0
newfstatat(AT_FDCWD, "/home/isa/go-1.13/src/runtime/internal/sys/zgoarch_wasm.go", {st_mode=S_IFREG|0664, st_size=642, ...}, AT_SYMLINK_NOFOLLOW) = 0
close(3)                                = 0
openat(AT_FDCWD, "/home/isa/go-1.13/src/runtime/internal/sys/arch.go", O_RDONLY|O_CLOEXEC) = 3
epoll_ctl(4, EPOLL_CTL_ADD, 3, {EPOLLIN|EPOLLOUT|EPOLLRDHUP|EPOLLET, {u32=1699692704, u64=140112122822816}}) = -1 EPERM (Operation not permitted)
epoll_ctl(4, EPOLL_CTL_DEL, 3, 0xc00019ad0c) = -1 EPERM (Operation not permitted)
read(3, "// Copyright 2014 The Go Authors"..., 4096) = 289
close(3)                                = 0
openat(AT_FDCWD, "/home/isa/go-1.13/src/runtime/internal/sys/arch_amd64.go", O_RDONLY|O_CLOEXEC) = 3
epoll_ctl(4, EPOLL_CTL_ADD, 3, {EPOLLIN|EPOLLOUT|EPOLLRDHUP|EPOLLET, {u32=1699692704, u64=140112122822816}}) = -1 EPERM (Operation not permitted)
epoll_ctl(4, EPOLL_CTL_DEL, 3, 0xc00019ad0c) = -1 EPERM (Operation not permitted)
read(3, "// Copyright 2014 The Go Authors"..., 4096) = 365
close(3)                                = 0
openat(AT_FDCWD, "/home/isa/go-1.13/src/runtime/internal/sys/gengoos.go", O_RDONLY|O_CLOEXEC) = 3
epoll_ctl(4, EPOLL_CTL_ADD, 3, {EPOLLIN|EPOLLOUT|EPOLLRDHUP|EPOLLET, {u32=1699692704, u64=140112122822816}}) = -1 EPERM (Operation not permitted)
epoll_ctl(4, EPOLL_CTL_DEL, 3, 0xc00019ad0c) = -1 EPERM (Operation not permitted)
read(3, "// Copyright 2014 The Go Authors"..., 4096) = 2511
close(3)                                = 0
openat(AT_FDCWD, "/home/isa/go-1.13/src/runtime/internal/sys/intrinsics.go", O_RDONLY|O_CLOEXEC) = 3
epoll_ctl(4, EPOLL_CTL_ADD, 3, {EPOLLIN|EPOLLOUT|EPOLLRDHUP|EPOLLET, {u32=1699692704, u64=140112122822816}}) = -1 EPERM (Operation not permitted)
epoll_ctl(4, EPOLL_CTL_DEL, 3, 0xc00019ad0c) = -1 EPERM (Operation not permitted)
read(3, "// Copyright 2016 The Go Authors"..., 4096) = 3871
close(3)                                = 0
openat(AT_FDCWD, "/home/isa/go-1.13/src/runtime/internal/sys/intrinsics_stubs.go", O_RDONLY|O_CLOEXEC) = 3
epoll_ctl(4, EPOLL_CTL_ADD, 3, {EPOLLIN|EPOLLOUT|EPOLLRDHUP|EPOLLET, {u32=1699692704, u64=140112122822816}}) = -1 EPERM (Operation not permitted)
epoll_ctl(4, EPOLL_CTL_DEL, 3, 0xc00019ad0c) = -1 EPERM (Operation not permitted)
read(3, "// Copyright 2016 The Go Authors"..., 4096) = 321
close(3)                                = 0
openat(AT_FDCWD, "/home/isa/go-1.13/src/runtime/internal/sys/intrinsics_test.go", O_RDONLY|O_CLOEXEC) = 3
epoll_ctl(4, EPOLL_CTL_ADD, 3, {EPOLLIN|EPOLLOUT|EPOLLRDHUP|EPOLLET, {u32=1699692704, u64=140112122822816}}) = -1 EPERM (Operation not permitted)
epoll_ctl(4, EPOLL_CTL_DEL, 3, 0xc00019ad0c) = -1 EPERM (Operation not permitted)
read(3, "package sys_test\n\nimport (\n\t\"run"..., 4096) = 764
close(3)                                = 0
openat(AT_FDCWD, "/home/isa/go-1.13/src/runtime/internal/sys/stubs.go", O_RDONLY|O_CLOEXEC) = 3
epoll_ctl(4, EPOLL_CTL_ADD, 3, {EPOLLIN|EPOLLOUT|EPOLLRDHUP|EPOLLET, {u32=1699692704, u64=140112122822816}}) = -1 EPERM (Operation not permitted)
epoll_ctl(4, EPOLL_CTL_DEL, 3, 0xc00019ad0c) = -1 EPERM (Operation not permitted)
read(3, "// Copyright 2014 The Go Authors"..., 4096) = 705
close(3)                                = 0
openat(AT_FDCWD, "/home/isa/go-1.13/src/runtime/internal/sys/sys.go", O_RDONLY|O_CLOEXEC) = 3
epoll_ctl(4, EPOLL_CTL_ADD, 3, {EPOLLIN|EPOLLOUT|EPOLLRDHUP|EPOLLET, {u32=1699692704, u64=140112122822816}}) = -1 EPERM (Operation not permitted)
epoll_ctl(4, EPOLL_CTL_DEL, 3, 0xc00019ad0c) = -1 EPERM (Operation not permitted)
read(3, "// Copyright 2015 The Go Authors"..., 4096) = 650
read(3, "", 4096)                       = 0
close(3)                                = 0
openat(AT_FDCWD, "/home/isa/go-1.13/src/runtime/internal/sys/zgoarch_amd64.go", O_RDONLY|O_CLOEXEC) = 3
epoll_ctl(4, EPOLL_CTL_ADD, 3, {EPOLLIN|EPOLLOUT|EPOLLRDHUP|EPOLLET, {u32=1699692704, u64=140112122822816}}) = -1 EPERM (Operation not permitted)
epoll_ctl(4, EPOLL_CTL_DEL, 3, 0xc00019ad0c) = -1 EPERM (Operation not permitted)
read(3, "// Code generated by gengoos.go "..., 4096) = 644
close(3)                                = 0
openat(AT_FDCWD, "/home/isa/go-1.13/src/runtime/internal/sys/zgoos_linux.go", O_RDONLY|O_CLOEXEC) = 3
epoll_ctl(4, EPOLL_CTL_ADD, 3, {EPOLLIN|EPOLLOUT|EPOLLRDHUP|EPOLLET, {u32=1699692704, u64=140112122822816}}) = -1 EPERM (Operation not permitted)
epoll_ctl(4, EPOLL_CTL_DEL, 3, 0xc00019ad0c) = -1 EPERM (Operation not permitted)
read(3, "// Code generated by gengoos.go "..., 4096) = 467
close(3)                                = 0
openat(AT_FDCWD, "/home/isa/go-1.13/src/runtime/internal/sys/zversion.go", O_RDONLY|O_CLOEXEC) = 3
epoll_ctl(4, EPOLL_CTL_ADD, 3, {EPOLLIN|EPOLLOUT|EPOLLRDHUP|EPOLLET, {u32=1699692704, u64=140112122822816}}) = -1 EPERM (Operation not permitted)
epoll_ctl(4, EPOLL_CTL_DEL, 3, 0xc00019ad0c) = -1 EPERM (Operation not permitted)
read(3, "// Code generated by go tool dis"..., 4096) = 194
close(3)                                = 0
newfstatat(AT_FDCWD, "/home/isa/go-1.13/src/vendor/internal/fmtsort", 0xc000246b98, 0) = -1 ENOENT (No such file or directory)
newfstatat(AT_FDCWD, "/home/isa/go-1.13/src/fmt/vendor", 0xc000246c68, 0) = -1 ENOENT (No such file or directory)
newfstatat(AT_FDCWD, "/home/isa/go-1.13/src/vendor", {st_mode=S_IFDIR|0775, st_size=4096, ...}, 0) = 0
newfstatat(AT_FDCWD, "/home/isa/go-1.13/src/vendor/internal/fmtsort", 0xc000246e08, 0) = -1 ENOENT (No such file or directory)
newfstatat(AT_FDCWD, "/home", {st_mode=S_IFDIR|0755, st_size=4096, ...}, AT_SYMLINK_NOFOLLOW) = 0
newfstatat(AT_FDCWD, "/home/isa", {st_mode=S_IFDIR|0755, st_size=4096, ...}, AT_SYMLINK_NOFOLLOW) = 0
newfstatat(AT_FDCWD, "/home/isa/dekape", {st_mode=S_IFDIR|0755, st_size=4096, ...}, AT_SYMLINK_NOFOLLOW) = 0
newfstatat(AT_FDCWD, "/home/isa/dekape/go", {st_mode=S_IFDIR|0755, st_size=4096, ...}, AT_SYMLINK_NOFOLLOW) = 0
newfstatat(AT_FDCWD, "/home", {st_mode=S_IFDIR|0755, st_size=4096, ...}, AT_SYMLINK_NOFOLLOW) = 0
newfstatat(AT_FDCWD, "/home/isa", {st_mode=S_IFDIR|0755, st_size=4096, ...}, AT_SYMLINK_NOFOLLOW) = 0
newfstatat(AT_FDCWD, "/home/isa/go-1.13", {st_mode=S_IFDIR|0775, st_size=4096, ...}, AT_SYMLINK_NOFOLLOW) = 0
newfstatat(AT_FDCWD, "/home/isa/go-1.13/src", {st_mode=S_IFDIR|0775, st_size=4096, ...}, AT_SYMLINK_NOFOLLOW) = 0
newfstatat(AT_FDCWD, "/home/isa/go-1.13/src/fmt", {st_mode=S_IFDIR|0775, st_size=4096, ...}, AT_SYMLINK_NOFOLLOW) = 0
newfstatat(AT_FDCWD, "/home/isa/go-1.13/src/internal/fmtsort", {st_mode=S_IFDIR|0775, st_size=4096, ...}, 0) = 0
openat(AT_FDCWD, "/home/isa/go-1.13/src/internal/fmtsort", O_RDONLY|O_CLOEXEC) = 3
epoll_ctl(4, EPOLL_CTL_ADD, 3, {EPOLLIN|EPOLLOUT|EPOLLRDHUP|EPOLLET, {u32=1699692704, u64=140112122822816}}) = -1 EPERM (Operation not permitted)
epoll_ctl(4, EPOLL_CTL_DEL, 3, 0xc00019c264) = -1 EPERM (Operation not permitted)
getdents64(3, /* 5 entries */, 8192)    = 152
getdents64(3, /* 0 entries */, 8192)    = 0
newfstatat(AT_FDCWD, "/home/isa/go-1.13/src/internal/fmtsort/export_test.go", {st_mode=S_IFREG|0664, st_size=258, ...}, AT_SYMLINK_NOFOLLOW) = 0
newfstatat(AT_FDCWD, "/home/isa/go-1.13/src/internal/fmtsort/sort.go", {st_mode=S_IFREG|0664, st_size=5947, ...}, AT_SYMLINK_NOFOLLOW) = 0
newfstatat(AT_FDCWD, "/home/isa/go-1.13/src/internal/fmtsort/sort_test.go", {st_mode=S_IFREG|0664, st_size=6342, ...}, AT_SYMLINK_NOFOLLOW) = 0
close(3)                                = 0
openat(AT_FDCWD, "/home/isa/go-1.13/src/internal/fmtsort/export_test.go", O_RDONLY|O_CLOEXEC) = 3
epoll_ctl(4, EPOLL_CTL_ADD, 3, {EPOLLIN|EPOLLOUT|EPOLLRDHUP|EPOLLET, {u32=1699692704, u64=140112122822816}}) = -1 EPERM (Operation not permitted)
epoll_ctl(4, EPOLL_CTL_DEL, 3, 0xc00019c20c) = -1 EPERM (Operation not permitted)
read(3, "// Copyright 2018 The Go Authors"..., 4096) = 258
close(3)                                = 0
openat(AT_FDCWD, "/home/isa/go-1.13/src/internal/fmtsort/sort.go", O_RDONLY|O_CLOEXEC) = 3
epoll_ctl(4, EPOLL_CTL_ADD, 3, {EPOLLIN|EPOLLOUT|EPOLLRDHUP|EPOLLET, {u32=1699692704, u64=140112122822816}}) = -1 EPERM (Operation not permitted)
epoll_ctl(4, EPOLL_CTL_DEL, 3, 0xc00019c20c) = -1 EPERM (Operation not permitted)
read(3, "// Copyright 2018 The Go Authors"..., 4096) = 4096
close(3)                                = 0
openat(AT_FDCWD, "/home/isa/go-1.13/src/internal/fmtsort/sort_test.go", O_RDONLY|O_CLOEXEC) = 3
epoll_ctl(4, EPOLL_CTL_ADD, 3, {EPOLLIN|EPOLLOUT|EPOLLRDHUP|EPOLLET, {u32=1699692704, u64=140112122822816}}) = -1 EPERM (Operation not permitted)
epoll_ctl(4, EPOLL_CTL_DEL, 3, 0xc00019c20c) = -1 EPERM (Operation not permitted)
read(3, "// Copyright 2018 The Go Authors"..., 4096) = 4096
close(3)                                = 0
newfstatat(AT_FDCWD, "/home/isa/go-1.13/src/internal/fmtsort/vendor", 0xc000247968, 0) = -1 ENOENT (No such file or directory)
newfstatat(AT_FDCWD, "/home/isa/go-1.13/src/vendor/reflect", 0xc000247a38, 0) = -1 ENOENT (No such file or directory)
newfstatat(AT_FDCWD, "/home/isa/go-1.13/src/internal/fmtsort/vendor", 0xc000247b08, 0) = -1 ENOENT (No such file or directory)
newfstatat(AT_FDCWD, "/home/isa/go-1.13/src/internal/vendor", 0xc000247bd8, 0) = -1 ENOENT (No such file or directory)
newfstatat(AT_FDCWD, "/home/isa/go-1.13/src/vendor", {st_mode=S_IFDIR|0775, st_size=4096, ...}, 0) = 0
newfstatat(AT_FDCWD, "/home/isa/go-1.13/src/vendor/reflect", 0xc000247d78, 0) = -1 ENOENT (No such file or directory)
newfstatat(AT_FDCWD, "/home", {st_mode=S_IFDIR|0755, st_size=4096, ...}, AT_SYMLINK_NOFOLLOW) = 0
newfstatat(AT_FDCWD, "/home/isa", {st_mode=S_IFDIR|0755, st_size=4096, ...}, AT_SYMLINK_NOFOLLOW) = 0
newfstatat(AT_FDCWD, "/home/isa/dekape", {st_mode=S_IFDIR|0755, st_size=4096, ...}, AT_SYMLINK_NOFOLLOW) = 0
newfstatat(AT_FDCWD, "/home/isa/dekape/go", {st_mode=S_IFDIR|0755, st_size=4096, ...}, AT_SYMLINK_NOFOLLOW) = 0
newfstatat(AT_FDCWD, "/home", {st_mode=S_IFDIR|0755, st_size=4096, ...}, AT_SYMLINK_NOFOLLOW) = 0
newfstatat(AT_FDCWD, "/home/isa", {st_mode=S_IFDIR|0755, st_size=4096, ...}, AT_SYMLINK_NOFOLLOW) = 0
newfstatat(AT_FDCWD, "/home/isa/go-1.13", {st_mode=S_IFDIR|0775, st_size=4096, ...}, AT_SYMLINK_NOFOLLOW) = 0
newfstatat(AT_FDCWD, "/home/isa/go-1.13/src", {st_mode=S_IFDIR|0775, st_size=4096, ...}, AT_SYMLINK_NOFOLLOW) = 0
newfstatat(AT_FDCWD, "/home/isa/go-1.13/src/internal", {st_mode=S_IFDIR|0775, st_size=4096, ...}, AT_SYMLINK_NOFOLLOW) = 0
newfstatat(AT_FDCWD, "/home/isa/go-1.13/src/internal/fmtsort", {st_mode=S_IFDIR|0775, st_size=4096, ...}, AT_SYMLINK_NOFOLLOW) = 0
newfstatat(AT_FDCWD, "/home/isa/go-1.13/src/reflect", {st_mode=S_IFDIR|0775, st_size=4096, ...}, 0) = 0
openat(AT_FDCWD, "/home/isa/go-1.13/src/reflect", O_RDONLY|O_CLOEXEC) = 3
epoll_ctl(4, EPOLL_CTL_ADD, 3, {EPOLLIN|EPOLLOUT|EPOLLRDHUP|EPOLLET, {u32=1699692704, u64=140112122822816}}) = -1 EPERM (Operation not permitted)
epoll_ctl(4, EPOLL_CTL_DEL, 3, 0xc00019bd24) = -1 EPERM (Operation not permitted)
getdents64(3, /* 22 entries */, 8192)   = 728
getdents64(3, /* 0 entries */, 8192)    = 0
newfstatat(AT_FDCWD, "/home/isa/go-1.13/src/reflect/asm_amd64p32.s", {st_mode=S_IFREG|0664, st_size=1065, ...}, AT_SYMLINK_NOFOLLOW) = 0
newfstatat(AT_FDCWD, "/home/isa/go-1.13/src/reflect/set_test.go", {st_mode=S_IFREG|0664, st_size=5910, ...}, AT_SYMLINK_NOFOLLOW) = 0
newfstatat(AT_FDCWD, "/home/isa/go-1.13/src/reflect/asm_arm.s", {st_mode=S_IFREG|0664, st_size=1094, ...}, AT_SYMLINK_NOFOLLOW) = 0
newfstatat(AT_FDCWD, "/home/isa/go-1.13/src/reflect/example_test.go", {st_mode=S_IFREG|0664, st_size=3821, ...}, AT_SYMLINK_NOFOLLOW) = 0
newfstatat(AT_FDCWD, "/home/isa/go-1.13/src/reflect/makefunc.go", {st_mode=S_IFREG|0664, st_size=5060, ...}, AT_SYMLINK_NOFOLLOW) = 0
newfstatat(AT_FDCWD, "/home/isa/go-1.13/src/reflect/export_test.go", {st_mode=S_IFREG|0664, st_size=2580, ...}, AT_SYMLINK_NOFOLLOW) = 0
newfstatat(AT_FDCWD, "/home/isa/go-1.13/src/reflect/value.go", {st_mode=S_IFREG|0664, st_size=81856, ...}, AT_SYMLINK_NOFOLLOW) = 0
newfstatat(AT_FDCWD, "/home/isa/go-1.13/src/reflect/asm_arm64.s", {st_mode=S_IFREG|0664, st_size=1091, ...}, AT_SYMLINK_NOFOLLOW) = 0
newfstatat(AT_FDCWD, "/home/isa/go-1.13/src/reflect/asm_s390x.s", {st_mode=S_IFREG|0664, st_size=1091, ...}, AT_SYMLINK_NOFOLLOW) = 0
newfstatat(AT_FDCWD, "/home/isa/go-1.13/src/reflect/asm_mipsx.s", {st_mode=S_IFREG|0664, st_size=1143, ...}, AT_SYMLINK_NOFOLLOW) = 0
newfstatat(AT_FDCWD, "/home/isa/go-1.13/src/reflect/swapper.go", {st_mode=S_IFREG|0664, st_size=1969, ...}, AT_SYMLINK_NOFOLLOW) = 0
newfstatat(AT_FDCWD, "/home/isa/go-1.13/src/reflect/asm_ppc64x.s", {st_mode=S_IFREG|0664, st_size=1248, ...}, AT_SYMLINK_NOFOLLOW) = 0
newfstatat(AT_FDCWD, "/home/isa/go-1.13/src/reflect/tostring_test.go", {st_mode=S_IFREG|0664, st_size=2191, ...}, AT_SYMLINK_NOFOLLOW) = 0
newfstatat(AT_FDCWD, "/home/isa/go-1.13/src/reflect/deepequal.go", {st_mode=S_IFREG|0664, st_size=6432, ...}, AT_SYMLINK_NOFOLLOW) = 0
newfstatat(AT_FDCWD, "/home/isa/go-1.13/src/reflect/type.go", {st_mode=S_IFREG|0664, st_size=87140, ...}, AT_SYMLINK_NOFOLLOW) = 0
newfstatat(AT_FDCWD, "/home/isa/go-1.13/src/reflect/asm_amd64.s", {st_mode=S_IFREG|0664, st_size=1079, ...}, AT_SYMLINK_NOFOLLOW) = 0
newfstatat(AT_FDCWD, "/home/isa/go-1.13/src/reflect/asm_386.s", {st_mode=S_IFREG|0664, st_size=1065, ...}, AT_SYMLINK_NOFOLLOW) = 0
newfstatat(AT_FDCWD, "/home/isa/go-1.13/src/reflect/asm_mips64x.s", {st_mode=S_IFREG|0664, st_size=1151, ...}, AT_SYMLINK_NOFOLLOW) = 0
newfstatat(AT_FDCWD, "/home/isa/go-1.13/src/reflect/all_test.go", {st_mode=S_IFREG|0664, st_size=176657, ...}, AT_SYMLINK_NOFOLLOW) = 0
newfstatat(AT_FDCWD, "/home/isa/go-1.13/src/reflect/asm_wasm.s", {st_mode=S_IFREG|0664, st_size=1141, ...}, AT_SYMLINK_NOFOLLOW) = 0
close(3)                                = 0
openat(AT_FDCWD, "/home/isa/go-1.13/src/reflect/all_test.go", O_RDONLY|O_CLOEXEC) = 3
epoll_ctl(4, EPOLL_CTL_ADD, 3, {EPOLLIN|EPOLLOUT|EPOLLRDHUP|EPOLLET, {u32=1699692704, u64=140112122822816}}) = -1 EPERM (Operation not permitted)
epoll_ctl(4, EPOLL_CTL_DEL, 3, 0xc00019bccc) = -1 EPERM (Operation not permitted)
read(3, "// Copyright 2009 The Go Authors"..., 4096) = 4096
close(3)                                = 0
openat(AT_FDCWD, "/home/isa/go-1.13/src/reflect/asm_amd64.s", O_RDONLY|O_CLOEXEC) = 3
epoll_ctl(4, EPOLL_CTL_ADD, 3, {EPOLLIN|EPOLLOUT|EPOLLRDHUP|EPOLLET, {u32=1699692704, u64=140112122822816}}) = -1 EPERM (Operation not permitted)
epoll_ctl(4, EPOLL_CTL_DEL, 3, 0xc00019bccc) = -1 EPERM (Operation not permitted)
read(3, "// Copyright 2012 The Go Authors"..., 4096) = 1079
close(3)                                = 0
openat(AT_FDCWD, "/home/isa/go-1.13/src/reflect/asm_mips64x.s", O_RDONLY|O_CLOEXEC) = 3
epoll_ctl(4, EPOLL_CTL_ADD, 3, {EPOLLIN|EPOLLOUT|EPOLLRDHUP|EPOLLET, {u32=1699692704, u64=140112122822816}}) = -1 EPERM (Operation not permitted)
epoll_ctl(4, EPOLL_CTL_DEL, 3, 0xc00019bccc) = -1 EPERM (Operation not permitted)
read(3, "// Copyright 2015 The Go Authors"..., 4096) = 1151
close(3)                                = 0
openat(AT_FDCWD, "/home/isa/go-1.13/src/reflect/asm_mipsx.s", O_RDONLY|O_CLOEXEC) = 3
epoll_ctl(4, EPOLL_CTL_ADD, 3, {EPOLLIN|EPOLLOUT|EPOLLRDHUP|EPOLLET, {u32=1699692704, u64=140112122822816}}) = -1 EPERM (Operation not permitted)
epoll_ctl(4, EPOLL_CTL_DEL, 3, 0xc00019bccc) = -1 EPERM (Operation not permitted)
read(3, "// Copyright 2016 The Go Authors"..., 4096) = 1143
close(3)                                = 0
openat(AT_FDCWD, "/home/isa/go-1.13/src/reflect/asm_ppc64x.s", O_RDONLY|O_CLOEXEC) = 3
epoll_ctl(4, EPOLL_CTL_ADD, 3, {EPOLLIN|EPOLLOUT|EPOLLRDHUP|EPOLLET, {u32=1699692704, u64=140112122822816}}) = -1 EPERM (Operation not permitted)
epoll_ctl(4, EPOLL_CTL_DEL, 3, 0xc00019bccc) = -1 EPERM (Operation not permitted)
read(3, "// Copyright 2012 The Go Authors"..., 4096) = 1248
close(3)                                = 0
openat(AT_FDCWD, "/home/isa/go-1.13/src/reflect/deepequal.go", O_RDONLY|O_CLOEXEC) = 3
epoll_ctl(4, EPOLL_CTL_ADD, 3, {EPOLLIN|EPOLLOUT|EPOLLRDHUP|EPOLLET, {u32=1699692704, u64=140112122822816}}) = -1 EPERM (Operation not permitted)
epoll_ctl(4, EPOLL_CTL_DEL, 3, 0xc00019bccc) = -1 EPERM (Operation not permitted)
read(3, "// Copyright 2009 The Go Authors"..., 4096) = 4096
close(3)                                = 0
openat(AT_FDCWD, "/home/isa/go-1.13/src/reflect/example_test.go", O_RDONLY|O_CLOEXEC) = 3
epoll_ctl(4, EPOLL_CTL_ADD, 3, {EPOLLIN|EPOLLOUT|EPOLLRDHUP|EPOLLET, {u32=1699692704, u64=140112122822816}}) = -1 EPERM (Operation not permitted)
epoll_ctl(4, EPOLL_CTL_DEL, 3, 0xc00019bccc) = -1 EPERM (Operation not permitted)
read(3, "// Copyright 2012 The Go Authors"..., 4096) = 3821
close(3)                                = 0
openat(AT_FDCWD, "/home/isa/go-1.13/src/reflect/export_test.go", O_RDONLY|O_CLOEXEC) = 3
epoll_ctl(4, EPOLL_CTL_ADD, 3, {EPOLLIN|EPOLLOUT|EPOLLRDHUP|EPOLLET, {u32=1699692704, u64=140112122822816}}) = -1 EPERM (Operation not permitted)
epoll_ctl(4, EPOLL_CTL_DEL, 3, 0xc00019bccc) = -1 EPERM (Operation not permitted)
read(3, "// Copyright 2012 The Go Authors"..., 4096) = 2580
close(3)                                = 0
openat(AT_FDCWD, "/home/isa/go-1.13/src/reflect/makefunc.go", O_RDONLY|O_CLOEXEC) = 3
epoll_ctl(4, EPOLL_CTL_ADD, 3, {EPOLLIN|EPOLLOUT|EPOLLRDHUP|EPOLLET, {u32=1699692704, u64=140112122822816}}) = -1 EPERM (Operation not permitted)
epoll_ctl(4, EPOLL_CTL_DEL, 3, 0xc00019bccc) = -1 EPERM (Operation not permitted)
read(3, "// Copyright 2012 The Go Authors"..., 4096) = 4096
close(3)                                = 0
openat(AT_FDCWD, "/home/isa/go-1.13/src/reflect/set_test.go", O_RDONLY|O_CLOEXEC) = 3
epoll_ctl(4, EPOLL_CTL_ADD, 3, {EPOLLIN|EPOLLOUT|EPOLLRDHUP|EPOLLET, {u32=1699692704, u64=140112122822816}}) = -1 EPERM (Operation not permitted)
epoll_ctl(4, EPOLL_CTL_DEL, 3, 0xc00019bccc) = -1 EPERM (Operation not permitted)
read(3, "// Copyright 2011 The Go Authors"..., 4096) = 4096
close(3)                                = 0
openat(AT_FDCWD, "/home/isa/go-1.13/src/reflect/swapper.go", O_RDONLY|O_CLOEXEC) = 3
epoll_ctl(4, EPOLL_CTL_ADD, 3, {EPOLLIN|EPOLLOUT|EPOLLRDHUP|EPOLLET, {u32=1699692704, u64=140112122822816}}) = -1 EPERM (Operation not permitted)
epoll_ctl(4, EPOLL_CTL_DEL, 3, 0xc00019bccc) = -1 EPERM (Operation not permitted)
read(3, "// Copyright 2016 The Go Authors"..., 4096) = 1969
close(3)                                = 0
openat(AT_FDCWD, "/home/isa/go-1.13/src/reflect/tostring_test.go", O_RDONLY|O_CLOEXEC) = 3
epoll_ctl(4, EPOLL_CTL_ADD, 3, {EPOLLIN|EPOLLOUT|EPOLLRDHUP|EPOLLET, {u32=1699692704, u64=140112122822816}}) = -1 EPERM (Operation not permitted)
epoll_ctl(4, EPOLL_CTL_DEL, 3, 0xc00019bccc) = -1 EPERM (Operation not permitted)
read(3, "// Copyright 2009 The Go Authors"..., 4096) = 2191
close(3)                                = 0
openat(AT_FDCWD, "/home/isa/go-1.13/src/reflect/type.go", O_RDONLY|O_CLOEXEC) = 3
epoll_ctl(4, EPOLL_CTL_ADD, 3, {EPOLLIN|EPOLLOUT|EPOLLRDHUP|EPOLLET, {u32=1699692704, u64=140112122822816}}) = -1 EPERM (Operation not permitted)
epoll_ctl(4, EPOLL_CTL_DEL, 3, 0xc00019bccc) = -1 EPERM (Operation not permitted)
read(3, "// Copyright 2009 The Go Authors"..., 4096) = 4096
close(3)                                = 0
openat(AT_FDCWD, "/home/isa/go-1.13/src/reflect/value.go", O_RDONLY|O_CLOEXEC) = 3
epoll_ctl(4, EPOLL_CTL_ADD, 3, {EPOLLIN|EPOLLOUT|EPOLLRDHUP|EPOLLET, {u32=1699692704, u64=140112122822816}}) = -1 EPERM (Operation not permitted)
epoll_ctl(4, EPOLL_CTL_DEL, 3, 0xc00019bccc) = -1 EPERM (Operation not permitted)
read(3, "// Copyright 2009 The Go Authors"..., 4096) = 4096
close(3)                                = 0
newfstatat(AT_FDCWD, "/home/isa/go-1.13/src/reflect/vendor", 0xc0002777c8, 0) = -1 ENOENT (No such file or directory)
newfstatat(AT_FDCWD, "/home/isa/go-1.13/src/vendor/math", 0xc000277898, 0) = -1 ENOENT (No such file or directory)
newfstatat(AT_FDCWD, "/home/isa/go-1.13/src/reflect/vendor", 0xc000277a38, 0) = -1 ENOENT (No such file or directory)
newfstatat(AT_FDCWD, "/home/isa/go-1.13/src/vendor", {st_mode=S_IFDIR|0775, st_size=4096, ...}, 0) = 0
newfstatat(AT_FDCWD, "/home/isa/go-1.13/src/vendor/math", 0xc000277bd8, 0) = -1 ENOENT (No such file or directory)
newfstatat(AT_FDCWD, "/home", {st_mode=S_IFDIR|0755, st_size=4096, ...}, AT_SYMLINK_NOFOLLOW) = 0
newfstatat(AT_FDCWD, "/home/isa", {st_mode=S_IFDIR|0755, st_size=4096, ...}, AT_SYMLINK_NOFOLLOW) = 0
newfstatat(AT_FDCWD, "/home/isa/dekape", {st_mode=S_IFDIR|0755, st_size=4096, ...}, AT_SYMLINK_NOFOLLOW) = 0
newfstatat(AT_FDCWD, "/home/isa/dekape/go", {st_mode=S_IFDIR|0755, st_size=4096, ...}, AT_SYMLINK_NOFOLLOW) = 0
newfstatat(AT_FDCWD, "/home", {st_mode=S_IFDIR|0755, st_size=4096, ...}, AT_SYMLINK_NOFOLLOW) = 0
newfstatat(AT_FDCWD, "/home/isa", {st_mode=S_IFDIR|0755, st_size=4096, ...}, AT_SYMLINK_NOFOLLOW) = 0
newfstatat(AT_FDCWD, "/home/isa/go-1.13", {st_mode=S_IFDIR|0775, st_size=4096, ...}, AT_SYMLINK_NOFOLLOW) = 0
newfstatat(AT_FDCWD, "/home/isa/go-1.13/src", {st_mode=S_IFDIR|0775, st_size=4096, ...}, AT_SYMLINK_NOFOLLOW) = 0
newfstatat(AT_FDCWD, "/home/isa/go-1.13/src/reflect", {st_mode=S_IFDIR|0775, st_size=4096, ...}, AT_SYMLINK_NOFOLLOW) = 0
newfstatat(AT_FDCWD, "/home/isa/go-1.13/src/math", {st_mode=S_IFDIR|0775, st_size=4096, ...}, 0) = 0
openat(AT_FDCWD, "/home/isa/go-1.13/src/math", O_RDONLY|O_CLOEXEC) = 3
epoll_ctl(4, EPOLL_CTL_ADD, 3, {EPOLLIN|EPOLLOUT|EPOLLRDHUP|EPOLLET, {u32=1699692704, u64=140112122822816}}) = -1 EPERM (Operation not permitted)
epoll_ctl(4, EPOLL_CTL_DEL, 3, 0xc00019b7e4) = -1 EPERM (Operation not permitted)
getdents64(3, /* 132 entries */, 8192)  = 4456
getdents64(3, /* 0 entries */, 8192)    = 0
newfstatat(AT_FDCWD, "/home/isa/go-1.13/src/math/erfc_s390x.s", {st_mode=S_IFREG|0664, st_size=14746, ...}, AT_SYMLINK_NOFOLLOW) = 0
newfstatat(AT_FDCWD, "/home/isa/go-1.13/src/math/bits", {st_mode=S_IFDIR|0775, st_size=4096, ...}, AT_SYMLINK_NOFOLLOW) = 0
newfstatat(AT_FDCWD, "/home/isa/go-1.13/src/math/log10_s390x.s", {st_mode=S_IFREG|0664, st_size=4845, ...}, AT_SYMLINK_NOFOLLOW) = 0
newfstatat(AT_FDCWD, "/home/isa/go-1.13/src/math/expm1.go", {st_mode=S_IFREG|0664, st_size=8025, ...}, AT_SYMLINK_NOFOLLOW) = 0
newfstatat(AT_FDCWD, "/home/isa/go-1.13/src/math/exp2_386.s", {st_mode=S_IFREG|0664, st_size=1142, ...}, AT_SYMLINK_NOFOLLOW) = 0
newfstatat(AT_FDCWD, "/home/isa/go-1.13/src/math/pow10.go", {st_mode=S_IFREG|0664, st_size=1266, ...}, AT_SYMLINK_NOFOLLOW) = 0
newfstatat(AT_FDCWD, "/home/isa/go-1.13/src/math/atan2_386.s", {st_mode=S_IFREG|0664, st_size=396, ...}, AT_SYMLINK_NOFOLLOW) = 0
newfstatat(AT_FDCWD, "/home/isa/go-1.13/src/math/export_s390x_test.go", {st_mode=S_IFREG|0664, st_size=732, ...}, AT_SYMLINK_NOFOLLOW) = 0
newfstatat(AT_FDCWD, "/home/isa/go-1.13/src/math/log1p_s390x.s", {st_mode=S_IFREG|0664, st_size=5271, ...}, AT_SYMLINK_NOFOLLOW) = 0
newfstatat(AT_FDCWD, "/home/isa/go-1.13/src/math/modf_386.s", {st_mode=S_IFREG|0664, st_size=1100, ...}, AT_SYMLINK_NOFOLLOW) = 0
newfstatat(AT_FDCWD, "/home/isa/go-1.13/src/math/sqrt_ppc64x.s", {st_mode=S_IFREG|0664, st_size=326, ...}, AT_SYMLINK_NOFOLLOW) = 0
newfstatat(AT_FDCWD, "/home/isa/go-1.13/src/math/sqrt_mipsx.s", {st_mode=S_IFREG|0664, st_size=375, ...}, AT_SYMLINK_NOFOLLOW) = 0
newfstatat(AT_FDCWD, "/home/isa/go-1.13/src/math/asin_s390x.s", {st_mode=S_IFREG|0664, st_size=4257, ...}, AT_SYMLINK_NOFOLLOW) = 0
newfstatat(AT_FDCWD, "/home/isa/go-1.13/src/math/remainder_386.s", {st_mode=S_IFREG|0664, st_size=543, ...}, AT_SYMLINK_NOFOLLOW) = 0
newfstatat(AT_FDCWD, "/home/isa/go-1.13/src/math/sqrt_wasm.s", {st_mode=S_IFREG|0664, st_size=269, ...}, AT_SYMLINK_NOFOLLOW) = 0
newfstatat(AT_FDCWD, "/home/isa/go-1.13/src/math/dim_amd64p32.s", {st_mode=S_IFREG|0664, st_size=183, ...}, AT_SYMLINK_NOFOLLOW) = 0
newfstatat(AT_FDCWD, "/home/isa/go-1.13/src/math/floor_386.s", {st_mode=S_IFREG|0664, st_size=1485, ...}, AT_SYMLINK_NOFOLLOW) = 0
newfstatat(AT_FDCWD, "/home/isa/go-1.13/src/math/dim_s390x.s", {st_mode=S_IFREG|0664, st_size=2004, ...}, AT_SYMLINK_NOFOLLOW) = 0
newfstatat(AT_FDCWD, "/home/isa/go-1.13/src/math/example_test.go", {st_mode=S_IFREG|0664, st_size=3413, ...}, AT_SYMLINK_NOFOLLOW) = 0
newfstatat(AT_FDCWD, "/home/isa/go-1.13/src/math/bits.go", {st_mode=S_IFREG|0664, st_size=1911, ...}, AT_SYMLINK_NOFOLLOW) = 0
newfstatat(AT_FDCWD, "/home/isa/go-1.13/src/math/j0.go", {st_mode=S_IFREG|0664, st_size=13925, ...}, AT_SYMLINK_NOFOLLOW) = 0
newfstatat(AT_FDCWD, "/home/isa/go-1.13/src/math/lgamma.go", {st_mode=S_IFREG|0664, st_size=11285, ...}, AT_SYMLINK_NOFOLLOW) = 0
newfstatat(AT_FDCWD, "/home/isa/go-1.13/src/math/export_test.go", {st_mode=S_IFREG|0664, st_size=357, ...}, AT_SYMLINK_NOFOLLOW) = 0
newfstatat(AT_FDCWD, "/home/isa/go-1.13/src/math/atanh.go", {st_mode=S_IFREG|0664, st_size=1973, ...}, AT_SYMLINK_NOFOLLOW) = 0
newfstatat(AT_FDCWD, "/home/isa/go-1.13/src/math/floor_s390x.s", {st_mode=S_IFREG|0664, st_size=555, ...}, AT_SYMLINK_NOFOLLOW) = 0
newfstatat(AT_FDCWD, "/home/isa/go-1.13/src/math/cosh_s390x.s", {st_mode=S_IFREG|0664, st_size=5728, ...}, AT_SYMLINK_NOFOLLOW) = 0
newfstatat(AT_FDCWD, "/home/isa/go-1.13/src/math/frexp_386.s", {st_mode=S_IFREG|0664, st_size=689, ...}, AT_SYMLINK_NOFOLLOW) = 0
newfstatat(AT_FDCWD, "/home/isa/go-1.13/src/math/erf_s390x.s", {st_mode=S_IFREG|0664, st_size=8699, ...}, AT_SYMLINK_NOFOLLOW) = 0
newfstatat(AT_FDCWD, "/home/isa/go-1.13/src/math/hypot_386.s", {st_mode=S_IFREG|0664, st_size=1848, ...}, AT_SYMLINK_NOFOLLOW) = 0
newfstatat(AT_FDCWD, "/home/isa/go-1.13/src/math/pow_s390x.s", {st_mode=S_IFREG|0664, st_size=16661, ...}, AT_SYMLINK_NOFOLLOW) = 0
newfstatat(AT_FDCWD, "/home/isa/go-1.13/src/math/exp_arm64.s", {st_mode=S_IFREG|0664, st_size=5477, ...}, AT_SYMLINK_NOFOLLOW) = 0
newfstatat(AT_FDCWD, "/home/isa/go-1.13/src/math/exp_asm.go", {st_mode=S_IFREG|0664, st_size=269, ...}, AT_SYMLINK_NOFOLLOW) = 0
newfstatat(AT_FDCWD, "/home/isa/go-1.13/src/math/cbrt.go", {st_mode=S_IFREG|0664, st_size=2300, ...}, AT_SYMLINK_NOFOLLOW) = 0
newfstatat(AT_FDCWD, "/home/isa/go-1.13/src/math/stubs_mipsx.s", {st_mode=S_IFREG|0664, st_size=1830, ...}, AT_SYMLINK_NOFOLLOW) = 0
newfstatat(AT_FDCWD, "/home/isa/go-1.13/src/math/log_s390x.s", {st_mode=S_IFREG|0664, st_size=4415, ...}, AT_SYMLINK_NOFOLLOW) = 0
newfstatat(AT_FDCWD, "/home/isa/go-1.13/src/math/rand", {st_mode=S_IFDIR|0775, st_size=4096, ...}, AT_SYMLINK_NOFOLLOW) = 0
newfstatat(AT_FDCWD, "/home/isa/go-1.13/src/math/logb.go", {st_mode=S_IFREG|0664, st_size=1014, ...}, AT_SYMLINK_NOFOLLOW) = 0
newfstatat(AT_FDCWD, "/home/isa/go-1.13/src/math/dim_arm64.s", {st_mode=S_IFREG|0664, st_size=947, ...}, AT_SYMLINK_NOFOLLOW) = 0
newfstatat(AT_FDCWD, "/home/isa/go-1.13/src/math/floor_ppc64x.s", {st_mode=S_IFREG|0664, st_size=483, ...}, AT_SYMLINK_NOFOLLOW) = 0
newfstatat(AT_FDCWD, "/home/isa/go-1.13/src/math/log_386.s", {st_mode=S_IFREG|0664, st_size=394, ...}, AT_SYMLINK_NOFOLLOW) = 0
newfstatat(AT_FDCWD, "/home/isa/go-1.13/src/math/abs.go", {st_mode=S_IFREG|0664, st_size=363, ...}, AT_SYMLINK_NOFOLLOW) = 0
newfstatat(AT_FDCWD, "/home/isa/go-1.13/src/math/huge_test.go", {st_mode=S_IFREG|0664, st_size=2289, ...}, AT_SYMLINK_NOFOLLOW) = 0
newfstatat(AT_FDCWD, "/home/isa/go-1.13/src/math/sin_s390x.s", {st_mode=S_IFREG|0664, st_size=8543, ...}, AT_SYMLINK_NOFOLLOW) = 0
newfstatat(AT_FDCWD, "/home/isa/go-1.13/src/math/expm1_s390x.s", {st_mode=S_IFREG|0664, st_size=5418, ...}, AT_SYMLINK_NOFOLLOW) = 0
newfstatat(AT_FDCWD, "/home/isa/go-1.13/src/math/big", {st_mode=S_IFDIR|0775, st_size=4096, ...}, AT_SYMLINK_NOFOLLOW) = 0
newfstatat(AT_FDCWD, "/home/isa/go-1.13/src/math/hypot_amd64p32.s", {st_mode=S_IFREG|0664, st_size=185, ...}, AT_SYMLINK_NOFOLLOW) = 0
newfstatat(AT_FDCWD, "/home/isa/go-1.13/src/math/mod_386.s", {st_mode=S_IFREG|0664, st_size=531, ...}, AT_SYMLINK_NOFOLLOW) = 0
newfstatat(AT_FDCWD, "/home/isa/go-1.13/src/math/log1p_386.s", {st_mode=S_IFREG|0664, st_size=860, ...}, AT_SYMLINK_NOFOLLOW) = 0
newfstatat(AT_FDCWD, "/home/isa/go-1.13/src/math/cmplx", {st_mode=S_IFDIR|0775, st_size=4096, ...}, AT_SYMLINK_NOFOLLOW) = 0
newfstatat(AT_FDCWD, "/home/isa/go-1.13/src/math/asinh.go", {st_mode=S_IFREG|0664, st_size=1899, ...}, AT_SYMLINK_NOFOLLOW) = 0
newfstatat(AT_FDCWD, "/home/isa/go-1.13/src/math/atan.go", {st_mode=S_IFREG|0664, st_size=3043, ...}, AT_SYMLINK_NOFOLLOW) = 0
newfstatat(AT_FDCWD, "/home/isa/go-1.13/src/math/modf_ppc64x.s", {st_mode=S_IFREG|0664, st_size=404, ...}, AT_SYMLINK_NOFOLLOW) = 0
newfstatat(AT_FDCWD, "/home/isa/go-1.13/src/math/ldexp_386.s", {st_mode=S_IFREG|0664, st_size=441, ...}, AT_SYMLINK_NOFOLLOW) = 0
newfstatat(AT_FDCWD, "/home/isa/go-1.13/src/math/expm1_386.s", {st_mode=S_IFREG|0664, st_size=1884, ...}, AT_SYMLINK_NOFOLLOW) = 0
newfstatat(AT_FDCWD, "/home/isa/go-1.13/src/math/exp_amd64p32.s", {st_mode=S_IFREG|0664, st_size=183, ...}, AT_SYMLINK_NOFOLLOW) = 0
newfstatat(AT_FDCWD, "/home/isa/go-1.13/src/math/dim_amd64.s", {st_mode=S_IFREG|0664, st_size=1947, ...}, AT_SYMLINK_NOFOLLOW) = 0
newfstatat(AT_FDCWD, "/home/isa/go-1.13/src/math/arith_s390x.go", {st_mode=S_IFREG|0664, st_size=2057, ...}, AT_SYMLINK_NOFOLLOW) = 0
newfstatat(AT_FDCWD, "/home/isa/go-1.13/src/math/sincos.go", {st_mode=S_IFREG|0664, st_size=1797, ...}, AT_SYMLINK_NOFOLLOW) = 0
newfstatat(AT_FDCWD, "/home/isa/go-1.13/src/math/asin.go", {st_mode=S_IFREG|0664, st_size=983, ...}, AT_SYMLINK_NOFOLLOW) = 0
newfstatat(AT_FDCWD, "/home/isa/go-1.13/src/math/sin.go", {st_mode=S_IFREG|0664, st_size=6379, ...}, AT_SYMLINK_NOFOLLOW) = 0
newfstatat(AT_FDCWD, "/home/isa/go-1.13/src/math/exp_s390x.s", {st_mode=S_IFREG|0664, st_size=4761, ...}, AT_SYMLINK_NOFOLLOW) = 0
newfstatat(AT_FDCWD, "/home/isa/go-1.13/src/math/log_amd64p32.s", {st_mode=S_IFREG|0664, st_size=183, ...}, AT_SYMLINK_NOFOLLOW) = 0
newfstatat(AT_FDCWD, "/home/isa/go-1.13/src/math/acosh.go", {st_mode=S_IFREG|0664, st_size=1765, ...}, AT_SYMLINK_NOFOLLOW) = 0
newfstatat(AT_FDCWD, "/home/isa/go-1.13/src/math/sinh.go", {st_mode=S_IFREG|0664, st_size=1601, ...}, AT_SYMLINK_NOFOLLOW) = 0
newfstatat(AT_FDCWD, "/home/isa/go-1.13/src/math/nextafter.go", {st_mode=S_IFREG|0664, st_size=1233, ...}, AT_SYMLINK_NOFOLLOW) = 0
newfstatat(AT_FDCWD, "/home/isa/go-1.13/src/math/erf.go", {st_mode=S_IFREG|0664, st_size=11656, ...}, AT_SYMLINK_NOFOLLOW) = 0
newfstatat(AT_FDCWD, "/home/isa/go-1.13/src/math/atan2.go", {st_mode=S_IFREG|0664, st_size=1485, ...}, AT_SYMLINK_NOFOLLOW) = 0
newfstatat(AT_FDCWD, "/home/isa/go-1.13/src/math/asinh_s390x.s", {st_mode=S_IFREG|0664, st_size=5878, ...}, AT_SYMLINK_NOFOLLOW) = 0
newfstatat(AT_FDCWD, "/home/isa/go-1.13/src/math/sqrt_arm64.s", {st_mode=S_IFREG|0664, st_size=302, ...}, AT_SYMLINK_NOFOLLOW) = 0
newfstatat(AT_FDCWD, "/home/isa/go-1.13/src/math/log_amd64.s", {st_mode=S_IFREG|0664, st_size=3749, ...}, AT_SYMLINK_NOFOLLOW) = 0
newfstatat(AT_FDCWD, "/home/isa/go-1.13/src/math/atan_s390x.s", {st_mode=S_IFREG|0664, st_size=3778, ...}, AT_SYMLINK_NOFOLLOW) = 0
newfstatat(AT_FDCWD, "/home/isa/go-1.13/src/math/modf.go", {st_mode=S_IFREG|0664, st_size=847, ...}, AT_SYMLINK_NOFOLLOW) = 0
newfstatat(AT_FDCWD, "/home/isa/go-1.13/src/math/atan_386.s", {st_mode=S_IFREG|0664, st_size=376, ...}, AT_SYMLINK_NOFOLLOW) = 0
newfstatat(AT_FDCWD, "/home/isa/go-1.13/src/math/stubs_arm64.s", {st_mode=S_IFREG|0664, st_size=1403, ...}, AT_SYMLINK_NOFOLLOW) = 0
newfstatat(AT_FDCWD, "/home/isa/go-1.13/src/math/atan2_s390x.s", {st_mode=S_IFREG|0664, st_size=7041, ...}, AT_SYMLINK_NOFOLLOW) = 0
newfstatat(AT_FDCWD, "/home/isa/go-1.13/src/math/stubs_s390x.s", {st_mode=S_IFREG|0664, st_size=13560, ...}, AT_SYMLINK_NOFOLLOW) = 0
newfstatat(AT_FDCWD, "/home/isa/go-1.13/src/math/acosh_s390x.s", {st_mode=S_IFREG|0664, st_size=4423, ...}, AT_SYMLINK_NOFOLLOW) = 0
newfstatat(AT_FDCWD, "/home/isa/go-1.13/src/math/erfinv.go", {st_mode=S_IFREG|0664, st_size=3442, ...}, AT_SYMLINK_NOFOLLOW) = 0
newfstatat(AT_FDCWD, "/home/isa/go-1.13/src/math/log10.go", {st_mode=S_IFREG|0664, st_size=740, ...}, AT_SYMLINK_NOFOLLOW) = 0
newfstatat(AT_FDCWD, "/home/isa/go-1.13/src/math/floor_amd64p32.s", {st_mode=S_IFREG|0664, st_size=185, ...}, AT_SYMLINK_NOFOLLOW) = 0
newfstatat(AT_FDCWD, "/home/isa/go-1.13/src/math/mod.go", {st_mode=S_IFREG|0664, st_size=834, ...}, AT_SYMLINK_NOFOLLOW) = 0
newfstatat(AT_FDCWD, "/home/isa/go-1.13/src/math/jn.go", {st_mode=S_IFREG|0664, st_size=7345, ...}, AT_SYMLINK_NOFOLLOW) = 0
newfstatat(AT_FDCWD, "/home/isa/go-1.13/src/math/exp.go", {st_mode=S_IFREG|0664, st_size=5374, ...}, AT_SYMLINK_NOFOLLOW) = 0
newfstatat(AT_FDCWD, "/home/isa/go-1.13/src/math/cbrt_s390x.s", {st_mode=S_IFREG|0664, st_size=5003, ...}, AT_SYMLINK_NOFOLLOW) = 0
newfstatat(AT_FDCWD, "/home/isa/go-1.13/src/math/const.go", {st_mode=S_IFREG|0664, st_size=2228, ...}, AT_SYMLINK_NOFOLLOW) = 0
newfstatat(AT_FDCWD, "/home/isa/go-1.13/src/math/stubs_386.s", {st_mode=S_IFREG|0664, st_size=908, ...}, AT_SYMLINK_NOFOLLOW) = 0
newfstatat(AT_FDCWD, "/home/isa/go-1.13/src/math/ldexp.go", {st_mode=S_IFREG|0664, st_size=990, ...}, AT_SYMLINK_NOFOLLOW) = 0
newfstatat(AT_FDCWD, "/home/isa/go-1.13/src/math/log10_386.s", {st_mode=S_IFREG|0664, st_size=596, ...}, AT_SYMLINK_NOFOLLOW) = 0
newfstatat(AT_FDCWD, "/home/isa/go-1.13/src/math/floor_arm64.s", {st_mode=S_IFREG|0664, st_size=549, ...}, AT_SYMLINK_NOFOLLOW) = 0
newfstatat(AT_FDCWD, "/home/isa/go-1.13/src/math/unsafe.go", {st_mode=S_IFREG|0664, st_size=1298, ...}, AT_SYMLINK_NOFOLLOW) = 0
newfstatat(AT_FDCWD, "/home/isa/go-1.13/src/math/sqrt_amd64.s", {st_mode=S_IFREG|0664, st_size=326, ...}, AT_SYMLINK_NOFOLLOW) = 0
newfstatat(AT_FDCWD, "/home/isa/go-1.13/src/math/stubs_wasm.s", {st_mode=S_IFREG|0664, st_size=1664, ...}, AT_SYMLINK_NOFOLLOW) = 0
newfstatat(AT_FDCWD, "/home/isa/go-1.13/src/math/signbit.go", {st_mode=S_IFREG|0664, st_size=302, ...}, AT_SYMLINK_NOFOLLOW) = 0
newfstatat(AT_FDCWD, "/home/isa/go-1.13/src/math/modf_arm64.s", {st_mode=S_IFREG|0664, st_size=439, ...}, AT_SYMLINK_NOFOLLOW) = 0
newfstatat(AT_FDCWD, "/home/isa/go-1.13/src/math/sqrt_s390x.s", {st_mode=S_IFREG|0664, st_size=301, ...}, AT_SYMLINK_NOFOLLOW) = 0
newfstatat(AT_FDCWD, "/home/isa/go-1.13/src/math/trig_reduce.go", {st_mode=S_IFREG|0664, st_size=3007, ...}, AT_SYMLINK_NOFOLLOW) = 0
newfstatat(AT_FDCWD, "/home/isa/go-1.13/src/math/sqrt_386.s", {st_mode=S_IFREG|0664, st_size=296, ...}, AT_SYMLINK_NOFOLLOW) = 0
newfstatat(AT_FDCWD, "/home/isa/go-1.13/src/math/sqrt_amd64p32.s", {st_mode=S_IFREG|0664, st_size=184, ...}, AT_SYMLINK_NOFOLLOW) = 0
newfstatat(AT_FDCWD, "/home/isa/go-1.13/src/math/log1p.go", {st_mode=S_IFREG|0664, st_size=6454, ...}, AT_SYMLINK_NOFOLLOW) = 0
newfstatat(AT_FDCWD, "/home/isa/go-1.13/src/math/all_test.go", {st_mode=S_IFREG|0664, st_size=82141, ...}, AT_SYMLINK_NOFOLLOW) = 0
newfstatat(AT_FDCWD, "/home/isa/go-1.13/src/math/asin_386.s", {st_mode=S_IFREG|0664, st_size=1115, ...}, AT_SYMLINK_NOFOLLOW) = 0
newfstatat(AT_FDCWD, "/home/isa/go-1.13/src/math/sqrt_arm.s", {st_mode=S_IFREG|0664, st_size=521, ...}, AT_SYMLINK_NOFOLLOW) = 0
newfstatat(AT_FDCWD, "/home/isa/go-1.13/src/math/floor_amd64.s", {st_mode=S_IFREG|0664, st_size=2023, ...}, AT_SYMLINK_NOFOLLOW) = 0
newfstatat(AT_FDCWD, "/home/isa/go-1.13/src/math/floor_wasm.s", {st_mode=S_IFREG|0664, st_size=447, ...}, AT_SYMLINK_NOFOLLOW) = 0
newfstatat(AT_FDCWD, "/home/isa/go-1.13/src/math/floor.go", {st_mode=S_IFREG|0664, st_size=3160, ...}, AT_SYMLINK_NOFOLLOW) = 0
newfstatat(AT_FDCWD, "/home/isa/go-1.13/src/math/stubs_arm.s", {st_mode=S_IFREG|0664, st_size=1738, ...}, AT_SYMLINK_NOFOLLOW) = 0
newfstatat(AT_FDCWD, "/home/isa/go-1.13/src/math/tan.go", {st_mode=S_IFREG|0664, st_size=3701, ...}, AT_SYMLINK_NOFOLLOW) = 0
newfstatat(AT_FDCWD, "/home/isa/go-1.13/src/math/stubs_ppc64x.s", {st_mode=S_IFREG|0664, st_size=1613, ...}, AT_SYMLINK_NOFOLLOW) = 0
newfstatat(AT_FDCWD, "/home/isa/go-1.13/src/math/stubs_amd64.s", {st_mode=S_IFREG|0664, st_size=1440, ...}, AT_SYMLINK_NOFOLLOW) = 0
newfstatat(AT_FDCWD, "/home/isa/go-1.13/src/math/exp_amd64.s", {st_mode=S_IFREG|0664, st_size=4335, ...}, AT_SYMLINK_NOFOLLOW) = 0
newfstatat(AT_FDCWD, "/home/isa/go-1.13/src/math/dim.go", {st_mode=S_IFREG|0664, st_size=1584, ...}, AT_SYMLINK_NOFOLLOW) = 0
newfstatat(AT_FDCWD, "/home/isa/go-1.13/src/math/remainder.go", {st_mode=S_IFREG|0664, st_size=2005, ...}, AT_SYMLINK_NOFOLLOW) = 0
newfstatat(AT_FDCWD, "/home/isa/go-1.13/src/math/tan_s390x.s", {st_mode=S_IFREG|0664, st_size=2798, ...}, AT_SYMLINK_NOFOLLOW) = 0
newfstatat(AT_FDCWD, "/home/isa/go-1.13/src/math/stubs_mips64x.s", {st_mode=S_IFREG|0664, st_size=1879, ...}, AT_SYMLINK_NOFOLLOW) = 0
newfstatat(AT_FDCWD, "/home/isa/go-1.13/src/math/arith_s390x_test.go", {st_mode=S_IFREG|0664, st_size=11041, ...}, AT_SYMLINK_NOFOLLOW) = 0
newfstatat(AT_FDCWD, "/home/isa/go-1.13/src/math/tanh_s390x.s", {st_mode=S_IFREG|0664, st_size=4681, ...}, AT_SYMLINK_NOFOLLOW) = 0
newfstatat(AT_FDCWD, "/home/isa/go-1.13/src/math/stubs_amd64p32.s", {st_mode=S_IFREG|0664, st_size=185, ...}, AT_SYMLINK_NOFOLLOW) = 0
newfstatat(AT_FDCWD, "/home/isa/go-1.13/src/math/j1.go", {st_mode=S_IFREG|0664, st_size=13617, ...}, AT_SYMLINK_NOFOLLOW) = 0
newfstatat(AT_FDCWD, "/home/isa/go-1.13/src/math/hypot_amd64.s", {st_mode=S_IFREG|0664, st_size=1072, ...}, AT_SYMLINK_NOFOLLOW) = 0
newfstatat(AT_FDCWD, "/home/isa/go-1.13/src/math/tanh.go", {st_mode=S_IFREG|0664, st_size=2655, ...}, AT_SYMLINK_NOFOLLOW) = 0
newfstatat(AT_FDCWD, "/home/isa/go-1.13/src/math/pow.go", {st_mode=S_IFREG|0664, st_size=3231, ...}, AT_SYMLINK_NOFOLLOW) = 0
newfstatat(AT_FDCWD, "/home/isa/go-1.13/src/math/copysign.go", {st_mode=S_IFREG|0664, st_size=378, ...}, AT_SYMLINK_NOFOLLOW) = 0
newfstatat(AT_FDCWD, "/home/isa/go-1.13/src/math/log.go", {st_mode=S_IFREG|0664, st_size=3890, ...}, AT_SYMLINK_NOFOLLOW) = 0
newfstatat(AT_FDCWD, "/home/isa/go-1.13/src/math/hypot.go", {st_mode=S_IFREG|0664, st_size=773, ...}, AT_SYMLINK_NOFOLLOW) = 0
newfstatat(AT_FDCWD, "/home/isa/go-1.13/src/math/gamma.go", {st_mode=S_IFREG|0664, st_size=5655, ...}, AT_SYMLINK_NOFOLLOW) = 0
newfstatat(AT_FDCWD, "/home/isa/go-1.13/src/math/atanh_s390x.s", {st_mode=S_IFREG|0664, st_size=5489, ...}, AT_SYMLINK_NOFOLLOW) = 0
newfstatat(AT_FDCWD, "/home/isa/go-1.13/src/math/sinh_s390x.s", {st_mode=S_IFREG|0664, st_size=6120, ...}, AT_SYMLINK_NOFOLLOW) = 0
newfstatat(AT_FDCWD, "/home/isa/go-1.13/src/math/sqrt.go", {st_mode=S_IFREG|0664, st_size=4956, ...}, AT_SYMLINK_NOFOLLOW) = 0
newfstatat(AT_FDCWD, "/home/isa/go-1.13/src/math/frexp.go", {st_mode=S_IFREG|0664, st_size=860, ...}, AT_SYMLINK_NOFOLLOW) = 0
newfstatat(AT_FDCWD, "/home/isa/go-1.13/src/math/acos_s390x.s", {st_mode=S_IFREG|0664, st_size=3819, ...}, AT_SYMLINK_NOFOLLOW) = 0
close(3)                                = 0
openat(AT_FDCWD, "/home/isa/go-1.13/src/math/abs.go", O_RDONLY|O_CLOEXEC) = 3
epoll_ctl(4, EPOLL_CTL_ADD, 3, {EPOLLIN|EPOLLOUT|EPOLLRDHUP|EPOLLET, {u32=1699692704, u64=140112122822816}}) = -1 EPERM (Operation not permitted)
epoll_ctl(4, EPOLL_CTL_DEL, 3, 0xc00019b78c) = -1 EPERM (Operation not permitted)
read(3, "// Copyright 2009 The Go Authors"..., 4096) = 363
close(3)                                = 0
openat(AT_FDCWD, "/home/isa/go-1.13/src/math/acosh.go", O_RDONLY|O_CLOEXEC) = 3
epoll_ctl(4, EPOLL_CTL_ADD, 3, {EPOLLIN|EPOLLOUT|EPOLLRDHUP|EPOLLET, {u32=1699692704, u64=140112122822816}}) = -1 EPERM (Operation not permitted)
epoll_ctl(4, EPOLL_CTL_DEL, 3, 0xc00019b78c) = -1 EPERM (Operation not permitted)
read(3, "// Copyright 2010 The Go Authors"..., 4096) = 1765
close(3)                                = 0
openat(AT_FDCWD, "/home/isa/go-1.13/src/math/all_test.go", O_RDONLY|O_CLOEXEC) = 3
epoll_ctl(4, EPOLL_CTL_ADD, 3, {EPOLLIN|EPOLLOUT|EPOLLRDHUP|EPOLLET, {u32=1699692704, u64=140112122822816}}) = -1 EPERM (Operation not permitted)
epoll_ctl(4, EPOLL_CTL_DEL, 3, 0xc00019b78c) = -1 EPERM (Operation not permitted)
read(3, "// Copyright 2009 The Go Authors"..., 4096) = 4096
close(3)                                = 0
openat(AT_FDCWD, "/home/isa/go-1.13/src/math/asin.go", O_RDONLY|O_CLOEXEC) = 3
epoll_ctl(4, EPOLL_CTL_ADD, 3, {EPOLLIN|EPOLLOUT|EPOLLRDHUP|EPOLLET, {u32=1699692704, u64=140112122822816}}) = -1 EPERM (Operation not permitted)
epoll_ctl(4, EPOLL_CTL_DEL, 3, 0xc00019b78c) = -1 EPERM (Operation not permitted)
read(3, "// Copyright 2009 The Go Authors"..., 4096) = 983
close(3)                                = 0
openat(AT_FDCWD, "/home/isa/go-1.13/src/math/asinh.go", O_RDONLY|O_CLOEXEC) = 3
epoll_ctl(4, EPOLL_CTL_ADD, 3, {EPOLLIN|EPOLLOUT|EPOLLRDHUP|EPOLLET, {u32=1699692704, u64=140112122822816}}) = -1 EPERM (Operation not permitted)
epoll_ctl(4, EPOLL_CTL_DEL, 3, 0xc00019b78c) = -1 EPERM (Operation not permitted)
read(3, "// Copyright 2010 The Go Authors"..., 4096) = 1899
close(3)                                = 0
openat(AT_FDCWD, "/home/isa/go-1.13/src/math/atan.go", O_RDONLY|O_CLOEXEC) = 3
epoll_ctl(4, EPOLL_CTL_ADD, 3, {EPOLLIN|EPOLLOUT|EPOLLRDHUP|EPOLLET, {u32=1699692704, u64=140112122822816}}) = -1 EPERM (Operation not permitted)
epoll_ctl(4, EPOLL_CTL_DEL, 3, 0xc00019b78c) = -1 EPERM (Operation not permitted)
read(3, "// Copyright 2009 The Go Authors"..., 4096) = 3043
close(3)                                = 0
openat(AT_FDCWD, "/home/isa/go-1.13/src/math/atan2.go", O_RDONLY|O_CLOEXEC) = 3
epoll_ctl(4, EPOLL_CTL_ADD, 3, {EPOLLIN|EPOLLOUT|EPOLLRDHUP|EPOLLET, {u32=1699692704, u64=140112122822816}}) = -1 EPERM (Operation not permitted)
epoll_ctl(4, EPOLL_CTL_DEL, 3, 0xc00019b78c) = -1 EPERM (Operation not permitted)
read(3, "// Copyright 2009 The Go Authors"..., 4096) = 1485
close(3)                                = 0
openat(AT_FDCWD, "/home/isa/go-1.13/src/math/atanh.go", O_RDONLY|O_CLOEXEC) = 3
epoll_ctl(4, EPOLL_CTL_ADD, 3, {EPOLLIN|EPOLLOUT|EPOLLRDHUP|EPOLLET, {u32=1699692704, u64=140112122822816}}) = -1 EPERM (Operation not permitted)
epoll_ctl(4, EPOLL_CTL_DEL, 3, 0xc00019b78c) = -1 EPERM (Operation not permitted)
read(3, "// Copyright 2010 The Go Authors"..., 4096) = 1973
close(3)                                = 0
openat(AT_FDCWD, "/home/isa/go-1.13/src/math/bits.go", O_RDONLY|O_CLOEXEC) = 3
epoll_ctl(4, EPOLL_CTL_ADD, 3, {EPOLLIN|EPOLLOUT|EPOLLRDHUP|EPOLLET, {u32=1699692704, u64=140112122822816}}) = -1 EPERM (Operation not permitted)
epoll_ctl(4, EPOLL_CTL_DEL, 3, 0xc00019b78c) = -1 EPERM (Operation not permitted)
read(3, "// Copyright 2009 The Go Authors"..., 4096) = 1911
close(3)                                = 0
openat(AT_FDCWD, "/home/isa/go-1.13/src/math/cbrt.go", O_RDONLY|O_CLOEXEC) = 3
epoll_ctl(4, EPOLL_CTL_ADD, 3, {EPOLLIN|EPOLLOUT|EPOLLRDHUP|EPOLLET, {u32=1699692704, u64=140112122822816}}) = -1 EPERM (Operation not permitted)
epoll_ctl(4, EPOLL_CTL_DEL, 3, 0xc00019b78c) = -1 EPERM (Operation not permitted)
read(3, "// Copyright 2009 The Go Authors"..., 4096) = 2300
close(3)                                = 0
openat(AT_FDCWD, "/home/isa/go-1.13/src/math/const.go", O_RDONLY|O_CLOEXEC) = 3
epoll_ctl(4, EPOLL_CTL_ADD, 3, {EPOLLIN|EPOLLOUT|EPOLLRDHUP|EPOLLET, {u32=1699692704, u64=140112122822816}}) = -1 EPERM (Operation not permitted)
epoll_ctl(4, EPOLL_CTL_DEL, 3, 0xc00019b78c) = -1 EPERM (Operation not permitted)
read(3, "// Copyright 2009 The Go Authors"..., 4096) = 2228
close(3)                                = 0
openat(AT_FDCWD, "/home/isa/go-1.13/src/math/copysign.go", O_RDONLY|O_CLOEXEC) = 3
epoll_ctl(4, EPOLL_CTL_ADD, 3, {EPOLLIN|EPOLLOUT|EPOLLRDHUP|EPOLLET, {u32=1699692704, u64=140112122822816}}) = -1 EPERM (Operation not permitted)
epoll_ctl(4, EPOLL_CTL_DEL, 3, 0xc00019b78c) = -1 EPERM (Operation not permitted)
read(3, "// Copyright 2010 The Go Authors"..., 4096) = 378
close(3)                                = 0
openat(AT_FDCWD, "/home/isa/go-1.13/src/math/dim.go", O_RDONLY|O_CLOEXEC) = 3
epoll_ctl(4, EPOLL_CTL_ADD, 3, {EPOLLIN|EPOLLOUT|EPOLLRDHUP|EPOLLET, {u32=1699692704, u64=140112122822816}}) = -1 EPERM (Operation not permitted)
epoll_ctl(4, EPOLL_CTL_DEL, 3, 0xc00019b78c) = -1 EPERM (Operation not permitted)
read(3, "// Copyright 2010 The Go Authors"..., 4096) = 1584
close(3)                                = 0
openat(AT_FDCWD, "/home/isa/go-1.13/src/math/dim_amd64.s", O_RDONLY|O_CLOEXEC) = 3
epoll_ctl(4, EPOLL_CTL_ADD, 3, {EPOLLIN|EPOLLOUT|EPOLLRDHUP|EPOLLET, {u32=1699692704, u64=140112122822816}}) = -1 EPERM (Operation not permitted)
epoll_ctl(4, EPOLL_CTL_DEL, 3, 0xc00019b78c) = -1 EPERM (Operation not permitted)
read(3, "// Copyright 2010 The Go Authors"..., 4096) = 1947
close(3)                                = 0
openat(AT_FDCWD, "/home/isa/go-1.13/src/math/erf.go", O_RDONLY|O_CLOEXEC) = 3
epoll_ctl(4, EPOLL_CTL_ADD, 3, {EPOLLIN|EPOLLOUT|EPOLLRDHUP|EPOLLET, {u32=1699692704, u64=140112122822816}}) = -1 EPERM (Operation not permitted)
epoll_ctl(4, EPOLL_CTL_DEL, 3, 0xc00019b78c) = -1 EPERM (Operation not permitted)
read(3, "// Copyright 2010 The Go Authors"..., 4096) = 4096
read(3, "ximate\n//              g(s)=f(1/"..., 4096) = 4096
close(3)                                = 0
openat(AT_FDCWD, "/home/isa/go-1.13/src/math/erfinv.go", O_RDONLY|O_CLOEXEC) = 3
epoll_ctl(4, EPOLL_CTL_ADD, 3, {EPOLLIN|EPOLLOUT|EPOLLRDHUP|EPOLLET, {u32=1699692704, u64=140112122822816}}) = -1 EPERM (Operation not permitted)
epoll_ctl(4, EPOLL_CTL_DEL, 3, 0xc00019b78c) = -1 EPERM (Operation not permitted)
read(3, "// Copyright 2017 The Go Authors"..., 4096) = 3442
close(3)                                = 0
openat(AT_FDCWD, "/home/isa/go-1.13/src/math/example_test.go", O_RDONLY|O_CLOEXEC) = 3
epoll_ctl(4, EPOLL_CTL_ADD, 3, {EPOLLIN|EPOLLOUT|EPOLLRDHUP|EPOLLET, {u32=1699692704, u64=140112122822816}}) = -1 EPERM (Operation not permitted)
epoll_ctl(4, EPOLL_CTL_DEL, 3, 0xc00019b78c) = -1 EPERM (Operation not permitted)
read(3, "// Copyright 2017 The Go Authors"..., 4096) = 3413
close(3)                                = 0
openat(AT_FDCWD, "/home/isa/go-1.13/src/math/exp.go", O_RDONLY|O_CLOEXEC) = 3
epoll_ctl(4, EPOLL_CTL_ADD, 3, {EPOLLIN|EPOLLOUT|EPOLLRDHUP|EPOLLET, {u32=1699692704, u64=140112122822816}}) = -1 EPERM (Operation not permitted)
epoll_ctl(4, EPOLL_CTL_DEL, 3, 0xc00019b78c) = -1 EPERM (Operation not permitted)
read(3, "// Copyright 2009 The Go Authors"..., 4096) = 4096
close(3)                                = 0
openat(AT_FDCWD, "/home/isa/go-1.13/src/math/exp_amd64.s", O_RDONLY|O_CLOEXEC) = 3
epoll_ctl(4, EPOLL_CTL_ADD, 3, {EPOLLIN|EPOLLOUT|EPOLLRDHUP|EPOLLET, {u32=1699692704, u64=140112122822816}}) = -1 EPERM (Operation not permitted)
epoll_ctl(4, EPOLL_CTL_DEL, 3, 0xc00019b78c) = -1 EPERM (Operation not permitted)
read(3, "// Copyright 2010 The Go Authors"..., 4096) = 4096
close(3)                                = 0
openat(AT_FDCWD, "/home/isa/go-1.13/src/math/exp_asm.go", O_RDONLY|O_CLOEXEC) = 3
epoll_ctl(4, EPOLL_CTL_ADD, 3, {EPOLLIN|EPOLLOUT|EPOLLRDHUP|EPOLLET, {u32=1699692704, u64=140112122822816}}) = -1 EPERM (Operation not permitted)
epoll_ctl(4, EPOLL_CTL_DEL, 3, 0xc00019b78c) = -1 EPERM (Operation not permitted)
read(3, "// Copyright 2017 The Go Authors"..., 4096) = 269
close(3)                                = 0
openat(AT_FDCWD, "/home/isa/go-1.13/src/math/expm1.go", O_RDONLY|O_CLOEXEC) = 3
epoll_ctl(4, EPOLL_CTL_ADD, 3, {EPOLLIN|EPOLLOUT|EPOLLRDHUP|EPOLLET, {u32=1699692704, u64=140112122822816}}) = -1 EPERM (Operation not permitted)
epoll_ctl(4, EPOLL_CTL_DEL, 3, 0xc00019b78c) = -1 EPERM (Operation not permitted)
read(3, "// Copyright 2010 The Go Authors"..., 4096) = 4096
read(3, "+2.0*(r-E);\n//        (v)   if ("..., 4096) = 3929
close(3)                                = 0
openat(AT_FDCWD, "/home/isa/go-1.13/src/math/export_test.go", O_RDONLY|O_CLOEXEC) = 3
epoll_ctl(4, EPOLL_CTL_ADD, 3, {EPOLLIN|EPOLLOUT|EPOLLRDHUP|EPOLLET, {u32=1699692704, u64=140112122822816}}) = -1 EPERM (Operation not permitted)
epoll_ctl(4, EPOLL_CTL_DEL, 3, 0xc00019b78c) = -1 EPERM (Operation not permitted)
read(3, "// Copyright 2011 The Go Authors"..., 4096) = 357
close(3)                                = 0
openat(AT_FDCWD, "/home/isa/go-1.13/src/math/floor.go", O_RDONLY|O_CLOEXEC) = 3
epoll_ctl(4, EPOLL_CTL_ADD, 3, {EPOLLIN|EPOLLOUT|EPOLLRDHUP|EPOLLET, {u32=1699692704, u64=140112122822816}}) = -1 EPERM (Operation not permitted)
epoll_ctl(4, EPOLL_CTL_DEL, 3, 0xc00019b78c) = -1 EPERM (Operation not permitted)
read(3, "// Copyright 2009 The Go Authors"..., 4096) = 3160
close(3)                                = 0
openat(AT_FDCWD, "/home/isa/go-1.13/src/math/floor_amd64.s", O_RDONLY|O_CLOEXEC) = 3
epoll_ctl(4, EPOLL_CTL_ADD, 3, {EPOLLIN|EPOLLOUT|EPOLLRDHUP|EPOLLET, {u32=1699692704, u64=140112122822816}}) = -1 EPERM (Operation not permitted)
epoll_ctl(4, EPOLL_CTL_DEL, 3, 0xc00019b78c) = -1 EPERM (Operation not permitted)
read(3, "// Copyright 2012 The Go Authors"..., 4096) = 2023
close(3)                                = 0
openat(AT_FDCWD, "/home/isa/go-1.13/src/math/floor_ppc64x.s", O_RDONLY|O_CLOEXEC) = 3
epoll_ctl(4, EPOLL_CTL_ADD, 3, {EPOLLIN|EPOLLOUT|EPOLLRDHUP|EPOLLET, {u32=1699692704, u64=140112122822816}}) = -1 EPERM (Operation not permitted)
epoll_ctl(4, EPOLL_CTL_DEL, 3, 0xc00019b78c) = -1 EPERM (Operation not permitted)
read(3, "// Copyright 2016 The Go Authors"..., 4096) = 483
close(3)                                = 0
openat(AT_FDCWD, "/home/isa/go-1.13/src/math/frexp.go", O_RDONLY|O_CLOEXEC) = 3
epoll_ctl(4, EPOLL_CTL_ADD, 3, {EPOLLIN|EPOLLOUT|EPOLLRDHUP|EPOLLET, {u32=1699692704, u64=140112122822816}}) = -1 EPERM (Operation not permitted)
epoll_ctl(4, EPOLL_CTL_DEL, 3, 0xc00019b78c) = -1 EPERM (Operation not permitted)
read(3, "// Copyright 2009 The Go Authors"..., 4096) = 860
close(3)                                = 0
openat(AT_FDCWD, "/home/isa/go-1.13/src/math/gamma.go", O_RDONLY|O_CLOEXEC) = 3
epoll_ctl(4, EPOLL_CTL_ADD, 3, {EPOLLIN|EPOLLOUT|EPOLLRDHUP|EPOLLET, {u32=1699692704, u64=140112122822816}}) = -1 EPERM (Operation not permitted)
epoll_ctl(4, EPOLL_CTL_DEL, 3, 0xc00019b78c) = -1 EPERM (Operation not permitted)
read(3, "// Copyright 2010 The Go Authors"..., 4096) = 4096
close(3)                                = 0
openat(AT_FDCWD, "/home/isa/go-1.13/src/math/huge_test.go", O_RDONLY|O_CLOEXEC) = 3
epoll_ctl(4, EPOLL_CTL_ADD, 3, {EPOLLIN|EPOLLOUT|EPOLLRDHUP|EPOLLET, {u32=1699692704, u64=140112122822816}}) = -1 EPERM (Operation not permitted)
epoll_ctl(4, EPOLL_CTL_DEL, 3, 0xc00019b78c) = -1 EPERM (Operation not permitted)
read(3, "// Copyright 2018 The Go Authors"..., 4096) = 2289
close(3)                                = 0
openat(AT_FDCWD, "/home/isa/go-1.13/src/math/hypot.go", O_RDONLY|O_CLOEXEC) = 3
epoll_ctl(4, EPOLL_CTL_ADD, 3, {EPOLLIN|EPOLLOUT|EPOLLRDHUP|EPOLLET, {u32=1699692704, u64=140112122822816}}) = -1 EPERM (Operation not permitted)
epoll_ctl(4, EPOLL_CTL_DEL, 3, 0xc00019b78c) = -1 EPERM (Operation not permitted)
read(3, "// Copyright 2010 The Go Authors"..., 4096) = 773
close(3)                                = 0
openat(AT_FDCWD, "/home/isa/go-1.13/src/math/hypot_amd64.s", O_RDONLY|O_CLOEXEC) = 3
epoll_ctl(4, EPOLL_CTL_ADD, 3, {EPOLLIN|EPOLLOUT|EPOLLRDHUP|EPOLLET, {u32=1699692704, u64=140112122822816}}) = -1 EPERM (Operation not permitted)
epoll_ctl(4, EPOLL_CTL_DEL, 3, 0xc00019b78c) = -1 EPERM (Operation not permitted)
read(3, "// Copyright 2010 The Go Authors"..., 4096) = 1072
close(3)                                = 0
openat(AT_FDCWD, "/home/isa/go-1.13/src/math/j0.go", O_RDONLY|O_CLOEXEC) = 3
epoll_ctl(4, EPOLL_CTL_ADD, 3, {EPOLLIN|EPOLLOUT|EPOLLRDHUP|EPOLLET, {u32=1699692704, u64=140112122822816}}) = -1 EPERM (Operation not permitted)
epoll_ctl(4, EPOLL_CTL_DEL, 3, 0xc00019b78c) = -1 EPERM (Operation not permitted)
read(3, "// Copyright 2010 The Go Authors"..., 4096) = 4096
close(3)                                = 0
openat(AT_FDCWD, "/home/isa/go-1.13/src/math/j1.go", O_RDONLY|O_CLOEXEC) = 3
epoll_ctl(4, EPOLL_CTL_ADD, 3, {EPOLLIN|EPOLLOUT|EPOLLRDHUP|EPOLLET, {u32=1699692704, u64=140112122822816}}) = -1 EPERM (Operation not permitted)
epoll_ctl(4, EPOLL_CTL_DEL, 3, 0xc00019b78c) = -1 EPERM (Operation not permitted)
read(3, "// Copyright 2010 The Go Authors"..., 4096) = 4096
close(3)                                = 0
openat(AT_FDCWD, "/home/isa/go-1.13/src/math/jn.go", O_RDONLY|O_CLOEXEC) = 3
epoll_ctl(4, EPOLL_CTL_ADD, 3, {EPOLLIN|EPOLLOUT|EPOLLRDHUP|EPOLLET, {u32=1699692704, u64=140112122822816}}) = -1 EPERM (Operation not permitted)
epoll_ctl(4, EPOLL_CTL_DEL, 3, 0xc00019b78c) = -1 EPERM (Operation not permitted)
read(3, "// Copyright 2010 The Go Authors"..., 4096) = 4096
close(3)                                = 0
openat(AT_FDCWD, "/home/isa/go-1.13/src/math/ldexp.go", O_RDONLY|O_CLOEXEC) = 3
epoll_ctl(4, EPOLL_CTL_ADD, 3, {EPOLLIN|EPOLLOUT|EPOLLRDHUP|EPOLLET, {u32=1699692704, u64=140112122822816}}) = -1 EPERM (Operation not permitted)
epoll_ctl(4, EPOLL_CTL_DEL, 3, 0xc00019b78c) = -1 EPERM (Operation not permitted)
read(3, "// Copyright 2009 The Go Authors"..., 4096) = 990
close(3)                                = 0
openat(AT_FDCWD, "/home/isa/go-1.13/src/math/lgamma.go", O_RDONLY|O_CLOEXEC) = 3
epoll_ctl(4, EPOLL_CTL_ADD, 3, {EPOLLIN|EPOLLOUT|EPOLLRDHUP|EPOLLET, {u32=1699692704, u64=140112122822816}}) = -1 EPERM (Operation not permitted)
epoll_ctl(4, EPOLL_CTL_DEL, 3, 0xc00019b78c) = -1 EPERM (Operation not permitted)
read(3, "// Copyright 2010 The Go Authors"..., 4096) = 4096
close(3)                                = 0
openat(AT_FDCWD, "/home/isa/go-1.13/src/math/log.go", O_RDONLY|O_CLOEXEC) = 3
epoll_ctl(4, EPOLL_CTL_ADD, 3, {EPOLLIN|EPOLLOUT|EPOLLRDHUP|EPOLLET, {u32=1699692704, u64=140112122822816}}) = -1 EPERM (Operation not permitted)
epoll_ctl(4, EPOLL_CTL_DEL, 3, 0xc00019b78c) = -1 EPERM (Operation not permitted)
read(3, "// Copyright 2009 The Go Authors"..., 4096) = 3890
close(3)                                = 0
openat(AT_FDCWD, "/home/isa/go-1.13/src/math/log10.go", O_RDONLY|O_CLOEXEC) = 3
epoll_ctl(4, EPOLL_CTL_ADD, 3, {EPOLLIN|EPOLLOUT|EPOLLRDHUP|EPOLLET, {u32=1699692704, u64=140112122822816}}) = -1 EPERM (Operation not permitted)
epoll_ctl(4, EPOLL_CTL_DEL, 3, 0xc00019b78c) = -1 EPERM (Operation not permitted)
read(3, "// Copyright 2009 The Go Authors"..., 4096) = 740
close(3)                                = 0
openat(AT_FDCWD, "/home/isa/go-1.13/src/math/log1p.go", O_RDONLY|O_CLOEXEC) = 3
epoll_ctl(4, EPOLL_CTL_ADD, 3, {EPOLLIN|EPOLLOUT|EPOLLRDHUP|EPOLLET, {u32=1699692704, u64=140112122822816}}) = -1 EPERM (Operation not permitted)
epoll_ctl(4, EPOLL_CTL_DEL, 3, 0xc00019b78c) = -1 EPERM (Operation not permitted)
read(3, "// Copyright 2010 The Go Authors"..., 4096) = 4096
close(3)                                = 0
openat(AT_FDCWD, "/home/isa/go-1.13/src/math/log_amd64.s", O_RDONLY|O_CLOEXEC) = 3
epoll_ctl(4, EPOLL_CTL_ADD, 3, {EPOLLIN|EPOLLOUT|EPOLLRDHUP|EPOLLET, {u32=1699692704, u64=140112122822816}}) = -1 EPERM (Operation not permitted)
epoll_ctl(4, EPOLL_CTL_DEL, 3, 0xc00019b78c) = -1 EPERM (Operation not permitted)
read(3, "// Copyright 2010 The Go Authors"..., 4096) = 3749
close(3)                                = 0
openat(AT_FDCWD, "/home/isa/go-1.13/src/math/logb.go", O_RDONLY|O_CLOEXEC) = 3
epoll_ctl(4, EPOLL_CTL_ADD, 3, {EPOLLIN|EPOLLOUT|EPOLLRDHUP|EPOLLET, {u32=1699692704, u64=140112122822816}}) = -1 EPERM (Operation not permitted)
epoll_ctl(4, EPOLL_CTL_DEL, 3, 0xc00019b78c) = -1 EPERM (Operation not permitted)
read(3, "// Copyright 2010 The Go Authors"..., 4096) = 1014
close(3)                                = 0
openat(AT_FDCWD, "/home/isa/go-1.13/src/math/mod.go", O_RDONLY|O_CLOEXEC) = 3
epoll_ctl(4, EPOLL_CTL_ADD, 3, {EPOLLIN|EPOLLOUT|EPOLLRDHUP|EPOLLET, {u32=1699692704, u64=140112122822816}}) = -1 EPERM (Operation not permitted)
epoll_ctl(4, EPOLL_CTL_DEL, 3, 0xc00019b78c) = -1 EPERM (Operation not permitted)
read(3, "// Copyright 2009-2010 The Go Au"..., 4096) = 834
close(3)                                = 0
openat(AT_FDCWD, "/home/isa/go-1.13/src/math/modf.go", O_RDONLY|O_CLOEXEC) = 3
epoll_ctl(4, EPOLL_CTL_ADD, 3, {EPOLLIN|EPOLLOUT|EPOLLRDHUP|EPOLLET, {u32=1699692704, u64=140112122822816}}) = -1 EPERM (Operation not permitted)
epoll_ctl(4, EPOLL_CTL_DEL, 3, 0xc00019b78c) = -1 EPERM (Operation not permitted)
read(3, "// Copyright 2009 The Go Authors"..., 4096) = 847
close(3)                                = 0
openat(AT_FDCWD, "/home/isa/go-1.13/src/math/modf_ppc64x.s", O_RDONLY|O_CLOEXEC) = 3
epoll_ctl(4, EPOLL_CTL_ADD, 3, {EPOLLIN|EPOLLOUT|EPOLLRDHUP|EPOLLET, {u32=1699692704, u64=140112122822816}}) = -1 EPERM (Operation not permitted)
epoll_ctl(4, EPOLL_CTL_DEL, 3, 0xc00019b78c) = -1 EPERM (Operation not permitted)
read(3, "// Copyright 2017 The Go Authors"..., 4096) = 404
close(3)                                = 0
openat(AT_FDCWD, "/home/isa/go-1.13/src/math/nextafter.go", O_RDONLY|O_CLOEXEC) = 3
epoll_ctl(4, EPOLL_CTL_ADD, 3, {EPOLLIN|EPOLLOUT|EPOLLRDHUP|EPOLLET, {u32=1699692704, u64=140112122822816}}) = -1 EPERM (Operation not permitted)
epoll_ctl(4, EPOLL_CTL_DEL, 3, 0xc00019b78c) = -1 EPERM (Operation not permitted)
read(3, "// Copyright 2010 The Go Authors"..., 4096) = 1233
close(3)                                = 0
openat(AT_FDCWD, "/home/isa/go-1.13/src/math/pow.go", O_RDONLY|O_CLOEXEC) = 3
epoll_ctl(4, EPOLL_CTL_ADD, 3, {EPOLLIN|EPOLLOUT|EPOLLRDHUP|EPOLLET, {u32=1699692704, u64=140112122822816}}) = -1 EPERM (Operation not permitted)
epoll_ctl(4, EPOLL_CTL_DEL, 3, 0xc00019b78c) = -1 EPERM (Operation not permitted)
read(3, "// Copyright 2009 The Go Authors"..., 4096) = 3231
close(3)                                = 0
openat(AT_FDCWD, "/home/isa/go-1.13/src/math/pow10.go", O_RDONLY|O_CLOEXEC) = 3
epoll_ctl(4, EPOLL_CTL_ADD, 3, {EPOLLIN|EPOLLOUT|EPOLLRDHUP|EPOLLET, {u32=1699692704, u64=140112122822816}}) = -1 EPERM (Operation not permitted)
epoll_ctl(4, EPOLL_CTL_DEL, 3, 0xc00019b78c) = -1 EPERM (Operation not permitted)
read(3, "// Copyright 2009 The Go Authors"..., 4096) = 1266
close(3)                                = 0
openat(AT_FDCWD, "/home/isa/go-1.13/src/math/remainder.go", O_RDONLY|O_CLOEXEC) = 3
epoll_ctl(4, EPOLL_CTL_ADD, 3, {EPOLLIN|EPOLLOUT|EPOLLRDHUP|EPOLLET, {u32=1699692704, u64=140112122822816}}) = -1 EPERM (Operation not permitted)
epoll_ctl(4, EPOLL_CTL_DEL, 3, 0xc00019b78c) = -1 EPERM (Operation not permitted)
read(3, "// Copyright 2010 The Go Authors"..., 4096) = 2005
close(3)                                = 0
openat(AT_FDCWD, "/home/isa/go-1.13/src/math/signbit.go", O_RDONLY|O_CLOEXEC) = 3
epoll_ctl(4, EPOLL_CTL_ADD, 3, {EPOLLIN|EPOLLOUT|EPOLLRDHUP|EPOLLET, {u32=1699692704, u64=140112122822816}}) = -1 EPERM (Operation not permitted)
epoll_ctl(4, EPOLL_CTL_DEL, 3, 0xc00019b78c) = -1 EPERM (Operation not permitted)
read(3, "// Copyright 2010 The Go Authors"..., 4096) = 302
close(3)                                = 0
openat(AT_FDCWD, "/home/isa/go-1.13/src/math/sin.go", O_RDONLY|O_CLOEXEC) = 3
epoll_ctl(4, EPOLL_CTL_ADD, 3, {EPOLLIN|EPOLLOUT|EPOLLRDHUP|EPOLLET, {u32=1699692704, u64=140112122822816}}) = -1 EPERM (Operation not permitted)
epoll_ctl(4, EPOLL_CTL_DEL, 3, 0xc00019b78c) = -1 EPERM (Operation not permitted)
read(3, "// Copyright 2011 The Go Authors"..., 4096) = 4096
close(3)                                = 0
openat(AT_FDCWD, "/home/isa/go-1.13/src/math/sincos.go", O_RDONLY|O_CLOEXEC) = 3
epoll_ctl(4, EPOLL_CTL_ADD, 3, {EPOLLIN|EPOLLOUT|EPOLLRDHUP|EPOLLET, {u32=1699692704, u64=140112122822816}}) = -1 EPERM (Operation not permitted)
epoll_ctl(4, EPOLL_CTL_DEL, 3, 0xc00019b78c) = -1 EPERM (Operation not permitted)
read(3, "// Copyright 2010 The Go Authors"..., 4096) = 1797
close(3)                                = 0
openat(AT_FDCWD, "/home/isa/go-1.13/src/math/sinh.go", O_RDONLY|O_CLOEXEC) = 3
epoll_ctl(4, EPOLL_CTL_ADD, 3, {EPOLLIN|EPOLLOUT|EPOLLRDHUP|EPOLLET, {u32=1699692704, u64=140112122822816}}) = -1 EPERM (Operation not permitted)
epoll_ctl(4, EPOLL_CTL_DEL, 3, 0xc00019b78c) = -1 EPERM (Operation not permitted)
read(3, "// Copyright 2009 The Go Authors"..., 4096) = 1601
close(3)                                = 0
openat(AT_FDCWD, "/home/isa/go-1.13/src/math/sqrt.go", O_RDONLY|O_CLOEXEC) = 3
epoll_ctl(4, EPOLL_CTL_ADD, 3, {EPOLLIN|EPOLLOUT|EPOLLRDHUP|EPOLLET, {u32=1699692704, u64=140112122822816}}) = -1 EPERM (Operation not permitted)
epoll_ctl(4, EPOLL_CTL_DEL, 3, 0xc00019b78c) = -1 EPERM (Operation not permitted)
read(3, "// Copyright 2009 The Go Authors"..., 4096) = 4096
close(3)                                = 0
openat(AT_FDCWD, "/home/isa/go-1.13/src/math/sqrt_amd64.s", O_RDONLY|O_CLOEXEC) = 3
epoll_ctl(4, EPOLL_CTL_ADD, 3, {EPOLLIN|EPOLLOUT|EPOLLRDHUP|EPOLLET, {u32=1699692704, u64=140112122822816}}) = -1 EPERM (Operation not permitted)
epoll_ctl(4, EPOLL_CTL_DEL, 3, 0xc00019b78c) = -1 EPERM (Operation not permitted)
read(3, "// Copyright 2009 The Go Authors"..., 4096) = 326
close(3)                                = 0
openat(AT_FDCWD, "/home/isa/go-1.13/src/math/sqrt_mipsx.s", O_RDONLY|O_CLOEXEC) = 3
epoll_ctl(4, EPOLL_CTL_ADD, 3, {EPOLLIN|EPOLLOUT|EPOLLRDHUP|EPOLLET, {u32=1699692704, u64=140112122822816}}) = -1 EPERM (Operation not permitted)
epoll_ctl(4, EPOLL_CTL_DEL, 3, 0xc00019b78c) = -1 EPERM (Operation not permitted)
read(3, "// Copyright 2016 The Go Authors"..., 4096) = 375
close(3)                                = 0
openat(AT_FDCWD, "/home/isa/go-1.13/src/math/sqrt_ppc64x.s", O_RDONLY|O_CLOEXEC) = 3
epoll_ctl(4, EPOLL_CTL_ADD, 3, {EPOLLIN|EPOLLOUT|EPOLLRDHUP|EPOLLET, {u32=1699692704, u64=140112122822816}}) = -1 EPERM (Operation not permitted)
epoll_ctl(4, EPOLL_CTL_DEL, 3, 0xc00019b78c) = -1 EPERM (Operation not permitted)
read(3, "// Copyright 2016 The Go Authors"..., 4096) = 326
close(3)                                = 0
openat(AT_FDCWD, "/home/isa/go-1.13/src/math/stubs_amd64.s", O_RDONLY|O_CLOEXEC) = 3
epoll_ctl(4, EPOLL_CTL_ADD, 3, {EPOLLIN|EPOLLOUT|EPOLLRDHUP|EPOLLET, {u32=1699692704, u64=140112122822816}}) = -1 EPERM (Operation not permitted)
epoll_ctl(4, EPOLL_CTL_DEL, 3, 0xc00019b78c) = -1 EPERM (Operation not permitted)
read(3, "// Copyright 2019 The Go Authors"..., 4096) = 1440
close(3)                                = 0
openat(AT_FDCWD, "/home/isa/go-1.13/src/math/stubs_mips64x.s", O_RDONLY|O_CLOEXEC) = 3
epoll_ctl(4, EPOLL_CTL_ADD, 3, {EPOLLIN|EPOLLOUT|EPOLLRDHUP|EPOLLET, {u32=1699692704, u64=140112122822816}}) = -1 EPERM (Operation not permitted)
epoll_ctl(4, EPOLL_CTL_DEL, 3, 0xc00019b78c) = -1 EPERM (Operation not permitted)
read(3, "// Copyright 2014 The Go Authors"..., 4096) = 1879
close(3)                                = 0
openat(AT_FDCWD, "/home/isa/go-1.13/src/math/stubs_mipsx.s", O_RDONLY|O_CLOEXEC) = 3
epoll_ctl(4, EPOLL_CTL_ADD, 3, {EPOLLIN|EPOLLOUT|EPOLLRDHUP|EPOLLET, {u32=1699692704, u64=140112122822816}}) = -1 EPERM (Operation not permitted)
epoll_ctl(4, EPOLL_CTL_DEL, 3, 0xc00019b78c) = -1 EPERM (Operation not permitted)
read(3, "// Copyright 2016 The Go Authors"..., 4096) = 1830
close(3)                                = 0
openat(AT_FDCWD, "/home/isa/go-1.13/src/math/stubs_ppc64x.s", O_RDONLY|O_CLOEXEC) = 3
epoll_ctl(4, EPOLL_CTL_ADD, 3, {EPOLLIN|EPOLLOUT|EPOLLRDHUP|EPOLLET, {u32=1699692704, u64=140112122822816}}) = -1 EPERM (Operation not permitted)
epoll_ctl(4, EPOLL_CTL_DEL, 3, 0xc00019b78c) = -1 EPERM (Operation not permitted)
read(3, "// Copyright 2014 The Go Authors"..., 4096) = 1613
close(3)                                = 0
openat(AT_FDCWD, "/home/isa/go-1.13/src/math/tan.go", O_RDONLY|O_CLOEXEC) = 3
epoll_ctl(4, EPOLL_CTL_ADD, 3, {EPOLLIN|EPOLLOUT|EPOLLRDHUP|EPOLLET, {u32=1699692704, u64=140112122822816}}) = -1 EPERM (Operation not permitted)
epoll_ctl(4, EPOLL_CTL_DEL, 3, 0xc00019b78c) = -1 EPERM (Operation not permitted)
read(3, "// Copyright 2011 The Go Authors"..., 4096) = 3701
close(3)                                = 0
openat(AT_FDCWD, "/home/isa/go-1.13/src/math/tanh.go", O_RDONLY|O_CLOEXEC) = 3
epoll_ctl(4, EPOLL_CTL_ADD, 3, {EPOLLIN|EPOLLOUT|EPOLLRDHUP|EPOLLET, {u32=1699692704, u64=140112122822816}}) = -1 EPERM (Operation not permitted)
epoll_ctl(4, EPOLL_CTL_DEL, 3, 0xc00019b78c) = -1 EPERM (Operation not permitted)
read(3, "// Copyright 2009 The Go Authors"..., 4096) = 2655
close(3)                                = 0
openat(AT_FDCWD, "/home/isa/go-1.13/src/math/trig_reduce.go", O_RDONLY|O_CLOEXEC) = 3
epoll_ctl(4, EPOLL_CTL_ADD, 3, {EPOLLIN|EPOLLOUT|EPOLLRDHUP|EPOLLET, {u32=1699692704, u64=140112122822816}}) = -1 EPERM (Operation not permitted)
epoll_ctl(4, EPOLL_CTL_DEL, 3, 0xc00019b78c) = -1 EPERM (Operation not permitted)
read(3, "// Copyright 2018 The Go Authors"..., 4096) = 3007
close(3)                                = 0
openat(AT_FDCWD, "/home/isa/go-1.13/src/math/unsafe.go", O_RDONLY|O_CLOEXEC) = 3
epoll_ctl(4, EPOLL_CTL_ADD, 3, {EPOLLIN|EPOLLOUT|EPOLLRDHUP|EPOLLET, {u32=1699692704, u64=140112122822816}}) = -1 EPERM (Operation not permitted)
epoll_ctl(4, EPOLL_CTL_DEL, 3, 0xc00019b78c) = -1 EPERM (Operation not permitted)
read(3, "// Copyright 2009 The Go Authors"..., 4096) = 1298
close(3)                                = 0
newfstatat(AT_FDCWD, "/home/isa/go-1.13/src/math/vendor", 0xc000296fa8, 0) = -1 ENOENT (No such file or directory)
newfstatat(AT_FDCWD, "/home/isa/go-1.13/src/vendor/math/bits", 0xc000297078, 0) = -1 ENOENT (No such file or directory)
newfstatat(AT_FDCWD, "/home/isa/go-1.13/src/math/vendor", 0xc000297148, 0) = -1 ENOENT (No such file or directory)
newfstatat(AT_FDCWD, "/home/isa/go-1.13/src/vendor", {st_mode=S_IFDIR|0775, st_size=4096, ...}, 0) = 0
newfstatat(AT_FDCWD, "/home/isa/go-1.13/src/vendor/math/bits", 0xc0002972e8, 0) = -1 ENOENT (No such file or directory)
newfstatat(AT_FDCWD, "/home", {st_mode=S_IFDIR|0755, st_size=4096, ...}, AT_SYMLINK_NOFOLLOW) = 0
newfstatat(AT_FDCWD, "/home/isa", {st_mode=S_IFDIR|0755, st_size=4096, ...}, AT_SYMLINK_NOFOLLOW) = 0
newfstatat(AT_FDCWD, "/home/isa/dekape", {st_mode=S_IFDIR|0755, st_size=4096, ...}, AT_SYMLINK_NOFOLLOW) = 0
newfstatat(AT_FDCWD, "/home/isa/dekape/go", {st_mode=S_IFDIR|0755, st_size=4096, ...}, AT_SYMLINK_NOFOLLOW) = 0
newfstatat(AT_FDCWD, "/home", {st_mode=S_IFDIR|0755, st_size=4096, ...}, AT_SYMLINK_NOFOLLOW) = 0
newfstatat(AT_FDCWD, "/home/isa", {st_mode=S_IFDIR|0755, st_size=4096, ...}, AT_SYMLINK_NOFOLLOW) = 0
newfstatat(AT_FDCWD, "/home/isa/go-1.13", {st_mode=S_IFDIR|0775, st_size=4096, ...}, AT_SYMLINK_NOFOLLOW) = 0
newfstatat(AT_FDCWD, "/home/isa/go-1.13/src", {st_mode=S_IFDIR|0775, st_size=4096, ...}, AT_SYMLINK_NOFOLLOW) = 0
newfstatat(AT_FDCWD, "/home/isa/go-1.13/src/math", {st_mode=S_IFDIR|0775, st_size=4096, ...}, AT_SYMLINK_NOFOLLOW) = 0
newfstatat(AT_FDCWD, "/home/isa/go-1.13/src/math/bits", {st_mode=S_IFDIR|0775, st_size=4096, ...}, 0) = 0
openat(AT_FDCWD, "/home/isa/go-1.13/src/math/bits", O_RDONLY|O_CLOEXEC) = 3
epoll_ctl(4, EPOLL_CTL_ADD, 3, {EPOLLIN|EPOLLOUT|EPOLLRDHUP|EPOLLET, {u32=1699692704, u64=140112122822816}}) = -1 EPERM (Operation not permitted)
epoll_ctl(4, EPOLL_CTL_DEL, 3, 0xc00019b2a4) = -1 EPERM (Operation not permitted)
getdents64(3, /* 11 entries */, 8192)   = 400
getdents64(3, /* 0 entries */, 8192)    = 0
newfstatat(AT_FDCWD, "/home/isa/go-1.13/src/math/bits/make_examples.go", {st_mode=S_IFREG|0664, st_size=3210, ...}, AT_SYMLINK_NOFOLLOW) = 0
newfstatat(AT_FDCWD, "/home/isa/go-1.13/src/math/bits/example_test.go", {st_mode=S_IFREG|0664, st_size=5401, ...}, AT_SYMLINK_NOFOLLOW) = 0
newfstatat(AT_FDCWD, "/home/isa/go-1.13/src/math/bits/bits.go", {st_mode=S_IFREG|0664, st_size=16828, ...}, AT_SYMLINK_NOFOLLOW) = 0
newfstatat(AT_FDCWD, "/home/isa/go-1.13/src/math/bits/export_test.go", {st_mode=S_IFREG|0664, st_size=204, ...}, AT_SYMLINK_NOFOLLOW) = 0
newfstatat(AT_FDCWD, "/home/isa/go-1.13/src/math/bits/bits_test.go", {st_mode=S_IFREG|0664, st_size=28983, ...}, AT_SYMLINK_NOFOLLOW) = 0
newfstatat(AT_FDCWD, "/home/isa/go-1.13/src/math/bits/bits_errors_bootstrap.go", {st_mode=S_IFREG|0664, st_size=591, ...}, AT_SYMLINK_NOFOLLOW) = 0
newfstatat(AT_FDCWD, "/home/isa/go-1.13/src/math/bits/bits_errors.go", {st_mode=S_IFREG|0664, st_size=367, ...}, AT_SYMLINK_NOFOLLOW) = 0
newfstatat(AT_FDCWD, "/home/isa/go-1.13/src/math/bits/bits_tables.go", {st_mode=S_IFREG|0664, st_size=6555, ...}, AT_SYMLINK_NOFOLLOW) = 0
newfstatat(AT_FDCWD, "/home/isa/go-1.13/src/math/bits/make_tables.go", {st_mode=S_IFREG|0664, st_size=1505, ...}, AT_SYMLINK_NOFOLLOW) = 0
close(3)                                = 0
openat(AT_FDCWD, "/home/isa/go-1.13/src/math/bits/bits.go", O_RDONLY|O_CLOEXEC) = 3
epoll_ctl(4, EPOLL_CTL_ADD, 3, {EPOLLIN|EPOLLOUT|EPOLLRDHUP|EPOLLET, {u32=1699692704, u64=140112122822816}}) = -1 EPERM (Operation not permitted)
epoll_ctl(4, EPOLL_CTL_DEL, 3, 0xc00019b24c) = -1 EPERM (Operation not permitted)
read(3, "// Copyright 2017 The Go Authors"..., 4096) = 4096
close(3)                                = 0
openat(AT_FDCWD, "/home/isa/go-1.13/src/math/bits/bits_errors.go", O_RDONLY|O_CLOEXEC) = 3
epoll_ctl(4, EPOLL_CTL_ADD, 3, {EPOLLIN|EPOLLOUT|EPOLLRDHUP|EPOLLET, {u32=1699692704, u64=140112122822816}}) = -1 EPERM (Operation not permitted)
epoll_ctl(4, EPOLL_CTL_DEL, 3, 0xc00019b24c) = -1 EPERM (Operation not permitted)
read(3, "// Copyright 2019 The Go Authors"..., 4096) = 367
close(3)                                = 0
openat(AT_FDCWD, "/home/isa/go-1.13/src/math/bits/bits_errors_bootstrap.go", O_RDONLY|O_CLOEXEC) = 3
epoll_ctl(4, EPOLL_CTL_ADD, 3, {EPOLLIN|EPOLLOUT|EPOLLRDHUP|EPOLLET, {u32=1699692704, u64=140112122822816}}) = -1 EPERM (Operation not permitted)
epoll_ctl(4, EPOLL_CTL_DEL, 3, 0xc00019b24c) = -1 EPERM (Operation not permitted)
read(3, "// Copyright 2019 The Go Authors"..., 4096) = 591
close(3)                                = 0
openat(AT_FDCWD, "/home/isa/go-1.13/src/math/bits/bits_tables.go", O_RDONLY|O_CLOEXEC) = 3
epoll_ctl(4, EPOLL_CTL_ADD, 3, {EPOLLIN|EPOLLOUT|EPOLLRDHUP|EPOLLET, {u32=1699692704, u64=140112122822816}}) = -1 EPERM (Operation not permitted)
epoll_ctl(4, EPOLL_CTL_DEL, 3, 0xc00019b24c) = -1 EPERM (Operation not permitted)
read(3, "// Copyright 2017 The Go Authors"..., 4096) = 4096
close(3)                                = 0
openat(AT_FDCWD, "/home/isa/go-1.13/src/math/bits/bits_test.go", O_RDONLY|O_CLOEXEC) = 3
epoll_ctl(4, EPOLL_CTL_ADD, 3, {EPOLLIN|EPOLLOUT|EPOLLRDHUP|EPOLLET, {u32=1699692704, u64=140112122822816}}) = -1 EPERM (Operation not permitted)
epoll_ctl(4, EPOLL_CTL_DEL, 3, 0xc00019b24c) = -1 EPERM (Operation not permitted)
read(3, "// Copyright 2017 The Go Authors"..., 4096) = 4096
close(3)                                = 0
openat(AT_FDCWD, "/home/isa/go-1.13/src/math/bits/example_test.go", O_RDONLY|O_CLOEXEC) = 3
epoll_ctl(4, EPOLL_CTL_ADD, 3, {EPOLLIN|EPOLLOUT|EPOLLRDHUP|EPOLLET, {u32=1699692704, u64=140112122822816}}) = -1 EPERM (Operation not permitted)
epoll_ctl(4, EPOLL_CTL_DEL, 3, 0xc00019b24c) = -1 EPERM (Operation not permitted)
read(3, "// Copyright 2017 The Go Authors"..., 4096) = 4096
close(3)                                = 0
openat(AT_FDCWD, "/home/isa/go-1.13/src/math/bits/export_test.go", O_RDONLY|O_CLOEXEC) = 3
epoll_ctl(4, EPOLL_CTL_ADD, 3, {EPOLLIN|EPOLLOUT|EPOLLRDHUP|EPOLLET, {u32=1699692704, u64=140112122822816}}) = -1 EPERM (Operation not permitted)
epoll_ctl(4, EPOLL_CTL_DEL, 3, 0xc00019b24c) = -1 EPERM (Operation not permitted)
read(3, "// Copyright 2018 The Go Authors"..., 4096) = 204
close(3)                                = 0
openat(AT_FDCWD, "/home/isa/go-1.13/src/math/bits/make_examples.go", O_RDONLY|O_CLOEXEC) = 3
epoll_ctl(4, EPOLL_CTL_ADD, 3, {EPOLLIN|EPOLLOUT|EPOLLRDHUP|EPOLLET, {u32=1699692704, u64=140112122822816}}) = -1 EPERM (Operation not permitted)
epoll_ctl(4, EPOLL_CTL_DEL, 3, 0xc00019b24c) = -1 EPERM (Operation not permitted)
read(3, "// Copyright 2017 The Go Authors"..., 4096) = 3210
close(3)                                = 0
openat(AT_FDCWD, "/home/isa/go-1.13/src/math/bits/make_tables.go", O_RDONLY|O_CLOEXEC) = 3
epoll_ctl(4, EPOLL_CTL_ADD, 3, {EPOLLIN|EPOLLOUT|EPOLLRDHUP|EPOLLET, {u32=1699692704, u64=140112122822816}}) = -1 EPERM (Operation not permitted)
epoll_ctl(4, EPOLL_CTL_DEL, 3, 0xc00019b24c) = -1 EPERM (Operation not permitted)
read(3, "// Copyright 2017 The Go Authors"..., 4096) = 1505
close(3)                                = 0
newfstatat(AT_FDCWD, "/home/isa/go-1.13/src/math/bits/vendor", 0xc000356378, 0) = -1 ENOENT (No such file or directory)
newfstatat(AT_FDCWD, "/home/isa/go-1.13/src/vendor/strconv", 0xc000356448, 0) = -1 ENOENT (No such file or directory)
newfstatat(AT_FDCWD, "/home/isa/go-1.13/src/reflect/vendor", 0xc000356518, 0) = -1 ENOENT (No such file or directory)
newfstatat(AT_FDCWD, "/home/isa/go-1.13/src/vendor", {st_mode=S_IFDIR|0775, st_size=4096, ...}, 0) = 0
newfstatat(AT_FDCWD, "/home/isa/go-1.13/src/vendor/strconv", 0xc0003566b8, 0) = -1 ENOENT (No such file or directory)
newfstatat(AT_FDCWD, "/home", {st_mode=S_IFDIR|0755, st_size=4096, ...}, AT_SYMLINK_NOFOLLOW) = 0
newfstatat(AT_FDCWD, "/home/isa", {st_mode=S_IFDIR|0755, st_size=4096, ...}, AT_SYMLINK_NOFOLLOW) = 0
newfstatat(AT_FDCWD, "/home/isa/dekape", {st_mode=S_IFDIR|0755, st_size=4096, ...}, AT_SYMLINK_NOFOLLOW) = 0
newfstatat(AT_FDCWD, "/home/isa/dekape/go", {st_mode=S_IFDIR|0755, st_size=4096, ...}, AT_SYMLINK_NOFOLLOW) = 0
newfstatat(AT_FDCWD, "/home", {st_mode=S_IFDIR|0755, st_size=4096, ...}, AT_SYMLINK_NOFOLLOW) = 0
newfstatat(AT_FDCWD, "/home/isa", {st_mode=S_IFDIR|0755, st_size=4096, ...}, AT_SYMLINK_NOFOLLOW) = 0
newfstatat(AT_FDCWD, "/home/isa/go-1.13", {st_mode=S_IFDIR|0775, st_size=4096, ...}, AT_SYMLINK_NOFOLLOW) = 0
newfstatat(AT_FDCWD, "/home/isa/go-1.13/src", {st_mode=S_IFDIR|0775, st_size=4096, ...}, AT_SYMLINK_NOFOLLOW) = 0
newfstatat(AT_FDCWD, "/home/isa/go-1.13/src/reflect", {st_mode=S_IFDIR|0775, st_size=4096, ...}, AT_SYMLINK_NOFOLLOW) = 0
newfstatat(AT_FDCWD, "/home/isa/go-1.13/src/strconv", {st_mode=S_IFDIR|0775, st_size=4096, ...}, 0) = 0
openat(AT_FDCWD, "/home/isa/go-1.13/src/strconv", O_RDONLY|O_CLOEXEC) = 3
epoll_ctl(4, EPOLL_CTL_ADD, 3, {EPOLLIN|EPOLLOUT|EPOLLRDHUP|EPOLLET, {u32=1699692704, u64=140112122822816}}) = -1 EPERM (Operation not permitted)
epoll_ctl(4, EPOLL_CTL_DEL, 3, 0xc00019b7e4) = -1 EPERM (Operation not permitted)
getdents64(3, /* 26 entries */, 8192)   = 872
getdents64(3, /* 0 entries */, 8192)    = 0
newfstatat(AT_FDCWD, "/home/isa/go-1.13/src/strconv/itoa_test.go", {st_mode=S_IFREG|0664, st_size=5801, ...}, AT_SYMLINK_NOFOLLOW) = 0
newfstatat(AT_FDCWD, "/home/isa/go-1.13/src/strconv/fp_test.go", {st_mode=S_IFREG|0664, st_size=2983, ...}, AT_SYMLINK_NOFOLLOW) = 0
newfstatat(AT_FDCWD, "/home/isa/go-1.13/src/strconv/itoa.go", {st_mode=S_IFREG|0664, st_size=5431, ...}, AT_SYMLINK_NOFOLLOW) = 0
newfstatat(AT_FDCWD, "/home/isa/go-1.13/src/strconv/example_test.go", {st_mode=S_IFREG|0664, st_size=8388, ...}, AT_SYMLINK_NOFOLLOW) = 0
newfstatat(AT_FDCWD, "/home/isa/go-1.13/src/strconv/internal_test.go", {st_mode=S_IFREG|0664, st_size=385, ...}, AT_SYMLINK_NOFOLLOW) = 0
newfstatat(AT_FDCWD, "/home/isa/go-1.13/src/strconv/export_test.go", {st_mode=S_IFREG|0664, st_size=240, ...}, AT_SYMLINK_NOFOLLOW) = 0
newfstatat(AT_FDCWD, "/home/isa/go-1.13/src/strconv/extfloat.go", {st_mode=S_IFREG|0664, st_size=19661, ...}, AT_SYMLINK_NOFOLLOW) = 0
newfstatat(AT_FDCWD, "/home/isa/go-1.13/src/strconv/strconv_test.go", {st_mode=S_IFREG|0664, st_size=2927, ...}, AT_SYMLINK_NOFOLLOW) = 0
newfstatat(AT_FDCWD, "/home/isa/go-1.13/src/strconv/ftoa_test.go", {st_mode=S_IFREG|0664, st_size=7523, ...}, AT_SYMLINK_NOFOLLOW) = 0
newfstatat(AT_FDCWD, "/home/isa/go-1.13/src/strconv/isprint.go", {st_mode=S_IFREG|0664, st_size=10920, ...}, AT_SYMLINK_NOFOLLOW) = 0
newfstatat(AT_FDCWD, "/home/isa/go-1.13/src/strconv/ftoa.go", {st_mode=S_IFREG|0664, st_size=14379, ...}, AT_SYMLINK_NOFOLLOW) = 0
newfstatat(AT_FDCWD, "/home/isa/go-1.13/src/strconv/doc.go", {st_mode=S_IFREG|0664, st_size=1916, ...}, AT_SYMLINK_NOFOLLOW) = 0
newfstatat(AT_FDCWD, "/home/isa/go-1.13/src/strconv/atof_test.go", {st_mode=S_IFREG|0664, st_size=21798, ...}, AT_SYMLINK_NOFOLLOW) = 0
newfstatat(AT_FDCWD, "/home/isa/go-1.13/src/strconv/quote.go", {st_mode=S_IFREG|0664, st_size=14880, ...}, AT_SYMLINK_NOFOLLOW) = 0
newfstatat(AT_FDCWD, "/home/isa/go-1.13/src/strconv/testdata", {st_mode=S_IFDIR|0775, st_size=4096, ...}, AT_SYMLINK_NOFOLLOW) = 0
newfstatat(AT_FDCWD, "/home/isa/go-1.13/src/strconv/makeisprint.go", {st_mode=S_IFREG|0664, st_size=4932, ...}, AT_SYMLINK_NOFOLLOW) = 0
newfstatat(AT_FDCWD, "/home/isa/go-1.13/src/strconv/atoi.go", {st_mode=S_IFREG|0664, st_size=7606, ...}, AT_SYMLINK_NOFOLLOW) = 0
newfstatat(AT_FDCWD, "/home/isa/go-1.13/src/strconv/atob_test.go", {st_mode=S_IFREG|0664, st_size=1931, ...}, AT_SYMLINK_NOFOLLOW) = 0
newfstatat(AT_FDCWD, "/home/isa/go-1.13/src/strconv/atob.go", {st_mode=S_IFREG|0664, st_size=974, ...}, AT_SYMLINK_NOFOLLOW) = 0
newfstatat(AT_FDCWD, "/home/isa/go-1.13/src/strconv/decimal_test.go", {st_mode=S_IFREG|0664, st_size=3087, ...}, AT_SYMLINK_NOFOLLOW) = 0
newfstatat(AT_FDCWD, "/home/isa/go-1.13/src/strconv/atof.go", {st_mode=S_IFREG|0664, st_size=14965, ...}, AT_SYMLINK_NOFOLLOW) = 0
newfstatat(AT_FDCWD, "/home/isa/go-1.13/src/strconv/atoi_test.go", {st_mode=S_IFREG|0664, st_size=17082, ...}, AT_SYMLINK_NOFOLLOW) = 0
newfstatat(AT_FDCWD, "/home/isa/go-1.13/src/strconv/quote_test.go", {st_mode=S_IFREG|0664, st_size=9208, ...}, AT_SYMLINK_NOFOLLOW) = 0
newfstatat(AT_FDCWD, "/home/isa/go-1.13/src/strconv/decimal.go", {st_mode=S_IFREG|0664, st_size=11299, ...}, AT_SYMLINK_NOFOLLOW) = 0
close(3)                                = 0
openat(AT_FDCWD, "/home/isa/go-1.13/src/strconv/atob.go", O_RDONLY|O_CLOEXEC) = 3
epoll_ctl(4, EPOLL_CTL_ADD, 3, {EPOLLIN|EPOLLOUT|EPOLLRDHUP|EPOLLET, {u32=1699692704, u64=140112122822816}}) = -1 EPERM (Operation not permitted)
epoll_ctl(4, EPOLL_CTL_DEL, 3, 0xc00019b78c) = -1 EPERM (Operation not permitted)
read(3, "// Copyright 2009 The Go Authors"..., 4096) = 974
close(3)                                = 0
openat(AT_FDCWD, "/home/isa/go-1.13/src/strconv/atob_test.go", O_RDONLY|O_CLOEXEC) = 3
epoll_ctl(4, EPOLL_CTL_ADD, 3, {EPOLLIN|EPOLLOUT|EPOLLRDHUP|EPOLLET, {u32=1699692704, u64=140112122822816}}) = -1 EPERM (Operation not permitted)
epoll_ctl(4, EPOLL_CTL_DEL, 3, 0xc00019b78c) = -1 EPERM (Operation not permitted)
read(3, "// Copyright 2009 The Go Authors"..., 4096) = 1931
close(3)                                = 0
openat(AT_FDCWD, "/home/isa/go-1.13/src/strconv/atof.go", O_RDONLY|O_CLOEXEC) = 3
epoll_ctl(4, EPOLL_CTL_ADD, 3, {EPOLLIN|EPOLLOUT|EPOLLRDHUP|EPOLLET, {u32=1699692704, u64=140112122822816}}) = -1 EPERM (Operation not permitted)
epoll_ctl(4, EPOLL_CTL_DEL, 3, 0xc00019b78c) = -1 EPERM (Operation not permitted)
read(3, "// Copyright 2009 The Go Authors"..., 4096) = 4096
close(3)                                = 0
openat(AT_FDCWD, "/home/isa/go-1.13/src/strconv/atof_test.go", O_RDONLY|O_CLOEXEC) = 3
epoll_ctl(4, EPOLL_CTL_ADD, 3, {EPOLLIN|EPOLLOUT|EPOLLRDHUP|EPOLLET, {u32=1699692704, u64=140112122822816}}) = -1 EPERM (Operation not permitted)
epoll_ctl(4, EPOLL_CTL_DEL, 3, 0xc00019b78c) = -1 EPERM (Operation not permitted)
read(3, "// Copyright 2009 The Go Authors"..., 4096) = 4096
close(3)                                = 0
openat(AT_FDCWD, "/home/isa/go-1.13/src/strconv/atoi.go", O_RDONLY|O_CLOEXEC) = 3
epoll_ctl(4, EPOLL_CTL_ADD, 3, {EPOLLIN|EPOLLOUT|EPOLLRDHUP|EPOLLET, {u32=1699692704, u64=140112122822816}}) = -1 EPERM (Operation not permitted)
epoll_ctl(4, EPOLL_CTL_DEL, 3, 0xc00019b78c) = -1 EPERM (Operation not permitted)
read(3, "// Copyright 2009 The Go Authors"..., 4096) = 4096
close(3)                                = 0
openat(AT_FDCWD, "/home/isa/go-1.13/src/strconv/atoi_test.go", O_RDONLY|O_CLOEXEC) = 3
epoll_ctl(4, EPOLL_CTL_ADD, 3, {EPOLLIN|EPOLLOUT|EPOLLRDHUP|EPOLLET, {u32=1699692704, u64=140112122822816}}) = -1 EPERM (Operation not permitted)
epoll_ctl(4, EPOLL_CTL_DEL, 3, 0xc00019b78c) = -1 EPERM (Operation not permitted)
read(3, "// Copyright 2009 The Go Authors"..., 4096) = 4096
close(3)                                = 0
openat(AT_FDCWD, "/home/isa/go-1.13/src/strconv/decimal.go", O_RDONLY|O_CLOEXEC) = 3
epoll_ctl(4, EPOLL_CTL_ADD, 3, {EPOLLIN|EPOLLOUT|EPOLLRDHUP|EPOLLET, {u32=1699692704, u64=140112122822816}}) = -1 EPERM (Operation not permitted)
epoll_ctl(4, EPOLL_CTL_DEL, 3, 0xc00019b78c) = -1 EPERM (Operation not permitted)
read(3, "// Copyright 2009 The Go Authors"..., 4096) = 4096
close(3)                                = 0
openat(AT_FDCWD, "/home/isa/go-1.13/src/strconv/decimal_test.go", O_RDONLY|O_CLOEXEC) = 3
epoll_ctl(4, EPOLL_CTL_ADD, 3, {EPOLLIN|EPOLLOUT|EPOLLRDHUP|EPOLLET, {u32=1699692704, u64=140112122822816}}) = -1 EPERM (Operation not permitted)
epoll_ctl(4, EPOLL_CTL_DEL, 3, 0xc00019b78c) = -1 EPERM (Operation not permitted)
read(3, "// Copyright 2009 The Go Authors"..., 4096) = 3087
close(3)                                = 0
openat(AT_FDCWD, "/home/isa/go-1.13/src/strconv/doc.go", O_RDONLY|O_CLOEXEC) = 3
epoll_ctl(4, EPOLL_CTL_ADD, 3, {EPOLLIN|EPOLLOUT|EPOLLRDHUP|EPOLLET, {u32=1699692704, u64=140112122822816}}) = -1 EPERM (Operation not permitted)
epoll_ctl(4, EPOLL_CTL_DEL, 3, 0xc00019b78c) = -1 EPERM (Operation not permitted)
read(3, "// Copyright 2015 The Go Authors"..., 4096) = 1916
read(3, "", 4096)                       = 0
close(3)                                = 0
openat(AT_FDCWD, "/home/isa/go-1.13/src/strconv/example_test.go", O_RDONLY|O_CLOEXEC) = 3
epoll_ctl(4, EPOLL_CTL_ADD, 3, {EPOLLIN|EPOLLOUT|EPOLLRDHUP|EPOLLET, {u32=1699692704, u64=140112122822816}}) = -1 EPERM (Operation not permitted)
epoll_ctl(4, EPOLL_CTL_DEL, 3, 0xc00019b78c) = -1 EPERM (Operation not permitted)
read(3, "// Copyright 2015 The Go Authors"..., 4096) = 4096
close(3)                                = 0
openat(AT_FDCWD, "/home/isa/go-1.13/src/strconv/export_test.go", O_RDONLY|O_CLOEXEC) = 3
epoll_ctl(4, EPOLL_CTL_ADD, 3, {EPOLLIN|EPOLLOUT|EPOLLRDHUP|EPOLLET, {u32=1699692704, u64=140112122822816}}) = -1 EPERM (Operation not permitted)
epoll_ctl(4, EPOLL_CTL_DEL, 3, 0xc00019b78c) = -1 EPERM (Operation not permitted)
read(3, "// Copyright 2017 The Go Authors"..., 4096) = 240
close(3)                                = 0
openat(AT_FDCWD, "/home/isa/go-1.13/src/strconv/extfloat.go", O_RDONLY|O_CLOEXEC) = 3
epoll_ctl(4, EPOLL_CTL_ADD, 3, {EPOLLIN|EPOLLOUT|EPOLLRDHUP|EPOLLET, {u32=1699692704, u64=140112122822816}}) = -1 EPERM (Operation not permitted)
epoll_ctl(4, EPOLL_CTL_DEL, 3, 0xc00019b78c) = -1 EPERM (Operation not permitted)
read(3, "// Copyright 2011 The Go Authors"..., 4096) = 4096
close(3)                                = 0
openat(AT_FDCWD, "/home/isa/go-1.13/src/strconv/fp_test.go", O_RDONLY|O_CLOEXEC) = 3
epoll_ctl(4, EPOLL_CTL_ADD, 3, {EPOLLIN|EPOLLOUT|EPOLLRDHUP|EPOLLET, {u32=1699692704, u64=140112122822816}}) = -1 EPERM (Operation not permitted)
epoll_ctl(4, EPOLL_CTL_DEL, 3, 0xc00019b78c) = -1 EPERM (Operation not permitted)
read(3, "// Copyright 2009 The Go Authors"..., 4096) = 2983
close(3)                                = 0
openat(AT_FDCWD, "/home/isa/go-1.13/src/strconv/ftoa.go", O_RDONLY|O_CLOEXEC) = 3
epoll_ctl(4, EPOLL_CTL_ADD, 3, {EPOLLIN|EPOLLOUT|EPOLLRDHUP|EPOLLET, {u32=1699692704, u64=140112122822816}}) = -1 EPERM (Operation not permitted)
epoll_ctl(4, EPOLL_CTL_DEL, 3, 0xc00019b78c) = -1 EPERM (Operation not permitted)
read(3, "// Copyright 2009 The Go Authors"..., 4096) = 4096
close(3)                                = 0
openat(AT_FDCWD, "/home/isa/go-1.13/src/strconv/ftoa_test.go", O_RDONLY|O_CLOEXEC) = 3
epoll_ctl(4, EPOLL_CTL_ADD, 3, {EPOLLIN|EPOLLOUT|EPOLLRDHUP|EPOLLET, {u32=1699692704, u64=140112122822816}}) = -1 EPERM (Operation not permitted)
epoll_ctl(4, EPOLL_CTL_DEL, 3, 0xc00019b78c) = -1 EPERM (Operation not permitted)
read(3, "// Copyright 2009 The Go Authors"..., 4096) = 4096
close(3)                                = 0
openat(AT_FDCWD, "/home/isa/go-1.13/src/strconv/internal_test.go", O_RDONLY|O_CLOEXEC) = 3
epoll_ctl(4, EPOLL_CTL_ADD, 3, {EPOLLIN|EPOLLOUT|EPOLLRDHUP|EPOLLET, {u32=1699692704, u64=140112122822816}}) = -1 EPERM (Operation not permitted)
epoll_ctl(4, EPOLL_CTL_DEL, 3, 0xc00019b78c) = -1 EPERM (Operation not permitted)
read(3, "// Copyright 2009 The Go Authors"..., 4096) = 385
close(3)                                = 0
openat(AT_FDCWD, "/home/isa/go-1.13/src/strconv/isprint.go", O_RDONLY|O_CLOEXEC) = 3
epoll_ctl(4, EPOLL_CTL_ADD, 3, {EPOLLIN|EPOLLOUT|EPOLLRDHUP|EPOLLET, {u32=1699692704, u64=140112122822816}}) = -1 EPERM (Operation not permitted)
epoll_ctl(4, EPOLL_CTL_DEL, 3, 0xc00019b78c) = -1 EPERM (Operation not permitted)
read(3, "// Copyright 2013 The Go Authors"..., 4096) = 4096
close(3)                                = 0
openat(AT_FDCWD, "/home/isa/go-1.13/src/strconv/itoa.go", O_RDONLY|O_CLOEXEC) = 3
epoll_ctl(4, EPOLL_CTL_ADD, 3, {EPOLLIN|EPOLLOUT|EPOLLRDHUP|EPOLLET, {u32=1699692704, u64=140112122822816}}) = -1 EPERM (Operation not permitted)
epoll_ctl(4, EPOLL_CTL_DEL, 3, 0xc00019b78c) = -1 EPERM (Operation not permitted)
read(3, "// Copyright 2009 The Go Authors"..., 4096) = 4096
close(3)                                = 0
openat(AT_FDCWD, "/home/isa/go-1.13/src/strconv/itoa_test.go", O_RDONLY|O_CLOEXEC) = 3
epoll_ctl(4, EPOLL_CTL_ADD, 3, {EPOLLIN|EPOLLOUT|EPOLLRDHUP|EPOLLET, {u32=1699692704, u64=140112122822816}}) = -1 EPERM (Operation not permitted)
epoll_ctl(4, EPOLL_CTL_DEL, 3, 0xc00019b78c) = -1 EPERM (Operation not permitted)
read(3, "// Copyright 2009 The Go Authors"..., 4096) = 4096
close(3)                                = 0
openat(AT_FDCWD, "/home/isa/go-1.13/src/strconv/makeisprint.go", O_RDONLY|O_CLOEXEC) = 3
epoll_ctl(4, EPOLL_CTL_ADD, 3, {EPOLLIN|EPOLLOUT|EPOLLRDHUP|EPOLLET, {u32=1699692704, u64=140112122822816}}) = -1 EPERM (Operation not permitted)
epoll_ctl(4, EPOLL_CTL_DEL, 3, 0xc00019b78c) = -1 EPERM (Operation not permitted)
read(3, "// Copyright 2012 The Go Authors"..., 4096) = 4096
close(3)                                = 0
openat(AT_FDCWD, "/home/isa/go-1.13/src/strconv/quote.go", O_RDONLY|O_CLOEXEC) = 3
epoll_ctl(4, EPOLL_CTL_ADD, 3, {EPOLLIN|EPOLLOUT|EPOLLRDHUP|EPOLLET, {u32=1699692704, u64=140112122822816}}) = -1 EPERM (Operation not permitted)
epoll_ctl(4, EPOLL_CTL_DEL, 3, 0xc00019b78c) = -1 EPERM (Operation not permitted)
read(3, "// Copyright 2009 The Go Authors"..., 4096) = 4096
close(3)                                = 0
openat(AT_FDCWD, "/home/isa/go-1.13/src/strconv/quote_test.go", O_RDONLY|O_CLOEXEC) = 3
epoll_ctl(4, EPOLL_CTL_ADD, 3, {EPOLLIN|EPOLLOUT|EPOLLRDHUP|EPOLLET, {u32=1699692704, u64=140112122822816}}) = -1 EPERM (Operation not permitted)
epoll_ctl(4, EPOLL_CTL_DEL, 3, 0xc00019b78c) = -1 EPERM (Operation not permitted)
read(3, "// Copyright 2009 The Go Authors"..., 4096) = 4096
close(3)                                = 0
openat(AT_FDCWD, "/home/isa/go-1.13/src/strconv/strconv_test.go", O_RDONLY|O_CLOEXEC) = 3
epoll_ctl(4, EPOLL_CTL_ADD, 3, {EPOLLIN|EPOLLOUT|EPOLLRDHUP|EPOLLET, {u32=1699692704, u64=140112122822816}}) = -1 EPERM (Operation not permitted)
epoll_ctl(4, EPOLL_CTL_DEL, 3, 0xc00019b78c) = -1 EPERM (Operation not permitted)
read(3, "// Copyright 2012 The Go Authors"..., 4096) = 2927
close(3)                                = 0
newfstatat(AT_FDCWD, "/home/isa/go-1.13/src/strconv/vendor", 0xc000368378, 0) = -1 ENOENT (No such file or directory)
newfstatat(AT_FDCWD, "/home/isa/go-1.13/src/vendor/unicode/utf8", 0xc000368448, 0) = -1 ENOENT (No such file or directory)
newfstatat(AT_FDCWD, "/home/isa/go-1.13/src/strconv/vendor", 0xc000368518, 0) = -1 ENOENT (No such file or directory)
newfstatat(AT_FDCWD, "/home/isa/go-1.13/src/vendor", {st_mode=S_IFDIR|0775, st_size=4096, ...}, 0) = 0
newfstatat(AT_FDCWD, "/home/isa/go-1.13/src/vendor/unicode/utf8", 0xc0003686b8, 0) = -1 ENOENT (No such file or directory)
newfstatat(AT_FDCWD, "/home", {st_mode=S_IFDIR|0755, st_size=4096, ...}, AT_SYMLINK_NOFOLLOW) = 0
newfstatat(AT_FDCWD, "/home/isa", {st_mode=S_IFDIR|0755, st_size=4096, ...}, AT_SYMLINK_NOFOLLOW) = 0
newfstatat(AT_FDCWD, "/home/isa/dekape", {st_mode=S_IFDIR|0755, st_size=4096, ...}, AT_SYMLINK_NOFOLLOW) = 0
newfstatat(AT_FDCWD, "/home/isa/dekape/go", {st_mode=S_IFDIR|0755, st_size=4096, ...}, AT_SYMLINK_NOFOLLOW) = 0
newfstatat(AT_FDCWD, "/home", {st_mode=S_IFDIR|0755, st_size=4096, ...}, AT_SYMLINK_NOFOLLOW) = 0
newfstatat(AT_FDCWD, "/home/isa", {st_mode=S_IFDIR|0755, st_size=4096, ...}, AT_SYMLINK_NOFOLLOW) = 0
newfstatat(AT_FDCWD, "/home/isa/go-1.13", {st_mode=S_IFDIR|0775, st_size=4096, ...}, AT_SYMLINK_NOFOLLOW) = 0
newfstatat(AT_FDCWD, "/home/isa/go-1.13/src", {st_mode=S_IFDIR|0775, st_size=4096, ...}, AT_SYMLINK_NOFOLLOW) = 0
newfstatat(AT_FDCWD, "/home/isa/go-1.13/src/strconv", {st_mode=S_IFDIR|0775, st_size=4096, ...}, AT_SYMLINK_NOFOLLOW) = 0
newfstatat(AT_FDCWD, "/home/isa/go-1.13/src/unicode/utf8", {st_mode=S_IFDIR|0775, st_size=4096, ...}, 0) = 0
openat(AT_FDCWD, "/home/isa/go-1.13/src/unicode/utf8", O_RDONLY|O_CLOEXEC) = 3
epoll_ctl(4, EPOLL_CTL_ADD, 3, {EPOLLIN|EPOLLOUT|EPOLLRDHUP|EPOLLET, {u32=1699692704, u64=140112122822816}}) = -1 EPERM (Operation not permitted)
epoll_ctl(4, EPOLL_CTL_DEL, 3, 0xc00019b2a4) = -1 EPERM (Operation not permitted)
getdents64(3, /* 5 entries */, 8192)    = 152
getdents64(3, /* 0 entries */, 8192)    = 0
newfstatat(AT_FDCWD, "/home/isa/go-1.13/src/unicode/utf8/example_test.go", {st_mode=S_IFREG|0664, st_size=3060, ...}, AT_SYMLINK_NOFOLLOW) = 0
newfstatat(AT_FDCWD, "/home/isa/go-1.13/src/unicode/utf8/utf8.go", {st_mode=S_IFREG|0664, st_size=14384, ...}, AT_SYMLINK_NOFOLLOW) = 0
newfstatat(AT_FDCWD, "/home/isa/go-1.13/src/unicode/utf8/utf8_test.go", {st_mode=S_IFREG|0664, st_size=14413, ...}, AT_SYMLINK_NOFOLLOW) = 0
close(3)                                = 0
openat(AT_FDCWD, "/home/isa/go-1.13/src/unicode/utf8/example_test.go", O_RDONLY|O_CLOEXEC) = 3
epoll_ctl(4, EPOLL_CTL_ADD, 3, {EPOLLIN|EPOLLOUT|EPOLLRDHUP|EPOLLET, {u32=1699692704, u64=140112122822816}}) = -1 EPERM (Operation not permitted)
epoll_ctl(4, EPOLL_CTL_DEL, 3, 0xc00019b24c) = -1 EPERM (Operation not permitted)
read(3, "// Copyright 2013 The Go Authors"..., 4096) = 3060
close(3)                                = 0
openat(AT_FDCWD, "/home/isa/go-1.13/src/unicode/utf8/utf8.go", O_RDONLY|O_CLOEXEC) = 3
epoll_ctl(4, EPOLL_CTL_ADD, 3, {EPOLLIN|EPOLLOUT|EPOLLRDHUP|EPOLLET, {u32=1699692704, u64=140112122822816}}) = -1 EPERM (Operation not permitted)
epoll_ctl(4, EPOLL_CTL_DEL, 3, 0xc00019b24c) = -1 EPERM (Operation not permitted)
read(3, "// Copyright 2009 The Go Authors"..., 4096) = 4096
close(3)                                = 0
openat(AT_FDCWD, "/home/isa/go-1.13/src/unicode/utf8/utf8_test.go", O_RDONLY|O_CLOEXEC) = 3
epoll_ctl(4, EPOLL_CTL_ADD, 3, {EPOLLIN|EPOLLOUT|EPOLLRDHUP|EPOLLET, {u32=1699692704, u64=140112122822816}}) = -1 EPERM (Operation not permitted)
epoll_ctl(4, EPOLL_CTL_DEL, 3, 0xc00019b24c) = -1 EPERM (Operation not permitted)
read(3, "// Copyright 2009 The Go Authors"..., 4096) = 4096
close(3)                                = 0
newfstatat(AT_FDCWD, "/home/isa/go-1.13/src/vendor/sync", 0xc000369218, 0) = -1 ENOENT (No such file or directory)
newfstatat(AT_FDCWD, "/home/isa/go-1.13/src/reflect/vendor", 0xc0003692e8, 0) = -1 ENOENT (No such file or directory)
newfstatat(AT_FDCWD, "/home/isa/go-1.13/src/vendor", {st_mode=S_IFDIR|0775, st_size=4096, ...}, 0) = 0
newfstatat(AT_FDCWD, "/home/isa/go-1.13/src/vendor/sync", 0xc000369488, 0) = -1 ENOENT (No such file or directory)
newfstatat(AT_FDCWD, "/home", {st_mode=S_IFDIR|0755, st_size=4096, ...}, AT_SYMLINK_NOFOLLOW) = 0
newfstatat(AT_FDCWD, "/home/isa", {st_mode=S_IFDIR|0755, st_size=4096, ...}, AT_SYMLINK_NOFOLLOW) = 0
newfstatat(AT_FDCWD, "/home/isa/dekape", {st_mode=S_IFDIR|0755, st_size=4096, ...}, AT_SYMLINK_NOFOLLOW) = 0
newfstatat(AT_FDCWD, "/home/isa/dekape/go", {st_mode=S_IFDIR|0755, st_size=4096, ...}, AT_SYMLINK_NOFOLLOW) = 0
newfstatat(AT_FDCWD, "/home", {st_mode=S_IFDIR|0755, st_size=4096, ...}, AT_SYMLINK_NOFOLLOW) = 0
newfstatat(AT_FDCWD, "/home/isa", {st_mode=S_IFDIR|0755, st_size=4096, ...}, AT_SYMLINK_NOFOLLOW) = 0
newfstatat(AT_FDCWD, "/home/isa/go-1.13", {st_mode=S_IFDIR|0775, st_size=4096, ...}, AT_SYMLINK_NOFOLLOW) = 0
newfstatat(AT_FDCWD, "/home/isa/go-1.13/src", {st_mode=S_IFDIR|0775, st_size=4096, ...}, AT_SYMLINK_NOFOLLOW) = 0
newfstatat(AT_FDCWD, "/home/isa/go-1.13/src/reflect", {st_mode=S_IFDIR|0775, st_size=4096, ...}, AT_SYMLINK_NOFOLLOW) = 0
newfstatat(AT_FDCWD, "/home/isa/go-1.13/src/sync", {st_mode=S_IFDIR|0775, st_size=4096, ...}, 0) = 0
openat(AT_FDCWD, "/home/isa/go-1.13/src/sync", O_RDONLY|O_CLOEXEC) = 3
epoll_ctl(4, EPOLL_CTL_ADD, 3, {EPOLLIN|EPOLLOUT|EPOLLRDHUP|EPOLLET, {u32=1699692704, u64=140112122822816}}) = -1 EPERM (Operation not permitted)
epoll_ctl(4, EPOLL_CTL_DEL, 3, 0xc00019b7e4) = -1 EPERM (Operation not permitted)
getdents64(3, /* 25 entries */, 8192)   = 864
getdents64(3, /* 0 entries */, 8192)    = 0
newfstatat(AT_FDCWD, "/home/isa/go-1.13/src/sync/poolqueue.go", {st_mode=S_IFREG|0664, st_size=9085, ...}, AT_SYMLINK_NOFOLLOW) = 0
newfstatat(AT_FDCWD, "/home/isa/go-1.13/src/sync/map_bench_test.go", {st_mode=S_IFREG|0664, st_size=4905, ...}, AT_SYMLINK_NOFOLLOW) = 0
newfstatat(AT_FDCWD, "/home/isa/go-1.13/src/sync/example_test.go", {st_mode=S_IFREG|0664, st_size=1165, ...}, AT_SYMLINK_NOFOLLOW) = 0
newfstatat(AT_FDCWD, "/home/isa/go-1.13/src/sync/export_test.go", {st_mode=S_IFREG|0664, st_size=1297, ...}, AT_SYMLINK_NOFOLLOW) = 0
newfstatat(AT_FDCWD, "/home/isa/go-1.13/src/sync/example_pool_test.go", {st_mode=S_IFREG|0664, st_size=1025, ...}, AT_SYMLINK_NOFOLLOW) = 0
newfstatat(AT_FDCWD, "/home/isa/go-1.13/src/sync/map_reference_test.go", {st_mode=S_IFREG|0664, st_size=3468, ...}, AT_SYMLINK_NOFOLLOW) = 0
newfstatat(AT_FDCWD, "/home/isa/go-1.13/src/sync/runtime.go", {st_mode=S_IFREG|0664, st_size=2223, ...}, AT_SYMLINK_NOFOLLOW) = 0
newfstatat(AT_FDCWD, "/home/isa/go-1.13/src/sync/once_test.go", {st_mode=S_IFREG|0664, st_size=1125, ...}, AT_SYMLINK_NOFOLLOW) = 0
newfstatat(AT_FDCWD, "/home/isa/go-1.13/src/sync/map.go", {st_mode=S_IFREG|0664, st_size=11261, ...}, AT_SYMLINK_NOFOLLOW) = 0
newfstatat(AT_FDCWD, "/home/isa/go-1.13/src/sync/mutex_test.go", {st_mode=S_IFREG|0664, st_size=5833, ...}, AT_SYMLINK_NOFOLLOW) = 0
newfstatat(AT_FDCWD, "/home/isa/go-1.13/src/sync/atomic", {st_mode=S_IFDIR|0775, st_size=4096, ...}, AT_SYMLINK_NOFOLLOW) = 0
newfstatat(AT_FDCWD, "/home/isa/go-1.13/src/sync/waitgroup.go", {st_mode=S_IFREG|0664, st_size=4520, ...}, AT_SYMLINK_NOFOLLOW) = 0
newfstatat(AT_FDCWD, "/home/isa/go-1.13/src/sync/pool.go", {st_mode=S_IFREG|0664, st_size=8346, ...}, AT_SYMLINK_NOFOLLOW) = 0
newfstatat(AT_FDCWD, "/home/isa/go-1.13/src/sync/cond.go", {st_mode=S_IFREG|0664, st_size=2604, ...}, AT_SYMLINK_NOFOLLOW) = 0
newfstatat(AT_FDCWD, "/home/isa/go-1.13/src/sync/rwmutex.go", {st_mode=S_IFREG|0664, st_size=4522, ...}, AT_SYMLINK_NOFOLLOW) = 0
newfstatat(AT_FDCWD, "/home/isa/go-1.13/src/sync/waitgroup_test.go", {st_mode=S_IFREG|0664, st_size=5847, ...}, AT_SYMLINK_NOFOLLOW) = 0
newfstatat(AT_FDCWD, "/home/isa/go-1.13/src/sync/pool_test.go", {st_mode=S_IFREG|0664, st_size=7429, ...}, AT_SYMLINK_NOFOLLOW) = 0
newfstatat(AT_FDCWD, "/home/isa/go-1.13/src/sync/once.go", {st_mode=S_IFREG|0664, st_size=2301, ...}, AT_SYMLINK_NOFOLLOW) = 0
newfstatat(AT_FDCWD, "/home/isa/go-1.13/src/sync/runtime_sema_test.go", {st_mode=S_IFREG|0664, st_size=1375, ...}, AT_SYMLINK_NOFOLLOW) = 0
newfstatat(AT_FDCWD, "/home/isa/go-1.13/src/sync/mutex.go", {st_mode=S_IFREG|0664, st_size=7412, ...}, AT_SYMLINK_NOFOLLOW) = 0
newfstatat(AT_FDCWD, "/home/isa/go-1.13/src/sync/rwmutex_test.go", {st_mode=S_IFREG|0664, st_size=4468, ...}, AT_SYMLINK_NOFOLLOW) = 0
newfstatat(AT_FDCWD, "/home/isa/go-1.13/src/sync/map_test.go", {st_mode=S_IFREG|0664, st_size=3528, ...}, AT_SYMLINK_NOFOLLOW) = 0
newfstatat(AT_FDCWD, "/home/isa/go-1.13/src/sync/cond_test.go", {st_mode=S_IFREG|0664, st_size=5190, ...}, AT_SYMLINK_NOFOLLOW) = 0
close(3)                                = 0
openat(AT_FDCWD, "/home/isa/go-1.13/src/sync/cond.go", O_RDONLY|O_CLOEXEC) = 3
epoll_ctl(4, EPOLL_CTL_ADD, 3, {EPOLLIN|EPOLLOUT|EPOLLRDHUP|EPOLLET, {u32=1699692704, u64=140112122822816}}) = -1 EPERM (Operation not permitted)
epoll_ctl(4, EPOLL_CTL_DEL, 3, 0xc00019b78c) = -1 EPERM (Operation not permitted)
read(3, "// Copyright 2011 The Go Authors"..., 4096) = 2604
close(3)                                = 0
openat(AT_FDCWD, "/home/isa/go-1.13/src/sync/cond_test.go", O_RDONLY|O_CLOEXEC) = 3
epoll_ctl(4, EPOLL_CTL_ADD, 3, {EPOLLIN|EPOLLOUT|EPOLLRDHUP|EPOLLET, {u32=1699692704, u64=140112122822816}}) = -1 EPERM (Operation not permitted)
epoll_ctl(4, EPOLL_CTL_DEL, 3, 0xc00019b78c) = -1 EPERM (Operation not permitted)
read(3, "// Copyright 2011 The Go Authors"..., 4096) = 4096
close(3)                                = 0
openat(AT_FDCWD, "/home/isa/go-1.13/src/sync/example_pool_test.go", O_RDONLY|O_CLOEXEC) = 3
epoll_ctl(4, EPOLL_CTL_ADD, 3, {EPOLLIN|EPOLLOUT|EPOLLRDHUP|EPOLLET, {u32=1699692704, u64=140112122822816}}) = -1 EPERM (Operation not permitted)
epoll_ctl(4, EPOLL_CTL_DEL, 3, 0xc00019b78c) = -1 EPERM (Operation not permitted)
read(3, "// Copyright 2016 The Go Authors"..., 4096) = 1025
close(3)                                = 0
openat(AT_FDCWD, "/home/isa/go-1.13/src/sync/example_test.go", O_RDONLY|O_CLOEXEC) = 3
epoll_ctl(4, EPOLL_CTL_ADD, 3, {EPOLLIN|EPOLLOUT|EPOLLRDHUP|EPOLLET, {u32=1699692704, u64=140112122822816}}) = -1 EPERM (Operation not permitted)
epoll_ctl(4, EPOLL_CTL_DEL, 3, 0xc00019b78c) = -1 EPERM (Operation not permitted)
read(3, "// Copyright 2012 The Go Authors"..., 4096) = 1165
close(3)                                = 0
openat(AT_FDCWD, "/home/isa/go-1.13/src/sync/export_test.go", O_RDONLY|O_CLOEXEC) = 3
epoll_ctl(4, EPOLL_CTL_ADD, 3, {EPOLLIN|EPOLLOUT|EPOLLRDHUP|EPOLLET, {u32=1699692704, u64=140112122822816}}) = -1 EPERM (Operation not permitted)
epoll_ctl(4, EPOLL_CTL_DEL, 3, 0xc00019b78c) = -1 EPERM (Operation not permitted)
read(3, "// Copyright 2012 The Go Authors"..., 4096) = 1297
close(3)                                = 0
openat(AT_FDCWD, "/home/isa/go-1.13/src/sync/map.go", O_RDONLY|O_CLOEXEC) = 3
epoll_ctl(4, EPOLL_CTL_ADD, 3, {EPOLLIN|EPOLLOUT|EPOLLRDHUP|EPOLLET, {u32=1699692704, u64=140112122822816}}) = -1 EPERM (Operation not permitted)
epoll_ctl(4, EPOLL_CTL_DEL, 3, 0xc00019b78c) = -1 EPERM (Operation not permitted)
read(3, "// Copyright 2016 The Go Authors"..., 4096) = 4096
close(3)                                = 0
openat(AT_FDCWD, "/home/isa/go-1.13/src/sync/map_bench_test.go", O_RDONLY|O_CLOEXEC) = 3
epoll_ctl(4, EPOLL_CTL_ADD, 3, {EPOLLIN|EPOLLOUT|EPOLLRDHUP|EPOLLET, {u32=1699692704, u64=140112122822816}}) = -1 EPERM (Operation not permitted)
epoll_ctl(4, EPOLL_CTL_DEL, 3, 0xc00019b78c) = -1 EPERM (Operation not permitted)
read(3, "// Copyright 2016 The Go Authors"..., 4096) = 4096
close(3)                                = 0
openat(AT_FDCWD, "/home/isa/go-1.13/src/sync/map_reference_test.go", O_RDONLY|O_CLOEXEC) = 3
epoll_ctl(4, EPOLL_CTL_ADD, 3, {EPOLLIN|EPOLLOUT|EPOLLRDHUP|EPOLLET, {u32=1699692704, u64=140112122822816}}) = -1 EPERM (Operation not permitted)
epoll_ctl(4, EPOLL_CTL_DEL, 3, 0xc00019b78c) = -1 EPERM (Operation not permitted)
read(3, "// Copyright 2016 The Go Authors"..., 4096) = 3468
close(3)                                = 0
openat(AT_FDCWD, "/home/isa/go-1.13/src/sync/map_test.go", O_RDONLY|O_CLOEXEC) = 3
epoll_ctl(4, EPOLL_CTL_ADD, 3, {EPOLLIN|EPOLLOUT|EPOLLRDHUP|EPOLLET, {u32=1699692704, u64=140112122822816}}) = -1 EPERM (Operation not permitted)
epoll_ctl(4, EPOLL_CTL_DEL, 3, 0xc00019b78c) = -1 EPERM (Operation not permitted)
read(3, "// Copyright 2016 The Go Authors"..., 4096) = 3528
close(3)                                = 0
openat(AT_FDCWD, "/home/isa/go-1.13/src/sync/mutex.go", O_RDONLY|O_CLOEXEC) = 3
epoll_ctl(4, EPOLL_CTL_ADD, 3, {EPOLLIN|EPOLLOUT|EPOLLRDHUP|EPOLLET, {u32=1699692704, u64=140112122822816}}) = -1 EPERM (Operation not permitted)
epoll_ctl(4, EPOLL_CTL_DEL, 3, 0xc00019b78c) = -1 EPERM (Operation not permitted)
read(3, "// Copyright 2009 The Go Authors"..., 4096) = 4096
close(3)                                = 0
openat(AT_FDCWD, "/home/isa/go-1.13/src/sync/mutex_test.go", O_RDONLY|O_CLOEXEC) = 3
epoll_ctl(4, EPOLL_CTL_ADD, 3, {EPOLLIN|EPOLLOUT|EPOLLRDHUP|EPOLLET, {u32=1699692704, u64=140112122822816}}) = -1 EPERM (Operation not permitted)
epoll_ctl(4, EPOLL_CTL_DEL, 3, 0xc00019b78c) = -1 EPERM (Operation not permitted)
read(3, "// Copyright 2009 The Go Authors"..., 4096) = 4096
close(3)                                = 0
openat(AT_FDCWD, "/home/isa/go-1.13/src/sync/once.go", O_RDONLY|O_CLOEXEC) = 3
epoll_ctl(4, EPOLL_CTL_ADD, 3, {EPOLLIN|EPOLLOUT|EPOLLRDHUP|EPOLLET, {u32=1699692704, u64=140112122822816}}) = -1 EPERM (Operation not permitted)
epoll_ctl(4, EPOLL_CTL_DEL, 3, 0xc00019b78c) = -1 EPERM (Operation not permitted)
read(3, "// Copyright 2009 The Go Authors"..., 4096) = 2301
close(3)                                = 0
openat(AT_FDCWD, "/home/isa/go-1.13/src/sync/once_test.go", O_RDONLY|O_CLOEXEC) = 3
epoll_ctl(4, EPOLL_CTL_ADD, 3, {EPOLLIN|EPOLLOUT|EPOLLRDHUP|EPOLLET, {u32=1699692704, u64=140112122822816}}) = -1 EPERM (Operation not permitted)
epoll_ctl(4, EPOLL_CTL_DEL, 3, 0xc00019b78c) = -1 EPERM (Operation not permitted)
read(3, "// Copyright 2009 The Go Authors"..., 4096) = 1125
close(3)                                = 0
openat(AT_FDCWD, "/home/isa/go-1.13/src/sync/pool.go", O_RDONLY|O_CLOEXEC) = 3
epoll_ctl(4, EPOLL_CTL_ADD, 3, {EPOLLIN|EPOLLOUT|EPOLLRDHUP|EPOLLET, {u32=1699692704, u64=140112122822816}}) = -1 EPERM (Operation not permitted)
epoll_ctl(4, EPOLL_CTL_DEL, 3, 0xc00019b78c) = -1 EPERM (Operation not permitted)
read(3, "// Copyright 2013 The Go Authors"..., 4096) = 4096
close(3)                                = 0
openat(AT_FDCWD, "/home/isa/go-1.13/src/sync/pool_test.go", O_RDONLY|O_CLOEXEC) = 3
epoll_ctl(4, EPOLL_CTL_ADD, 3, {EPOLLIN|EPOLLOUT|EPOLLRDHUP|EPOLLET, {u32=1699692704, u64=140112122822816}}) = -1 EPERM (Operation not permitted)
epoll_ctl(4, EPOLL_CTL_DEL, 3, 0xc00019b78c) = -1 EPERM (Operation not permitted)
read(3, "// Copyright 2013 The Go Authors"..., 4096) = 4096
close(3)                                = 0
openat(AT_FDCWD, "/home/isa/go-1.13/src/sync/poolqueue.go", O_RDONLY|O_CLOEXEC) = 3
epoll_ctl(4, EPOLL_CTL_ADD, 3, {EPOLLIN|EPOLLOUT|EPOLLRDHUP|EPOLLET, {u32=1699692704, u64=140112122822816}}) = -1 EPERM (Operation not permitted)
epoll_ctl(4, EPOLL_CTL_DEL, 3, 0xc00019b78c) = -1 EPERM (Operation not permitted)
read(3, "// Copyright 2019 The Go Authors"..., 4096) = 4096
close(3)                                = 0
openat(AT_FDCWD, "/home/isa/go-1.13/src/sync/runtime.go", O_RDONLY|O_CLOEXEC) = 3
epoll_ctl(4, EPOLL_CTL_ADD, 3, {EPOLLIN|EPOLLOUT|EPOLLRDHUP|EPOLLET, {u32=1699692704, u64=140112122822816}}) = -1 EPERM (Operation not permitted)
epoll_ctl(4, EPOLL_CTL_DEL, 3, 0xc00019b78c) = -1 EPERM (Operation not permitted)
read(3, "// Copyright 2012 The Go Authors"..., 4096) = 2223
close(3)                                = 0
openat(AT_FDCWD, "/home/isa/go-1.13/src/sync/runtime_sema_test.go", O_RDONLY|O_CLOEXEC) = 3
epoll_ctl(4, EPOLL_CTL_ADD, 3, {EPOLLIN|EPOLLOUT|EPOLLRDHUP|EPOLLET, {u32=1699692704, u64=140112122822816}}) = -1 EPERM (Operation not permitted)
epoll_ctl(4, EPOLL_CTL_DEL, 3, 0xc00019b78c) = -1 EPERM (Operation not permitted)
read(3, "// Copyright 2009 The Go Authors"..., 4096) = 1375
close(3)                                = 0
openat(AT_FDCWD, "/home/isa/go-1.13/src/sync/rwmutex.go", O_RDONLY|O_CLOEXEC) = 3
epoll_ctl(4, EPOLL_CTL_ADD, 3, {EPOLLIN|EPOLLOUT|EPOLLRDHUP|EPOLLET, {u32=1699692704, u64=140112122822816}}) = -1 EPERM (Operation not permitted)
epoll_ctl(4, EPOLL_CTL_DEL, 3, 0xc00019b78c) = -1 EPERM (Operation not permitted)
read(3, "// Copyright 2009 The Go Authors"..., 4096) = 4096
close(3)                                = 0
openat(AT_FDCWD, "/home/isa/go-1.13/src/sync/rwmutex_test.go", O_RDONLY|O_CLOEXEC) = 3
epoll_ctl(4, EPOLL_CTL_ADD, 3, {EPOLLIN|EPOLLOUT|EPOLLRDHUP|EPOLLET, {u32=1699692704, u64=140112122822816}}) = -1 EPERM (Operation not permitted)
epoll_ctl(4, EPOLL_CTL_DEL, 3, 0xc00019b78c) = -1 EPERM (Operation not permitted)
read(3, "// Copyright 2009 The Go Authors"..., 4096) = 4096
close(3)                                = 0
openat(AT_FDCWD, "/home/isa/go-1.13/src/sync/waitgroup.go", O_RDONLY|O_CLOEXEC) = 3
epoll_ctl(4, EPOLL_CTL_ADD, 3, {EPOLLIN|EPOLLOUT|EPOLLRDHUP|EPOLLET, {u32=1699692704, u64=140112122822816}}) = -1 EPERM (Operation not permitted)
epoll_ctl(4, EPOLL_CTL_DEL, 3, 0xc00019b78c) = -1 EPERM (Operation not permitted)
read(3, "// Copyright 2011 The Go Authors"..., 4096) = 4096
close(3)                                = 0
openat(AT_FDCWD, "/home/isa/go-1.13/src/sync/waitgroup_test.go", O_RDONLY|O_CLOEXEC) = 3
epoll_ctl(4, EPOLL_CTL_ADD, 3, {EPOLLIN|EPOLLOUT|EPOLLRDHUP|EPOLLET, {u32=1699692704, u64=140112122822816}}) = -1 EPERM (Operation not permitted)
epoll_ctl(4, EPOLL_CTL_DEL, 3, 0xc00019b78c) = -1 EPERM (Operation not permitted)
read(3, "// Copyright 2011 The Go Authors"..., 4096) = 4096
close(3)                                = 0
newfstatat(AT_FDCWD, "/home/isa/go-1.13/src/sync/vendor", 0xc0003a9078, 0) = -1 ENOENT (No such file or directory)
newfstatat(AT_FDCWD, "/home/isa/go-1.13/src/vendor/internal/race", 0xc0003a9148, 0) = -1 ENOENT (No such file or directory)
newfstatat(AT_FDCWD, "/home/isa/go-1.13/src/sync/vendor", 0xc0003a9218, 0) = -1 ENOENT (No such file or directory)
newfstatat(AT_FDCWD, "/home/isa/go-1.13/src/vendor", {st_mode=S_IFDIR|0775, st_size=4096, ...}, 0) = 0
newfstatat(AT_FDCWD, "/home/isa/go-1.13/src/vendor/internal/race", 0xc0003a93b8, 0) = -1 ENOENT (No such file or directory)
newfstatat(AT_FDCWD, "/home", {st_mode=S_IFDIR|0755, st_size=4096, ...}, AT_SYMLINK_NOFOLLOW) = 0
newfstatat(AT_FDCWD, "/home/isa", {st_mode=S_IFDIR|0755, st_size=4096, ...}, AT_SYMLINK_NOFOLLOW) = 0
newfstatat(AT_FDCWD, "/home/isa/dekape", {st_mode=S_IFDIR|0755, st_size=4096, ...}, AT_SYMLINK_NOFOLLOW) = 0
newfstatat(AT_FDCWD, "/home/isa/dekape/go", {st_mode=S_IFDIR|0755, st_size=4096, ...}, AT_SYMLINK_NOFOLLOW) = 0
newfstatat(AT_FDCWD, "/home", {st_mode=S_IFDIR|0755, st_size=4096, ...}, AT_SYMLINK_NOFOLLOW) = 0
newfstatat(AT_FDCWD, "/home/isa", {st_mode=S_IFDIR|0755, st_size=4096, ...}, AT_SYMLINK_NOFOLLOW) = 0
newfstatat(AT_FDCWD, "/home/isa/go-1.13", {st_mode=S_IFDIR|0775, st_size=4096, ...}, AT_SYMLINK_NOFOLLOW) = 0
newfstatat(AT_FDCWD, "/home/isa/go-1.13/src", {st_mode=S_IFDIR|0775, st_size=4096, ...}, AT_SYMLINK_NOFOLLOW) = 0
newfstatat(AT_FDCWD, "/home/isa/go-1.13/src/sync", {st_mode=S_IFDIR|0775, st_size=4096, ...}, AT_SYMLINK_NOFOLLOW) = 0
newfstatat(AT_FDCWD, "/home/isa/go-1.13/src/internal/race", {st_mode=S_IFDIR|0775, st_size=4096, ...}, 0) = 0
openat(AT_FDCWD, "/home/isa/go-1.13/src/internal/race", O_RDONLY|O_CLOEXEC) = 3
epoll_ctl(4, EPOLL_CTL_ADD, 3, {EPOLLIN|EPOLLOUT|EPOLLRDHUP|EPOLLET, {u32=1699692704, u64=140112122822816}}) = -1 EPERM (Operation not permitted)
epoll_ctl(4, EPOLL_CTL_DEL, 3, 0xc00019b2a4) = -1 EPERM (Operation not permitted)
getdents64(3, /* 5 entries */, 8192)    = 144
getdents64(3, /* 0 entries */, 8192)    = 0
newfstatat(AT_FDCWD, "/home/isa/go-1.13/src/internal/race/race.go", {st_mode=S_IFREG|0664, st_size=880, ...}, AT_SYMLINK_NOFOLLOW) = 0
newfstatat(AT_FDCWD, "/home/isa/go-1.13/src/internal/race/norace.go", {st_mode=S_IFREG|0664, st_size=602, ...}, AT_SYMLINK_NOFOLLOW) = 0
newfstatat(AT_FDCWD, "/home/isa/go-1.13/src/internal/race/doc.go", {st_mode=S_IFREG|0664, st_size=448, ...}, AT_SYMLINK_NOFOLLOW) = 0
close(3)                                = 0
openat(AT_FDCWD, "/home/isa/go-1.13/src/internal/race/doc.go", O_RDONLY|O_CLOEXEC) = 3
epoll_ctl(4, EPOLL_CTL_ADD, 3, {EPOLLIN|EPOLLOUT|EPOLLRDHUP|EPOLLET, {u32=1699692704, u64=140112122822816}}) = -1 EPERM (Operation not permitted)
epoll_ctl(4, EPOLL_CTL_DEL, 3, 0xc00019b24c) = -1 EPERM (Operation not permitted)
read(3, "// Copyright 2015 The Go Authors"..., 4096) = 448
read(3, "", 4096)                       = 0
close(3)                                = 0
openat(AT_FDCWD, "/home/isa/go-1.13/src/internal/race/norace.go", O_RDONLY|O_CLOEXEC) = 3
epoll_ctl(4, EPOLL_CTL_ADD, 3, {EPOLLIN|EPOLLOUT|EPOLLRDHUP|EPOLLET, {u32=1699692704, u64=140112122822816}}) = -1 EPERM (Operation not permitted)
epoll_ctl(4, EPOLL_CTL_DEL, 3, 0xc00019b24c) = -1 EPERM (Operation not permitted)
read(3, "// Copyright 2015 The Go Authors"..., 4096) = 602
close(3)                                = 0
openat(AT_FDCWD, "/home/isa/go-1.13/src/internal/race/race.go", O_RDONLY|O_CLOEXEC) = 3
epoll_ctl(4, EPOLL_CTL_ADD, 3, {EPOLLIN|EPOLLOUT|EPOLLRDHUP|EPOLLET, {u32=1699692704, u64=140112122822816}}) = -1 EPERM (Operation not permitted)
epoll_ctl(4, EPOLL_CTL_DEL, 3, 0xc00019b24c) = -1 EPERM (Operation not permitted)
read(3, "// Copyright 2015 The Go Authors"..., 4096) = 880
close(3)                                = 0
newfstatat(AT_FDCWD, "/home/isa/go-1.13/src/internal/race/vendor", 0xc0003a9f18, 0) = -1 ENOENT (No such file or directory)
newfstatat(AT_FDCWD, "/home/isa/go-1.13/src/vendor/sync/atomic", 0xc0003ee038, 0) = -1 ENOENT (No such file or directory)
newfstatat(AT_FDCWD, "/home/isa/go-1.13/src/sync/vendor", 0xc0003ee108, 0) = -1 ENOENT (No such file or directory)
newfstatat(AT_FDCWD, "/home/isa/go-1.13/src/vendor", {st_mode=S_IFDIR|0775, st_size=4096, ...}, 0) = 0
newfstatat(AT_FDCWD, "/home/isa/go-1.13/src/vendor/sync/atomic", 0xc0003ee2a8, 0) = -1 ENOENT (No such file or directory)
newfstatat(AT_FDCWD, "/home", {st_mode=S_IFDIR|0755, st_size=4096, ...}, AT_SYMLINK_NOFOLLOW) = 0
newfstatat(AT_FDCWD, "/home/isa", {st_mode=S_IFDIR|0755, st_size=4096, ...}, AT_SYMLINK_NOFOLLOW) = 0
newfstatat(AT_FDCWD, "/home/isa/dekape", {st_mode=S_IFDIR|0755, st_size=4096, ...}, AT_SYMLINK_NOFOLLOW) = 0
newfstatat(AT_FDCWD, "/home/isa/dekape/go", {st_mode=S_IFDIR|0755, st_size=4096, ...}, AT_SYMLINK_NOFOLLOW) = 0
newfstatat(AT_FDCWD, "/home", {st_mode=S_IFDIR|0755, st_size=4096, ...}, AT_SYMLINK_NOFOLLOW) = 0
newfstatat(AT_FDCWD, "/home/isa", {st_mode=S_IFDIR|0755, st_size=4096, ...}, AT_SYMLINK_NOFOLLOW) = 0
newfstatat(AT_FDCWD, "/home/isa/go-1.13", {st_mode=S_IFDIR|0775, st_size=4096, ...}, AT_SYMLINK_NOFOLLOW) = 0
newfstatat(AT_FDCWD, "/home/isa/go-1.13/src", {st_mode=S_IFDIR|0775, st_size=4096, ...}, AT_SYMLINK_NOFOLLOW) = 0
newfstatat(AT_FDCWD, "/home/isa/go-1.13/src/sync", {st_mode=S_IFDIR|0775, st_size=4096, ...}, AT_SYMLINK_NOFOLLOW) = 0
newfstatat(AT_FDCWD, "/home/isa/go-1.13/src/sync/atomic", {st_mode=S_IFDIR|0775, st_size=4096, ...}, 0) = 0
openat(AT_FDCWD, "/home/isa/go-1.13/src/sync/atomic", O_RDONLY|O_CLOEXEC) = 3
epoll_ctl(4, EPOLL_CTL_ADD, 3, {EPOLLIN|EPOLLOUT|EPOLLRDHUP|EPOLLET, {u32=1699692704, u64=140112122822816}}) = -1 EPERM (Operation not permitted)
epoll_ctl(4, EPOLL_CTL_DEL, 3, 0xc00019b2a4) = -1 EPERM (Operation not permitted)
getdents64(3, /* 9 entries */, 8192)    = 296
getdents64(3, /* 0 entries */, 8192)    = 0
newfstatat(AT_FDCWD, "/home/isa/go-1.13/src/sync/atomic/example_test.go", {st_mode=S_IFREG|0664, st_size=2284, ...}, AT_SYMLINK_NOFOLLOW) = 0
newfstatat(AT_FDCWD, "/home/isa/go-1.13/src/sync/atomic/value.go", {st_mode=S_IFREG|0664, st_size=2446, ...}, AT_SYMLINK_NOFOLLOW) = 0
newfstatat(AT_FDCWD, "/home/isa/go-1.13/src/sync/atomic/doc.go", {st_mode=S_IFREG|0664, st_size=5667, ...}, AT_SYMLINK_NOFOLLOW) = 0
newfstatat(AT_FDCWD, "/home/isa/go-1.13/src/sync/atomic/value_test.go", {st_mode=S_IFREG|0664, st_size=2832, ...}, AT_SYMLINK_NOFOLLOW) = 0
newfstatat(AT_FDCWD, "/home/isa/go-1.13/src/sync/atomic/atomic_test.go", {st_mode=S_IFREG|0664, st_size=35175, ...}, AT_SYMLINK_NOFOLLOW) = 0
newfstatat(AT_FDCWD, "/home/isa/go-1.13/src/sync/atomic/race.s", {st_mode=S_IFREG|0664, st_size=293, ...}, AT_SYMLINK_NOFOLLOW) = 0
newfstatat(AT_FDCWD, "/home/isa/go-1.13/src/sync/atomic/asm.s", {st_mode=S_IFREG|0664, st_size=2303, ...}, AT_SYMLINK_NOFOLLOW) = 0
close(3)                                = 0
openat(AT_FDCWD, "/home/isa/go-1.13/src/sync/atomic/asm.s", O_RDONLY|O_CLOEXEC) = 3
epoll_ctl(4, EPOLL_CTL_ADD, 3, {EPOLLIN|EPOLLOUT|EPOLLRDHUP|EPOLLET, {u32=1699692704, u64=140112122822816}}) = -1 EPERM (Operation not permitted)
epoll_ctl(4, EPOLL_CTL_DEL, 3, 0xc00019b24c) = -1 EPERM (Operation not permitted)
read(3, "// Copyright 2011 The Go Authors"..., 4096) = 2303
close(3)                                = 0
openat(AT_FDCWD, "/home/isa/go-1.13/src/sync/atomic/atomic_test.go", O_RDONLY|O_CLOEXEC) = 3
epoll_ctl(4, EPOLL_CTL_ADD, 3, {EPOLLIN|EPOLLOUT|EPOLLRDHUP|EPOLLET, {u32=1699692704, u64=140112122822816}}) = -1 EPERM (Operation not permitted)
epoll_ctl(4, EPOLL_CTL_DEL, 3, 0xc00019b24c) = -1 EPERM (Operation not permitted)
read(3, "// Copyright 2011 The Go Authors"..., 4096) = 4096
close(3)                                = 0
openat(AT_FDCWD, "/home/isa/go-1.13/src/sync/atomic/doc.go", O_RDONLY|O_CLOEXEC) = 3
epoll_ctl(4, EPOLL_CTL_ADD, 3, {EPOLLIN|EPOLLOUT|EPOLLRDHUP|EPOLLET, {u32=1699692704, u64=140112122822816}}) = -1 EPERM (Operation not permitted)
epoll_ctl(4, EPOLL_CTL_DEL, 3, 0xc00019b24c) = -1 EPERM (Operation not permitted)
read(3, "// Copyright 2011 The Go Authors"..., 4096) = 4096
close(3)                                = 0
openat(AT_FDCWD, "/home/isa/go-1.13/src/sync/atomic/example_test.go", O_RDONLY|O_CLOEXEC) = 3
epoll_ctl(4, EPOLL_CTL_ADD, 3, {EPOLLIN|EPOLLOUT|EPOLLRDHUP|EPOLLET, {u32=1699692704, u64=140112122822816}}) = -1 EPERM (Operation not permitted)
epoll_ctl(4, EPOLL_CTL_DEL, 3, 0xc00019b24c) = -1 EPERM (Operation not permitted)
read(3, "// Copyright 2018 The Go Authors"..., 4096) = 2284
close(3)                                = 0
openat(AT_FDCWD, "/home/isa/go-1.13/src/sync/atomic/race.s", O_RDONLY|O_CLOEXEC) = 3
epoll_ctl(4, EPOLL_CTL_ADD, 3, {EPOLLIN|EPOLLOUT|EPOLLRDHUP|EPOLLET, {u32=1699692704, u64=140112122822816}}) = -1 EPERM (Operation not permitted)
epoll_ctl(4, EPOLL_CTL_DEL, 3, 0xc00019b24c) = -1 EPERM (Operation not permitted)
read(3, "// Copyright 2014 The Go Authors"..., 4096) = 293
read(3, "", 4096)                       = 0
close(3)                                = 0
openat(AT_FDCWD, "/home/isa/go-1.13/src/sync/atomic/value.go", O_RDONLY|O_CLOEXEC) = 3
epoll_ctl(4, EPOLL_CTL_ADD, 3, {EPOLLIN|EPOLLOUT|EPOLLRDHUP|EPOLLET, {u32=1699692704, u64=140112122822816}}) = -1 EPERM (Operation not permitted)
epoll_ctl(4, EPOLL_CTL_DEL, 3, 0xc00019b24c) = -1 EPERM (Operation not permitted)
read(3, "// Copyright 2014 The Go Authors"..., 4096) = 2446
close(3)                                = 0
openat(AT_FDCWD, "/home/isa/go-1.13/src/sync/atomic/value_test.go", O_RDONLY|O_CLOEXEC) = 3
epoll_ctl(4, EPOLL_CTL_ADD, 3, {EPOLLIN|EPOLLOUT|EPOLLRDHUP|EPOLLET, {u32=1699692704, u64=140112122822816}}) = -1 EPERM (Operation not permitted)
epoll_ctl(4, EPOLL_CTL_DEL, 3, 0xc00019b24c) = -1 EPERM (Operation not permitted)
read(3, "// Copyright 2014 The Go Authors"..., 4096) = 2832
close(3)                                = 0
newfstatat(AT_FDCWD, "/home/isa/go-1.13/src/sync/atomic/vendor", 0xc0003ef148, 0) = -1 ENOENT (No such file or directory)
newfstatat(AT_FDCWD, "/home/isa/go-1.13/src/vendor/unicode", 0xc0003ef218, 0) = -1 ENOENT (No such file or directory)
newfstatat(AT_FDCWD, "/home/isa/go-1.13/src/reflect/vendor", 0xc0003ef2e8, 0) = -1 ENOENT (No such file or directory)
newfstatat(AT_FDCWD, "/home/isa/go-1.13/src/vendor", {st_mode=S_IFDIR|0775, st_size=4096, ...}, 0) = 0
newfstatat(AT_FDCWD, "/home/isa/go-1.13/src/vendor/unicode", 0xc0003ef488, 0) = -1 ENOENT (No such file or directory)
newfstatat(AT_FDCWD, "/home", {st_mode=S_IFDIR|0755, st_size=4096, ...}, AT_SYMLINK_NOFOLLOW) = 0
newfstatat(AT_FDCWD, "/home/isa", {st_mode=S_IFDIR|0755, st_size=4096, ...}, AT_SYMLINK_NOFOLLOW) = 0
newfstatat(AT_FDCWD, "/home/isa/dekape", {st_mode=S_IFDIR|0755, st_size=4096, ...}, AT_SYMLINK_NOFOLLOW) = 0
newfstatat(AT_FDCWD, "/home/isa/dekape/go", {st_mode=S_IFDIR|0755, st_size=4096, ...}, AT_SYMLINK_NOFOLLOW) = 0
newfstatat(AT_FDCWD, "/home", {st_mode=S_IFDIR|0755, st_size=4096, ...}, AT_SYMLINK_NOFOLLOW) = 0
newfstatat(AT_FDCWD, "/home/isa", {st_mode=S_IFDIR|0755, st_size=4096, ...}, AT_SYMLINK_NOFOLLOW) = 0
newfstatat(AT_FDCWD, "/home/isa/go-1.13", {st_mode=S_IFDIR|0775, st_size=4096, ...}, AT_SYMLINK_NOFOLLOW) = 0
newfstatat(AT_FDCWD, "/home/isa/go-1.13/src", {st_mode=S_IFDIR|0775, st_size=4096, ...}, AT_SYMLINK_NOFOLLOW) = 0
newfstatat(AT_FDCWD, "/home/isa/go-1.13/src/reflect", {st_mode=S_IFDIR|0775, st_size=4096, ...}, AT_SYMLINK_NOFOLLOW) = 0
newfstatat(AT_FDCWD, "/home/isa/go-1.13/src/unicode", {st_mode=S_IFDIR|0775, st_size=4096, ...}, 0) = 0
openat(AT_FDCWD, "/home/isa/go-1.13/src/unicode", O_RDONLY|O_CLOEXEC) = 3
epoll_ctl(4, EPOLL_CTL_ADD, 3, {EPOLLIN|EPOLLOUT|EPOLLRDHUP|EPOLLET, {u32=1699692704, u64=140112122822816}}) = -1 EPERM (Operation not permitted)
epoll_ctl(4, EPOLL_CTL_DEL, 3, 0xc00019b7e4) = -1 EPERM (Operation not permitted)
getdents64(3, /* 14 entries */, 8192)   = 472
getdents64(3, /* 0 entries */, 8192)    = 0
newfstatat(AT_FDCWD, "/home/isa/go-1.13/src/unicode/digit_test.go", {st_mode=S_IFREG|0664, st_size=1576, ...}, AT_SYMLINK_NOFOLLOW) = 0
newfstatat(AT_FDCWD, "/home/isa/go-1.13/src/unicode/example_test.go", {st_mode=S_IFREG|0664, st_size=4210, ...}, AT_SYMLINK_NOFOLLOW) = 0
newfstatat(AT_FDCWD, "/home/isa/go-1.13/src/unicode/casetables.go", {st_mode=S_IFREG|0664, st_size=755, ...}, AT_SYMLINK_NOFOLLOW) = 0
newfstatat(AT_FDCWD, "/home/isa/go-1.13/src/unicode/graphic.go", {st_mode=S_IFREG|0664, st_size=4457, ...}, AT_SYMLINK_NOFOLLOW) = 0
newfstatat(AT_FDCWD, "/home/isa/go-1.13/src/unicode/letter_test.go", {st_mode=S_IFREG|0664, st_size=12913, ...}, AT_SYMLINK_NOFOLLOW) = 0
newfstatat(AT_FDCWD, "/home/isa/go-1.13/src/unicode/tables.go", {st_mode=S_IFREG|0664, st_size=194311, ...}, AT_SYMLINK_NOFOLLOW) = 0
newfstatat(AT_FDCWD, "/home/isa/go-1.13/src/unicode/letter.go", {st_mode=S_IFREG|0664, st_size=10044, ...}, AT_SYMLINK_NOFOLLOW) = 0
newfstatat(AT_FDCWD, "/home/isa/go-1.13/src/unicode/utf16", {st_mode=S_IFDIR|0775, st_size=4096, ...}, AT_SYMLINK_NOFOLLOW) = 0
newfstatat(AT_FDCWD, "/home/isa/go-1.13/src/unicode/digit.go", {st_mode=S_IFREG|0664, st_size=352, ...}, AT_SYMLINK_NOFOLLOW) = 0
newfstatat(AT_FDCWD, "/home/isa/go-1.13/src/unicode/utf8", {st_mode=S_IFDIR|0775, st_size=4096, ...}, AT_SYMLINK_NOFOLLOW) = 0
newfstatat(AT_FDCWD, "/home/isa/go-1.13/src/unicode/graphic_test.go", {st_mode=S_IFREG|0664, st_size=2616, ...}, AT_SYMLINK_NOFOLLOW) = 0
newfstatat(AT_FDCWD, "/home/isa/go-1.13/src/unicode/script_test.go", {st_mode=S_IFREG|0664, st_size=3016, ...}, AT_SYMLINK_NOFOLLOW) = 0
close(3)                                = 0
openat(AT_FDCWD, "/home/isa/go-1.13/src/unicode/casetables.go", O_RDONLY|O_CLOEXEC) = 3
epoll_ctl(4, EPOLL_CTL_ADD, 3, {EPOLLIN|EPOLLOUT|EPOLLRDHUP|EPOLLET, {u32=1699692704, u64=140112122822816}}) = -1 EPERM (Operation not permitted)
epoll_ctl(4, EPOLL_CTL_DEL, 3, 0xc00019b78c) = -1 EPERM (Operation not permitted)
read(3, "// Copyright 2009 The Go Authors"..., 4096) = 755
close(3)                                = 0
openat(AT_FDCWD, "/home/isa/go-1.13/src/unicode/digit.go", O_RDONLY|O_CLOEXEC) = 3
epoll_ctl(4, EPOLL_CTL_ADD, 3, {EPOLLIN|EPOLLOUT|EPOLLRDHUP|EPOLLET, {u32=1699692704, u64=140112122822816}}) = -1 EPERM (Operation not permitted)
epoll_ctl(4, EPOLL_CTL_DEL, 3, 0xc00019b78c) = -1 EPERM (Operation not permitted)
read(3, "// Copyright 2009 The Go Authors"..., 4096) = 352
close(3)                                = 0
openat(AT_FDCWD, "/home/isa/go-1.13/src/unicode/digit_test.go", O_RDONLY|O_CLOEXEC) = 3
epoll_ctl(4, EPOLL_CTL_ADD, 3, {EPOLLIN|EPOLLOUT|EPOLLRDHUP|EPOLLET, {u32=1699692704, u64=140112122822816}}) = -1 EPERM (Operation not permitted)
epoll_ctl(4, EPOLL_CTL_DEL, 3, 0xc00019b78c) = -1 EPERM (Operation not permitted)
read(3, "// Copyright 2009 The Go Authors"..., 4096) = 1576
close(3)                                = 0
openat(AT_FDCWD, "/home/isa/go-1.13/src/unicode/example_test.go", O_RDONLY|O_CLOEXEC) = 3
epoll_ctl(4, EPOLL_CTL_ADD, 3, {EPOLLIN|EPOLLOUT|EPOLLRDHUP|EPOLLET, {u32=1699692704, u64=140112122822816}}) = -1 EPERM (Operation not permitted)
epoll_ctl(4, EPOLL_CTL_DEL, 3, 0xc00019b78c) = -1 EPERM (Operation not permitted)
read(3, "// Copyright 2015 The Go Authors"..., 4096) = 4096
close(3)                                = 0
openat(AT_FDCWD, "/home/isa/go-1.13/src/unicode/graphic.go", O_RDONLY|O_CLOEXEC) = 3
epoll_ctl(4, EPOLL_CTL_ADD, 3, {EPOLLIN|EPOLLOUT|EPOLLRDHUP|EPOLLET, {u32=1699692704, u64=140112122822816}}) = -1 EPERM (Operation not permitted)
epoll_ctl(4, EPOLL_CTL_DEL, 3, 0xc00019b78c) = -1 EPERM (Operation not permitted)
read(3, "// Copyright 2011 The Go Authors"..., 4096) = 4096
close(3)                                = 0
openat(AT_FDCWD, "/home/isa/go-1.13/src/unicode/graphic_test.go", O_RDONLY|O_CLOEXEC) = 3
epoll_ctl(4, EPOLL_CTL_ADD, 3, {EPOLLIN|EPOLLOUT|EPOLLRDHUP|EPOLLET, {u32=1699692704, u64=140112122822816}}) = -1 EPERM (Operation not permitted)
epoll_ctl(4, EPOLL_CTL_DEL, 3, 0xc00019b78c) = -1 EPERM (Operation not permitted)
read(3, "// Copyright 2011 The Go Authors"..., 4096) = 2616
close(3)                                = 0
openat(AT_FDCWD, "/home/isa/go-1.13/src/unicode/letter.go", O_RDONLY|O_CLOEXEC) = 3
epoll_ctl(4, EPOLL_CTL_ADD, 3, {EPOLLIN|EPOLLOUT|EPOLLRDHUP|EPOLLET, {u32=1699692704, u64=140112122822816}}) = -1 EPERM (Operation not permitted)
epoll_ctl(4, EPOLL_CTL_DEL, 3, 0xc00019b78c) = -1 EPERM (Operation not permitted)
read(3, "// Copyright 2009 The Go Authors"..., 4096) = 4096
close(3)                                = 0
openat(AT_FDCWD, "/home/isa/go-1.13/src/unicode/letter_test.go", O_RDONLY|O_CLOEXEC) = 3
epoll_ctl(4, EPOLL_CTL_ADD, 3, {EPOLLIN|EPOLLOUT|EPOLLRDHUP|EPOLLET, {u32=1699692704, u64=140112122822816}}) = -1 EPERM (Operation not permitted)
epoll_ctl(4, EPOLL_CTL_DEL, 3, 0xc00019b78c) = -1 EPERM (Operation not permitted)
read(3, "// Copyright 2009 The Go Authors"..., 4096) = 4096
close(3)                                = 0
openat(AT_FDCWD, "/home/isa/go-1.13/src/unicode/script_test.go", O_RDONLY|O_CLOEXEC) = 3
epoll_ctl(4, EPOLL_CTL_ADD, 3, {EPOLLIN|EPOLLOUT|EPOLLRDHUP|EPOLLET, {u32=1699692704, u64=140112122822816}}) = -1 EPERM (Operation not permitted)
epoll_ctl(4, EPOLL_CTL_DEL, 3, 0xc00019b78c) = -1 EPERM (Operation not permitted)
read(3, "// Copyright 2009 The Go Authors"..., 4096) = 3016
close(3)                                = 0
openat(AT_FDCWD, "/home/isa/go-1.13/src/unicode/tables.go", O_RDONLY|O_CLOEXEC) = 3
epoll_ctl(4, EPOLL_CTL_ADD, 3, {EPOLLIN|EPOLLOUT|EPOLLRDHUP|EPOLLET, {u32=1699692704, u64=140112122822816}}) = -1 EPERM (Operation not permitted)
epoll_ctl(4, EPOLL_CTL_DEL, 3, 0xc00019b78c) = -1 EPERM (Operation not permitted)
read(3, "// Code generated by running \"go"..., 4096) = 4096
close(3)                                = 0
newfstatat(AT_FDCWD, "/home/isa/go-1.13/src/vendor/sort", 0xc00040a928, 0) = -1 ENOENT (No such file or directory)
newfstatat(AT_FDCWD, "/home/isa/go-1.13/src/internal/fmtsort/vendor", 0xc00040a9f8, 0) = -1 ENOENT (No such file or directory)
newfstatat(AT_FDCWD, "/home/isa/go-1.13/src/internal/vendor", 0xc00040aac8, 0) = -1 ENOENT (No such file or directory)
newfstatat(AT_FDCWD, "/home/isa/go-1.13/src/vendor", {st_mode=S_IFDIR|0775, st_size=4096, ...}, 0) = 0
newfstatat(AT_FDCWD, "/home/isa/go-1.13/src/vendor/sort", 0xc00040ac68, 0) = -1 ENOENT (No such file or directory)
newfstatat(AT_FDCWD, "/home", {st_mode=S_IFDIR|0755, st_size=4096, ...}, AT_SYMLINK_NOFOLLOW) = 0
newfstatat(AT_FDCWD, "/home/isa", {st_mode=S_IFDIR|0755, st_size=4096, ...}, AT_SYMLINK_NOFOLLOW) = 0
newfstatat(AT_FDCWD, "/home/isa/dekape", {st_mode=S_IFDIR|0755, st_size=4096, ...}, AT_SYMLINK_NOFOLLOW) = 0
newfstatat(AT_FDCWD, "/home/isa/dekape/go", {st_mode=S_IFDIR|0755, st_size=4096, ...}, AT_SYMLINK_NOFOLLOW) = 0
newfstatat(AT_FDCWD, "/home", {st_mode=S_IFDIR|0755, st_size=4096, ...}, AT_SYMLINK_NOFOLLOW) = 0
newfstatat(AT_FDCWD, "/home/isa", {st_mode=S_IFDIR|0755, st_size=4096, ...}, AT_SYMLINK_NOFOLLOW) = 0
newfstatat(AT_FDCWD, "/home/isa/go-1.13", {st_mode=S_IFDIR|0775, st_size=4096, ...}, AT_SYMLINK_NOFOLLOW) = 0
newfstatat(AT_FDCWD, "/home/isa/go-1.13/src", {st_mode=S_IFDIR|0775, st_size=4096, ...}, AT_SYMLINK_NOFOLLOW) = 0
newfstatat(AT_FDCWD, "/home/isa/go-1.13/src/internal", {st_mode=S_IFDIR|0775, st_size=4096, ...}, AT_SYMLINK_NOFOLLOW) = 0
newfstatat(AT_FDCWD, "/home/isa/go-1.13/src/internal/fmtsort", {st_mode=S_IFDIR|0775, st_size=4096, ...}, AT_SYMLINK_NOFOLLOW) = 0
newfstatat(AT_FDCWD, "/home/isa/go-1.13/src/sort", {st_mode=S_IFDIR|0775, st_size=4096, ...}, 0) = 0
openat(AT_FDCWD, "/home/isa/go-1.13/src/sort", O_RDONLY|O_CLOEXEC) = 3
epoll_ctl(4, EPOLL_CTL_ADD, 3, {EPOLLIN|EPOLLOUT|EPOLLRDHUP|EPOLLET, {u32=1699692704, u64=140112122822816}}) = -1 EPERM (Operation not permitted)
epoll_ctl(4, EPOLL_CTL_DEL, 3, 0xc00019bd24) = -1 EPERM (Operation not permitted)
getdents64(3, /* 19 entries */, 8192)   = 720
getdents64(3, /* 0 entries */, 8192)    = 0
newfstatat(AT_FDCWD, "/home/isa/go-1.13/src/sort/example_interface_test.go", {st_mode=S_IFREG|0664, st_size=1501, ...}, AT_SYMLINK_NOFOLLOW) = 0
newfstatat(AT_FDCWD, "/home/isa/go-1.13/src/sort/search.go", {st_mode=S_IFREG|0664, st_size=4239, ...}, AT_SYMLINK_NOFOLLOW) = 0
newfstatat(AT_FDCWD, "/home/isa/go-1.13/src/sort/example_test.go", {st_mode=S_IFREG|0664, st_size=2914, ...}, AT_SYMLINK_NOFOLLOW) = 0
newfstatat(AT_FDCWD, "/home/isa/go-1.13/src/sort/export_test.go", {st_mode=S_IFREG|0664, st_size=239, ...}, AT_SYMLINK_NOFOLLOW) = 0
newfstatat(AT_FDCWD, "/home/isa/go-1.13/src/sort/example_keys_test.go", {st_mode=S_IFREG|0664, st_size=2744, ...}, AT_SYMLINK_NOFOLLOW) = 0
newfstatat(AT_FDCWD, "/home/isa/go-1.13/src/sort/example_wrapper_test.go", {st_mode=S_IFREG|0664, st_size=1672, ...}, AT_SYMLINK_NOFOLLOW) = 0
newfstatat(AT_FDCWD, "/home/isa/go-1.13/src/sort/zfuncversion.go", {st_mode=S_IFREG|0664, st_size=4932, ...}, AT_SYMLINK_NOFOLLOW) = 0
newfstatat(AT_FDCWD, "/home/isa/go-1.13/src/sort/search_test.go", {st_mode=S_IFREG|0664, st_size=4348, ...}, AT_SYMLINK_NOFOLLOW) = 0
newfstatat(AT_FDCWD, "/home/isa/go-1.13/src/sort/slice_go113.go", {st_mode=S_IFREG|0664, st_size=305, ...}, AT_SYMLINK_NOFOLLOW) = 0
newfstatat(AT_FDCWD, "/home/isa/go-1.13/src/sort/sort.go", {st_mode=S_IFREG|0664, st_size=16180, ...}, AT_SYMLINK_NOFOLLOW) = 0
newfstatat(AT_FDCWD, "/home/isa/go-1.13/src/sort/slice_go18.go", {st_mode=S_IFREG|0664, st_size=291, ...}, AT_SYMLINK_NOFOLLOW) = 0
newfstatat(AT_FDCWD, "/home/isa/go-1.13/src/sort/example_multi_test.go", {st_mode=S_IFREG|0664, st_size=4147, ...}, AT_SYMLINK_NOFOLLOW) = 0
newfstatat(AT_FDCWD, "/home/isa/go-1.13/src/sort/genzfunc.go", {st_mode=S_IFREG|0664, st_size=2976, ...}, AT_SYMLINK_NOFOLLOW) = 0
newfstatat(AT_FDCWD, "/home/isa/go-1.13/src/sort/slice.go", {st_mode=S_IFREG|0664, st_size=1293, ...}, AT_SYMLINK_NOFOLLOW) = 0
newfstatat(AT_FDCWD, "/home/isa/go-1.13/src/sort/example_search_test.go", {st_mode=S_IFREG|0664, st_size=1184, ...}, AT_SYMLINK_NOFOLLOW) = 0
newfstatat(AT_FDCWD, "/home/isa/go-1.13/src/sort/sort_test.go", {st_mode=S_IFREG|0664, st_size=15455, ...}, AT_SYMLINK_NOFOLLOW) = 0
newfstatat(AT_FDCWD, "/home/isa/go-1.13/src/sort/slice_go14.go", {st_mode=S_IFREG|0664, st_size=468, ...}, AT_SYMLINK_NOFOLLOW) = 0
close(3)                                = 0
openat(AT_FDCWD, "/home/isa/go-1.13/src/sort/example_interface_test.go", O_RDONLY|O_CLOEXEC) = 3
epoll_ctl(4, EPOLL_CTL_ADD, 3, {EPOLLIN|EPOLLOUT|EPOLLRDHUP|EPOLLET, {u32=1699692704, u64=140112122822816}}) = -1 EPERM (Operation not permitted)
epoll_ctl(4, EPOLL_CTL_DEL, 3, 0xc00019bccc) = -1 EPERM (Operation not permitted)
read(3, "// Copyright 2011 The Go Authors"..., 4096) = 1501
close(3)                                = 0
openat(AT_FDCWD, "/home/isa/go-1.13/src/sort/example_keys_test.go", O_RDONLY|O_CLOEXEC) = 3
epoll_ctl(4, EPOLL_CTL_ADD, 3, {EPOLLIN|EPOLLOUT|EPOLLRDHUP|EPOLLET, {u32=1699692704, u64=140112122822816}}) = -1 EPERM (Operation not permitted)
epoll_ctl(4, EPOLL_CTL_DEL, 3, 0xc00019bccc) = -1 EPERM (Operation not permitted)
read(3, "// Copyright 2013 The Go Authors"..., 4096) = 2744
close(3)                                = 0
openat(AT_FDCWD, "/home/isa/go-1.13/src/sort/example_multi_test.go", O_RDONLY|O_CLOEXEC) = 3
epoll_ctl(4, EPOLL_CTL_ADD, 3, {EPOLLIN|EPOLLOUT|EPOLLRDHUP|EPOLLET, {u32=1699692704, u64=140112122822816}}) = -1 EPERM (Operation not permitted)
epoll_ctl(4, EPOLL_CTL_DEL, 3, 0xc00019bccc) = -1 EPERM (Operation not permitted)
read(3, "// Copyright 2013 The Go Authors"..., 4096) = 4096
close(3)                                = 0
openat(AT_FDCWD, "/home/isa/go-1.13/src/sort/example_search_test.go", O_RDONLY|O_CLOEXEC) = 3
epoll_ctl(4, EPOLL_CTL_ADD, 3, {EPOLLIN|EPOLLOUT|EPOLLRDHUP|EPOLLET, {u32=1699692704, u64=140112122822816}}) = -1 EPERM (Operation not permitted)
epoll_ctl(4, EPOLL_CTL_DEL, 3, 0xc00019bccc) = -1 EPERM (Operation not permitted)
read(3, "// Copyright 2016 The Go Authors"..., 4096) = 1184
close(3)                                = 0
openat(AT_FDCWD, "/home/isa/go-1.13/src/sort/example_test.go", O_RDONLY|O_CLOEXEC) = 3
epoll_ctl(4, EPOLL_CTL_ADD, 3, {EPOLLIN|EPOLLOUT|EPOLLRDHUP|EPOLLET, {u32=1699692704, u64=140112122822816}}) = -1 EPERM (Operation not permitted)
epoll_ctl(4, EPOLL_CTL_DEL, 3, 0xc00019bccc) = -1 EPERM (Operation not permitted)
read(3, "// Copyright 2011 The Go Authors"..., 4096) = 2914
close(3)                                = 0
openat(AT_FDCWD, "/home/isa/go-1.13/src/sort/example_wrapper_test.go", O_RDONLY|O_CLOEXEC) = 3
epoll_ctl(4, EPOLL_CTL_ADD, 3, {EPOLLIN|EPOLLOUT|EPOLLRDHUP|EPOLLET, {u32=1699692704, u64=140112122822816}}) = -1 EPERM (Operation not permitted)
epoll_ctl(4, EPOLL_CTL_DEL, 3, 0xc00019bccc) = -1 EPERM (Operation not permitted)
read(3, "// Copyright 2011 The Go Authors"..., 4096) = 1672
close(3)                                = 0
openat(AT_FDCWD, "/home/isa/go-1.13/src/sort/export_test.go", O_RDONLY|O_CLOEXEC) = 3
epoll_ctl(4, EPOLL_CTL_ADD, 3, {EPOLLIN|EPOLLOUT|EPOLLRDHUP|EPOLLET, {u32=1699692704, u64=140112122822816}}) = -1 EPERM (Operation not permitted)
epoll_ctl(4, EPOLL_CTL_DEL, 3, 0xc00019bccc) = -1 EPERM (Operation not permitted)
read(3, "// Copyright 2011 The Go Authors"..., 4096) = 239
close(3)                                = 0
openat(AT_FDCWD, "/home/isa/go-1.13/src/sort/genzfunc.go", O_RDONLY|O_CLOEXEC) = 3
epoll_ctl(4, EPOLL_CTL_ADD, 3, {EPOLLIN|EPOLLOUT|EPOLLRDHUP|EPOLLET, {u32=1699692704, u64=140112122822816}}) = -1 EPERM (Operation not permitted)
epoll_ctl(4, EPOLL_CTL_DEL, 3, 0xc00019bccc) = -1 EPERM (Operation not permitted)
read(3, "// Copyright 2016 The Go Authors"..., 4096) = 2976
close(3)                                = 0
openat(AT_FDCWD, "/home/isa/go-1.13/src/sort/search.go", O_RDONLY|O_CLOEXEC) = 3
epoll_ctl(4, EPOLL_CTL_ADD, 3, {EPOLLIN|EPOLLOUT|EPOLLRDHUP|EPOLLET, {u32=1699692704, u64=140112122822816}}) = -1 EPERM (Operation not permitted)
epoll_ctl(4, EPOLL_CTL_DEL, 3, 0xc00019bccc) = -1 EPERM (Operation not permitted)
read(3, "// Copyright 2010 The Go Authors"..., 4096) = 4096
close(3)                                = 0
openat(AT_FDCWD, "/home/isa/go-1.13/src/sort/search_test.go", O_RDONLY|O_CLOEXEC) = 3
epoll_ctl(4, EPOLL_CTL_ADD, 3, {EPOLLIN|EPOLLOUT|EPOLLRDHUP|EPOLLET, {u32=1699692704, u64=140112122822816}}) = -1 EPERM (Operation not permitted)
epoll_ctl(4, EPOLL_CTL_DEL, 3, 0xc00019bccc) = -1 EPERM (Operation not permitted)
read(3, "// Copyright 2010 The Go Authors"..., 4096) = 4096
close(3)                                = 0
openat(AT_FDCWD, "/home/isa/go-1.13/src/sort/slice.go", O_RDONLY|O_CLOEXEC) = 3
epoll_ctl(4, EPOLL_CTL_ADD, 3, {EPOLLIN|EPOLLOUT|EPOLLRDHUP|EPOLLET, {u32=1699692704, u64=140112122822816}}) = -1 EPERM (Operation not permitted)
epoll_ctl(4, EPOLL_CTL_DEL, 3, 0xc00019bccc) = -1 EPERM (Operation not permitted)
read(3, "// Copyright 2017 The Go Authors"..., 4096) = 1293
close(3)                                = 0
openat(AT_FDCWD, "/home/isa/go-1.13/src/sort/slice_go113.go", O_RDONLY|O_CLOEXEC) = 3
epoll_ctl(4, EPOLL_CTL_ADD, 3, {EPOLLIN|EPOLLOUT|EPOLLRDHUP|EPOLLET, {u32=1699692704, u64=140112122822816}}) = -1 EPERM (Operation not permitted)
epoll_ctl(4, EPOLL_CTL_DEL, 3, 0xc00019bccc) = -1 EPERM (Operation not permitted)
read(3, "// Copyright 2017 The Go Authors"..., 4096) = 305
close(3)                                = 0
openat(AT_FDCWD, "/home/isa/go-1.13/src/sort/slice_go14.go", O_RDONLY|O_CLOEXEC) = 3
epoll_ctl(4, EPOLL_CTL_ADD, 3, {EPOLLIN|EPOLLOUT|EPOLLRDHUP|EPOLLET, {u32=1699692704, u64=140112122822816}}) = -1 EPERM (Operation not permitted)
epoll_ctl(4, EPOLL_CTL_DEL, 3, 0xc00019bccc) = -1 EPERM (Operation not permitted)
read(3, "// Copyright 2017 The Go Authors"..., 4096) = 468
close(3)                                = 0
openat(AT_FDCWD, "/home/isa/go-1.13/src/sort/slice_go18.go", O_RDONLY|O_CLOEXEC) = 3
epoll_ctl(4, EPOLL_CTL_ADD, 3, {EPOLLIN|EPOLLOUT|EPOLLRDHUP|EPOLLET, {u32=1699692704, u64=140112122822816}}) = -1 EPERM (Operation not permitted)
epoll_ctl(4, EPOLL_CTL_DEL, 3, 0xc00019bccc) = -1 EPERM (Operation not permitted)
epoll_pwait(4, [], 128, 0, NULL, 64)    = 0
futex(0xc00005a848, FUTEX_WAKE_PRIVATE, 1) = 1
read(3, "// Copyright 2017 The Go Authors"..., 4096) = 291
sched_yield()                           = 0
close(3)                                = 0
openat(AT_FDCWD, "/home/isa/go-1.13/src/sort/sort.go", O_RDONLY|O_CLOEXEC) = 3
epoll_ctl(4, EPOLL_CTL_ADD, 3, {EPOLLIN|EPOLLOUT|EPOLLRDHUP|EPOLLET, {u32=1699692704, u64=140112122822816}}) = -1 EPERM (Operation not permitted)
futex(0xe92a88, FUTEX_WAIT_PRIVATE, 0, NULL) = 0
futex(0xe92a88, FUTEX_WAIT_PRIVATE, 0, NULL) = 0
futex(0xc00005a848, FUTEX_WAKE_PRIVATE, 1) = 1
futex(0xe92a88, FUTEX_WAIT_PRIVATE, 0, NULL) = 0
futex(0xc000090148, FUTEX_WAKE_PRIVATE, 1) = 1
newfstatat(AT_FDCWD, "/home/isa/go-1.13/pkg/tool/linux_amd64/compile", {st_mode=S_IFREG|0775, st_size=23940912, ...}, 0) = 0
futex(0xe92a88, FUTEX_WAIT_PRIVATE, 0, NULL) = 0
futex(0xe92a88, FUTEX_WAIT_PRIVATE, 0, NULL) = -1 EAGAIN (Resource temporarily unavailable)
epoll_pwait(4, [], 128, 0, NULL, 0)     = 0
futex(0xc00007e4c8, FUTEX_WAKE_PRIVATE, 1) = 1
read(24, 0xc00006c000, 512)             = -1 EAGAIN (Resource temporarily unavailable)
futex(0xe92a88, FUTEX_WAIT_PRIVATE, 0, NULL) = ? ERESTARTSYS (To be restarted if SA_RESTART is set)
--- SIGCHLD {si_signo=SIGCHLD, si_code=CLD_EXITED, si_pid=0, si_uid=1000, si_status=0, si_utime=0, si_stime=0} ---
rt_sigreturn({mask=[]})                 = 202
futex(0xe92a88, FUTEX_WAIT_PRIVATE, 0, NULL) = -1 EAGAIN (Resource temporarily unavailable)
futex(0xe92a88, FUTEX_WAIT_PRIVATE, 0, NULL) = 0
futex(0xe92a88, FUTEX_WAIT_PRIVATE, 0, NULL) = 0
futex(0xc000163648, FUTEX_WAKE_PRIVATE, 1) = 1
read(36, 0xc0001d6000, 512)             = -1 EAGAIN (Resource temporarily unavailable)
nanosleep({tv_sec=0, tv_nsec=3000}, NULL) = 0
futex(0xe92a88, FUTEX_WAIT_PRIVATE, 0, NULL) = 0
futex(0xe92a88, FUTEX_WAIT_PRIVATE, 0, NULL) = 0
futex(0xe92a88, FUTEX_WAIT_PRIVATE, 0, NULL) = 0
futex(0xe92a88, FUTEX_WAIT_PRIVATE, 0, NULL) = 0
futex(0xe92a88, FUTEX_WAIT_PRIVATE, 0, NULL) = 0
futex(0xc0003c2bc8, FUTEX_WAKE_PRIVATE, 1) = 1
sched_yield()                           = 0
futex(0xe97e80, FUTEX_WAIT_PRIVATE, 2, NULL) = -1 EAGAIN (Resource temporarily unavailable)
futex(0xe97e80, FUTEX_WAKE_PRIVATE, 1)  = 0
openat(AT_FDCWD, "/home/isa/go-1.13/src/math/abs.go", O_RDONLY|O_CLOEXEC) = 15
epoll_ctl(4, EPOLL_CTL_ADD, 15, {EPOLLIN|EPOLLOUT|EPOLLRDHUP|EPOLLET, {u32=1699068400, u64=140112122198512}}) = -1 EPERM (Operation not permitted)
epoll_ctl(4, EPOLL_CTL_DEL, 15, 0xc000498e7c) = -1 EPERM (Operation not permitted)
madvise(0xc000200000, 2097152, MADV_NOHUGEPAGE) = 0
madvise(0xc0002f2000, 8192, MADV_FREE)  = 0
madvise(0xc000200000, 2097152, MADV_NOHUGEPAGE) = 0
madvise(0xc0002ea000, 24576, MADV_FREE) = 0
read(15, "// Copyright 2009 The Go Authors"..., 32768) = 363
read(15, "", 32768)                     = 0
close(15)                               = 0
openat(AT_FDCWD, "/home/isa/go-1.13/src/math/acosh.go", O_RDONLY|O_CLOEXEC) = 5
epoll_ctl(4, EPOLL_CTL_ADD, 5, {EPOLLIN|EPOLLOUT|EPOLLRDHUP|EPOLLET, {u32=1699068192, u64=140112122198304}}) = -1 EPERM (Operation not permitted)
epoll_ctl(4, EPOLL_CTL_DEL, 5, 0xc000498e7c) = -1 EPERM (Operation not permitted)
madvise(0xc000200000, 2097152, MADV_NOHUGEPAGE) = 0
madvise(0xc00026a000, 16384, MADV_FREE) = 0
madvise(0xc000200000, 2097152, MADV_NOHUGEPAGE) = 0
madvise(0xc000262000, 16384, MADV_FREE) = 0
futex(0xe97e80, FUTEX_WAKE_PRIVATE, 1)  = 1
read(5, "// Copyright 2010 The Go Authors"..., 32768) = 1765
read(5, "", 32768)                      = 0
close(5)                                = 0
openat(AT_FDCWD, "/home/isa/go-1.13/src/math/asin.go", O_RDONLY|O_CLOEXEC) = 3
epoll_ctl(4, EPOLL_CTL_ADD, 3, {EPOLLIN|EPOLLOUT|EPOLLRDHUP|EPOLLET, {u32=1699068192, u64=140112122198304}}) = -1 EPERM (Operation not permitted)
futex(0xe91b88, FUTEX_WAKE_PRIVATE, 1)  = 1
epoll_ctl(4, EPOLL_CTL_DEL, 3, 0xc000498e7c) = -1 EPERM (Operation not permitted)
futex(0xe91b88, FUTEX_WAKE_PRIVATE, 1)  = 1
futex(0xe92a88, FUTEX_WAIT_PRIVATE, 0, NULL) = 0
epoll_pwait(4, [], 128, 0, NULL, 0)     = 0
epoll_pwait(4, [{EPOLLOUT, {u32=1699069232, u64=140112122199344}}], 128, -1, NULL, 3) = 1
epoll_pwait(4, [{EPOLLOUT, {u32=1699691456, u64=140112122821568}}], 128, -1, NULL, 3) = 1
epoll_pwait(4, [{EPOLLIN, {u32=1699068608, u64=140112122198720}}], 128, -1, NULL, 3) = 1
read(5, "link version devel +9c384cc570 S"..., 512) = 154
read(5, 0xc00002669a, 1382)             = -1 EAGAIN (Resource temporarily unavailable)
epoll_pwait(4, [], 128, 0, NULL, 2)     = 0
epoll_pwait(4, [{EPOLLHUP, {u32=1699068192, u64=140112122198304}}], 128, -1, NULL, 3) = 1
read(7, "", 512)                        = 0
epoll_ctl(4, EPOLL_CTL_DEL, 7, 0xc000066e24) = 0
close(7)                                = 0
openat(AT_FDCWD, "/home/isa/.cache/go-build/49/49c1c3d70aa85b8c6b8e5e76b2e265db1f5e6b801492f1eb0a1d20a6b355c0a9-a", O_RDONLY|O_CLOEXEC) = -1 ENOENT (No such file or directory)
newfstatat(AT_FDCWD, "/tmp/go-build644604756/b001/", 0xc00040a2a8, 0) = -1 ENOENT (No such file or directory)
newfstatat(AT_FDCWD, "/tmp/go-build644604756", {st_mode=S_IFDIR|0700, st_size=4096, ...}, 0) = 0
mkdirat(AT_FDCWD, "/tmp/go-build644604756/b001/", 0777) = 0
madvise(0xc000600000, 2097152, MADV_NOHUGEPAGE) = 0
madvise(0xc0007fe000, 8192, MADV_FREE)  = 0
madvise(0xc000600000, 2097152, MADV_NOHUGEPAGE) = 0
madvise(0xc0007fc000, 8192, MADV_FREE)  = 0
madvise(0xc000600000, 2097152, MADV_NOHUGEPAGE) = 0
madvise(0xc0007fa000, 8192, MADV_FREE)  = 0
openat(AT_FDCWD, "/tmp/go-build644604756/b001/importcfg.link", O_WRONLY|O_CREAT|O_TRUNC|O_CLOEXEC, 0666) = 3
epoll_ctl(4, EPOLL_CTL_ADD, 3, {EPOLLIN|EPOLLOUT|EPOLLRDHUP|EPOLLET, {u32=1699068192, u64=140112122198304}}) = -1 EPERM (Operation not permitted)
epoll_ctl(4, EPOLL_CTL_DEL, 3, 0xc0006dba4c) = -1 EPERM (Operation not permitted)
write(3, "packagefile command-line-argumen"..., 2465) = 2465
close(3)                                = 0
newfstatat(AT_FDCWD, "/tmp/go-build644604756/b001/exe/", 0xc00040a448, 0) = -1 ENOENT (No such file or directory)
newfstatat(AT_FDCWD, "/tmp/go-build644604756/b001", {st_mode=S_IFDIR|0775, st_size=4096, ...}, 0) = 0
mkdirat(AT_FDCWD, "/tmp/go-build644604756/b001/exe/", 0777) = 0
newfstatat(AT_FDCWD, "/home/isa/go-1.13/pkg/tool/linux_amd64/link", {st_mode=S_IFREG|0775, st_size=6089486, ...}, 0) = 0
madvise(0xc000600000, 2097152, MADV_NOHUGEPAGE) = 0
madvise(0xc0007f6000, 16384, MADV_FREE) = 0
madvise(0xc000600000, 2097152, MADV_NOHUGEPAGE) = 0
madvise(0xc0007f0000, 24576, MADV_FREE) = 0
openat(AT_FDCWD, "/dev/null", O_RDONLY|O_CLOEXEC) = 3
epoll_ctl(4, EPOLL_CTL_ADD, 3, {EPOLLIN|EPOLLOUT|EPOLLRDHUP|EPOLLET, {u32=1699068192, u64=140112122198304}}) = -1 EPERM (Operation not permitted)
epoll_ctl(4, EPOLL_CTL_DEL, 3, 0xc0006db51c) = -1 EPERM (Operation not permitted)
pipe2([5, 6], O_CLOEXEC)                = 0
epoll_ctl(4, EPOLL_CTL_ADD, 5, {EPOLLIN|EPOLLOUT|EPOLLRDHUP|EPOLLET, {u32=1699068192, u64=140112122198304}}) = 0
fcntl(5, F_GETFL)                       = 0 (flags O_RDONLY)
fcntl(5, F_SETFL, O_RDONLY|O_NONBLOCK)  = 0
epoll_ctl(4, EPOLL_CTL_ADD, 6, {EPOLLIN|EPOLLOUT|EPOLLRDHUP|EPOLLET, {u32=1699068608, u64=140112122198720}}) = 0
fcntl(6, F_GETFL)                       = 0x1 (flags O_WRONLY)
fcntl(6, F_SETFL, O_WRONLY|O_NONBLOCK)  = 0
newfstatat(AT_FDCWD, ".", {st_mode=S_IFDIR|0775, st_size=4096, ...}, 0) = 0
fcntl(6, F_GETFL)                       = 0x801 (flags O_WRONLY|O_NONBLOCK)
fcntl(6, F_SETFL, O_WRONLY)             = 0
fcntl(6, F_GETFL)                       = 0x1 (flags O_WRONLY)
fcntl(6, F_SETFL, O_WRONLY)             = 0
madvise(0xc000600000, 2097152, MADV_NOHUGEPAGE) = 0
madvise(0xc0007ee000, 8192, MADV_FREE)  = 0
madvise(0xc000600000, 2097152, MADV_NOHUGEPAGE) = 0
madvise(0xc0007ec000, 8192, MADV_FREE)  = 0
pipe2([7, 8], O_CLOEXEC)                = 0
getpid()                                = 25255
rt_sigprocmask(SIG_SETMASK, NULL, [], 8) = 0
rt_sigprocmask(SIG_SETMASK, ~[], NULL, 8) = 0
clone(child_stack=NULL, flags=CLONE_VM|CLONE_VFORK|SIGCHLD) = 25326
rt_sigprocmask(SIG_SETMASK, [], NULL, 8) = 0
close(8)                                = 0
read(7, "", 8)                          = 0
close(7)                                = 0
close(3)                                = 0
epoll_ctl(4, EPOLL_CTL_DEL, 6, 0xc0006db5b4) = 0
close(6)                                = 0
futex(0xc00005a848, FUTEX_WAKE_PRIVATE, 1) = 1
waitid(P_PID, 25326, {si_signo=SIGCHLD, si_code=CLD_EXITED, si_pid=25326, si_uid=1000, si_status=0, si_utime=0, si_stime=0}, WEXITED|WNOWAIT, NULL) = 0
--- SIGCHLD {si_signo=SIGCHLD, si_code=CLD_EXITED, si_pid=0, si_uid=1000, si_status=0, si_utime=7, si_stime=2} ---
rt_sigreturn({mask=[]})                 = 0
wait4(25326, [{WIFEXITED(s) && WEXITSTATUS(s) == 0}], 0, {ru_utime={tv_sec=0, tv_usec=81084}, ru_stime={tv_sec=0, tv_usec=21338}, ...}) = 25326
newfstatat(AT_FDCWD, "/home/isa/.cache/go-build/e3/e3b0c44298fc1c149afbf4c8996fb92427ae41e4649b934ca495991b7852b855-d", {st_mode=S_IFREG|0644, st_size=0, ...}, 0) = 0
openat(AT_FDCWD, "/home/isa/.cache/go-build/e3/e3b0c44298fc1c149afbf4c8996fb92427ae41e4649b934ca495991b7852b855-d", O_RDONLY|O_CLOEXEC) = 3
epoll_ctl(4, EPOLL_CTL_ADD, 3, {EPOLLIN|EPOLLOUT|EPOLLRDHUP|EPOLLET, {u32=1699068192, u64=140112122198304}}) = -1 EPERM (Operation not permitted)
epoll_ctl(4, EPOLL_CTL_DEL, 3, 0xc0006db62c) = -1 EPERM (Operation not permitted)
read(3, "", 32768)                      = 0
close(3)                                = 0
madvise(0xc000600000, 2097152, MADV_NOHUGEPAGE) = 0
madvise(0xc0007ea000, 8192, MADV_FREE)  = 0
openat(AT_FDCWD, "/home/isa/.cache/go-build/39/39c9aab99432cc51ae6be2d9e0bcd55d4ca4b8a0181cad61d236982e46884c43-a", O_WRONLY|O_CREAT|O_CLOEXEC, 0666) = 3
epoll_ctl(4, EPOLL_CTL_ADD, 3, {EPOLLIN|EPOLLOUT|EPOLLRDHUP|EPOLLET, {u32=1699068192, u64=140112122198304}}) = -1 EPERM (Operation not permitted)
epoll_ctl(4, EPOLL_CTL_DEL, 3, 0xc0006db5bc) = -1 EPERM (Operation not permitted)
write(3, "v1 39c9aab99432cc51ae6be2d9e0bcd"..., 175) = 175
ftruncate(3, 175)                       = 0
close(3)                                = 0
utimensat(AT_FDCWD, "/home/isa/.cache/go-build/39/39c9aab99432cc51ae6be2d9e0bcd55d4ca4b8a0181cad61d236982e46884c43-a", [{tv_sec=1573205628, tv_nsec=923091283} /* 2019-11-08T16:33:48.923091283+0700 */, {tv_sec=1573205628, tv_nsec=923091390} /* 2019-11-08T16:33:48.923091390+0700 */], 0) = 0
openat(AT_FDCWD, "/tmp/go-build644604756/b001/exe/test", O_RDONLY|O_CLOEXEC) = 3
epoll_ctl(4, EPOLL_CTL_ADD, 3, {EPOLLIN|EPOLLOUT|EPOLLRDHUP|EPOLLET, {u32=1699068192, u64=140112122198304}}) = -1 EPERM (Operation not permitted)
epoll_ctl(4, EPOLL_CTL_DEL, 3, 0xc0006db97c) = -1 EPERM (Operation not permitted)
read(3, "\177ELF\2\1\1\0\0\0\0\0\0\0\0\0\2\0>\0\1\0\0\0\260lE\0\0\0\0\0"..., 31744) = 31744
read(3, "\0\350:,\2\0\351\306\371\377\377H\213\214$\300\0\0\0\272\0\0\0\0\353\306\201\371\372qS\367"..., 31744) = 31744
read(3, "H\213@\20\353_H\377\302H\203\301\10H\203\372\10s<H\213\\$8H9\31u\351\17\266\34"..., 31744) = 31744
read(3, "{r\350I\373\3\0H\213\4$H+\5\336\v\31\0H\205\300~VH\213L$0H\213\221P"..., 31744) = 31744
read(3, "ln\f\0H\211\4$H\215\r\261\326\26\0H\211L$\10f\307D$\20\r\24H\307D$\30"..., 31744) = 31744
read(3, "\0\303H\203\371wu\360H\307\200\200\0\0\0\0\0\0\0\353\343H\211L$\30\303H\213L$\20"..., 31744) = 31744
read(3, "l\2\0H\215=&\343\25\0H\211\330\350^l\2\0\3515\377\377\377H\211\317H\211\303H\211\320"..., 31744) = 31744
read(3, "<K\377\377H\215\5\16\206\n\0H\211\4$H\307D$\10\n\0\0\0\350\343L\377\377H\213\204"..., 31744) = 31744
read(3, "H\211\4$\350\247\317\376\377\350B\312\376\377\350-\310\376\377H\215\5@\0\n\0H\211\4$H\307"..., 31744) = 31744
read(3, "H\213L$\30H\211L$PH\211D$XH\213l$(H\203\3040\303\17W\300\17\21D$"..., 31744) = 31744
read(3, "\0H\215\r8\n\7\0H\211\f$H\211D$\10H\215\204$\10\1\0\0H\211D$\20\350M"..., 31744) = 31744
read(3, "f\0178\334\5\367)\25\0f\0178\334\5\376)\25\0f\0178\334\5\5*\25\0f\17\326D$"..., 31744) = 31744
read(3, "\303\17\266T$-\204\322t\2201\300H\213\214$\200\0\0\0\272\1\0\0\0\360\17\261\21\17\224\302"..., 31744) = 31744
read(3, "\211\4$H\213L$(H\211L$\10H\215\25\347\223\7\0H\211T$\20H\307D$\30\5\0"..., 31744) = 31744
read(3, "H\211L$xH\213l$@H\203\304H\303H\211\f$\350(\314\371\377H\213L$\10H\213D"..., 31744) = 31744
read(3, "H\1\0\0H\201\304P\1\0\0\303H\307\204$x\1\0\0\0\0\0\0\17W\300\17\21\204$\200"..., 31744) = 31744
read(3, "\270\0\0\0H\205\333u<H\203\274$\240\0\0\0\0\17\2048\1\0\0H\213\234$\240\0\0\0"..., 31744) = 31744
read(3, "\223\30\1\0\0\203=$@\22\0\0u&H\211\203\10\1\0\0H\211\332L\215\5\1m\7\0H"..., 31744) = 31744
read(3, "H\213D$8H9D$\10\17\216\222\0\0\0H\213\214$\330\0\0\0H\211\f$H\211D$"..., 31744) = 31744
read(3, "\213D$hH\211D$\30H\213D$pH\211D$ \350(\354\377\377H\213D$(H\213L"..., 31744) = 31744
read(3, "xH\213\224$\240\0\0\0H\205\322H\213\214$\230\0\0\0H\213\234$\250\0\0\0H\211\316H"..., 31744) = 31744
read(3, "\nH\213l$`H\203\304h\303H\215\5./\1\0H\211\4$H\211\\$\10H\211L$\20"..., 31744) = 31744
read(3, "me.parkInfo\0\0\21*runtime.pollDesc\0"..., 31744) = 31744
read(3, "8wO\0\0\0\0\0\323b\0\0\0\0\0\0@\236L\0\0\0\0\0\0\0\0\0\0\0\0\0"..., 31744) = 31744
read(3, "<\0\0\0\0\0\0\0\0\0\0\0\0\0\0\0\0\0\0\0\0\0\0\0\0\0\0\0\0\0\0\0"..., 31744) = 31744
read(3, "\0\0\0\0\0\0\0\0BBJ\0\0\0\0\0\340\7K\0\0\0\0\0\20\0\0\0\0\0\0\0"..., 31744) = 31744
read(3, "@PK\0\0\0\0\0\20\0\0\0\0\0\0\0~BJ\0\0\0\0\0@PK\0\0\0\0\0"..., 31744) = 31744
read(3, "\7\0\0\0\0\0\0\0\7\0\0\0\0\0\0\0\210\31\0\0\0\0\0\0\270\0\0\0\0\0\0\0"..., 31744) = 31744
read(3, "\360<\t\0\360<\t\0\236\4\0\0\0\f\1\0\20=\t\0\20=\t\0|\32\0\0\200\r\1\0"..., 31744) = 31744
read(3, "g->status in readybad sweepgen i"..., 31744) = 31744
read(3, "\6\0\0\0\0\1\5\r-\t\v\10 \0\0\0\t\0\0\0\7\0\0\0\0\10HI\1Aa\t"..., 31744) = 31744
read(3, "\7\354\0\0\345\0\0\0\1\0\0\0\30\0\0\0004\2\0\0\7\354\0\0Z\1\0\0\377\377\0\0"..., 31744) = 31744
read(3, "\377\377\377\377\377\377\377\377\377\377\377\377\377\377\377\377\377\377\377\377\377\377\377\377\377\377\377\377\377\377\377\377"..., 31744) = 31744
read(3, "\320\312B\0\0\0\0\0 \\\2\0\0\0\0\0\0\315B\0\0\0\0\0`]\2\0\0\0\0\0"..., 31744) = 31744
read(3, "equal\0\362\3\35\2\f\2\f\2,\5\7\0\0\0\0\0\0\0p6@\0\0\0\0\0"..., 31744) = 31744
read(3, "\1\4\17\27\24\4\23\5\26\7\25\t\30\4\2\r\31S\0\0\0\0\0\0\0\356@\0\0\0\0\0"..., 31744) = 31744
read(3, "\4\4\3\2\5\2\4\35\5$\4\2\5\4\6\2\4\20\t\2\16\2\n\17\5\6\5\r\n\n\0327"..., 31744) = 31744
read(3, "\0\0\0\0\217\16\2\0\232\16\2\0\236\16\2\0\2\0\0\0\0\0\0\3\264\16\2\0\273\16\2\0"..., 31744) = 31744
read(3, "\5\3\262\1\4\5\3\n\4\5\3\26\4\5\3\30\4\5\3;\4\5\3\26\4\7\3\4\4\5\3("..., 31744) = 31744
read(3, "\30\0019\2\30\0016\2\25\0016\2\30\0019\2\30\0019\2\25\0016\2\30\0019\2\25\0016\2"..., 31744) = 31744
read(3, "ysExit\0\2\27\220\1\265\1\217\1\v\0t\327\1\0\252\21!\2\25\30\24\2\7\2\22"..., 31744) = 31744
read(3, "\0\0\0\0f\376\3\0i\376\3\0m\376\3\0\0\0\0\0\0\0\0\0runtime."..., 31744) = 31744
read(3, "\10\26\7\17\5\t\4\r\f)\3 \6\33\5\n\v\t\n\23\t\37\2\23\3\n\0\0003\2\26\1"..., 31744) = 31744
read(3, "\0\367\4\0\0\0\0\0\364jN\0\0\0\0\0\364mN\0\0\0\0\0LdN\0\0\0\0\0"..., 31744) = 31744
read(3, "\4\4\5\30\10\23\7\5\2\7\1\t\n\r\r\27\16\t\r\22\16\t\r\22\16\10\2\7\1\10\t\22"..., 31744) = 31744
read(3, "\5\7\7\10\2\6\23\2\4\2\2\2\3\1\16\6/\r\22\16\t\21\n\0p~H\0\0\0\0\0"..., 31744) = 31744
read(3, "ts\0\0\0\0\0\0\300CI\0\0\0\0\0\220j\6\0\20\0\0\0\0\0\0\0\36\203\0\0"..., 31744) = 31744
read(3, "(*ptrType).Method\0\0\0\0\0\0\0\360sI\0\0\0\0\0"..., 31744) = 31744
read(3, "ome/isa/go-1.13/src/syscall/sysc"..., 31744) = 31744
read(3, "\350\2\0\0\37\t\1\0?\t\1\0 \0\0\0P\n\1\0X\n\1\0\1\0\0\0\177\n\1\0"..., 31744) = 31744
read(3, "\0\0\0\0\377\377\377\377\312\1\0\0\312\1\0\0\0\0\0\0\2\0\0\0\1\0\0\0\313\1\0\0"..., 31744) = 31744
read(3, "\0\0\0\0\0\0\0\0\0\0\0\0\0\0\0\0\0\0\0\0\0\0\0\0\0\0\0\0\0\0\0\0"..., 31744) = 3072
read(3, "", 28672)                      = 0
close(3)                                = 0
write(2, "", 0)                         = 0
futex(0xc00005a848, FUTEX_WAKE_PRIVATE, 1) = 1
rt_sigprocmask(SIG_SETMASK, ~[HUP INT QUIT ILL TRAP ABRT BUS FPE SEGV TERM STKFLT CHLD PROF SYS RTMIN RT_1], NULL, 8) = 0
rt_sigprocmask(SIG_SETMASK, ~[HUP INT QUIT ILL TRAP ABRT BUS FPE SEGV TERM STKFLT CHLD PROF SYS RTMIN RT_1], NULL, 8) = 0
futex(0xc000090148, FUTEX_WAKE_PRIVATE, 1) = 1
futex(0xe92a88, FUTEX_WAIT_PRIVATE, 0, NULL) = -1 EAGAIN (Resource temporarily unavailable)
rt_sigprocmask(SIG_SETMASK, ~[HUP INT QUIT ILL TRAP ABRT BUS FPE SEGV TERM STKFLT CHLD PROF SYS RTMIN RT_1], NULL, 8) = 0
futex(0xc000090148, FUTEX_WAKE_PRIVATE, 1) = 1
futex(0xe92a88, FUTEX_WAIT_PRIVATE, 0, NULL) = 0
futex(0xe92a88, FUTEX_WAIT_PRIVATE, 0, NULLERROR exit status 1
sed: -e expression #1, char 1: unknown command: `''

) = ?
+++ exited with 0 +++
